V/WLAN_PSA(  328): NL MSG, len[914], NL type[0x11] WNI type[0x5050] len[894]
V/WLAN_PSA(  328): NL MSG, PID: 328
V/WLAN_PSA(  328): NL MSG, len[4026], NL type[0x1C] WNI type[0x5900] len[41487]
V/WLAN_PSA(  328): NL MSG, PID: 328
V/WLAN_PSA(  328): NL MSG, len[048], NL type[0x11] WNI type[0x5050] len[028]
V/WLAN_PSA(  328): NL MSG, PID: 328
V/WLAN_PSA(  328): NL MSG, len[4059], NL type[0x1C] WNI type[0x5900] len[49935]
V/WLAN_PSA(  328): NL MSG, PID: 328
V/WLAN_PSA(  328): NL MSG, len[4008], NL type[0x1C] WNI type[0x5900] len[36879]
V/WLAN_PSA(  328): NL MSG, PID: 328
V/WLAN_PSA(  328): NL MSG, len[3989], NL type[0x1C] WNI type[0x5900] len[32015]
V/WLAN_PSA(  328): NL MSG, PID: 328
V/WLAN_PSA(  328): NL MSG, len[914], NL type[0x11] WNI type[0x5050] len[894]
V/WLAN_PSA(  328): NL MSG, PID: 328
V/WLAN_PSA(  328): NL MSG, len[4031], NL type[0x1C] WNI type[0x5900] len[42767]
V/WLAN_PSA(  328): NL MSG, PID: 328
E/WifiStateMachine( 2269): Failed to handle: connected 131143
E/WifiStateMachine( 2269): WifiStateMachine CMD_START_SCAN source -2 txSuccessRate=13.22 rxSuccessRate=24.22 targetRoamBSSID=any RSSI=-50
E/WifiStateMachine( 2269): WifiStateMachine starting scan for "seuic1_test"-WPA_PSK with 5825,2412,2437,5785
V/WLAN_PSA(  328): NL MSG, len[914], NL type[0x11] WNI type[0x5050] len[894]
V/WLAN_PSA(  328): NL MSG, PID: 328
V/WLAN_PSA(  328): NL MSG, len[048], NL type[0x11] WNI type[0x5050] len[028]
V/WLAN_PSA(  328): NL MSG, PID: 328
V/WLAN_PSA(  328): NL MSG, len[3988], NL type[0x1C] WNI type[0x5900] len[31759]
V/WLAN_PSA(  328): NL MSG, PID: 328
V/WLAN_PSA(  328): NL MSG, len[4067], NL type[0x1C] WNI type[0x5900] len[51983]
V/WLAN_PSA(  328): NL MSG, PID: 328
V/WLAN_PSA(  328): NL MSG, len[4091], NL type[0x1C] WNI type[0x5900] len[58127]
V/WLAN_PSA(  328): NL MSG, PID: 328
V/WLAN_PSA(  328): NL MSG, len[048], NL type[0x11] WNI type[0x5050] len[028]
V/WLAN_PSA(  328): NL MSG, PID: 328
V/WLAN_PSA(  328): NL MSG, len[914], NL type[0x11] WNI type[0x5050] len[894]
V/WLAN_PSA(  328): NL MSG, PID: 328
V/WLAN_PSA(  328): NL MSG, len[3981], NL type[0x1C] WNI type[0x5900] len[29967]
V/WLAN_PSA(  328): NL MSG, PID: 328
V/WLAN_PSA(  328): NL MSG, len[914], NL type[0x11] WNI type[0x5050] len[894]
V/WLAN_PSA(  328): NL MSG, PID: 328
V/WLAN_PSA(  328): NL MSG, len[048], NL type[0x11] WNI type[0x5050] len[028]
V/WLAN_PSA(  328): NL MSG, PID: 328
V/WLAN_PSA(  328): NL MSG, len[3961], NL type[0x1C] WNI type[0x5900] len[24847]
V/WLAN_PSA(  328): NL MSG, PID: 328
V/WLAN_PSA(  328): NL MSG, len[4039], NL type[0x1C] WNI type[0x5900] len[44815]
V/WLAN_PSA(  328): NL MSG, PID: 328
V/WLAN_PSA(  328): NL MSG, len[048], NL type[0x11] WNI type[0x5050] len[028]
V/WLAN_PSA(  328): NL MSG, PID: 328
V/WLAN_PSA(  328): NL MSG, len[914], NL type[0x11] WNI type[0x5050] len[894]
V/WLAN_PSA(  328): NL MSG, PID: 328
V/WLAN_PSA(  328): NL MSG, len[4004], NL type[0x1C] WNI type[0x5900] len[35855]
V/WLAN_PSA(  328): NL MSG, PID: 328
V/WLAN_PSA(  328): NL MSG, len[048], NL type[0x11] WNI type[0x5050] len[028]
V/WLAN_PSA(  328): NL MSG, PID: 328
V/WLAN_PSA(  328): NL MSG, len[914], NL type[0x11] WNI type[0x5050] len[894]
V/WLAN_PSA(  328): NL MSG, PID: 328
V/WLAN_PSA(  328): NL MSG, len[048], NL type[0x11] WNI type[0x5050] len[028]
V/WLAN_PSA(  328): NL MSG, PID: 328
V/WLAN_PSA(  328): NL MSG, len[4054], NL type[0x1C] WNI type[0x5900] len[48655]
V/WLAN_PSA(  328): NL MSG, PID: 328
V/WLAN_PSA(  328): NL MSG, len[048], NL type[0x11] WNI type[0x5050] len[028]
V/WLAN_PSA(  328): NL MSG, PID: 328
V/WLAN_PSA(  328): NL MSG, len[914], NL type[0x11] WNI type[0x5050] len[894]
V/WLAN_PSA(  328): NL MSG, PID: 328
V/WLAN_PSA(  328): NL MSG, len[4088], NL type[0x1C] WNI type[0x5900] len[57359]
V/WLAN_PSA(  328): NL MSG, PID: 328
V/WLAN_PSA(  328): NL MSG, len[914], NL type[0x11] WNI type[0x5050] len[894]
V/WLAN_PSA(  328): NL MSG, PID: 328
V/WLAN_PSA(  328): NL MSG, len[048], NL type[0x11] WNI type[0x5050] len[028]
V/WLAN_PSA(  328): NL MSG, PID: 328
V/WLAN_PSA(  328): NL MSG, len[4092], NL type[0x1C] WNI type[0x5900] len[58383]
V/WLAN_PSA(  328): NL MSG, PID: 328
V/WLAN_PSA(  328): NL MSG, len[4003], NL type[0x1C] WNI type[0x5900] len[35599]
V/WLAN_PSA(  328): NL MSG, PID: 328
V/WLAN_PSA(  328): NL MSG, len[4038], NL type[0x1C] WNI type[0x5900] len[44559]
V/WLAN_PSA(  328): NL MSG, PID: 328
V/WLAN_PSA(  328): NL MSG, len[914], NL type[0x11] WNI type[0x5050] len[894]
V/WLAN_PSA(  328): NL MSG, PID: 328
V/WLAN_PSA(  328): NL MSG, len[4026], NL type[0x1C] WNI type[0x5900] len[41487]
V/WLAN_PSA(  328): NL MSG, PID: 328
I/socket3 (15396): Read 0xFEFE time outreceived_Total == 2
I/socket3 (15396): 读取数据头成功
I/socket3 (15396): 版本号机器序列号 received_Total == 14
I/socket3 (15396): 条码长度codeBytes = 00000009
I/socket3 (15396): 条码长度 = 9
I/socket3 (15396): barcodelen received_Total == 9
I/socket3 (15396): 读取条码成功 barcode =TM_001106
I/socket3 (15396): imagenamelen received_Total == 4
I/socket3 (15396): 读图片名称长度成功
I/socket3 (15396): 读图片名称长度成功 imagenamelen = 38
I/socket3 (15396): imagename received_Total == 38
I/socket3 (15396): 读图片名称成功 imgname = pic_20180612142732076_1__TM_001106.bmp
I/socket3 (15396): imagelen received_Total == 4
I/socket3 (15396): 读取图片长度成功 图片数据长度 imagedatalen = 94874
I/socket3 (15396): 保存图片字节 is.available() = 11088 imageCount = 0
I/socket3 (15396): imageCount2 = 0 tempCount2 = 10240
I/socket3 (15396): 保存图片字节 is.available() = 2048 imageCount = 10240
I/socket3 (15396): imageCount2 = 10240 tempCount2 = 2048
I/socket3 (15396): 保存图片字节 is.available() = 0 imageCount = 12288
I/socket3 (15396): imageCount2 = 12288 tempCount2 = 1448
I/socket3 (15396): 保存图片字节 is.available() = 1448 imageCount = 13736
I/socket3 (15396): imageCount2 = 13736 tempCount2 = 1448
I/socket3 (15396): 保存图片字节 is.available() = 0 imageCount = 15184
I/socket3 (15396): imageCount2 = 15184 tempCount2 = 1200
I/socket3 (15396): 保存图片字节 is.available() = 1448 imageCount = 16384
I/socket3 (15396): imageCount2 = 16384 tempCount2 = 2896
I/socket3 (15396): 保存图片字节 is.available() = 1200 imageCount = 19280
I/socket3 (15396): imageCount2 = 19280 tempCount2 = 2648
I/socket3 (15396): 保存图片字节 is.available() = 1448 imageCount = 21928
I/socket3 (15396): imageCount2 = 21928 tempCount2 = 2648
I/socket3 (15396): 保存图片字节 is.available() = 0 imageCount = 24576
I/socket3 (15396): imageCount2 = 24576 tempCount2 = 1448
I/socket3 (15396): 保存图片字节 is.available() = 0 imageCount = 26024
I/socket3 (15396): imageCount2 = 26024 tempCount2 = 4096
I/socket3 (15396): 保存图片字节 is.available() = 1448 imageCount = 30120
I/socket3 (15396): imageCount2 = 30120 tempCount2 = 1448
I/socket3 (15396): 保存图片字节 is.available() = 0 imageCount = 31568
I/socket3 (15396): imageCount2 = 31568 tempCount2 = 1200
I/socket3 (15396): 保存图片字节 is.available() = 0 imageCount = 32768
I/socket3 (15396): imageCount2 = 32768 tempCount2 = 2896
I/socket3 (15396): 保存图片字节 is.available() = 1200 imageCount = 35664
I/socket3 (15396): imageCount2 = 35664 tempCount2 = 2648
I/socket3 (15396): 保存图片字节 is.available() = 2648 imageCount = 38312
I/socket3 (15396): imageCount2 = 38312 tempCount2 = 2648
I/socket3 (15396): 保存图片字节 is.available() = 0 imageCount = 40960
I/socket3 (15396): imageCount2 = 40960 tempCount2 = 1448
I/socket3 (15396): 保存图片字节 is.available() = 0 imageCount = 42408
I/socket3 (15396): imageCount2 = 42408 tempCount2 = 1448
I/socket3 (15396): 保存图片字节 is.available() = 1200 imageCount = 43856
I/socket3 (15396): imageCount2 = 43856 tempCount2 = 2648
I/socket3 (15396): 保存图片字节 is.available() = 0 imageCount = 46504
I/socket3 (15396): imageCount2 = 46504 tempCount2 = 1448
I/socket3 (15396): 保存图片字节 is.available() = 0 imageCount = 47952
I/socket3 (15396): imageCount2 = 47952 tempCount2 = 9392
I/socket3 (15396): 保存图片字节 is.available() = 0 imageCount = 57344
I/socket3 (15396): imageCount2 = 57344 tempCount2 = 1448
I/socket3 (15396): 保存图片字节 is.available() = 0 imageCount = 58792
I/socket3 (15396): imageCount2 = 58792 tempCount2 = 1448
I/socket3 (15396): 保存图片字节 is.available() = 1200 imageCount = 60240
I/socket3 (15396): imageCount2 = 60240 tempCount2 = 2648
I/socket3 (15396): 保存图片字节 is.available() = 0 imageCount = 62888
I/socket3 (15396): imageCount2 = 62888 tempCount2 = 1448
I/socket3 (15396): 保存图片字节 is.available() = 1200 imageCount = 64336
I/socket3 (15396): imageCount2 = 64336 tempCount2 = 1200
I/socket3 (15396): 保存图片字节 is.available() = 0 imageCount = 65536
I/socket3 (15396): imageCount2 = 65536 tempCount2 = 1448
I/socket3 (15396): 保存图片字节 is.available() = 0 imageCount = 66984
I/socket3 (15396): imageCount2 = 66984 tempCount2 = 1448
I/socket3 (15396): 保存图片字节 is.available() = 1200 imageCount = 68432
I/socket3 (15396): imageCount2 = 68432 tempCount2 = 1200
I/socket3 (15396): 保存图片字节 is.available() = 0 imageCount = 69632
I/socket3 (15396): imageCount2 = 69632 tempCount2 = 1448
I/socket3 (15396): 保存图片字节 is.available() = 1448 imageCount = 71080
I/socket3 (15396): imageCount2 = 71080 tempCount2 = 1448
I/socket3 (15396): 保存图片字节 is.available() = 1200 imageCount = 72528
I/socket3 (15396): imageCount2 = 72528 tempCount2 = 1200
I/socket3 (15396): 保存图片字节 is.available() = 1448 imageCount = 73728
I/socket3 (15396): imageCount2 = 73728 tempCount2 = 2896
I/socket3 (15396): 保存图片字节 is.available() = 0 imageCount = 76624
I/socket3 (15396): imageCount2 = 76624 tempCount2 = 1200
I/socket3 (15396): 保存图片字节 is.available() = 1448 imageCount = 77824
I/socket3 (15396): imageCount2 = 77824 tempCount2 = 1448
I/socket3 (15396): 保存图片字节 is.available() = 0 imageCount = 79272
I/socket3 (15396): imageCount2 = 79272 tempCount2 = 1448
I/socket3 (15396): 保存图片字节 is.available() = 0 imageCount = 80720
I/socket3 (15396): imageCount2 = 80720 tempCount2 = 1200
I/socket3 (15396): 保存图片字节 is.available() = 0 imageCount = 81920
I/socket3 (15396): imageCount2 = 81920 tempCount2 = 1448
I/socket3 (15396): 保存图片字节 is.available() = 0 imageCount = 83368
I/socket3 (15396): imageCount2 = 83368 tempCount2 = 1448
I/socket3 (15396): 保存图片字节 is.available() = 0 imageCount = 84816
I/socket3 (15396): imageCount1 = 84816 tempCount1 = 1200
I/socket3 (15396): 保存图片字节 is.available() = 1448 imageCount = 86016
I/socket3 (15396): imageCount1 = 86016 tempCount1 = 2896
I/socket3 (15396): 保存图片字节 is.available() = 1200 imageCount = 88912
I/socket3 (15396): imageCount1 = 88912 tempCount1 = 1200
I/socket3 (15396): 保存图片字节 is.available() = 1448 imageCount = 90112
I/socket3 (15396): imageCount1 = 90112 tempCount1 = 2896
I/socket3 (15396): 保存图片字节 is.available() = 1200 imageCount = 93008
I/socket3 (15396): imageCount1 = 93008 tempCount1 = 1200
I/socket3 (15396): 保存图片字节 is.available() = 0 imageCount = 94208
I/socket3 (15396): imageCount1 = 94208 tempCount1 = 666
I/socket3 (15396): 读图片数据成功 bos imagedatalen - imageCount = 0
I/socket3 (15396): 读图片数据成功 bos length= 94874
I/System.out(15396): 取扫描时间与校验码 = 32303138303631323134323733323037360000
I/socket3 (15396): scantime received_Total == 19
I/socket3 (15396): 读图片数据完成 ---- endendend ----, 扫描时间 = 20180612142732076
V/WLAN_PSA(  328): NL MSG, len[914], NL type[0x11] WNI type[0x5050] len[894]
V/WLAN_PSA(  328): NL MSG, PID: 328
V/WLAN_PSA(  328): NL MSG, len[048], NL type[0x11] WNI type[0x5050] len[028]
V/WLAN_PSA(  328): NL MSG, PID: 328
V/WLAN_PSA(  328): NL MSG, len[3995], NL type[0x1C] WNI type[0x5900] len[33551]
V/WLAN_PSA(  328): NL MSG, PID: 328
V/WLAN_PSA(  328): NL MSG, len[4001], NL type[0x1C] WNI type[0x5900] len[35087]
V/WLAN_PSA(  328): NL MSG, PID: 328
V/WLAN_PSA(  328): NL MSG, len[914], NL type[0x11] WNI type[0x5050] len[894]
V/WLAN_PSA(  328): NL MSG, PID: 328
V/WLAN_PSA(  328): NL MSG, len[4085], NL type[0x1C] WNI type[0x5900] len[56591]
V/WLAN_PSA(  328): NL MSG, PID: 328
V/WLAN_PSA(  328): NL MSG, len[3965], NL type[0x1C] WNI type[0x5900] len[25871]
V/WLAN_PSA(  328): NL MSG, PID: 328
I/WifiHAL ( 2269): Poll result = 1
I/WifiHAL ( 2269): Found some events!!!
D/WifiHAL ( 2269): no_seq_check received
I/WifiHAL ( 2269): event received NL80211_CMD_NEW_SCAN_RESULTS
I/WifiHAL ( 2269): event received NL80211_CMD_NEW_SCAN_RESULTS, vendor_id = 0x0
I/WifiHAL ( 2269): event ignored!!
E/WifiStateMachine( 2269): Failed to handle: connected 147461
D/LBSSystemMonitorService( 2269): handleMessage what - 4
D/Wiper_jni( 2269): Send Network Location.
I/System.out(15396): saveImage保存图片成功 - /storage/emulated/0/CaiNiaoBarcode/2018/7/25/14/pic_20180612142732076_1__TM_001106.bmp
I/System.out(15396): savaBarcodeInfo保存条码信息成功 - /storage/emulated/0/CaiNiaoBarcode/barcodeInfo.txt
D/MainActivity(15396): 二维码 barcode:TM_001106
I/socket3 (15396): 数据头 is.available() = 0
I/SurfaceFlinger(  269): FPS: 2
D/StatusBar.MSimNetworkController( 3751): refreshViews phoneId =0mMSimDataConnected =false
D/StatusBar.MSimNetworkController( 3751): refreshViews mMSimDataActivity =0
D/StatusBar.MSimNetworkController( 3751): refreshViews: Data not connected!! Set no data type icon / Roaming for phoneId: 0
E/WifiStateMachine( 2269): Failed to handle: connected 131155
V/WLAN_PSA(  328): NL MSG, len[4078], NL type[0x1C] WNI type[0x5900] len[54799]
V/WLAN_PSA(  328): NL MSG, PID: 328
E/WifiStateMachine( 2269):  mFrameworkDetectiveEnabled 0
E/WifiStateMachine( 2269):  start trigger support enable 
E/WifiStateMachine( 2269): Failed to handle: connected 131143
E/WifiStateMachine( 2269): WifiStateMachine CMD_START_SCAN source -4 txSuccessRate=15.80 rxSuccessRate=24.81 targetRoamBSSID=any RSSI=-49
I/WifiHAL ( 2269): Poll result = 1
I/WifiHAL ( 2269): Found some events!!!
D/WifiHAL ( 2269): no_seq_check received
I/WifiHAL ( 2269): event received NL80211_CMD_TRIGGER_SCAN
I/WifiHAL ( 2269): event received NL80211_CMD_TRIGGER_SCAN, vendor_id = 0x0
I/WifiHAL ( 2269): event ignored!!
V/WLAN_PSA(  328): NL MSG, len[914], NL type[0x11] WNI type[0x5050] len[894]
V/WLAN_PSA(  328): NL MSG, PID: 328
V/WLAN_PSA(  328): NL MSG, len[048], NL type[0x11] WNI type[0x5050] len[028]
V/WLAN_PSA(  328): NL MSG, PID: 328
V/WLAN_PSA(  328): NL MSG, len[4063], NL type[0x1C] WNI type[0x5900] len[50959]
V/WLAN_PSA(  328): NL MSG, PID: 328
V/WLAN_PSA(  328): NL MSG, len[4061], NL type[0x1C] WNI type[0x5900] len[50447]
V/WLAN_PSA(  328): NL MSG, PID: 328
V/WLAN_PSA(  328): NL MSG, len[3979], NL type[0x1C] WNI type[0x5900] len[29455]
V/WLAN_PSA(  328): NL MSG, PID: 328
V/WLAN_PSA(  328): NL MSG, len[4080], NL type[0x1C] WNI type[0x5900] len[55311]
V/WLAN_PSA(  328): NL MSG, PID: 328
V/WLAN_PSA(  328): NL MSG, len[3996], NL type[0x1C] WNI type[0x5900] len[33807]
V/WLAN_PSA(  328): NL MSG, PID: 328
V/WLAN_PSA(  328): NL MSG, len[914], NL type[0x11] WNI type[0x5050] len[894]
V/WLAN_PSA(  328): NL MSG, PID: 328
V/WLAN_PSA(  328): NL MSG, len[4058], NL type[0x1C] WNI type[0x5900] len[49679]
V/WLAN_PSA(  328): NL MSG, PID: 328
V/WLAN_PSA(  328): NL MSG, len[3963], NL type[0x1C] WNI type[0x5900] len[25359]
V/WLAN_PSA(  328): NL MSG, PID: 328
V/WLAN_PSA(  328): NL MSG, len[914], NL type[0x11] WNI type[0x5050] len[894]
V/WLAN_PSA(  328): NL MSG, PID: 328
V/WLAN_PSA(  328): NL MSG, len[048], NL type[0x11] WNI type[0x5050] len[028]
V/WLAN_PSA(  328): NL MSG, PID: 328
V/WLAN_PSA(  328): NL MSG, len[3988], NL type[0x1C] WNI type[0x5900] len[31759]
V/WLAN_PSA(  328): NL MSG, PID: 328
V/WLAN_PSA(  328): NL MSG, len[048], NL type[0x11] WNI type[0x5050] len[028]
V/WLAN_PSA(  328): NL MSG, PID: 328
V/WLAN_PSA(  328): NL MSG, len[914], NL type[0x11] WNI type[0x5050] len[894]
V/WLAN_PSA(  328): NL MSG, PID: 328
I/WifiHAL ( 2269): Poll result = 1
I/WifiHAL ( 2269): Found some events!!!
D/WifiHAL ( 2269): no_seq_check received
I/WifiHAL ( 2269): event received NL80211_CMD_NEW_SCAN_RESULTS
I/WifiHAL ( 2269): event received NL80211_CMD_NEW_SCAN_RESULTS, vendor_id = 0x0
I/WifiHAL ( 2269): event ignored!!
V/WLAN_PSA(  328): NL MSG, len[4035], NL type[0x1C] WNI type[0x5900] len[43791]
V/WLAN_PSA(  328): NL MSG, PID: 328
V/WLAN_PSA(  328): NL MSG, len[4061], NL type[0x1C] WNI type[0x5900] len[50447]
V/WLAN_PSA(  328): NL MSG, PID: 328
E/WifiStateMachine( 2269): Failed to handle: connected 147461
D/LBSSystemMonitorService( 2269): handleMessage what - 4
D/Wiper_jni( 2269): Send Network Location.
D/StatusBar.MSimNetworkController( 3751): refreshViews phoneId =0mMSimDataConnected =false
D/StatusBar.MSimNetworkController( 3751): refreshViews mMSimDataActivity =0
D/StatusBar.MSimNetworkController( 3751): refreshViews: Data not connected!! Set no data type icon / Roaming for phoneId: 0
I/SurfaceFlinger(  269): FPS: 3
I/socket1 (15396): Read 0xFEFE time outreceived_Total == 2
I/socket1 (15396): 读取数据头成功
I/socket1 (15396): 版本号机器序列号 received_Total == 14
I/socket1 (15396): 条码长度codeBytes = 00000019
I/socket1 (15396): 条码长度 = 25
I/socket1 (15396): barcodelen received_Total == 25
I/socket1 (15396): 读取条码成功 barcode =TM_001106,611031969205635
I/socket1 (15396): imagenamelen received_Total == 4
I/socket1 (15396): 读图片名称长度成功
I/socket1 (15396): 读图片名称长度成功 imagenamelen = 54
I/socket1 (15396): imagename received_Total == 54
I/socket1 (15396): 读图片名称成功 imgname = pic_20180612142747308_2__TM_001106,611031969205635.bmp
I/socket1 (15396): imagelen received_Total == 4
I/socket1 (15396): 读取图片长度成功 图片数据长度 imagedatalen = 146722
I/socket1 (15396): 保存图片字节 is.available() = 15208 imageCount = 0
I/socket1 (15396): imageCount2 = 0 tempCount2 = 10240
I/socket1 (15396): 保存图片字节 is.available() = 6144 imageCount = 10240
I/socket1 (15396): imageCount2 = 10240 tempCount2 = 7604
I/socket1 (15396): 保存图片字节 is.available() = 0 imageCount = 17844
I/socket1 (15396): imageCount2 = 17844 tempCount2 = 1460
I/socket1 (15396): 保存图片字节 is.available() = 0 imageCount = 19304
I/socket1 (15396): imageCount2 = 19304 tempCount2 = 1176
I/socket1 (15396): 保存图片字节 is.available() = 0 imageCount = 20480
I/socket1 (15396): imageCount2 = 20480 tempCount2 = 1460
I/socket1 (15396): 保存图片字节 is.available() = 1460 imageCount = 21940
I/socket1 (15396): imageCount2 = 21940 tempCount2 = 1460
I/socket1 (15396): 保存图片字节 is.available() = 0 imageCount = 23400
I/socket1 (15396): imageCount2 = 23400 tempCount2 = 1176
I/socket1 (15396): 保存图片字节 is.available() = 0 imageCount = 24576
I/socket1 (15396): imageCount2 = 24576 tempCount2 = 1460
I/socket1 (15396): 保存图片字节 is.available() = 0 imageCount = 26036
I/socket1 (15396): imageCount2 = 26036 tempCount2 = 1460
I/socket1 (15396): 保存图片字节 is.available() = 1176 imageCount = 27496
I/socket1 (15396): imageCount2 = 27496 tempCount2 = 1176
I/socket1 (15396): 保存图片字节 is.available() = 1460 imageCount = 28672
I/socket1 (15396): imageCount2 = 28672 tempCount2 = 1460
I/socket1 (15396): 保存图片字节 is.available() = 0 imageCount = 30132
I/socket1 (15396): imageCount2 = 30132 tempCount2 = 1460
I/socket1 (15396): 保存图片字节 is.available() = 0 imageCount = 31592
I/socket1 (15396): imageCount2 = 31592 tempCount2 = 1176
I/socket1 (15396): 保存图片字节 is.available() = 2920 imageCount = 32768
I/socket1 (15396): imageCount2 = 32768 tempCount2 = 4096
I/socket1 (15396): 保存图片字节 is.available() = 1460 imageCount = 36864
I/socket1 (15396): imageCount2 = 36864 tempCount2 = 1460
I/socket1 (15396): 保存图片字节 is.available() = 0 imageCount = 38324
I/socket1 (15396): imageCount2 = 38324 tempCount2 = 1460
I/socket1 (15396): 保存图片字节 is.available() = 0 imageCount = 39784
I/socket1 (15396): imageCount2 = 39784 tempCount2 = 1176
I/socket1 (15396): 保存图片字节 is.available() = 0 imageCount = 40960
I/socket1 (15396): imageCount2 = 40960 tempCount2 = 1460
I/socket1 (15396): 保存图片字节 is.available() = 0 imageCount = 42420
I/socket1 (15396): imageCount2 = 42420 tempCount2 = 1460
I/socket1 (15396): 保存图片字节 is.available() = 1176 imageCount = 43880
I/socket1 (15396): imageCount2 = 43880 tempCount2 = 1176
I/socket1 (15396): 保存图片字节 is.available() = 1460 imageCount = 45056
I/socket1 (15396): imageCount2 = 45056 tempCount2 = 1460
I/socket1 (15396): 保存图片字节 is.available() = 1460 imageCount = 46516
I/socket1 (15396): imageCount2 = 46516 tempCount2 = 1460
I/socket1 (15396): 保存图片字节 is.available() = 1176 imageCount = 47976
I/socket1 (15396): imageCount2 = 47976 tempCount2 = 1176
I/socket1 (15396): 保存图片字节 is.available() = 0 imageCount = 49152
I/socket1 (15396): imageCount2 = 49152 tempCount2 = 1460
I/socket1 (15396): 保存图片字节 is.available() = 1460 imageCount = 50612
I/socket1 (15396): imageCount2 = 50612 tempCount2 = 2636
I/socket1 (15396): 保存图片字节 is.available() = 1460 imageCount = 53248
I/socket1 (15396): imageCount2 = 53248 tempCount2 = 1460
I/socket1 (15396): 保存图片字节 is.available() = 0 imageCount = 54708
I/socket1 (15396): imageCount2 = 54708 tempCount2 = 2636
I/socket1 (15396): 保存图片字节 is.available() = 1460 imageCount = 57344
I/socket1 (15396): imageCount2 = 57344 tempCount2 = 1460
I/socket1 (15396): 保存图片字节 is.available() = 0 imageCount = 58804
I/socket1 (15396): imageCount2 = 58804 tempCount2 = 1460
I/socket1 (15396): 保存图片字节 is.available() = 0 imageCount = 60264
I/socket1 (15396): imageCount2 = 60264 tempCount2 = 1176
I/socket1 (15396): 保存图片字节 is.available() = 0 imageCount = 61440
I/socket1 (15396): imageCount2 = 61440 tempCount2 = 1460
I/socket1 (15396): 保存图片字节 is.available() = 0 imageCount = 62900
I/socket1 (15396): imageCount2 = 62900 tempCount2 = 1460
I/socket1 (15396): 保存图片字节 is.available() = 0 imageCount = 64360
I/socket1 (15396): imageCount2 = 64360 tempCount2 = 1176
I/socket1 (15396): 保存图片字节 is.available() = 1460 imageCount = 65536
I/socket1 (15396): imageCount2 = 65536 tempCount2 = 2920
I/socket1 (15396): 保存图片字节 is.available() = 2636 imageCount = 68456
I/socket1 (15396): imageCount2 = 68456 tempCount2 = 2636
I/socket1 (15396): 保存图片字节 is.available() = 2636 imageCount = 71092
I/socket1 (15396): imageCount2 = 71092 tempCount2 = 5556
I/socket1 (15396): 保存图片字节 is.available() = 2636 imageCount = 76648
I/socket1 (15396): imageCount2 = 76648 tempCount2 = 5272
I/socket1 (15396): 保存图片字节 is.available() = 2920 imageCount = 81920
I/socket1 (15396): imageCount2 = 81920 tempCount2 = 4096
I/socket1 (15396): 保存图片字节 is.available() = 2920 imageCount = 86016
I/socket1 (15396): imageCount2 = 86016 tempCount2 = 2920
I/socket1 (15396): 保存图片字节 is.available() = 0 imageCount = 88936
I/socket1 (15396): imageCount2 = 88936 tempCount2 = 1176
I/socket1 (15396): 保存图片字节 is.available() = 0 imageCount = 90112
I/socket1 (15396): imageCount2 = 90112 tempCount2 = 1460
I/socket1 (15396): 保存图片字节 is.available() = 1460 imageCount = 91572
I/socket1 (15396): imageCount2 = 91572 tempCount2 = 1460
I/socket1 (15396): 保存图片字节 is.available() = 2636 imageCount = 93032
I/socket1 (15396): imageCount2 = 93032 tempCount2 = 2636
I/socket1 (15396): 保存图片字节 is.available() = 2636 imageCount = 95668
I/socket1 (15396): imageCount2 = 95668 tempCount2 = 4096
I/socket1 (15396): 保存图片字节 is.available() = 2636 imageCount = 99764
I/socket1 (15396): imageCount2 = 99764 tempCount2 = 4096
I/socket1 (15396): 保存图片字节 is.available() = 2636 imageCount = 103860
I/socket1 (15396): imageCount2 = 103860 tempCount2 = 4096
I/socket1 (15396): 保存图片字节 is.available() = 1460 imageCount = 107956
I/socket1 (15396): imageCount2 = 107956 tempCount2 = 1460
I/socket1 (15396): 保存图片字节 is.available() = 1176 imageCount = 109416
I/socket1 (15396): imageCount2 = 109416 tempCount2 = 2636
I/socket1 (15396): 保存图片字节 is.available() = 0 imageCount = 112052
I/socket1 (15396): imageCount2 = 112052 tempCount2 = 1460
I/socket1 (15396): 保存图片字节 is.available() = 0 imageCount = 113512
I/socket1 (15396): imageCount2 = 113512 tempCount2 = 1176
I/socket1 (15396): 保存图片字节 is.available() = 2920 imageCount = 114688
I/socket1 (15396): imageCount2 = 114688 tempCount2 = 4096
I/socket1 (15396): 保存图片字节 is.available() = 1460 imageCount = 118784
I/socket1 (15396): imageCount2 = 118784 tempCount2 = 2920
I/socket1 (15396): 保存图片字节 is.available() = 0 imageCount = 121704
I/socket1 (15396): imageCount2 = 121704 tempCount2 = 1460
I/socket1 (15396): 保存图片字节 is.available() = 0 imageCount = 123164
I/socket1 (15396): imageCount2 = 123164 tempCount2 = 1460
I/socket1 (15396): 保存图片字节 is.available() = 0 imageCount = 124624
I/socket1 (15396): imageCount2 = 124624 tempCount2 = 1460
I/socket1 (15396): 保存图片字节 is.available() = 1460 imageCount = 126084
I/socket1 (15396): imageCount2 = 126084 tempCount2 = 1460
I/socket1 (15396): 保存图片字节 is.available() = 2920 imageCount = 127544
I/socket1 (15396): imageCount2 = 127544 tempCount2 = 2920
I/socket1 (15396): 保存图片字节 is.available() = 0 imageCount = 130464
I/socket1 (15396): imageCount2 = 130464 tempCount2 = 1460
I/socket1 (15396): 保存图片字节 is.available() = 0 imageCount = 131924
I/socket1 (15396): imageCount2 = 131924 tempCount2 = 1460
I/socket1 (15396): 保存图片字节 is.available() = 1460 imageCount = 133384
I/socket1 (15396): imageCount2 = 133384 tempCount2 = 1460
I/socket1 (15396): 保存图片字节 is.available() = 1460 imageCount = 134844
I/socket1 (15396): imageCount2 = 134844 tempCount2 = 1460
I/socket1 (15396): 保存图片字节 is.available() = 1460 imageCount = 136304
I/socket1 (15396): imageCount2 = 136304 tempCount2 = 1460
I/socket1 (15396): 保存图片字节 is.available() = 1460 imageCount = 137764
I/socket1 (15396): imageCount1 = 137764 tempCount1 = 1460
I/socket1 (15396): 保存图片字节 is.available() = 1460 imageCount = 139224
I/socket1 (15396): imageCount1 = 139224 tempCount1 = 1460
I/socket1 (15396): 保存图片字节 is.available() = 2920 imageCount = 140684
I/socket1 (15396): imageCount1 = 140684 tempCount1 = 4380
I/socket1 (15396): 保存图片字节 is.available() = 0 imageCount = 145064
I/socket1 (15396): imageCount1 = 145064 tempCount1 = 1460
I/socket1 (15396): 保存图片字节 is.available() = 0 imageCount = 146524
I/socket1 (15396): imageCount1 = 146524 tempCount1 = 198
I/socket1 (15396): 读图片数据成功 bos imagedatalen - imageCount = 0
I/socket1 (15396): 读图片数据成功 bos length= 146722
I/System.out(15396): 取扫描时间与校验码 = 32303138303631323134323734373330380000
I/socket1 (15396): scantime received_Total == 19
I/socket1 (15396): 读图片数据完成 ---- endendend ----, 扫描时间 = 20180612142747308
I/System.out(15396): saveImage保存图片成功 - /storage/emulated/0/CaiNiaoBarcode/2018/7/25/14/pic_20180612142747308_2__TM_001106,611031969205635.bmp
I/System.out(15396): savaBarcodeInfo保存条码信息成功 - /storage/emulated/0/CaiNiaoBarcode/barcodeInfo.txt
D/MainActivity(15396): 二维码 barcode:TM_001106,611031969205635
I/socket1 (15396): 数据头 is.available() = 0
I/SurfaceFlinger(  269): FPS: 2
I/ServiceManager(14489): Waiting for service AtCmdFwd...
D/StatusBar.MSimNetworkController( 3751): refreshViews phoneId =0mMSimDataConnected =false
D/StatusBar.MSimNetworkController( 3751): refreshViews mMSimDataActivity =0
D/StatusBar.MSimNetworkController( 3751): refreshViews: Data not connected!! Set no data type icon / Roaming for phoneId: 0
E/WifiStateMachine( 2269): Failed to handle: connected 131155
E/WifiStateMachine( 2269):  mFrameworkDetectiveEnabled 0
E/WifiStateMachine( 2269):  start trigger support enable 
E/WifiStateMachine( 2269): Failed to handle: connected 131143
E/WifiStateMachine( 2269): WifiStateMachine CMD_START_SCAN source -4 txSuccessRate=36.48 rxSuccessRate=64.10 targetRoamBSSID=any RSSI=-49
V/WLAN_PSA(  328): NL MSG, len[4042], NL type[0x1C] WNI type[0x5900] len[45583]
V/WLAN_PSA(  328): NL MSG, PID: 328
V/WLAN_PSA(  328): NL MSG, len[914], NL type[0x11] WNI type[0x5050] len[894]
V/WLAN_PSA(  328): NL MSG, PID: 328
I/WifiHAL ( 2269): Poll result = 1
I/WifiHAL ( 2269): Found some events!!!
D/WifiHAL ( 2269): no_seq_check received
I/WifiHAL ( 2269): event received NL80211_CMD_TRIGGER_SCAN
I/WifiHAL ( 2269): event received NL80211_CMD_TRIGGER_SCAN, vendor_id = 0x0
I/WifiHAL ( 2269): event ignored!!
V/WLAN_PSA(  328): NL MSG, len[048], NL type[0x11] WNI type[0x5050] len[028]
V/WLAN_PSA(  328): NL MSG, PID: 328
V/WLAN_PSA(  328): NL MSG, len[4002], NL type[0x1C] WNI type[0x5900] len[35343]
V/WLAN_PSA(  328): NL MSG, PID: 328
V/WLAN_PSA(  328): NL MSG, len[4087], NL type[0x1C] WNI type[0x5900] len[57103]
V/WLAN_PSA(  328): NL MSG, PID: 328
V/WLAN_PSA(  328): NL MSG, len[4019], NL type[0x1C] WNI type[0x5900] len[39695]
V/WLAN_PSA(  328): NL MSG, PID: 328
V/WLAN_PSA(  328): NL MSG, len[4067], NL type[0x1C] WNI type[0x5900] len[51983]
V/WLAN_PSA(  328): NL MSG, PID: 328
V/WLAN_PSA(  328): NL MSG, len[4034], NL type[0x1C] WNI type[0x5900] len[43535]
V/WLAN_PSA(  328): NL MSG, PID: 328
V/WLAN_PSA(  328): NL MSG, len[914], NL type[0x11] WNI type[0x5050] len[894]
V/WLAN_PSA(  328): NL MSG, PID: 328
V/WLAN_PSA(  328): NL MSG, len[4091], NL type[0x1C] WNI type[0x5900] len[58127]
V/WLAN_PSA(  328): NL MSG, PID: 328
I/SurfaceFlinger(  269): FPS: 3
I/ServiceManager(14489): Waiting for service AtCmdFwd...
V/WLAN_PSA(  328): NL MSG, len[914], NL type[0x11] WNI type[0x5050] len[894]
V/WLAN_PSA(  328): NL MSG, PID: 328
V/WLAN_PSA(  328): NL MSG, len[048], NL type[0x11] WNI type[0x5050] len[028]
V/WLAN_PSA(  328): NL MSG, PID: 328
V/WLAN_PSA(  328): NL MSG, len[3982], NL type[0x1C] WNI type[0x5900] len[30223]
V/WLAN_PSA(  328): NL MSG, PID: 328
V/WLAN_PSA(  328): NL MSG, len[4034], NL type[0x1C] WNI type[0x5900] len[43535]
V/WLAN_PSA(  328): NL MSG, PID: 328
V/WLAN_PSA(  328): NL MSG, len[4053], NL type[0x1C] WNI type[0x5900] len[48399]
V/WLAN_PSA(  328): NL MSG, PID: 328
V/WLAN_PSA(  328): NL MSG, len[048], NL type[0x11] WNI type[0x5050] len[028]
V/WLAN_PSA(  328): NL MSG, PID: 328
V/WLAN_PSA(  328): NL MSG, len[914], NL type[0x11] WNI type[0x5050] len[894]
V/WLAN_PSA(  328): NL MSG, PID: 328
V/WLAN_PSA(  328): NL MSG, len[4082], NL type[0x1C] WNI type[0x5900] len[55823]
V/WLAN_PSA(  328): NL MSG, PID: 328
V/WLAN_PSA(  328): NL MSG, len[914], NL type[0x11] WNI type[0x5050] len[894]
V/WLAN_PSA(  328): NL MSG, PID: 328
V/WLAN_PSA(  328): NL MSG, len[048], NL type[0x11] WNI type[0x5050] len[028]
V/WLAN_PSA(  328): NL MSG, PID: 328
V/WLAN_PSA(  328): NL MSG, len[3995], NL type[0x1C] WNI type[0x5900] len[33551]
V/WLAN_PSA(  328): NL MSG, PID: 328
V/WLAN_PSA(  328): NL MSG, len[4069], NL type[0x1C] WNI type[0x5900] len[52495]
V/WLAN_PSA(  328): NL MSG, PID: 328
D/StatusBar.MSimNetworkController( 3751): refreshViews phoneId =0mMSimDataConnected =false
D/StatusBar.MSimNetworkController( 3751): refreshViews mMSimDataActivity =0
V/WLAN_PSA(  328): NL MSG, len[4035], NL type[0x1C] WNI type[0x5900] len[43791]
V/WLAN_PSA(  328): NL MSG, PID: 328
D/StatusBar.MSimNetworkController( 3751): refreshViews: Data not connected!! Set no data type icon / Roaming for phoneId: 0
V/WLAN_PSA(  328): NL MSG, len[4005], NL type[0x1C] WNI type[0x5900] len[36111]
V/WLAN_PSA(  328): NL MSG, PID: 328
V/WLAN_PSA(  328): NL MSG, len[914], NL type[0x11] WNI type[0x5050] len[894]
V/WLAN_PSA(  328): NL MSG, PID: 328
V/WLAN_PSA(  328): NL MSG, len[3989], NL type[0x1C] WNI type[0x5900] len[32015]
V/WLAN_PSA(  328): NL MSG, PID: 328
V/WLAN_PSA(  328): NL MSG, len[914], NL type[0x11] WNI type[0x5050] len[894]
V/WLAN_PSA(  328): NL MSG, PID: 328
V/WLAN_PSA(  328): NL MSG, len[048], NL type[0x11] WNI type[0x5050] len[028]
V/WLAN_PSA(  328): NL MSG, PID: 328
V/WLAN_PSA(  328): NL MSG, len[4061], NL type[0x1C] WNI type[0x5900] len[50447]
V/WLAN_PSA(  328): NL MSG, PID: 328
V/WLAN_PSA(  328): NL MSG, len[3962], NL type[0x1C] WNI type[0x5900] len[25103]
V/WLAN_PSA(  328): NL MSG, PID: 328
V/WLAN_PSA(  328): NL MSG, len[4054], NL type[0x1C] WNI type[0x5900] len[48655]
V/WLAN_PSA(  328): NL MSG, PID: 328
V/WLAN_PSA(  328): NL MSG, len[4091], NL type[0x1C] WNI type[0x5900] len[58127]
V/WLAN_PSA(  328): NL MSG, PID: 328
V/WLAN_PSA(  328): NL MSG, len[4058], NL type[0x1C] WNI type[0x5900] len[49679]
V/WLAN_PSA(  328): NL MSG, PID: 328
V/WLAN_PSA(  328): NL MSG, len[914], NL type[0x11] WNI type[0x5050] len[894]
V/WLAN_PSA(  328): NL MSG, PID: 328
I/socket3 (15396): Read 0xFEFE time outreceived_Total == 2
I/socket3 (15396): 读取数据头成功
I/socket3 (15396): 版本号机器序列号 received_Total == 14
I/socket3 (15396): 条码长度codeBytes = 00000019
I/socket3 (15396): 条码长度 = 25
I/socket3 (15396): barcodelen received_Total == 25
I/socket3 (15396): 读取条码成功 barcode =TM_001106,611031969205635
I/socket3 (15396): imagenamelen received_Total == 4
I/socket3 (15396): 读图片名称长度成功
I/socket3 (15396): 读图片名称长度成功 imagenamelen = 54
I/socket3 (15396): imagename received_Total == 54
I/socket3 (15396): 读图片名称成功 imgname = pic_20180612142747308_2__TM_001106,611031969205635.bmp
I/socket3 (15396): imagelen received_Total == 4
I/socket3 (15396): 读取图片长度成功 图片数据长度 imagedatalen = 146722
I/socket3 (15396): 保存图片字节 is.available() = 12288 imageCount = 0
I/socket3 (15396): imageCount2 = 0 tempCount2 = 10240
I/socket3 (15396): 保存图片字节 is.available() = 2048 imageCount = 10240
I/socket3 (15396): imageCount2 = 10240 tempCount2 = 2048
I/socket3 (15396): 保存图片字节 is.available() = 0 imageCount = 12288
I/socket3 (15396): imageCount2 = 12288 tempCount2 = 1448
I/socket3 (15396): 保存图片字节 is.available() = 0 imageCount = 13736
I/socket3 (15396): imageCount2 = 13736 tempCount2 = 1448
I/socket3 (15396): 保存图片字节 is.available() = 1200 imageCount = 15184
I/socket3 (15396): imageCount2 = 15184 tempCount2 = 2648
I/socket3 (15396): 保存图片字节 is.available() = 1448 imageCount = 17832
I/socket3 (15396): imageCount2 = 17832 tempCount2 = 2648
I/socket3 (15396): 保存图片字节 is.available() = 1448 imageCount = 20480
I/socket3 (15396): imageCount2 = 20480 tempCount2 = 2896
I/socket3 (15396): 保存图片字节 is.available() = 1200 imageCount = 23376
I/socket3 (15396): imageCount2 = 23376 tempCount2 = 1200
I/socket3 (15396): 保存图片字节 is.available() = 0 imageCount = 24576
I/socket3 (15396): imageCount2 = 24576 tempCount2 = 1448
I/socket3 (15396): 保存图片字节 is.available() = 0 imageCount = 26024
I/socket3 (15396): imageCount2 = 26024 tempCount2 = 1448
I/socket3 (15396): 保存图片字节 is.available() = 1200 imageCount = 27472
I/socket3 (15396): imageCount2 = 27472 tempCount2 = 1200
I/socket3 (15396): 保存图片字节 is.available() = 1448 imageCount = 28672
I/socket3 (15396): imageCount2 = 28672 tempCount2 = 1448
I/socket3 (15396): 保存图片字节 is.available() = 0 imageCount = 30120
I/socket3 (15396): imageCount2 = 30120 tempCount2 = 6744
I/socket3 (15396): 保存图片字节 is.available() = 1448 imageCount = 36864
I/socket3 (15396): imageCount2 = 36864 tempCount2 = 1448
I/socket3 (15396): 保存图片字节 is.available() = 1448 imageCount = 38312
I/socket3 (15396): imageCount2 = 38312 tempCount2 = 1448
I/socket3 (15396): 保存图片字节 is.available() = 0 imageCount = 39760
I/socket3 (15396): imageCount2 = 39760 tempCount2 = 1200
I/socket3 (15396): 保存图片字节 is.available() = 0 imageCount = 40960
I/socket3 (15396): imageCount2 = 40960 tempCount2 = 1448
I/socket3 (15396): 保存图片字节 is.available() = 0 imageCount = 42408
I/socket3 (15396): imageCount2 = 42408 tempCount2 = 1448
I/socket3 (15396): 保存图片字节 is.available() = 1200 imageCount = 43856
I/socket3 (15396): imageCount2 = 43856 tempCount2 = 1200
I/socket3 (15396): 保存图片字节 is.available() = 1448 imageCount = 45056
I/socket3 (15396): imageCount2 = 45056 tempCount2 = 1448
I/socket3 (15396): 保存图片字节 is.available() = 1448 imageCount = 46504
I/socket3 (15396): imageCount2 = 46504 tempCount2 = 1448
I/socket3 (15396): 保存图片字节 is.available() = 1200 imageCount = 47952
I/socket3 (15396): imageCount2 = 47952 tempCount2 = 1200
I/socket3 (15396): 保存图片字节 is.available() = 0 imageCount = 49152
I/socket3 (15396): imageCount2 = 49152 tempCount2 = 1448
I/socket3 (15396): 保存图片字节 is.available() = 0 imageCount = 50600
I/socket3 (15396): imageCount2 = 50600 tempCount2 = 1448
I/socket3 (15396): 保存图片字节 is.available() = 1200 imageCount = 52048
I/socket3 (15396): imageCount2 = 52048 tempCount2 = 1200
I/socket3 (15396): 保存图片字节 is.available() = 1448 imageCount = 53248
I/socket3 (15396): imageCount2 = 53248 tempCount2 = 1448
I/socket3 (15396): 保存图片字节 is.available() = 1448 imageCount = 54696
I/socket3 (15396): imageCount2 = 54696 tempCount2 = 1448
I/socket3 (15396): 保存图片字节 is.available() = 1200 imageCount = 56144
I/socket3 (15396): imageCount2 = 56144 tempCount2 = 1200
I/socket3 (15396): 保存图片字节 is.available() = 0 imageCount = 57344
I/socket3 (15396): imageCount2 = 57344 tempCount2 = 1448
I/socket3 (15396): 保存图片字节 is.available() = 2648 imageCount = 58792
I/socket3 (15396): imageCount2 = 58792 tempCount2 = 2648
I/socket3 (15396): 保存图片字节 is.available() = 0 imageCount = 61440
I/socket3 (15396): imageCount2 = 61440 tempCount2 = 1448
I/socket3 (15396): 保存图片字节 is.available() = 0 imageCount = 62888
I/socket3 (15396): imageCount2 = 62888 tempCount2 = 1448
I/socket3 (15396): 保存图片字节 is.available() = 0 imageCount = 64336
I/socket3 (15396): imageCount2 = 64336 tempCount2 = 2648
I/socket3 (15396): 保存图片字节 is.available() = 0 imageCount = 66984
I/socket3 (15396): imageCount2 = 66984 tempCount2 = 2648
I/socket3 (15396): 保存图片字节 is.available() = 0 imageCount = 69632
I/socket3 (15396): imageCount2 = 69632 tempCount2 = 1448
I/socket3 (15396): 保存图片字节 is.available() = 0 imageCount = 71080
I/socket3 (15396): imageCount2 = 71080 tempCount2 = 1448
I/socket3 (15396): 保存图片字节 is.available() = 2648 imageCount = 72528
I/socket3 (15396): imageCount2 = 72528 tempCount2 = 4096
I/socket3 (15396): 保存图片字节 is.available() = 1200 imageCount = 76624
I/socket3 (15396): imageCount2 = 76624 tempCount2 = 1200
I/socket3 (15396): 保存图片字节 is.available() = 0 imageCount = 77824
I/socket3 (15396): imageCount2 = 77824 tempCount2 = 1448
I/socket3 (15396): 保存图片字节 is.available() = 2648 imageCount = 79272
I/socket3 (15396): imageCount2 = 79272 tempCount2 = 2648
I/socket3 (15396): 保存图片字节 is.available() = 0 imageCount = 81920
I/socket3 (15396): imageCount2 = 81920 tempCount2 = 1448
I/socket3 (15396): 保存图片字节 is.available() = 0 imageCount = 83368
I/socket3 (15396): imageCount2 = 83368 tempCount2 = 1448
I/socket3 (15396): 保存图片字节 is.available() = 1200 imageCount = 84816
I/socket3 (15396): imageCount2 = 84816 tempCount2 = 2648
I/socket3 (15396): 保存图片字节 is.available() = 1448 imageCount = 87464
I/socket3 (15396): imageCount2 = 87464 tempCount2 = 2648
I/socket3 (15396): 保存图片字节 is.available() = 0 imageCount = 90112
I/socket3 (15396): imageCount2 = 90112 tempCount2 = 1448
I/socket3 (15396): 保存图片字节 is.available() = 1448 imageCount = 91560
I/socket3 (15396): imageCount2 = 91560 tempCount2 = 1448
I/socket3 (15396): 保存图片字节 is.available() = 1200 imageCount = 93008
I/socket3 (15396): imageCount2 = 93008 tempCount2 = 1200
I/socket3 (15396): 保存图片字节 is.available() = 0 imageCount = 94208
I/socket3 (15396): imageCount2 = 94208 tempCount2 = 1448
I/socket3 (15396): 保存图片字节 is.available() = 0 imageCount = 95656
I/socket3 (15396): imageCount2 = 95656 tempCount2 = 1448
I/socket3 (15396): 保存图片字节 is.available() = 2648 imageCount = 97104
I/socket3 (15396): imageCount2 = 97104 tempCount2 = 2648
I/socket3 (15396): 保存图片字节 is.available() = 0 imageCount = 99752
I/socket3 (15396): imageCount2 = 99752 tempCount2 = 1448
I/socket3 (15396): 保存图片字节 is.available() = 0 imageCount = 101200
I/socket3 (15396): imageCount2 = 101200 tempCount2 = 1200
I/socket3 (15396): 保存图片字节 is.available() = 0 imageCount = 102400
I/socket3 (15396): imageCount2 = 102400 tempCount2 = 1448
I/socket3 (15396): 保存图片字节 is.available() = 1448 imageCount = 103848
I/socket3 (15396): imageCount2 = 103848 tempCount2 = 2648
I/socket3 (15396): 保存图片字节 is.available() = 2896 imageCount = 106496
I/socket3 (15396): imageCount2 = 106496 tempCount2 = 4096
I/socket3 (15396): 保存图片字节 is.available() = 0 imageCount = 110592
I/socket3 (15396): imageCount2 = 110592 tempCount2 = 1448
I/socket3 (15396): 保存图片字节 is.available() = 0 imageCount = 112040
I/socket3 (15396): imageCount2 = 112040 tempCount2 = 1448
I/socket3 (15396): 保存图片字节 is.available() = 0 imageCount = 113488
I/socket3 (15396): imageCount2 = 113488 tempCount2 = 1200
I/socket3 (15396): 保存图片字节 is.available() = 1448 imageCount = 114688
I/socket3 (15396): imageCount2 = 114688 tempCount2 = 2896
I/socket3 (15396): 保存图片字节 is.available() = 0 imageCount = 117584
I/socket3 (15396): imageCount2 = 117584 tempCount2 = 1200
I/socket3 (15396): 保存图片字节 is.available() = 2896 imageCount = 118784
I/socket3 (15396): imageCount2 = 118784 tempCount2 = 4096
I/socket3 (15396): 保存图片字节 is.available() = 0 imageCount = 122880
I/socket3 (15396): imageCount2 = 122880 tempCount2 = 1448
I/socket3 (15396): 保存图片字节 is.available() = 0 imageCount = 124328
I/socket3 (15396): imageCount2 = 124328 tempCount2 = 1448
I/socket3 (15396): 保存图片字节 is.available() = 2648 imageCount = 125776
I/socket3 (15396): imageCount2 = 125776 tempCount2 = 4096
I/socket3 (15396): 保存图片字节 is.available() = 1200 imageCount = 129872
I/socket3 (15396): imageCount2 = 129872 tempCount2 = 1200
I/socket3 (15396): 保存图片字节 is.available() = 1448 imageCount = 131072
I/socket3 (15396): imageCount2 = 131072 tempCount2 = 2896
I/socket3 (15396): 保存图片字节 is.available() = 1200 imageCount = 133968
I/socket3 (15396): imageCount2 = 133968 tempCount2 = 1200
I/socket3 (15396): 保存图片字节 is.available() = 0 imageCount = 135168
I/socket3 (15396): imageCount2 = 135168 tempCount2 = 1448
I/socket3 (15396): 保存图片字节 is.available() = 0 imageCount = 136616
I/socket3 (15396): imageCount1 = 136616 tempCount1 = 1448
I/socket3 (15396): 保存图片字节 is.available() = 1200 imageCount = 138064
I/socket3 (15396): imageCount1 = 138064 tempCount1 = 1200
I/socket3 (15396): 保存图片字节 is.available() = 0 imageCount = 139264
I/socket3 (15396): imageCount1 = 139264 tempCount1 = 1448
I/socket3 (15396): 保存图片字节 is.available() = 1448 imageCount = 140712
I/socket3 (15396): imageCount1 = 140712 tempCount1 = 1448
I/socket3 (15396): 保存图片字节 is.available() = 0 imageCount = 142160
I/socket3 (15396): imageCount1 = 142160 tempCount1 = 1200
I/socket3 (15396): 保存图片字节 is.available() = 0 imageCount = 143360
I/socket3 (15396): imageCount1 = 143360 tempCount1 = 1448
I/socket3 (15396): 保存图片字节 is.available() = 1448 imageCount = 144808
I/socket3 (15396): imageCount1 = 144808 tempCount1 = 1448
I/socket3 (15396): 保存图片字节 is.available() = 466 imageCount = 146256
I/socket3 (15396): imageCount1 = 146256 tempCount1 = 466
I/socket3 (15396): 读图片数据成功 bos imagedatalen - imageCount = 0
I/socket3 (15396): 读图片数据成功 bos length= 146722
I/System.out(15396): 取扫描时间与校验码 = 32303138303631323134323734373330380000
I/socket3 (15396): scantime received_Total == 19
I/socket3 (15396): 读图片数据完成 ---- endendend ----, 扫描时间 = 20180612142747308
V/WLAN_PSA(  328): NL MSG, len[914], NL type[0x11] WNI type[0x5050] len[894]
V/WLAN_PSA(  328): NL MSG, PID: 328
V/WLAN_PSA(  328): NL MSG, len[048], NL type[0x11] WNI type[0x5050] len[028]
V/WLAN_PSA(  328): NL MSG, PID: 328
V/WLAN_PSA(  328): NL MSG, len[4037], NL type[0x1C] WNI type[0x5900] len[44303]
V/WLAN_PSA(  328): NL MSG, PID: 328
V/WLAN_PSA(  328): NL MSG, len[4042], NL type[0x1C] WNI type[0x5900] len[45583]
V/WLAN_PSA(  328): NL MSG, PID: 328
V/WLAN_PSA(  328): NL MSG, len[4074], NL type[0x1C] WNI type[0x5900] len[53775]
V/WLAN_PSA(  328): NL MSG, PID: 328
V/WLAN_PSA(  328): NL MSG, len[048], NL type[0x11] WNI type[0x5050] len[028]
V/WLAN_PSA(  328): NL MSG, PID: 328
V/WLAN_PSA(  328): NL MSG, len[914], NL type[0x11] WNI type[0x5050] len[894]
V/WLAN_PSA(  328): NL MSG, PID: 328
V/WLAN_PSA(  328): NL MSG, len[4083], NL type[0x1C] WNI type[0x5900] len[56079]
V/WLAN_PSA(  328): NL MSG, PID: 328
V/WLAN_PSA(  328): NL MSG, len[914], NL type[0x11] WNI type[0x5050] len[894]
V/WLAN_PSA(  328): NL MSG, PID: 328
V/WLAN_PSA(  328): NL MSG, len[048], NL type[0x11] WNI type[0x5050] len[028]
V/WLAN_PSA(  328): NL MSG, PID: 328
I/System.out(15396): saveImage保存图片成功 - /storage/emulated/0/CaiNiaoBarcode/2018/7/25/14/pic_20180612142747308_2__TM_001106,611031969205635.bmp
I/System.out(15396): savaBarcodeInfo保存条码信息成功 - /storage/emulated/0/CaiNiaoBarcode/barcodeInfo.txt
D/MainActivity(15396): 二维码 barcode:TM_001106,611031969205635
I/socket3 (15396): 数据头 is.available() = 0
V/WLAN_PSA(  328): NL MSG, len[4006], NL type[0x1C] WNI type[0x5900] len[36367]
V/WLAN_PSA(  328): NL MSG, PID: 328
I/SurfaceFlinger(  269): FPS: 2
I/ServiceManager(14489): Waiting for service AtCmdFwd...
V/WLAN_PSA(  328): NL MSG, len[4032], NL type[0x1C] WNI type[0x5900] len[43023]
V/WLAN_PSA(  328): NL MSG, PID: 328
V/WLAN_PSA(  328): NL MSG, len[048], NL type[0x11] WNI type[0x5050] len[028]
V/WLAN_PSA(  328): NL MSG, PID: 328
V/WLAN_PSA(  328): NL MSG, len[914], NL type[0x11] WNI type[0x5050] len[894]
V/WLAN_PSA(  328): NL MSG, PID: 328
V/WLAN_PSA(  328): NL MSG, len[3966], NL type[0x1C] WNI type[0x5900] len[26127]
V/WLAN_PSA(  328): NL MSG, PID: 328
V/WLAN_PSA(  328): NL MSG, len[914], NL type[0x11] WNI type[0x5050] len[894]
V/WLAN_PSA(  328): NL MSG, PID: 328
V/WLAN_PSA(  328): NL MSG, len[048], NL type[0x11] WNI type[0x5050] len[028]
V/WLAN_PSA(  328): NL MSG, PID: 328
V/WLAN_PSA(  328): NL MSG, len[4028], NL type[0x1C] WNI type[0x5900] len[41999]
V/WLAN_PSA(  328): NL MSG, PID: 328
D/StatusBar.MSimNetworkController( 3751): refreshViews phoneId =0mMSimDataConnected =false
D/StatusBar.MSimNetworkController( 3751): refreshViews mMSimDataActivity =0
D/StatusBar.MSimNetworkController( 3751): refreshViews: Data not connected!! Set no data type icon / Roaming for phoneId: 0
V/WLAN_PSA(  328): NL MSG, len[048], NL type[0x11] WNI type[0x5050] len[028]
V/WLAN_PSA(  328): NL MSG, PID: 328
V/WLAN_PSA(  328): NL MSG, len[914], NL type[0x11] WNI type[0x5050] len[894]
V/WLAN_PSA(  328): NL MSG, PID: 328
V/WLAN_PSA(  328): NL MSG, len[3996], NL type[0x1C] WNI type[0x5900] len[33807]
V/WLAN_PSA(  328): NL MSG, PID: 328
V/WLAN_PSA(  328): NL MSG, len[914], NL type[0x11] WNI type[0x5050] len[894]
V/WLAN_PSA(  328): NL MSG, PID: 328
V/WLAN_PSA(  328): NL MSG, len[048], NL type[0x11] WNI type[0x5050] len[028]
V/WLAN_PSA(  328): NL MSG, PID: 328
V/WLAN_PSA(  328): NL MSG, len[4092], NL type[0x1C] WNI type[0x5900] len[58383]
V/WLAN_PSA(  328): NL MSG, PID: 328
V/WLAN_PSA(  328): NL MSG, len[4012], NL type[0x1C] WNI type[0x5900] len[37903]
V/WLAN_PSA(  328): NL MSG, PID: 328
V/WLAN_PSA(  328): NL MSG, len[4073], NL type[0x1C] WNI type[0x5900] len[53519]
V/WLAN_PSA(  328): NL MSG, PID: 328
V/WLAN_PSA(  328): NL MSG, len[914], NL type[0x11] WNI type[0x5050] len[894]
V/WLAN_PSA(  328): NL MSG, PID: 328
V/WLAN_PSA(  328): NL MSG, len[4067], NL type[0x1C] WNI type[0x5900] len[51983]
V/WLAN_PSA(  328): NL MSG, PID: 328
V/WLAN_PSA(  328): NL MSG, len[914], NL type[0x11] WNI type[0x5050] len[894]
V/WLAN_PSA(  328): NL MSG, PID: 328
V/WLAN_PSA(  328): NL MSG, len[048], NL type[0x11] WNI type[0x5050] len[028]
V/WLAN_PSA(  328): NL MSG, PID: 328
V/WLAN_PSA(  328): NL MSG, len[4090], NL type[0x1C] WNI type[0x5900] len[57871]
V/WLAN_PSA(  328): NL MSG, PID: 328
V/WLAN_PSA(  328): NL MSG, len[4060], NL type[0x1C] WNI type[0x5900] len[50191]
V/WLAN_PSA(  328): NL MSG, PID: 328
I/ServiceManager(14489): Waiting for service AtCmdFwd...
V/WLAN_PSA(  328): NL MSG, len[048], NL type[0x11] WNI type[0x5050] len[028]
I/WifiHAL ( 2269): Poll result = 1
I/WifiHAL ( 2269): Found some events!!!
V/WLAN_PSA(  328): NL MSG, PID: 328
D/WifiHAL ( 2269): no_seq_check received
V/WLAN_PSA(  328): NL MSG, len[914], NL type[0x11] WNI type[0x5050] len[894]
I/WifiHAL ( 2269): event received NL80211_CMD_NEW_SCAN_RESULTS
V/WLAN_PSA(  328): NL MSG, PID: 328
I/WifiHAL ( 2269): event received NL80211_CMD_NEW_SCAN_RESULTS, vendor_id = 0x0
I/WifiHAL ( 2269): event ignored!!
V/WLAN_PSA(  328): NL MSG, len[3992], NL type[0x1C] WNI type[0x5900] len[32783]
V/WLAN_PSA(  328): NL MSG, PID: 328
V/WLAN_PSA(  328): NL MSG, len[4021], NL type[0x1C] WNI type[0x5900] len[40207]
V/WLAN_PSA(  328): NL MSG, PID: 328
E/WifiStateMachine( 2269): Failed to handle: connected 147461
D/LBSSystemMonitorService( 2269): handleMessage what - 4
D/Wiper_jni( 2269): Send Network Location.
D/StatusBar.MSimNetworkController( 3751): refreshViews phoneId =0mMSimDataConnected =false
D/StatusBar.MSimNetworkController( 3751): refreshViews mMSimDataActivity =0
D/StatusBar.MSimNetworkController( 3751): refreshViews: Data not connected!! Set no data type icon / Roaming for phoneId: 0
I/SurfaceFlinger(  269): FPS: 4
E/WifiStateMachine( 2269): Failed to handle: connected 131155
E/WifiStateMachine( 2269):  mFrameworkDetectiveEnabled 0
E/WifiStateMachine( 2269):  start trigger support enable 
E/WifiStateMachine( 2269): Failed to handle: connected 131143
E/WifiStateMachine( 2269): WifiStateMachine CMD_START_SCAN source -4 txSuccessRate=23.06 rxSuccessRate=36.26 targetRoamBSSID=any RSSI=-48
I/WifiHAL ( 2269): Poll result = 1
I/WifiHAL ( 2269): Found some events!!!
D/WifiHAL ( 2269): no_seq_check received
I/WifiHAL ( 2269): event received NL80211_CMD_TRIGGER_SCAN
I/WifiHAL ( 2269): event received NL80211_CMD_TRIGGER_SCAN, vendor_id = 0x0
I/WifiHAL ( 2269): event ignored!!
V/WLAN_PSA(  328): NL MSG, len[3999], NL type[0x1C] WNI type[0x5900] len[34575]
V/WLAN_PSA(  328): NL MSG, PID: 328
I/WifiHAL ( 2269): Poll result = 1
I/WifiHAL ( 2269): Found some events!!!
D/WifiHAL ( 2269): no_seq_check received
I/WifiHAL ( 2269): event received NL80211_CMD_NEW_SCAN_RESULTS
I/WifiHAL ( 2269): event received NL80211_CMD_NEW_SCAN_RESULTS, vendor_id = 0x0
I/WifiHAL ( 2269): event ignored!!
V/WLAN_PSA(  328): NL MSG, len[4045], NL type[0x1C] WNI type[0x5900] len[46351]
V/WLAN_PSA(  328): NL MSG, PID: 328
E/WifiStateMachine( 2269): Failed to handle: connected 147461
D/LBSSystemMonitorService( 2269): handleMessage what - 4
D/Wiper_jni( 2269): Send Network Location.
I/ServiceManager(14489): Waiting for service AtCmdFwd...
D/StatusBar.MSimNetworkController( 3751): refreshViews phoneId =0mMSimDataConnected =false
D/StatusBar.MSimNetworkController( 3751): refreshViews mMSimDataActivity =0
D/StatusBar.MSimNetworkController( 3751): refreshViews: Data not connected!! Set no data type icon / Roaming for phoneId: 0
D/Analytics.c.6919.71( 6919): [run] CleanTask,clean TimeoutEvent
D/Analytics.a.6919.71( 6919): [run]
W/ActivityManager( 2269): getRunningAppProcesses: caller 10094 does not hold REAL_GET_TASKS; limiting output
I/SurfaceFlinger(  269): FPS: 3
W/Atfwd_Sendcmd(14489): AtCmdFwd service not published, waiting... retryCnt : 3
D/StatusBar.MSimNetworkController( 3751): refreshViews phoneId =0mMSimDataConnected =false
D/StatusBar.MSimNetworkController( 3751): refreshViews mMSimDataActivity =0
D/StatusBar.MSimNetworkController( 3751): refreshViews: Data not connected!! Set no data type icon / Roaming for phoneId: 0
I/SurfaceFlinger(  269): FPS: 2
I/socket1 (15396): Read 0xFEFE time outreceived_Total == 2
I/socket1 (15396): 读取数据头成功
I/socket1 (15396): 版本号机器序列号 received_Total == 14
I/socket1 (15396): 条码长度codeBytes = 00000009
I/socket1 (15396): 条码长度 = 9
I/socket1 (15396): barcodelen received_Total == 9
I/socket1 (15396): 读取条码成功 barcode =TM_001106
I/socket1 (15396): imagenamelen received_Total == 4
I/socket1 (15396): 读图片名称长度成功
