I/socket3 (15396): imageCount2 = 4257 tempCount2 = 1448
I/socket3 (15396): 保存图片字节 is.available() = 0 imageCount = 5705
V/WLAN_PSA(  328): NL MSG, len[914], NL type[0x11] WNI type[0x5050] len[894]
V/WLAN_PSA(  328): NL MSG, PID: 328
V/WLAN_PSA(  328): NL MSG, len[048], NL type[0x11] WNI type[0x5050] len[028]
V/WLAN_PSA(  328): NL MSG, PID: 328
I/socket3 (15396): imageCount2 = 5705 tempCount2 = 1448
I/socket3 (15396): 保存图片字节 is.available() = 1303 imageCount = 7153
V/WLAN_PSA(  328): NL MSG, len[3894], NL type[0x1C] WNI type[0x5900] len[7695]
V/WLAN_PSA(  328): NL MSG, PID: 328
I/socket3 (15396): imageCount2 = 7153 tempCount2 = 1303
I/socket3 (15396): 保存图片字节 is.available() = 1448 imageCount = 8456
I/socket3 (15396): imageCount2 = 8456 tempCount2 = 1448
I/socket3 (15396): 保存图片字节 is.available() = 0 imageCount = 9904
D/StatusBar.MSimNetworkController( 3751): refreshViews phoneId =0mMSimDataConnected =false
D/StatusBar.MSimNetworkController( 3751): refreshViews mMSimDataActivity =0
D/StatusBar.MSimNetworkController( 3751): refreshViews: Data not connected!! Set no data type icon / Roaming for phoneId: 0
V/WLAN_PSA(  328): NL MSG, len[4027], NL type[0x1C] WNI type[0x5900] len[41743]
V/WLAN_PSA(  328): NL MSG, PID: 328
I/SurfaceFlinger(  269): FPS: 2
V/WLAN_PSA(  328): NL MSG, len[4068], NL type[0x1C] WNI type[0x5900] len[52239]
V/WLAN_PSA(  328): NL MSG, PID: 328
V/WLAN_PSA(  328): NL MSG, len[4091], NL type[0x1C] WNI type[0x5900] len[58127]
V/WLAN_PSA(  328): NL MSG, PID: 328
V/WLAN_PSA(  328): NL MSG, len[914], NL type[0x11] WNI type[0x5050] len[894]
V/WLAN_PSA(  328): NL MSG, PID: 328
V/WLAN_PSA(  328): NL MSG, len[3974], NL type[0x1C] WNI type[0x5900] len[28175]
V/WLAN_PSA(  328): NL MSG, PID: 328
I/socket3 (15396): imageCount2 = 9904 tempCount2 = 2386
I/socket3 (15396): 保存图片字节 is.available() = 0 imageCount = 12290
I/socket1 (15396): Read 0xFEFE time outreceived_Total == 2
I/socket1 (15396): 读取数据头成功
I/socket1 (15396): 版本号机器序列号 received_Total == 14
I/socket1 (15396): 条码长度codeBytes = 0000000F
I/socket1 (15396): 条码长度 = 15
I/socket1 (15396): barcodelen received_Total == 15
I/socket1 (15396): 读取条码成功 barcode =611031969205635
I/socket1 (15396): imagenamelen received_Total == 4
I/socket1 (15396): 读图片名称长度成功
I/socket1 (15396): 读图片名称长度成功 imagenamelen = 54
I/socket1 (15396): imagename received_Total == 54
I/socket1 (15396): 读图片名称成功 imgname = pic_20180612142747308_2__TM_001106,611031969205635.bmp
I/socket1 (15396): imagelen received_Total == 4
I/socket1 (15396): 读取图片长度成功 图片数据长度 imagedatalen = 146722
I/socket1 (15396): 保存图片字节 is.available() = 13748 imageCount = 0
I/socket1 (15396): imageCount2 = 0 tempCount2 = 10240
I/socket1 (15396): 保存图片字节 is.available() = 3508 imageCount = 10240
I/socket1 (15396): imageCount2 = 10240 tempCount2 = 3508
I/socket1 (15396): 保存图片字节 is.available() = 0 imageCount = 13748
I/socket1 (15396): imageCount2 = 13748 tempCount2 = 4096
I/socket1 (15396): 保存图片字节 is.available() = 2636 imageCount = 17844
I/socket1 (15396): imageCount2 = 17844 tempCount2 = 5556
I/socket1 (15396): 保存图片字节 is.available() = 0 imageCount = 23400
I/socket1 (15396): imageCount2 = 23400 tempCount2 = 1176
I/socket1 (15396): 保存图片字节 is.available() = 11112 imageCount = 24576
I/socket1 (15396): imageCount2 = 24576 tempCount2 = 10240
I/socket1 (15396): 保存图片字节 is.available() = 9064 imageCount = 34816
I/socket1 (15396): imageCount2 = 34816 tempCount2 = 10240
I/socket1 (15396): 保存图片字节 is.available() = 1460 imageCount = 45056
I/socket1 (15396): imageCount2 = 45056 tempCount2 = 1460
I/socket1 (15396): 保存图片字节 is.available() = 0 imageCount = 46516
I/socket1 (15396): imageCount2 = 46516 tempCount2 = 1460
I/socket1 (15396): 保存图片字节 is.available() = 0 imageCount = 47976
V/WLAN_PSA(  328): NL MSG, len[914], NL type[0x11] WNI type[0x5050] len[894]
V/WLAN_PSA(  328): NL MSG, PID: 328
V/WLAN_PSA(  328): NL MSG, len[048], NL type[0x11] WNI type[0x5050] len[028]
V/WLAN_PSA(  328): NL MSG, PID: 328
I/socket1 (15396): imageCount2 = 47976 tempCount2 = 1176
I/socket1 (15396): 保存图片字节 is.available() = 4096 imageCount = 49152
I/socket1 (15396): imageCount2 = 49152 tempCount2 = 5556
I/socket1 (15396): 保存图片字节 is.available() = 5556 imageCount = 54708
I/socket1 (15396): imageCount2 = 54708 tempCount2 = 6732
I/socket1 (15396): 保存图片字节 is.available() = 8192 imageCount = 61440
I/socket1 (15396): imageCount2 = 61440 tempCount2 = 10240
I/socket1 (15396): 保存图片字节 is.available() = 7604 imageCount = 71680
I/socket1 (15396): imageCount2 = 71680 tempCount2 = 7604
I/socket1 (15396): 保存图片字节 is.available() = 0 imageCount = 79284
I/socket1 (15396): imageCount2 = 79284 tempCount2 = 1460
I/socket1 (15396): 保存图片字节 is.available() = 0 imageCount = 80744
V/WLAN_PSA(  328): NL MSG, len[4028], NL type[0x1C] WNI type[0x5900] len[41999]
V/WLAN_PSA(  328): NL MSG, PID: 328
V/WLAN_PSA(  328): NL MSG, len[3948], NL type[0x1C] WNI type[0x5900] len[21519]
V/WLAN_PSA(  328): NL MSG, PID: 328
V/WLAN_PSA(  328): NL MSG, len[3955], NL type[0x1C] WNI type[0x5900] len[23311]
V/WLAN_PSA(  328): NL MSG, PID: 328
V/WLAN_PSA(  328): NL MSG, len[4057], NL type[0x1C] WNI type[0x5900] len[49423]
V/WLAN_PSA(  328): NL MSG, PID: 328
V/WLAN_PSA(  328): NL MSG, len[914], NL type[0x11] WNI type[0x5050] len[894]
V/WLAN_PSA(  328): NL MSG, PID: 328
V/WLAN_PSA(  328): NL MSG, len[4007], NL type[0x1C] WNI type[0x5900] len[36623]
V/WLAN_PSA(  328): NL MSG, PID: 328
I/socket1 (15396): imageCount2 = 80744 tempCount2 = 10240
I/socket1 (15396): 保存图片字节 is.available() = 30720 imageCount = 90984
I/socket1 (15396): imageCount2 = 90984 tempCount2 = 10240
I/socket1 (15396): 保存图片字节 is.available() = 32768 imageCount = 101224
I/socket1 (15396): imageCount2 = 101224 tempCount2 = 10240
I/socket1 (15396): 保存图片字节 is.available() = 22528 imageCount = 111464
I/socket1 (15396): imageCount2 = 111464 tempCount2 = 10240
I/socket1 (15396): 保存图片字节 is.available() = 12288 imageCount = 121704
I/socket1 (15396): imageCount2 = 121704 tempCount2 = 10240
I/socket1 (15396): 保存图片字节 is.available() = 2048 imageCount = 131944
I/socket1 (15396): imageCount2 = 131944 tempCount2 = 2048
I/socket1 (15396): 保存图片字节 is.available() = 0 imageCount = 133992
I/socket1 (15396): imageCount2 = 133992 tempCount2 = 1176
I/socket1 (15396): 保存图片字节 is.available() = 0 imageCount = 135168
I/socket1 (15396): imageCount2 = 135168 tempCount2 = 1460
I/socket1 (15396): 保存图片字节 is.available() = 1460 imageCount = 136628
I/socket1 (15396): imageCount1 = 136628 tempCount1 = 2636
I/socket1 (15396): 保存图片字节 is.available() = 7016 imageCount = 139264
I/socket1 (15396): imageCount1 = 139264 tempCount1 = 7458
I/socket1 (15396): 读图片数据成功 bos imagedatalen - imageCount = 0
I/socket1 (15396): 读图片数据成功 bos length= 146722
I/System.out(15396): 取扫描时间与校验码 = 32303138303631323134323734373330380000
I/socket1 (15396): scantime received_Total == 19
I/socket1 (15396): 读图片数据完成 ---- endendend ----, 扫描时间 = 20180612142747308
V/WLAN_PSA(  328): NL MSG, len[914], NL type[0x11] WNI type[0x5050] len[894]
V/WLAN_PSA(  328): NL MSG, PID: 328
V/WLAN_PSA(  328): NL MSG, len[048], NL type[0x11] WNI type[0x5050] len[028]
V/WLAN_PSA(  328): NL MSG, PID: 328
V/WLAN_PSA(  328): NL MSG, len[4057], NL type[0x1C] WNI type[0x5900] len[49423]
V/WLAN_PSA(  328): NL MSG, PID: 328
V/WLAN_PSA(  328): NL MSG, len[4080], NL type[0x1C] WNI type[0x5900] len[55311]
V/WLAN_PSA(  328): NL MSG, PID: 328
V/WLAN_PSA(  328): NL MSG, len[048], NL type[0x11] WNI type[0x5050] len[028]
V/WLAN_PSA(  328): NL MSG, PID: 328
V/WLAN_PSA(  328): NL MSG, len[914], NL type[0x11] WNI type[0x5050] len[894]
V/WLAN_PSA(  328): NL MSG, PID: 328
V/WLAN_PSA(  328): NL MSG, len[3958], NL type[0x1C] WNI type[0x5900] len[24079]
V/WLAN_PSA(  328): NL MSG, PID: 328
I/System.out(15396): saveImage保存图片成功 - /storage/emulated/0/CaiNiaoBarcode/2018/7/25/14/pic_20180612142747308_2__TM_001106,611031969205635.bmp
I/System.out(15396): savaBarcodeInfo保存条码信息成功 - /storage/emulated/0/CaiNiaoBarcode/barcodeInfo.txt
D/MainActivity(15396): 二维码 barcode:611031969205635
I/socket1 (15396): 数据头 is.available() = 0
V/WLAN_PSA(  328): NL MSG, len[914], NL type[0x11] WNI type[0x5050] len[894]
V/WLAN_PSA(  328): NL MSG, PID: 328
V/WLAN_PSA(  328): NL MSG, len[048], NL type[0x11] WNI type[0x5050] len[028]
V/WLAN_PSA(  328): NL MSG, PID: 328
V/WLAN_PSA(  328): NL MSG, len[4043], NL type[0x1C] WNI type[0x5900] len[45839]
V/WLAN_PSA(  328): NL MSG, PID: 328
V/WLAN_PSA(  328): NL MSG, len[3944], NL type[0x1C] WNI type[0x5900] len[20495]
V/WLAN_PSA(  328): NL MSG, PID: 328
V/WLAN_PSA(  328): NL MSG, len[914], NL type[0x11] WNI type[0x5050] len[894]
V/WLAN_PSA(  328): NL MSG, PID: 328
V/WLAN_PSA(  328): NL MSG, len[4073], NL type[0x1C] WNI type[0x5900] len[53519]
V/WLAN_PSA(  328): NL MSG, PID: 328
V/WLAN_PSA(  328): NL MSG, len[4033], NL type[0x1C] WNI type[0x5900] len[43279]
V/WLAN_PSA(  328): NL MSG, PID: 328
V/WLAN_PSA(  328): NL MSG, len[048], NL type[0x11] WNI type[0x5050] len[028]
V/WLAN_PSA(  328): NL MSG, PID: 328
V/WLAN_PSA(  328): NL MSG, len[048], NL type[0x11] WNI type[0x5050] len[028]
V/WLAN_PSA(  328): NL MSG, PID: 328
V/WLAN_PSA(  328): NL MSG, len[914], NL type[0x11] WNI type[0x5050] len[894]
V/WLAN_PSA(  328): NL MSG, PID: 328
V/WLAN_PSA(  328): NL MSG, len[048], NL type[0x11] WNI type[0x5050] len[028]
V/WLAN_PSA(  328): NL MSG, PID: 328
V/WLAN_PSA(  328): NL MSG, len[4035], NL type[0x1C] WNI type[0x5900] len[43791]
V/WLAN_PSA(  328): NL MSG, PID: 328
E/WifiStateMachine( 2269): Failed to handle: connected 131143
E/WifiStateMachine( 2269): WifiStateMachine CMD_START_SCAN source -2 txSuccessRate=1.06 rxSuccessRate=3.12 targetRoamBSSID=any RSSI=-56
V/WLAN_PSA(  328): NL MSG, len[048], NL type[0x11] WNI type[0x5050] len[028]
V/WLAN_PSA(  328): NL MSG, PID: 328
V/WLAN_PSA(  328): NL MSG, len[4071], NL type[0x1C] WNI type[0x5900] len[53007]
V/WLAN_PSA(  328): NL MSG, PID: 328
V/WLAN_PSA(  328): NL MSG, len[914], NL type[0x11] WNI type[0x5050] len[894]
V/WLAN_PSA(  328): NL MSG, PID: 328
I/SurfaceFlinger(  269): FPS: 3
V/WLAN_PSA(  328): NL MSG, len[914], NL type[0x11] WNI type[0x5050] len[894]
V/WLAN_PSA(  328): NL MSG, PID: 328
V/WLAN_PSA(  328): NL MSG, len[048], NL type[0x11] WNI type[0x5050] len[028]
V/WLAN_PSA(  328): NL MSG, PID: 328
V/WLAN_PSA(  328): NL MSG, len[4003], NL type[0x1C] WNI type[0x5900] len[35599]
V/WLAN_PSA(  328): NL MSG, PID: 328
V/WLAN_PSA(  328): NL MSG, len[3953], NL type[0x1C] WNI type[0x5900] len[22799]
V/WLAN_PSA(  328): NL MSG, PID: 328
V/WLAN_PSA(  328): NL MSG, len[4019], NL type[0x1C] WNI type[0x5900] len[39695]
V/WLAN_PSA(  328): NL MSG, PID: 328
V/WLAN_PSA(  328): NL MSG, len[4069], NL type[0x1C] WNI type[0x5900] len[52495]
V/WLAN_PSA(  328): NL MSG, PID: 328
V/WLAN_PSA(  328): NL MSG, len[914], NL type[0x11] WNI type[0x5050] len[894]
V/WLAN_PSA(  328): NL MSG, PID: 328
I/socket3 (15396): imageCount2 = 12290 tempCount2 = 4
I/socket3 (15396): 保存图片字节 is.available() = 0 imageCount = 12294
V/WLAN_PSA(  328): NL MSG, len[914], NL type[0x11] WNI type[0x5050] len[894]
V/WLAN_PSA(  328): NL MSG, PID: 328
V/WLAN_PSA(  328): NL MSG, len[048], NL type[0x11] WNI type[0x5050] len[028]
V/WLAN_PSA(  328): NL MSG, PID: 328
V/WLAN_PSA(  328): NL MSG, len[4036], NL type[0x1C] WNI type[0x5900] len[44047]
V/WLAN_PSA(  328): NL MSG, PID: 328
I/socket3 (15396): imageCount2 = 12294 tempCount2 = 1448
I/socket3 (15396): 保存图片字节 is.available() = 2719 imageCount = 13742
I/socket3 (15396): imageCount2 = 13742 tempCount2 = 4167
I/socket3 (15396): 保存图片字节 is.available() = 0 imageCount = 17909
V/WLAN_PSA(  328): NL MSG, len[4036], NL type[0x1C] WNI type[0x5900] len[44047]
V/WLAN_PSA(  328): NL MSG, PID: 328
V/WLAN_PSA(  328): NL MSG, len[4037], NL type[0x1C] WNI type[0x5900] len[44303]
V/WLAN_PSA(  328): NL MSG, PID: 328
V/WLAN_PSA(  328): NL MSG, len[914], NL type[0x11] WNI type[0x5050] len[894]
V/WLAN_PSA(  328): NL MSG, PID: 328
V/WLAN_PSA(  328): NL MSG, len[4044], NL type[0x1C] WNI type[0x5900] len[46095]
V/WLAN_PSA(  328): NL MSG, PID: 328
I/WifiHAL ( 2269): Poll result = 1
I/WifiHAL ( 2269): Found some events!!!
D/WifiHAL ( 2269): no_seq_check received
I/WifiHAL ( 2269): event received NL80211_CMD_NEW_SCAN_RESULTS
I/WifiHAL ( 2269): event received NL80211_CMD_NEW_SCAN_RESULTS, vendor_id = 0x0
I/WifiHAL ( 2269): event ignored!!
V/WLAN_PSA(  328): NL MSG, len[048], NL type[0x11] WNI type[0x5050] len[028]
V/WLAN_PSA(  328): NL MSG, PID: 328
V/WLAN_PSA(  328): NL MSG, len[048], NL type[0x11] WNI type[0x5050] len[028]
V/WLAN_PSA(  328): NL MSG, PID: 328
V/WLAN_PSA(  328): NL MSG, len[4034], NL type[0x1C] WNI type[0x5900] len[43535]
V/WLAN_PSA(  328): NL MSG, PID: 328
E/WifiStateMachine( 2269): Failed to handle: connected 147461
V/WLAN_PSA(  328): NL MSG, len[048], NL type[0x11] WNI type[0x5050] len[028]
V/WLAN_PSA(  328): NL MSG, PID: 328
I/socket3 (15396): imageCount2 = 17909 tempCount2 = 1448
I/socket3 (15396): 保存图片字节 is.available() = 0 imageCount = 19357
I/socket3 (15396): imageCount2 = 19357 tempCount2 = 5792
I/socket3 (15396): 保存图片字节 is.available() = 0 imageCount = 25149
I/socket3 (15396): imageCount2 = 25149 tempCount2 = 1448
I/socket3 (15396): 保存图片字节 is.available() = 0 imageCount = 26597
I/socket3 (15396): imageCount2 = 26597 tempCount2 = 1448
I/socket3 (15396): 保存图片字节 is.available() = 0 imageCount = 28045
I/socket3 (15396): imageCount2 = 28045 tempCount2 = 937
I/socket3 (15396): 保存图片字节 is.available() = 0 imageCount = 28982
I/socket3 (15396): imageCount2 = 28982 tempCount2 = 1448
I/socket3 (15396): 保存图片字节 is.available() = 1448 imageCount = 30430
I/socket3 (15396): imageCount2 = 30430 tempCount2 = 2896
I/socket3 (15396): 保存图片字节 is.available() = 0 imageCount = 33326
I/socket3 (15396): imageCount2 = 33326 tempCount2 = 1448
I/socket3 (15396): 保存图片字节 is.available() = 0 imageCount = 34774
D/LBSSystemMonitorService( 2269): handleMessage what - 4
D/Wiper_jni( 2269): Send Network Location.
I/socket3 (15396): imageCount2 = 34774 tempCount2 = 10240
I/socket3 (15396): 保存图片字节 is.available() = 140 imageCount = 45014
I/socket3 (15396): imageCount2 = 45014 tempCount2 = 140
I/socket3 (15396): 保存图片字节 is.available() = 0 imageCount = 45154
I/socket3 (15396): imageCount2 = 45154 tempCount2 = 1448
I/socket3 (15396): 保存图片字节 is.available() = 0 imageCount = 46602
I/socket3 (15396): imageCount2 = 46602 tempCount2 = 1448
I/socket3 (15396): 保存图片字节 is.available() = 1179 imageCount = 48050
I/socket3 (15396): imageCount2 = 48050 tempCount2 = 2627
I/socket3 (15396): 保存图片字节 is.available() = 1448 imageCount = 50677
I/socket3 (15396): imageCount2 = 50677 tempCount2 = 1448
I/socket3 (15396): 保存图片字节 is.available() = 1200 imageCount = 52125
I/socket3 (15396): imageCount2 = 52125 tempCount2 = 1200
I/socket3 (15396): 保存图片字节 is.available() = 1448 imageCount = 53325
I/socket3 (15396): imageCount2 = 53325 tempCount2 = 1448
I/socket3 (15396): 保存图片字节 is.available() = 0 imageCount = 54773
I/socket3 (15396): imageCount2 = 54773 tempCount2 = 1448
I/socket3 (15396): 保存图片字节 is.available() = 1448 imageCount = 56221
I/socket3 (15396): imageCount2 = 56221 tempCount2 = 2896
I/socket3 (15396): 保存图片字节 is.available() = 2400 imageCount = 59117
I/socket3 (15396): imageCount2 = 59117 tempCount2 = 3848
I/socket3 (15396): 保存图片字节 is.available() = 1448 imageCount = 62965
I/socket3 (15396): imageCount2 = 62965 tempCount2 = 1448
I/socket3 (15396): 保存图片字节 is.available() = 0 imageCount = 64413
I/socket3 (15396): imageCount2 = 64413 tempCount2 = 1200
I/socket3 (15396): 保存图片字节 is.available() = 2896 imageCount = 65613
I/socket3 (15396): imageCount2 = 65613 tempCount2 = 5544
I/socket3 (15396): 保存图片字节 is.available() = 2648 imageCount = 71157
I/socket3 (15396): imageCount2 = 71157 tempCount2 = 2648
I/socket3 (15396): 保存图片字节 is.available() = 0 imageCount = 73805
I/socket3 (15396): imageCount2 = 73805 tempCount2 = 1448
I/socket3 (15396): 保存图片字节 is.available() = 0 imageCount = 75253
I/socket3 (15396): imageCount2 = 75253 tempCount2 = 1448
I/socket3 (15396): 保存图片字节 is.available() = 2648 imageCount = 76701
I/socket3 (15396): imageCount2 = 76701 tempCount2 = 2648
I/socket3 (15396): 保存图片字节 is.available() = 2648 imageCount = 79349
I/socket3 (15396): imageCount2 = 79349 tempCount2 = 2648
I/socket3 (15396): 保存图片字节 is.available() = 0 imageCount = 81997
I/socket3 (15396): imageCount2 = 81997 tempCount2 = 1448
I/socket3 (15396): 保存图片字节 is.available() = 0 imageCount = 83445
I/socket3 (15396): imageCount2 = 83445 tempCount2 = 1448
I/socket3 (15396): 保存图片字节 is.available() = 1200 imageCount = 84893
I/socket3 (15396): imageCount2 = 84893 tempCount2 = 1200
I/socket3 (15396): 保存图片字节 is.available() = 0 imageCount = 86093
I/socket3 (15396): imageCount2 = 86093 tempCount2 = 1448
I/socket3 (15396): 保存图片字节 is.available() = 0 imageCount = 87541
I/socket3 (15396): imageCount2 = 87541 tempCount2 = 1448
I/socket3 (15396): 保存图片字节 is.available() = 1200 imageCount = 88989
I/socket3 (15396): imageCount2 = 88989 tempCount2 = 2648
I/socket3 (15396): 保存图片字节 is.available() = 0 imageCount = 91637
I/socket3 (15396): imageCount2 = 91637 tempCount2 = 1448
I/socket3 (15396): 保存图片字节 is.available() = 1200 imageCount = 93085
I/socket3 (15396): imageCount2 = 93085 tempCount2 = 2648
I/socket3 (15396): 保存图片字节 is.available() = 1448 imageCount = 95733
I/socket3 (15396): imageCount2 = 95733 tempCount2 = 2648
I/socket3 (15396): 保存图片字节 is.available() = 0 imageCount = 98381
I/socket3 (15396): imageCount2 = 98381 tempCount2 = 1448
I/socket3 (15396): 保存图片字节 is.available() = 1448 imageCount = 99829
I/socket3 (15396): imageCount2 = 99829 tempCount2 = 1448
I/socket3 (15396): 保存图片字节 is.available() = 1200 imageCount = 101277
I/socket3 (15396): imageCount2 = 101277 tempCount2 = 1200
I/socket3 (15396): 保存图片字节 is.available() = 4096 imageCount = 102477
I/socket3 (15396): imageCount2 = 102477 tempCount2 = 4096
I/socket3 (15396): 保存图片字节 is.available() = 666 imageCount = 106573
I/socket3 (15396): imageCount2 = 106573 tempCount2 = 666
I/socket3 (15396): 保存图片字节 is.available() = 0 imageCount = 107239
I/socket3 (15396): imageCount2 = 107239 tempCount2 = 19
I/socket3 (15396): 保存图片字节 is.available() = 0 imageCount = 107258
V/WLAN_PSA(  328): NL MSG, len[048], NL type[0x11] WNI type[0x5050] len[028]
V/WLAN_PSA(  328): NL MSG, PID: 328
E/WifiStateMachine( 2269): Failed to handle: connected 131155
E/WifiStateMachine( 2269):  mFrameworkDetectiveEnabled 0
E/WifiStateMachine( 2269):  start trigger support enable 
E/WifiStateMachine( 2269): Failed to handle: connected 131143
D/StatusBar.MSimNetworkController( 3751): refreshViews phoneId =0mMSimDataConnected =false
D/StatusBar.MSimNetworkController( 3751): refreshViews mMSimDataActivity =0
E/WifiStateMachine( 2269): WifiStateMachine CMD_START_SCAN source -4 txSuccessRate=40.52 rxSuccessRate=66.03 targetRoamBSSID=any RSSI=-50
D/StatusBar.MSimNetworkController( 3751): refreshViews: Data not connected!! Set no data type icon / Roaming for phoneId: 0
I/WifiHAL ( 2269): Poll result = 1
I/WifiHAL ( 2269): Found some events!!!
V/WLAN_PSA(  328): NL MSG, len[4080], NL type[0x1C] WNI type[0x5900] len[55311]
V/WLAN_PSA(  328): NL MSG, PID: 328
D/WifiHAL ( 2269): no_seq_check received
I/WifiHAL ( 2269): event received NL80211_CMD_TRIGGER_SCAN
I/WifiHAL ( 2269): event received NL80211_CMD_TRIGGER_SCAN, vendor_id = 0x0
I/WifiHAL ( 2269): event ignored!!
I/WifiHAL ( 2269): Poll result = 1
I/WifiHAL ( 2269): Found some events!!!
D/WifiHAL ( 2269): no_seq_check received
I/WifiHAL ( 2269): event received NL80211_CMD_NEW_SCAN_RESULTS
I/WifiHAL ( 2269): event received NL80211_CMD_NEW_SCAN_RESULTS, vendor_id = 0x0
I/WifiHAL ( 2269): event ignored!!
E/WifiStateMachine( 2269): Failed to handle: connected 147461
D/LBSSystemMonitorService( 2269): handleMessage what - 4
D/Wiper_jni( 2269): Send Network Location.
I/SurfaceFlinger(  269): FPS: 1
D/StatusBar.MSimNetworkController( 3751): refreshViews phoneId =0mMSimDataConnected =false
D/StatusBar.MSimNetworkController( 3751): refreshViews mMSimDataActivity =0
D/StatusBar.MSimNetworkController( 3751): refreshViews: Data not connected!! Set no data type icon / Roaming for phoneId: 0
V/WLAN_PSA(  328): NL MSG, len[4031], NL type[0x1C] WNI type[0x5900] len[42767]
V/WLAN_PSA(  328): NL MSG, PID: 328
I/socket1 (15396): Read 0xFEFE time outreceived_Total == 2
I/socket1 (15396): 读取数据头成功
I/socket1 (15396): 版本号机器序列号 received_Total == 14
I/socket1 (15396): 条码长度codeBytes = 0000000F
I/socket1 (15396): 条码长度 = 15
I/socket1 (15396): barcodelen received_Total == 15
I/socket1 (15396): 读取条码成功 barcode =611031974651677
I/socket1 (15396): imagenamelen received_Total == 4
I/socket1 (15396): 读图片名称长度成功
I/socket1 (15396): 读图片名称长度成功 imagenamelen = 44
I/socket1 (15396): imagename received_Total == 44
I/socket1 (15396): 读图片名称成功 imgname = pic_20180612142942083_1__611031974651677.bmp
I/socket1 (15396): imagelen received_Total == 4
I/socket1 (15396): 读取图片长度成功 图片数据长度 imagedatalen = 161371
I/socket1 (15396): 保存图片字节 is.available() = 13748 imageCount = 0
I/socket1 (15396): imageCount2 = 0 tempCount2 = 10240
I/socket1 (15396): 保存图片字节 is.available() = 3508 imageCount = 10240
I/socket1 (15396): imageCount2 = 10240 tempCount2 = 3508
I/socket1 (15396): 保存图片字节 is.available() = 0 imageCount = 13748
I/socket1 (15396): imageCount2 = 13748 tempCount2 = 1460
I/socket1 (15396): 保存图片字节 is.available() = 0 imageCount = 15208
I/socket1 (15396): imageCount2 = 15208 tempCount2 = 1176
I/socket1 (15396): 保存图片字节 is.available() = 1460 imageCount = 16384
I/socket1 (15396): imageCount2 = 16384 tempCount2 = 2920
I/socket1 (15396): 保存图片字节 is.available() = 1176 imageCount = 19304
I/socket1 (15396): imageCount2 = 19304 tempCount2 = 4096
I/socket1 (15396): 保存图片字节 is.available() = 1176 imageCount = 23400
I/socket1 (15396): imageCount2 = 23400 tempCount2 = 2636
I/socket1 (15396): 保存图片字节 is.available() = 1460 imageCount = 26036
I/socket1 (15396): imageCount2 = 26036 tempCount2 = 2636
I/socket1 (15396): 保存图片字节 is.available() = 0 imageCount = 28672
I/socket1 (15396): imageCount2 = 28672 tempCount2 = 1460
I/socket1 (15396): 保存图片字节 is.available() = 1460 imageCount = 30132
I/socket1 (15396): imageCount2 = 30132 tempCount2 = 1460
I/socket1 (15396): 保存图片字节 is.available() = 1176 imageCount = 31592
I/socket1 (15396): imageCount2 = 31592 tempCount2 = 1176
I/socket1 (15396): 保存图片字节 is.available() = 0 imageCount = 32768
I/socket1 (15396): imageCount2 = 32768 tempCount2 = 1460
I/socket1 (15396): 保存图片字节 is.available() = 1460 imageCount = 34228
I/socket1 (15396): imageCount2 = 34228 tempCount2 = 1460
I/socket1 (15396): 保存图片字节 is.available() = 0 imageCount = 35688
I/socket1 (15396): imageCount2 = 35688 tempCount2 = 1176
I/socket1 (15396): 保存图片字节 is.available() = 5556 imageCount = 36864
I/socket1 (15396): imageCount2 = 36864 tempCount2 = 7016
I/socket1 (15396): 保存图片字节 is.available() = 1176 imageCount = 43880
I/socket1 (15396): imageCount2 = 43880 tempCount2 = 1176
I/socket1 (15396): 保存图片字节 is.available() = 1460 imageCount = 45056
I/socket1 (15396): imageCount2 = 45056 tempCount2 = 2920
I/socket1 (15396): 保存图片字节 is.available() = 1176 imageCount = 47976
I/socket1 (15396): imageCount2 = 47976 tempCount2 = 2636
I/socket1 (15396): 保存图片字节 is.available() = 2636 imageCount = 50612
I/socket1 (15396): imageCount2 = 50612 tempCount2 = 2636
I/socket1 (15396): 保存图片字节 is.available() = 1460 imageCount = 53248
I/socket1 (15396): imageCount2 = 53248 tempCount2 = 2920
I/socket1 (15396): 保存图片字节 is.available() = 1176 imageCount = 56168
I/socket1 (15396): imageCount2 = 56168 tempCount2 = 1176
I/socket1 (15396): 保存图片字节 is.available() = 2920 imageCount = 57344
I/socket1 (15396): imageCount2 = 57344 tempCount2 = 2920
I/socket1 (15396): 保存图片字节 is.available() = 1176 imageCount = 60264
I/socket1 (15396): imageCount2 = 60264 tempCount2 = 2636
I/socket1 (15396): 保存图片字节 is.available() = 1460 imageCount = 62900
I/socket1 (15396): imageCount2 = 62900 tempCount2 = 2636
I/socket1 (15396): 保存图片字节 is.available() = 1460 imageCount = 65536
I/socket1 (15396): imageCount2 = 65536 tempCount2 = 1460
I/socket1 (15396): 保存图片字节 is.available() = 1460 imageCount = 66996
I/socket1 (15396): imageCount2 = 66996 tempCount2 = 1460
I/socket1 (15396): 保存图片字节 is.available() = 0 imageCount = 68456
I/socket1 (15396): imageCount2 = 68456 tempCount2 = 1176
I/socket1 (15396): 保存图片字节 is.available() = 1460 imageCount = 69632
I/socket1 (15396): imageCount2 = 69632 tempCount2 = 1460
I/socket1 (15396): 保存图片字节 is.available() = 0 imageCount = 71092
I/socket1 (15396): imageCount2 = 71092 tempCount2 = 1460
I/socket1 (15396): 保存图片字节 is.available() = 2636 imageCount = 72552
I/socket1 (15396): imageCount2 = 72552 tempCount2 = 2636
I/socket1 (15396): 保存图片字节 is.available() = 1460 imageCount = 75188
I/socket1 (15396): imageCount2 = 75188 tempCount2 = 2636
I/socket1 (15396): 保存图片字节 is.available() = 1460 imageCount = 77824
I/socket1 (15396): imageCount2 = 77824 tempCount2 = 2920
I/socket1 (15396): 保存图片字节 is.available() = 1176 imageCount = 80744
I/socket1 (15396): imageCount2 = 80744 tempCount2 = 2636
I/socket1 (15396): 保存图片字节 is.available() = 2636 imageCount = 83380
I/socket1 (15396): imageCount2 = 83380 tempCount2 = 4096
I/socket1 (15396): 保存图片字节 is.available() = 2636 imageCount = 87476
I/socket1 (15396): imageCount2 = 87476 tempCount2 = 4096
I/socket1 (15396): 保存图片字节 is.available() = 2636 imageCount = 91572
I/socket1 (15396): imageCount2 = 91572 tempCount2 = 2636
I/socket1 (15396): 保存图片字节 is.available() = 1460 imageCount = 94208
I/socket1 (15396): imageCount2 = 94208 tempCount2 = 2920
I/socket1 (15396): 保存图片字节 is.available() = 4096 imageCount = 97128
I/socket1 (15396): imageCount2 = 97128 tempCount2 = 5272
I/socket1 (15396): 保存图片字节 is.available() = 1460 imageCount = 102400
I/socket1 (15396): imageCount2 = 102400 tempCount2 = 2920
I/socket1 (15396): 保存图片字节 is.available() = 1176 imageCount = 105320
I/socket1 (15396): imageCount2 = 105320 tempCount2 = 1176
I/socket1 (15396): 保存图片字节 is.available() = 2920 imageCount = 106496
I/socket1 (15396): imageCount2 = 106496 tempCount2 = 4096
I/socket1 (15396): 保存图片字节 is.available() = 0 imageCount = 110592
I/socket1 (15396): imageCount2 = 110592 tempCount2 = 1460
I/socket1 (15396): 保存图片字节 is.available() = 2636 imageCount = 112052
I/socket1 (15396): imageCount2 = 112052 tempCount2 = 2636
I/socket1 (15396): 保存图片字节 is.available() = 0 imageCount = 114688
I/socket1 (15396): imageCount2 = 114688 tempCount2 = 1460
I/socket1 (15396): 保存图片字节 is.available() = 0 imageCount = 116148
I/socket1 (15396): imageCount2 = 116148 tempCount2 = 4096
I/socket1 (15396): 保存图片字节 is.available() = 1460 imageCount = 120244
I/socket1 (15396): imageCount2 = 120244 tempCount2 = 2636
I/socket1 (15396): 保存图片字节 is.available() = 0 imageCount = 122880
I/socket1 (15396): imageCount2 = 122880 tempCount2 = 1460
I/socket1 (15396): 保存图片字节 is.available() = 1460 imageCount = 124340
I/socket1 (15396): imageCount2 = 124340 tempCount2 = 2636
I/socket1 (15396): 保存图片字节 is.available() = 1460 imageCount = 126976
I/socket1 (15396): imageCount2 = 126976 tempCount2 = 2920
I/socket1 (15396): 保存图片字节 is.available() = 0 imageCount = 129896
I/socket1 (15396): imageCount2 = 129896 tempCount2 = 1176
I/socket1 (15396): 保存图片字节 is.available() = 2920 imageCount = 131072
I/socket1 (15396): imageCount2 = 131072 tempCount2 = 2920
I/socket1 (15396): 保存图片字节 is.available() = 2636 imageCount = 133992
I/socket1 (15396): imageCount2 = 133992 tempCount2 = 4096
I/socket1 (15396): 保存图片字节 is.available() = 0 imageCount = 138088
I/socket1 (15396): imageCount2 = 138088 tempCount2 = 1176
I/socket1 (15396): 保存图片字节 is.available() = 1460 imageCount = 139264
I/socket1 (15396): imageCount2 = 139264 tempCount2 = 2920
I/socket1 (15396): 保存图片字节 is.available() = 1176 imageCount = 142184
I/socket1 (15396): imageCount2 = 142184 tempCount2 = 1176
I/socket1 (15396): 保存图片字节 is.available() = 2920 imageCount = 143360
I/socket1 (15396): imageCount2 = 143360 tempCount2 = 4096
I/socket1 (15396): 保存图片字节 is.available() = 1460 imageCount = 147456
I/socket1 (15396): imageCount2 = 147456 tempCount2 = 2920
I/socket1 (15396): 保存图片字节 is.available() = 1176 imageCount = 150376
I/socket1 (15396): imageCount2 = 150376 tempCount2 = 1176
I/socket1 (15396): 保存图片字节 is.available() = 2920 imageCount = 151552
I/socket1 (15396): imageCount1 = 151552 tempCount1 = 4096
I/socket1 (15396): 保存图片字节 is.available() = 1460 imageCount = 155648
I/socket1 (15396): imageCount1 = 155648 tempCount1 = 1460
I/socket1 (15396): 保存图片字节 is.available() = 2636 imageCount = 157108
I/socket1 (15396): imageCount1 = 157108 tempCount1 = 2636
I/socket1 (15396): 保存图片字节 is.available() = 1627 imageCount = 159744
I/socket1 (15396): imageCount1 = 159744 tempCount1 = 1627
I/socket1 (15396): 读图片数据成功 bos imagedatalen - imageCount = 0
I/socket1 (15396): 读图片数据成功 bos length= 161371
I/System.out(15396): 取扫描时间与校验码 = 32303138303631323134323934323038330000
I/socket1 (15396): scantime received_Total == 19
I/socket1 (15396): 读图片数据完成 ---- endendend ----, 扫描时间 = 20180612142942083
I/System.out(15396): saveImage保存图片成功 - /storage/emulated/0/CaiNiaoBarcode/2018/7/25/14/pic_20180612142942083_1__611031974651677.bmp
I/System.out(15396): savaBarcodeInfo保存条码信息成功 - /storage/emulated/0/CaiNiaoBarcode/barcodeInfo.txt
D/MainActivity(15396): 二维码 barcode:611031974651677
I/socket1 (15396): 数据头 is.available() = 0
I/SurfaceFlinger(  269): FPS: 2
D/StatusBar.MSimNetworkController( 3751): refreshViews phoneId =0mMSimDataConnected =false
D/StatusBar.MSimNetworkController( 3751): refreshViews mMSimDataActivity =0
D/StatusBar.MSimNetworkController( 3751): refreshViews: Data not connected!! Set no data type icon / Roaming for phoneId: 0
I/SurfaceFlinger(  269): FPS: 2
V/WLAN_PSA(  328): NL MSG, len[048], NL type[0x11] WNI type[0x5050] len[028]
V/WLAN_PSA(  328): NL MSG, PID: 328
V/WLAN_PSA(  328): NL MSG, len[048], NL type[0x11] WNI type[0x5050] len[028]
V/WLAN_PSA(  328): NL MSG, PID: 328
D/StatusBar.MSimNetworkController( 3751): refreshViews phoneId =0mMSimDataConnected =false
D/StatusBar.MSimNetworkController( 3751): refreshViews mMSimDataActivity =0
D/StatusBar.MSimNetworkController( 3751): refreshViews: Data not connected!! Set no data type icon / Roaming for phoneId: 0
E/WifiStateMachine( 2269): Failed to handle: connected 131155
V/WLAN_PSA(  328): NL MSG, len[4086], NL type[0x1C] WNI type[0x5900] len[56847]
V/WLAN_PSA(  328): NL MSG, PID: 328
E/WifiStateMachine( 2269):  mFrameworkDetectiveEnabled 0
E/WifiStateMachine( 2269):  start trigger support enable 
E/WifiStateMachine( 2269): Failed to handle: connected 131143
E/WifiStateMachine( 2269): WifiStateMachine CMD_START_SCAN source -4 txSuccessRate=43.06 rxSuccessRate=72.75 targetRoamBSSID=any RSSI=-53
V/WLAN_PSA(  328): NL MSG, len[914], NL type[0x11] WNI type[0x5050] len[894]
V/WLAN_PSA(  328): NL MSG, PID: 328
I/WifiHAL ( 2269): Poll result = 1
I/WifiHAL ( 2269): Found some events!!!
D/WifiHAL ( 2269): no_seq_check received
I/WifiHAL ( 2269): event received NL80211_CMD_TRIGGER_SCAN
I/WifiHAL ( 2269): event received NL80211_CMD_TRIGGER_SCAN, vendor_id = 0x0
I/WifiHAL ( 2269): event ignored!!
V/WLAN_PSA(  328): NL MSG, len[3985], NL type[0x1C] WNI type[0x5900] len[30991]
V/WLAN_PSA(  328): NL MSG, PID: 328
V/WLAN_PSA(  328): NL MSG, len[048], NL type[0x11] WNI type[0x5050] len[028]
V/WLAN_PSA(  328): NL MSG, PID: 328
V/WLAN_PSA(  328): NL MSG, len[4026], NL type[0x1C] WNI type[0x5900] len[41487]
V/WLAN_PSA(  328): NL MSG, PID: 328
V/WLAN_PSA(  328): NL MSG, len[4028], NL type[0x1C] WNI type[0x5900] len[41999]
V/WLAN_PSA(  328): NL MSG, PID: 328
V/WLAN_PSA(  328): NL MSG, len[4069], NL type[0x1C] WNI type[0x5900] len[52495]
V/WLAN_PSA(  328): NL MSG, PID: 328
V/WLAN_PSA(  328): NL MSG, len[914], NL type[0x11] WNI type[0x5050] len[894]
V/WLAN_PSA(  328): NL MSG, PID: 328
V/WLAN_PSA(  328): NL MSG, len[3988], NL type[0x1C] WNI type[0x5900] len[31759]
V/WLAN_PSA(  328): NL MSG, PID: 328
V/WLAN_PSA(  328): NL MSG, len[3955], NL type[0x1C] WNI type[0x5900] len[23311]
V/WLAN_PSA(  328): NL MSG, PID: 328
V/WLAN_PSA(  328): NL MSG, len[914], NL type[0x11] WNI type[0x5050] len[894]
V/WLAN_PSA(  328): NL MSG, PID: 328
V/WLAN_PSA(  328): NL MSG, len[048], NL type[0x11] WNI type[0x5050] len[028]
V/WLAN_PSA(  328): NL MSG, PID: 328
V/WLAN_PSA(  328): NL MSG, len[3999], NL type[0x1C] WNI type[0x5900] len[34575]
V/WLAN_PSA(  328): NL MSG, PID: 328
V/WLAN_PSA(  328): NL MSG, len[3939], NL type[0x1C] WNI type[0x5900] len[19215]
V/WLAN_PSA(  328): NL MSG, PID: 328
V/WLAN_PSA(  328): NL MSG, len[4034], NL type[0x1C] WNI type[0x5900] len[43535]
V/WLAN_PSA(  328): NL MSG, PID: 328
V/WLAN_PSA(  328): NL MSG, len[4059], NL type[0x1C] WNI type[0x5900] len[49935]
V/WLAN_PSA(  328): NL MSG, PID: 328
V/WLAN_PSA(  328): NL MSG, len[914], NL type[0x11] WNI type[0x5050] len[894]
V/WLAN_PSA(  328): NL MSG, PID: 328
V/WLAN_PSA(  328): NL MSG, len[4072], NL type[0x1C] WNI type[0x5900] len[53263]
V/WLAN_PSA(  328): NL MSG, PID: 328
V/WLAN_PSA(  328): NL MSG, len[914], NL type[0x11] WNI type[0x5050] len[894]
V/WLAN_PSA(  328): NL MSG, PID: 328
V/WLAN_PSA(  328): NL MSG, len[048], NL type[0x11] WNI type[0x5050] len[028]
V/WLAN_PSA(  328): NL MSG, PID: 328
V/WLAN_PSA(  328): NL MSG, len[4046], NL type[0x1C] WNI type[0x5900] len[46607]
V/WLAN_PSA(  328): NL MSG, PID: 328
V/WLAN_PSA(  328): NL MSG, len[3997], NL type[0x1C] WNI type[0x5900] len[34063]
V/WLAN_PSA(  328): NL MSG, PID: 328
V/WLAN_PSA(  328): NL MSG, len[4049], NL type[0x1C] WNI type[0x5900] len[47375]
V/WLAN_PSA(  328): NL MSG, PID: 328
V/WLAN_PSA(  328): NL MSG, len[914], NL type[0x11] WNI type[0x5050] len[894]
V/WLAN_PSA(  328): NL MSG, PID: 328
V/WLAN_PSA(  328): NL MSG, len[4010], NL type[0x1C] WNI type[0x5900] len[37391]
V/WLAN_PSA(  328): NL MSG, PID: 328
V/WLAN_PSA(  328): NL MSG, len[914], NL type[0x11] WNI type[0x5050] len[894]
V/WLAN_PSA(  328): NL MSG, PID: 328
V/WLAN_PSA(  328): NL MSG, len[048], NL type[0x11] WNI type[0x5050] len[028]
V/WLAN_PSA(  328): NL MSG, PID: 328
V/WLAN_PSA(  328): NL MSG, len[4082], NL type[0x1C] WNI type[0x5900] len[55823]
V/WLAN_PSA(  328): NL MSG, PID: 328
V/WLAN_PSA(  328): NL MSG, len[4033], NL type[0x1C] WNI type[0x5900] len[43279]
V/WLAN_PSA(  328): NL MSG, PID: 328
V/WLAN_PSA(  328): NL MSG, len[4048], NL type[0x1C] WNI type[0x5900] len[47119]
V/WLAN_PSA(  328): NL MSG, PID: 328
V/WLAN_PSA(  328): NL MSG, len[3999], NL type[0x1C] WNI type[0x5900] len[34575]
V/WLAN_PSA(  328): NL MSG, PID: 328
V/WLAN_PSA(  328): NL MSG, len[914], NL type[0x11] WNI type[0x5050] len[894]
V/WLAN_PSA(  328): NL MSG, PID: 328
V/WLAN_PSA(  328): NL MSG, len[4045], NL type[0x1C] WNI type[0x5900] len[46351]
V/WLAN_PSA(  328): NL MSG, PID: 328
V/WLAN_PSA(  328): NL MSG, len[4047], NL type[0x1C] WNI type[0x5900] len[46863]
V/WLAN_PSA(  328): NL MSG, PID: 328
V/WLAN_PSA(  328): NL MSG, len[914], NL type[0x11] WNI type[0x5050] len[894]
V/WLAN_PSA(  328): NL MSG, PID: 328
V/WLAN_PSA(  328): NL MSG, len[048], NL type[0x11] WNI type[0x5050] len[028]
V/WLAN_PSA(  328): NL MSG, PID: 328
V/WLAN_PSA(  328): NL MSG, len[4002], NL type[0x1C] WNI type[0x5900] len[35343]
V/WLAN_PSA(  328): NL MSG, PID: 328
V/WLAN_PSA(  328): NL MSG, len[4072], NL type[0x1C] WNI type[0x5900] len[53263]
V/WLAN_PSA(  328): NL MSG, PID: 328
W/ActivityManager( 2269): getRunningAppProcesses: caller 10161 does not hold REAL_GET_TASKS; limiting output
V/WLAN_PSA(  328): NL MSG, len[048], NL type[0x11] WNI type[0x5050] len[028]
V/WLAN_PSA(  328): NL MSG, PID: 328
I/socket3 (15396): imageCount2 = 107258 tempCount2 = 4
I/socket3 (15396): 保存图片字节 is.available() = 2896 imageCount = 107262
I/socket3 (15396): imageCount2 = 107262 tempCount2 = 4199
I/socket3 (15396): 保存图片字节 is.available() = 2896 imageCount = 111461
I/socket3 (15396): imageCount2 = 111461 tempCount2 = 2896
I/socket3 (15396): 保存图片字节 is.available() = 1200 imageCount = 114357
V/WLAN_PSA(  328): NL MSG, len[914], NL type[0x11] WNI type[0x5050] len[894]
V/WLAN_PSA(  328): NL MSG, PID: 328
V/WLAN_PSA(  328): NL MSG, len[4060], NL type[0x1C] WNI type[0x5900] len[50191]
V/WLAN_PSA(  328): NL MSG, PID: 328
I/socket3 (15396): imageCount2 = 114357 tempCount2 = 4096
I/socket3 (15396): 保存图片字节 is.available() = 1200 imageCount = 118453
W/ActivityManager( 2269): getRunningAppProcesses: caller 10161 does not hold REAL_GET_TASKS; limiting output
I/socket3 (15396): imageCount2 = 118453 tempCount2 = 1200
I/socket3 (15396): 保存图片字节 is.available() = 0 imageCount = 119653
I/socket3 (15396): imageCount2 = 119653 tempCount2 = 1448
I/socket3 (15396): 保存图片字节 is.available() = 1448 imageCount = 121101
I/socket3 (15396): imageCount2 = 121101 tempCount2 = 1448
I/socket3 (15396): 保存图片字节 is.available() = 0 imageCount = 122549
I/socket3 (15396): imageCount2 = 122549 tempCount2 = 8192
I/socket3 (15396): 保存图片字节 is.available() = 1200 imageCount = 130741
I/socket3 (15396): imageCount2 = 130741 tempCount2 = 1200
I/socket3 (15396): 保存图片字节 is.available() = 0 imageCount = 131941
I/socket3 (15396): imageCount2 = 131941 tempCount2 = 1448
I/socket3 (15396): 保存图片字节 is.available() = 1448 imageCount = 133389
I/socket3 (15396): imageCount2 = 133389 tempCount2 = 2648
I/socket3 (15396): 保存图片字节 is.available() = 1448 imageCount = 136037
I/socket3 (15396): imageCount2 = 136037 tempCount2 = 1448
I/socket3 (15396): 保存图片字节 is.available() = 0 imageCount = 137485
I/socket3 (15396): imageCount2 = 137485 tempCount2 = 1448
I/socket3 (15396): 保存图片字节 is.available() = 0 imageCount = 138933
I/socket3 (15396): imageCount2 = 138933 tempCount2 = 1200
I/socket3 (15396): 保存图片字节 is.available() = 1448 imageCount = 140133
I/socket3 (15396): imageCount2 = 140133 tempCount2 = 2896
I/socket3 (15396): 保存图片字节 is.available() = 2648 imageCount = 143029
I/socket3 (15396): imageCount2 = 143029 tempCount2 = 4096
I/socket3 (15396): 保存图片字节 is.available() = 1200 imageCount = 147125
I/socket3 (15396): imageCount2 = 147125 tempCount2 = 1200
I/socket3 (15396): 保存图片字节 is.available() = 0 imageCount = 148325
I/socket3 (15396): imageCount2 = 148325 tempCount2 = 1448
I/socket3 (15396): 保存图片字节 is.available() = 0 imageCount = 149773
I/socket3 (15396): imageCount2 = 149773 tempCount2 = 2648
I/socket3 (15396): 保存图片字节 is.available() = 0 imageCount = 152421
I/socket3 (15396): imageCount1 = 152421 tempCount1 = 1448
I/socket3 (15396): 保存图片字节 is.available() = 0 imageCount = 153869
I/socket3 (15396): imageCount1 = 153869 tempCount1 = 1448
I/socket3 (15396): 保存图片字节 is.available() = 1200 imageCount = 155317
I/socket3 (15396): imageCount1 = 155317 tempCount1 = 2648
I/socket3 (15396): 保存图片字节 is.available() = 1448 imageCount = 157965
I/socket3 (15396): imageCount1 = 157965 tempCount1 = 1448
I/socket3 (15396): 保存图片字节 is.available() = 0 imageCount = 159413
I/socket3 (15396): imageCount1 = 159413 tempCount1 = 1200
I/socket3 (15396): 保存图片字节 is.available() = 0 imageCount = 160613
I/socket3 (15396): imageCount1 = 160613 tempCount1 = 758
I/socket3 (15396): 读图片数据成功 bos imagedatalen - imageCount = 0
I/socket3 (15396): 读图片数据成功 bos length= 161371
I/System.out(15396): 取扫描时间与校验码 = 5fb625d1017c3ef06ee72ba6c0b8f6e4d75bf0
I/socket3 (15396): scantime received_Total == 19
I/socket3 (15396): 读图片数据完成 ---- endendend ----, 扫描时间 = _�%�|>�n�+�8���
V/WLAN_PSA(  328): NL MSG, len[914], NL type[0x11] WNI type[0x5050] len[894]
V/WLAN_PSA(  328): NL MSG, PID: 328
V/WLAN_PSA(  328): NL MSG, len[048], NL type[0x11] WNI type[0x5050] len[028]
V/WLAN_PSA(  328): NL MSG, PID: 328
V/WLAN_PSA(  328): NL MSG, len[4085], NL type[0x1C] WNI type[0x5900] len[56591]
V/WLAN_PSA(  328): NL MSG, PID: 328
V/WLAN_PSA(  328): NL MSG, len[4075], NL type[0x1C] WNI type[0x5900] len[54031]
V/WLAN_PSA(  328): NL MSG, PID: 328
V/WLAN_PSA(  328): NL MSG, len[048], NL type[0x11] WNI type[0x5050] len[028]
V/WLAN_PSA(  328): NL MSG, PID: 328
I/System.out(15396): saveImage保存图片成功 - /storage/emulated/0/CaiNiaoBarcode/2018/7/25/14/pic_20180612142942083_1__611031974651677.bmp
I/System.out(15396): savaBarcodeInfo保存条码信息成功 - /storage/emulated/0/CaiNiaoBarcode/barcodeInfo.txt
D/MainActivity(15396): 二维码 barcode:611031974651677
I/socket3 (15396): 数据头 is.available() = 36087
I/socket3 (15396): Read 0xFEFE time outreceived_Total == 2
E/socket3 (15396): 数据头不匹配 = 4FC7
I/socket3 (15396): 数据头 is.available() = 36085
I/socket3 (15396): Read 0xFEFE time outreceived_Total == 2
E/socket3 (15396): 数据头不匹配 = 5FB4
I/socket3 (15396): 数据头 is.available() = 36083
I/socket3 (15396): Read 0xFEFE time outreceived_Total == 2
E/socket3 (15396): 数据头不匹配 = FEB1
I/socket3 (15396): 数据头 is.available() = 36081
I/socket3 (15396): Read 0xFEFE time outreceived_Total == 2
E/socket3 (15396): 数据头不匹配 = F163
I/socket3 (15396): 数据头 is.available() = 36079
I/socket3 (15396): Read 0xFEFE time outreceived_Total == 2
E/socket3 (15396): 数据头不匹配 = C3B0
I/socket3 (15396): 数据头 is.available() = 36077
I/socket3 (15396): Read 0xFEFE time outreceived_Total == 2
E/socket3 (15396): 数据头不匹配 = 78C6
I/socket3 (15396): 数据头 is.available() = 36075
I/socket3 (15396): Read 0xFEFE time outreceived_Total == 2
E/socket3 (15396): 数据头不匹配 = D9A0
I/socket3 (15396): 数据头 is.available() = 36073
I/socket3 (15396): Read 0xFEFE time outreceived_Total == 2
E/socket3 (15396): 数据头不匹配 = F0CB
I/socket3 (15396): 数据头 is.available() = 36071
I/socket3 (15396): Read 0xFEFE time outreceived_Total == 2
E/socket3 (15396): 数据头不匹配 = DC81
I/socket3 (15396): 数据头 is.available() = 36069
I/socket3 (15396): Read 0xFEFE time outreceived_Total == 2
E/socket3 (15396): 数据头不匹配 = 7EAD
I/socket3 (15396): 数据头 is.available() = 36067
I/socket3 (15396): Read 0xFEFE time outreceived_Total == 2
E/socket3 (15396): 数据头不匹配 = 15B2
I/socket3 (15396): 数据头 is.available() = 36065
I/socket3 (15396): Read 0xFEFE time outreceived_Total == 2
E/socket3 (15396): 数据头不匹配 = 0F2F
I/socket3 (15396): 数据头 is.available() = 36063
I/socket3 (15396): Read 0xFEFE time outreceived_Total == 2
E/socket3 (15396): 数据头不匹配 = 07D0
I/socket3 (15396): 数据头 is.available() = 36061
I/socket3 (15396): Read 0xFEFE time outreceived_Total == 2
E/socket3 (15396): 数据头不匹配 = EEEB
I/socket3 (15396): 数据头 is.available() = 36059
I/socket3 (15396): Read 0xFEFE time outreceived_Total == 2
E/socket3 (15396): 数据头不匹配 = 8E94
I/socket3 (15396): 数据头 is.available() = 36057
I/socket3 (15396): Read 0xFEFE time outreceived_Total == 2
E/socket3 (15396): 数据头不匹配 = 01F7
I/socket3 (15396): 数据头 is.available() = 36055
I/socket3 (15396): Read 0xFEFE time outreceived_Total == 2
E/socket3 (15396): 数据头不匹配 = 5514
I/socket3 (15396): 数据头 is.available() = 36053
I/socket3 (15396): Read 0xFEFE time outreceived_Total == 2
E/socket3 (15396): 数据头不匹配 = 5140
I/socket3 (15396): 数据头 is.available() = 36051
I/socket3 (15396): Read 0xFEFE time outreceived_Total == 2
E/socket3 (15396): 数据头不匹配 = 0578
I/socket3 (15396): 数据头 is.available() = 36049
I/socket3 (15396): Read 0xFEFE time outreceived_Total == 2
E/socket3 (15396): 数据头不匹配 = C7ED
I/socket3 (15396): 数据头 is.available() = 36047
I/socket3 (15396): Read 0xFEFE time outreceived_Total == 2
E/socket3 (15396): 数据头不匹配 = 950F
I/socket3 (15396): 数据头 is.available() = 36045
I/socket3 (15396): Read 0xFEFE time outreceived_Total == 2
E/socket3 (15396): 数据头不匹配 = DA3F
I/socket3 (15396): 数据头 is.available() = 36043
I/socket3 (15396): Read 0xFEFE time outreceived_Total == 2
E/socket3 (15396): 数据头不匹配 = 660F
I/socket3 (15396): 数据头 is.available() = 36041
I/socket3 (15396): Read 0xFEFE time outreceived_Total == 2
E/socket3 (15396): 数据头不匹配 = 886B
I/socket3 (15396): 数据头 is.available() = 36039
I/socket3 (15396): Read 0xFEFE time outreceived_Total == 2
E/socket3 (15396): 数据头不匹配 = 8CFF
I/socket3 (15396): 数据头 is.available() = 36037
I/socket3 (15396): Read 0xFEFE time outreceived_Total == 2
E/socket3 (15396): 数据头不匹配 = 00C4
I/socket3 (15396): 数据头 is.available() = 36035
I/socket3 (15396): Read 0xFEFE time outreceived_Total == 2
E/socket3 (15396): 数据头不匹配 = B59B
I/socket3 (15396): 数据头 is.available() = 36033
I/socket3 (15396): Read 0xFEFE time outreceived_Total == 2
E/socket3 (15396): 数据头不匹配 = F275
I/socket3 (15396): 数据头 is.available() = 36031
I/socket3 (15396): Read 0xFEFE time outreceived_Total == 2
E/socket3 (15396): 数据头不匹配 = 35EC
I/socket3 (15396): 数据头 is.available() = 36029
I/socket3 (15396): Read 0xFEFE time outreceived_Total == 2
E/socket3 (15396): 数据头不匹配 = F5E5
I/socket3 (15396): 数据头 is.available() = 36027
I/socket3 (15396): Read 0xFEFE time outreceived_Total == 2
E/socket3 (15396): 数据头不匹配 = 1FB5
I/socket3 (15396): 数据头 is.available() = 36025
I/socket3 (15396): Read 0xFEFE time outreceived_Total == 2
E/socket3 (15396): 数据头不匹配 = 65B7
I/socket3 (15396): 数据头 is.available() = 36023
I/socket3 (15396): Read 0xFEFE time outreceived_Total == 2
E/socket3 (15396): 数据头不匹配 = DAFF
I/socket3 (15396): 数据头 is.available() = 36021
I/socket3 (15396): Read 0xFEFE time outreceived_Total == 2
E/socket3 (15396): 数据头不匹配 = 0067
I/socket3 (15396): 数据头 is.available() = 36019
I/socket3 (15396): Read 0xFEFE time outreceived_Total == 2
E/socket3 (15396): 数据头不匹配 = 1F88
I/socket3 (15396): 数据头 is.available() = 36017
I/socket3 (15396): Read 0xFEFE time outreceived_Total == 2
E/socket3 (15396): 数据头不匹配 = 91FF
I/socket3 (15396): 数据头 is.available() = 36015
I/socket3 (15396): Read 0xFEFE time outreceived_Total == 2
E/socket3 (15396): 数据头不匹配 = 00D4
I/socket3 (15396): 数据头 is.available() = 36013
I/socket3 (15396): Read 0xFEFE time outreceived_Total == 2
E/socket3 (15396): 数据头不匹配 = 1E76
I/socket3 (15396): 数据头 is.available() = 36011
I/socket3 (15396): Read 0xFEFE time outreceived_Total == 2
E/socket3 (15396): 数据头不匹配 = FC86
I/socket3 (15396): 数据头 is.available() = 36009
I/socket3 (15396): Read 0xFEFE time outreceived_Total == 2
E/socket3 (15396): 数据头不匹配 = 7FA5
I/socket3 (15396): 数据头 is.available() = 36007
I/socket3 (15396): Read 0xFEFE time outreceived_Total == 2
E/socket3 (15396): 数据头不匹配 = 007E
I/socket3 (15396): 数据头 is.available() = 36005
I/socket3 (15396): Read 0xFEFE time outreceived_Total == 2
E/socket3 (15396): 数据头不匹配 = 1248
I/socket3 (15396): 数据头 is.available() = 36003
I/socket3 (15396): Read 0xFEFE time outreceived_Total == 2
E/socket3 (15396): 数据头不匹配 = A18E
V/WLAN_PSA(  328): NL MSG, len[048], NL type[0x11] WNI type[0x5050] len[028]
V/WLAN_PSA(  328): NL MSG, PID: 328
I/socket3 (15396): 数据头 is.available() = 36001
I/socket3 (15396): Read 0xFEFE time outreceived_Total == 2
E/socket3 (15396): 数据头不匹配 = 080B
V/WLAN_PSA(  328): NL MSG, len[914], NL type[0x11] WNI type[0x5050] len[894]
V/WLAN_PSA(  328): NL MSG, PID: 328
I/socket3 (15396): 数据头 is.available() = 35999
I/socket3 (15396): Read 0xFEFE time outreceived_Total == 2
V/WLAN_PSA(  328): NL MSG, len[4027], NL type[0x1C] WNI type[0x5900] len[41743]
V/WLAN_PSA(  328): NL MSG, PID: 328
E/socket3 (15396): 数据头不匹配 = CF7A
I/socket3 (15396): 数据头 is.available() = 35997
I/socket3 (15396): Read 0xFEFE time outreceived_Total == 2
E/socket3 (15396): 数据头不匹配 = AF22
I/socket3 (15396): 数据头 is.available() = 35995
I/socket3 (15396): Read 0xFEFE time outreceived_Total == 2
E/socket3 (15396): 数据头不匹配 = 6EC7
I/socket3 (15396): 数据头 is.available() = 35993
I/socket3 (15396): Read 0xFEFE time outreceived_Total == 2
E/socket3 (15396): 数据头不匹配 = 5C7A
I/socket3 (15396): 数据头 is.available() = 35991
I/socket3 (15396): Read 0xFEFE time outreceived_Total == 2
E/socket3 (15396): 数据头不匹配 = D4D2
I/socket3 (15396): 数据头 is.available() = 35989
I/socket3 (15396): Read 0xFEFE time outreceived_Total == 2
E/socket3 (15396): 数据头不匹配 = 4C8D
I/socket3 (15396): 数据头 is.available() = 35987
I/socket3 (15396): Read 0xFEFE time outreceived_Total == 2
E/socket3 (15396): 数据头不匹配 = 21CB
I/socket3 (15396): 数据头 is.available() = 35985
I/socket3 (15396): Read 0xFEFE time outreceived_Total == 2
E/socket3 (15396): 数据头不匹配 = 6E5E
I/socket3 (15396): 数据头 is.available() = 35983
I/socket3 (15396): Read 0xFEFE time outreceived_Total == 2
E/socket3 (15396): 数据头不匹配 = 9559
I/socket3 (15396): 数据头 is.available() = 35981
I/socket3 (15396): Read 0xFEFE time outreceived_Total == 2
E/socket3 (15396): 数据头不匹配 = A600
I/socket3 (15396): 数据头 is.available() = 35979
I/socket3 (15396): Read 0xFEFE time outreceived_Total == 2
E/socket3 (15396): 数据头不匹配 = 70DC
I/socket3 (15396): 数据头 is.available() = 35977
I/socket3 (15396): Read 0xFEFE time outreceived_Total == 2
E/socket3 (15396): 数据头不匹配 = 77E2
I/socket3 (15396): 数据头 is.available() = 35975
I/socket3 (15396): Read 0xFEFE time outreceived_Total == 2
E/socket3 (15396): 数据头不匹配 = 8023
I/socket3 (15396): 数据头 is.available() = 35973
I/socket3 (15396): Read 0xFEFE time outreceived_Total == 2
E/socket3 (15396): 数据头不匹配 = 0AC3
I/socket3 (15396): 数据头 is.available() = 35971
I/socket3 (15396): Read 0xFEFE time outreceived_Total == 2
E/socket3 (15396): 数据头不匹配 = A9C0
I/socket3 (15396): 数据头 is.available() = 35969
I/socket3 (15396): Read 0xFEFE time outreceived_Total == 2
E/socket3 (15396): 数据头不匹配 = 038A
I/socket3 (15396): 数据头 is.available() = 35967
I/socket3 (15396): Read 0xFEFE time outreceived_Total == 2
E/socket3 (15396): 数据头不匹配 = 6B47
I/socket3 (15396): 数据头 is.available() = 35965
I/socket3 (15396): Read 0xFEFE time outreceived_Total == 2
E/socket3 (15396): 数据头不匹配 = FBB2
I/socket3 (15396): 数据头 is.available() = 35963
I/socket3 (15396): Read 0xFEFE time outreceived_Total == 2
E/socket3 (15396): 数据头不匹配 = C79E
I/socket3 (15396): 数据头 is.available() = 35961
I/socket3 (15396): Read 0xFEFE time outreceived_Total == 2
E/socket3 (15396): 数据头不匹配 = FCD4
I/socket3 (15396): 数据头 is.available() = 35959
I/socket3 (15396): Read 0xFEFE time outreceived_Total == 2
E/socket3 (15396): 数据头不匹配 = CACB
I/socket3 (15396): 数据头 is.available() = 35957
I/socket3 (15396): Read 0xFEFE time outreceived_Total == 2
E/socket3 (15396): 数据头不匹配 = 22E7
I/socket3 (15396): 数据头 is.available() = 35955
I/socket3 (15396): Read 0xFEFE time outreceived_Total == 2
E/socket3 (15396): 数据头不匹配 = F415
I/socket3 (15396): 数据头 is.available() = 35953
I/socket3 (15396): Read 0xFEFE time outreceived_Total == 2
E/socket3 (15396): 数据头不匹配 = 1C8E
I/socket3 (15396): 数据头 is.available() = 35951
I/socket3 (15396): Read 0xFEFE time outreceived_Total == 2
E/socket3 (15396): 数据头不匹配 = 030F
I/socket3 (15396): 数据头 is.available() = 35949
I/socket3 (15396): Read 0xFEFE time outreceived_Total == 2
E/socket3 (15396): 数据头不匹配 = A74F
I/socket3 (15396): 数据头 is.available() = 35947
I/socket3 (15396): Read 0xFEFE time outreceived_Total == 2
E/socket3 (15396): 数据头不匹配 = 4A00
I/socket3 (15396): 数据头 is.available() = 35945
I/socket3 (15396): Read 0xFEFE time outreceived_Total == 2
E/socket3 (15396): 数据头不匹配 = 72C7
