D/LBSSystemMonitorService( 2269): handleMessage what - 4
D/Wiper_jni( 2269): Send Network Location.
I/timer3  (15396): timer3timer3timer3timer3
I/socket1 (15396): Read 0xFEFE time outreceived_Total == 2
I/socket1 (15396): 读取数据头成功
I/socket1 (15396): 版本号机器序列号 received_Total == 14
I/socket1 (15396): 条码长度codeBytes = 00000009
I/socket1 (15396): 条码长度 = 9
I/socket1 (15396): barcodelen received_Total == 9
I/socket1 (15396): 读取条码成功 barcode =TM_001106
I/socket1 (15396): imagenamelen received_Total == 4
I/socket1 (15396): 读图片名称长度成功
I/socket1 (15396): 读图片名称长度成功 imagenamelen = 38
I/socket1 (15396): imagename received_Total == 38
I/socket1 (15396): 读图片名称成功 imgname = pic_20180612142732076_1__TM_001106.bmp
I/socket1 (15396): imagelen received_Total == 4
I/socket1 (15396): 读取图片长度成功 图片数据长度 imagedatalen = 94874
I/socket1 (15396): 保存图片字节 is.available() = 13748 imageCount = 0
I/socket1 (15396): imageCount2 = 0 tempCount2 = 10240
I/socket1 (15396): 保存图片字节 is.available() = 3508 imageCount = 10240
I/socket1 (15396): imageCount2 = 10240 tempCount2 = 3508
I/socket1 (15396): 保存图片字节 is.available() = 0 imageCount = 13748
V/WLAN_PSA(  328): NL MSG, len[4087], NL type[0x1C] WNI type[0x5900] len[57103]
V/WLAN_PSA(  328): NL MSG, PID: 328
I/socket1 (15396): imageCount2 = 13748 tempCount2 = 1460
I/socket1 (15396): 保存图片字节 is.available() = 0 imageCount = 15208
I/socket1 (15396): imageCount2 = 15208 tempCount2 = 1460
I/socket1 (15396): 保存图片字节 is.available() = 1460 imageCount = 16668
I/socket1 (15396): imageCount2 = 16668 tempCount2 = 2920
I/socket1 (15396): 保存图片字节 is.available() = 0 imageCount = 19588
I/socket1 (15396): imageCount2 = 19588 tempCount2 = 1460
I/socket1 (15396): 保存图片字节 is.available() = 1460 imageCount = 21048
I/socket1 (15396): imageCount2 = 21048 tempCount2 = 2920
I/socket1 (15396): 保存图片字节 is.available() = 2920 imageCount = 23968
I/socket1 (15396): imageCount2 = 23968 tempCount2 = 4380
I/socket1 (15396): 保存图片字节 is.available() = 1460 imageCount = 28348
I/socket1 (15396): imageCount2 = 28348 tempCount2 = 2920
I/socket1 (15396): 保存图片字节 is.available() = 1460 imageCount = 31268
I/socket1 (15396): imageCount2 = 31268 tempCount2 = 2920
I/socket1 (15396): 保存图片字节 is.available() = 1460 imageCount = 34188
I/socket1 (15396): imageCount2 = 34188 tempCount2 = 2920
I/socket1 (15396): 保存图片字节 is.available() = 1460 imageCount = 37108
I/socket1 (15396): imageCount2 = 37108 tempCount2 = 1460
I/socket1 (15396): 保存图片字节 is.available() = 0 imageCount = 38568
I/socket1 (15396): imageCount2 = 38568 tempCount2 = 2920
I/socket1 (15396): 保存图片字节 is.available() = 0 imageCount = 41488
I/socket1 (15396): imageCount2 = 41488 tempCount2 = 1460
I/socket1 (15396): 保存图片字节 is.available() = 1460 imageCount = 42948
I/socket1 (15396): imageCount2 = 42948 tempCount2 = 2145
I/socket1 (15396): 保存图片字节 is.available() = 0 imageCount = 45093
I/socket1 (15396): imageCount2 = 45093 tempCount2 = 1460
I/socket1 (15396): 保存图片字节 is.available() = 0 imageCount = 46553
I/socket1 (15396): imageCount2 = 46553 tempCount2 = 1460
I/socket1 (15396): 保存图片字节 is.available() = 1460 imageCount = 48013
I/socket1 (15396): imageCount2 = 48013 tempCount2 = 2920
I/socket1 (15396): 保存图片字节 is.available() = 2920 imageCount = 50933
I/socket1 (15396): imageCount2 = 50933 tempCount2 = 2920
I/socket1 (15396): 保存图片字节 is.available() = 0 imageCount = 53853
I/socket1 (15396): imageCount2 = 53853 tempCount2 = 1460
I/socket1 (15396): 保存图片字节 is.available() = 1460 imageCount = 55313
I/socket1 (15396): imageCount2 = 55313 tempCount2 = 1460
I/socket1 (15396): 保存图片字节 is.available() = 1460 imageCount = 56773
I/socket1 (15396): imageCount2 = 56773 tempCount2 = 1460
I/socket1 (15396): 保存图片字节 is.available() = 1460 imageCount = 58233
I/socket1 (15396): imageCount2 = 58233 tempCount2 = 1460
I/socket1 (15396): 保存图片字节 is.available() = 0 imageCount = 59693
I/socket1 (15396): imageCount2 = 59693 tempCount2 = 1460
I/socket1 (15396): 保存图片字节 is.available() = 1460 imageCount = 61153
I/socket1 (15396): imageCount2 = 61153 tempCount2 = 1460
I/socket1 (15396): 保存图片字节 is.available() = 1460 imageCount = 62613
I/socket1 (15396): imageCount2 = 62613 tempCount2 = 1460
I/socket1 (15396): 保存图片字节 is.available() = 1460 imageCount = 64073
I/socket1 (15396): imageCount2 = 64073 tempCount2 = 2920
I/socket1 (15396): 保存图片字节 is.available() = 1460 imageCount = 66993
I/socket1 (15396): imageCount2 = 66993 tempCount2 = 2920
I/socket1 (15396): 保存图片字节 is.available() = 2920 imageCount = 69913
I/socket1 (15396): imageCount2 = 69913 tempCount2 = 4380
I/socket1 (15396): 保存图片字节 is.available() = 1460 imageCount = 74293
I/socket1 (15396): imageCount2 = 74293 tempCount2 = 2920
I/socket1 (15396): 保存图片字节 is.available() = 2920 imageCount = 77213
I/socket1 (15396): imageCount2 = 77213 tempCount2 = 4380
I/socket1 (15396): 保存图片字节 is.available() = 3247 imageCount = 81593
I/socket1 (15396): imageCount2 = 81593 tempCount2 = 3247
I/socket1 (15396): 保存图片字节 is.available() = 0 imageCount = 84840
I/socket1 (15396): imageCount1 = 84840 tempCount1 = 1460
I/socket1 (15396): 保存图片字节 is.available() = 1460 imageCount = 86300
I/socket1 (15396): imageCount1 = 86300 tempCount1 = 1460
I/socket1 (15396): 保存图片字节 is.available() = 0 imageCount = 87760
I/socket1 (15396): imageCount1 = 87760 tempCount1 = 7114
I/socket1 (15396): 读图片数据成功 bos imagedatalen - imageCount = 0
I/socket1 (15396): 读图片数据成功 bos length= 94874
I/System.out(15396): 取扫描时间与校验码 = 32303138303631323134323733323037360000
I/socket1 (15396): scantime received_Total == 19
I/socket1 (15396): 读图片数据完成 ---- endendend ----, 扫描时间 = 20180612142732076
I/socket3 (15396): Read 0xFEFE time outreceived_Total == 2
E/socket3 (15396): 心跳 ok
I/socket3 (15396): 数据头 is.available() = 0
I/System.out(15396): saveImage保存图片成功 - /storage/emulated/0/CaiNiaoBarcode/2018/7/25/14/pic_20180612142732076_1__TM_001106.bmp
I/System.out(15396): savaBarcodeInfo保存条码信息成功 - /storage/emulated/0/CaiNiaoBarcode/barcodeInfo.txt
D/MainActivity(15396): 二维码 barcode:TM_001106
I/socket1 (15396): 数据头 is.available() = 0
I/SurfaceFlinger(  269): FPS: 1
I/ServiceManager(14489): Waiting for service AtCmdFwd...
E/WifiStateMachine( 2269): Failed to handle: connected 131143
E/WifiStateMachine( 2269): WifiStateMachine CMD_START_SCAN source -2 txSuccessRate=14.13 rxSuccessRate=14.24 targetRoamBSSID=any RSSI=-48
E/WifiStateMachine( 2269): WifiStateMachine starting scan for "seuic1_test"-WPA_PSK with 5825,2412,2437,5785
V/WLAN_PSA(  328): NL MSG, len[914], NL type[0x11] WNI type[0x5050] len[894]
V/WLAN_PSA(  328): NL MSG, PID: 328
I/WifiHAL ( 2269): Poll result = 1
I/WifiHAL ( 2269): Found some events!!!
D/WifiHAL ( 2269): no_seq_check received
I/WifiHAL ( 2269): event received NL80211_CMD_TRIGGER_SCAN
I/WifiHAL ( 2269): event received NL80211_CMD_TRIGGER_SCAN, vendor_id = 0x0
I/WifiHAL ( 2269): event ignored!!
V/WLAN_PSA(  328): NL MSG, len[048], NL type[0x11] WNI type[0x5050] len[028]
V/WLAN_PSA(  328): NL MSG, PID: 328
V/WLAN_PSA(  328): NL MSG, len[4091], NL type[0x1C] WNI type[0x5900] len[58127]
V/WLAN_PSA(  328): NL MSG, PID: 328
V/WLAN_PSA(  328): NL MSG, len[4093], NL type[0x1C] WNI type[0x5900] len[58639]
V/WLAN_PSA(  328): NL MSG, PID: 328
V/WLAN_PSA(  328): NL MSG, len[4003], NL type[0x1C] WNI type[0x5900] len[35599]
V/WLAN_PSA(  328): NL MSG, PID: 328
V/WLAN_PSA(  328): NL MSG, len[4042], NL type[0x1C] WNI type[0x5900] len[45583]
V/WLAN_PSA(  328): NL MSG, PID: 328
V/WLAN_PSA(  328): NL MSG, len[4015], NL type[0x1C] WNI type[0x5900] len[38671]
V/WLAN_PSA(  328): NL MSG, PID: 328
V/WLAN_PSA(  328): NL MSG, len[4075], NL type[0x1C] WNI type[0x5900] len[54031]
V/WLAN_PSA(  328): NL MSG, PID: 328
V/WLAN_PSA(  328): NL MSG, len[914], NL type[0x11] WNI type[0x5050] len[894]
V/WLAN_PSA(  328): NL MSG, PID: 328
V/WLAN_PSA(  328): NL MSG, len[4087], NL type[0x1C] WNI type[0x5900] len[57103]
V/WLAN_PSA(  328): NL MSG, PID: 328
V/WLAN_PSA(  328): NL MSG, len[914], NL type[0x11] WNI type[0x5050] len[894]
V/WLAN_PSA(  328): NL MSG, PID: 328
V/WLAN_PSA(  328): NL MSG, len[048], NL type[0x11] WNI type[0x5050] len[028]
V/WLAN_PSA(  328): NL MSG, PID: 328
V/WLAN_PSA(  328): NL MSG, len[4095], NL type[0x1C] WNI type[0x5900] len[59151]
V/WLAN_PSA(  328): NL MSG, PID: 328
V/WLAN_PSA(  328): NL MSG, len[4073], NL type[0x1C] WNI type[0x5900] len[53519]
V/WLAN_PSA(  328): NL MSG, PID: 328
V/WLAN_PSA(  328): NL MSG, len[914], NL type[0x11] WNI type[0x5050] len[894]
V/WLAN_PSA(  328): NL MSG, PID: 328
V/WLAN_PSA(  328): NL MSG, len[4056], NL type[0x1C] WNI type[0x5900] len[49167]
V/WLAN_PSA(  328): NL MSG, PID: 328
I/WifiHAL ( 2269): Poll result = 1
I/WifiHAL ( 2269): Found some events!!!
D/WifiHAL ( 2269): no_seq_check received
I/WifiHAL ( 2269): event received NL80211_CMD_NEW_SCAN_RESULTS
I/WifiHAL ( 2269): event received NL80211_CMD_NEW_SCAN_RESULTS, vendor_id = 0x0
I/WifiHAL ( 2269): event ignored!!
E/WifiStateMachine( 2269): Failed to handle: connected 147461
I/ServiceManager(14489): Waiting for service AtCmdFwd...
V/WLAN_PSA(  328): NL MSG, len[048], NL type[0x11] WNI type[0x5050] len[028]
V/WLAN_PSA(  328): NL MSG, PID: 328
D/StatusBar.MSimNetworkController( 3751): refreshViews phoneId =0mMSimDataConnected =false
D/StatusBar.MSimNetworkController( 3751): refreshViews mMSimDataActivity =0
D/StatusBar.MSimNetworkController( 3751): refreshViews: Data not connected!! Set no data type icon / Roaming for phoneId: 0
I/SurfaceFlinger(  269): FPS: 2
E/WifiStateMachine( 2269): Failed to handle: connected 131155
V/WLAN_PSA(  328): NL MSG, len[4027], NL type[0x1C] WNI type[0x5900] len[41743]
V/WLAN_PSA(  328): NL MSG, PID: 328
E/WifiStateMachine( 2269):  mFrameworkDetectiveEnabled 0
E/WifiStateMachine( 2269):  start trigger support enable 
E/WifiStateMachine( 2269): Failed to handle: connected 131143
E/WifiStateMachine( 2269): WifiStateMachine CMD_START_SCAN source -4 txSuccessRate=10.52 rxSuccessRate=11.03 targetRoamBSSID=any RSSI=-48
I/WifiHAL ( 2269): Poll result = 1
I/WifiHAL ( 2269): Found some events!!!
D/WifiHAL ( 2269): no_seq_check received
I/WifiHAL ( 2269): event received NL80211_CMD_TRIGGER_SCAN
I/WifiHAL ( 2269): event received NL80211_CMD_TRIGGER_SCAN, vendor_id = 0x0
I/WifiHAL ( 2269): event ignored!!
V/WLAN_PSA(  328): NL MSG, len[914], NL type[0x11] WNI type[0x5050] len[894]
V/WLAN_PSA(  328): NL MSG, PID: 328
V/WLAN_PSA(  328): NL MSG, len[4057], NL type[0x1C] WNI type[0x5900] len[49423]
V/WLAN_PSA(  328): NL MSG, PID: 328
V/WLAN_PSA(  328): NL MSG, len[048], NL type[0x11] WNI type[0x5050] len[028]
V/WLAN_PSA(  328): NL MSG, PID: 328
V/WLAN_PSA(  328): NL MSG, len[4092], NL type[0x1C] WNI type[0x5900] len[58383]
V/WLAN_PSA(  328): NL MSG, PID: 328
V/WLAN_PSA(  328): NL MSG, len[4073], NL type[0x1C] WNI type[0x5900] len[53519]
V/WLAN_PSA(  328): NL MSG, PID: 328
V/WLAN_PSA(  328): NL MSG, len[4087], NL type[0x1C] WNI type[0x5900] len[57103]
V/WLAN_PSA(  328): NL MSG, PID: 328
V/WLAN_PSA(  328): NL MSG, len[4032], NL type[0x1C] WNI type[0x5900] len[43023]
V/WLAN_PSA(  328): NL MSG, PID: 328
V/WLAN_PSA(  328): NL MSG, len[914], NL type[0x11] WNI type[0x5050] len[894]
V/WLAN_PSA(  328): NL MSG, PID: 328
V/WLAN_PSA(  328): NL MSG, len[4090], NL type[0x1C] WNI type[0x5900] len[57871]
V/WLAN_PSA(  328): NL MSG, PID: 328
V/WLAN_PSA(  328): NL MSG, len[914], NL type[0x11] WNI type[0x5050] len[894]
V/WLAN_PSA(  328): NL MSG, PID: 328
V/WLAN_PSA(  328): NL MSG, len[048], NL type[0x11] WNI type[0x5050] len[028]
V/WLAN_PSA(  328): NL MSG, PID: 328
V/WLAN_PSA(  328): NL MSG, len[4090], NL type[0x1C] WNI type[0x5900] len[57871]
V/WLAN_PSA(  328): NL MSG, PID: 328
V/WLAN_PSA(  328): NL MSG, len[4049], NL type[0x1C] WNI type[0x5900] len[47375]
V/WLAN_PSA(  328): NL MSG, PID: 328
V/WLAN_PSA(  328): NL MSG, len[4034], NL type[0x1C] WNI type[0x5900] len[43535]
V/WLAN_PSA(  328): NL MSG, PID: 328
V/WLAN_PSA(  328): NL MSG, len[914], NL type[0x11] WNI type[0x5050] len[894]
V/WLAN_PSA(  328): NL MSG, PID: 328
V/WLAN_PSA(  328): NL MSG, len[3998], NL type[0x1C] WNI type[0x5900] len[34319]
V/WLAN_PSA(  328): NL MSG, PID: 328
I/ServiceManager(14489): Waiting for service AtCmdFwd...
V/WLAN_PSA(  328): NL MSG, len[914], NL type[0x11] WNI type[0x5050] len[894]
V/WLAN_PSA(  328): NL MSG, PID: 328
V/WLAN_PSA(  328): NL MSG, len[048], NL type[0x11] WNI type[0x5050] len[028]
V/WLAN_PSA(  328): NL MSG, PID: 328
V/WLAN_PSA(  328): NL MSG, len[3982], NL type[0x1C] WNI type[0x5900] len[30223]
V/WLAN_PSA(  328): NL MSG, PID: 328
V/WLAN_PSA(  328): NL MSG, len[4064], NL type[0x1C] WNI type[0x5900] len[51215]
V/WLAN_PSA(  328): NL MSG, PID: 328
V/WLAN_PSA(  328): NL MSG, len[4029], NL type[0x1C] WNI type[0x5900] len[42255]
V/WLAN_PSA(  328): NL MSG, PID: 328
V/WLAN_PSA(  328): NL MSG, len[4061], NL type[0x1C] WNI type[0x5900] len[50447]
V/WLAN_PSA(  328): NL MSG, PID: 328
D/StatusBar.MSimNetworkController( 3751): refreshViews phoneId =0mMSimDataConnected =false
D/StatusBar.MSimNetworkController( 3751): refreshViews mMSimDataActivity =0
V/WLAN_PSA(  328): NL MSG, len[914], NL type[0x11] WNI type[0x5050] len[894]
V/WLAN_PSA(  328): NL MSG, PID: 328
V/WLAN_PSA(  328): NL MSG, len[4072], NL type[0x1C] WNI type[0x5900] len[53263]
V/WLAN_PSA(  328): NL MSG, PID: 328
D/StatusBar.MSimNetworkController( 3751): refreshViews: Data not connected!! Set no data type icon / Roaming for phoneId: 0
V/WLAN_PSA(  328): NL MSG, len[914], NL type[0x11] WNI type[0x5050] len[894]
V/WLAN_PSA(  328): NL MSG, PID: 328
V/WLAN_PSA(  328): NL MSG, len[048], NL type[0x11] WNI type[0x5050] len[028]
V/WLAN_PSA(  328): NL MSG, PID: 328
V/WLAN_PSA(  328): NL MSG, len[4002], NL type[0x1C] WNI type[0x5900] len[35343]
V/WLAN_PSA(  328): NL MSG, PID: 328
V/WLAN_PSA(  328): NL MSG, len[4068], NL type[0x1C] WNI type[0x5900] len[52239]
V/WLAN_PSA(  328): NL MSG, PID: 328
V/WLAN_PSA(  328): NL MSG, len[4040], NL type[0x1C] WNI type[0x5900] len[45071]
V/WLAN_PSA(  328): NL MSG, PID: 328
V/WLAN_PSA(  328): NL MSG, len[3992], NL type[0x1C] WNI type[0x5900] len[32783]
V/WLAN_PSA(  328): NL MSG, PID: 328
V/WLAN_PSA(  328): NL MSG, len[914], NL type[0x11] WNI type[0x5050] len[894]
V/WLAN_PSA(  328): NL MSG, PID: 328
V/WLAN_PSA(  328): NL MSG, len[4011], NL type[0x1C] WNI type[0x5900] len[37647]
V/WLAN_PSA(  328): NL MSG, PID: 328
V/WLAN_PSA(  328): NL MSG, len[914], NL type[0x11] WNI type[0x5050] len[894]
V/WLAN_PSA(  328): NL MSG, PID: 328
V/WLAN_PSA(  328): NL MSG, len[048], NL type[0x11] WNI type[0x5050] len[028]
V/WLAN_PSA(  328): NL MSG, PID: 328
V/WLAN_PSA(  328): NL MSG, len[4093], NL type[0x1C] WNI type[0x5900] len[58639]
V/WLAN_PSA(  328): NL MSG, PID: 328
V/WLAN_PSA(  328): NL MSG, len[4031], NL type[0x1C] WNI type[0x5900] len[42767]
V/WLAN_PSA(  328): NL MSG, PID: 328
V/WLAN_PSA(  328): NL MSG, len[048], NL type[0x11] WNI type[0x5050] len[028]
V/WLAN_PSA(  328): NL MSG, PID: 328
V/WLAN_PSA(  328): NL MSG, len[4065], NL type[0x1C] WNI type[0x5900] len[51471]
V/WLAN_PSA(  328): NL MSG, PID: 328
V/WLAN_PSA(  328): NL MSG, len[914], NL type[0x11] WNI type[0x5050] len[894]
V/WLAN_PSA(  328): NL MSG, PID: 328
V/WLAN_PSA(  328): NL MSG, len[914], NL type[0x11] WNI type[0x5050] len[894]
V/WLAN_PSA(  328): NL MSG, PID: 328
V/WLAN_PSA(  328): NL MSG, len[048], NL type[0x11] WNI type[0x5050] len[028]
V/WLAN_PSA(  328): NL MSG, PID: 328
V/WLAN_PSA(  328): NL MSG, len[4092], NL type[0x1C] WNI type[0x5900] len[58383]
V/WLAN_PSA(  328): NL MSG, PID: 328
V/WLAN_PSA(  328): NL MSG, len[4067], NL type[0x1C] WNI type[0x5900] len[51983]
V/WLAN_PSA(  328): NL MSG, PID: 328
I/SurfaceFlinger(  269): FPS: 3
I/ServiceManager(14489): Waiting for service AtCmdFwd...
V/WLAN_PSA(  328): NL MSG, len[048], NL type[0x11] WNI type[0x5050] len[028]
V/WLAN_PSA(  328): NL MSG, PID: 328
V/WLAN_PSA(  328): NL MSG, len[914], NL type[0x11] WNI type[0x5050] len[894]
V/WLAN_PSA(  328): NL MSG, PID: 328
V/WLAN_PSA(  328): NL MSG, len[4035], NL type[0x1C] WNI type[0x5900] len[43791]
V/WLAN_PSA(  328): NL MSG, PID: 328
V/WLAN_PSA(  328): NL MSG, len[914], NL type[0x11] WNI type[0x5050] len[894]
V/WLAN_PSA(  328): NL MSG, PID: 328
V/WLAN_PSA(  328): NL MSG, len[048], NL type[0x11] WNI type[0x5050] len[028]
V/WLAN_PSA(  328): NL MSG, PID: 328
V/WLAN_PSA(  328): NL MSG, len[3977], NL type[0x1C] WNI type[0x5900] len[28943]
V/WLAN_PSA(  328): NL MSG, PID: 328
D/StatusBar.MSimNetworkController( 3751): refreshViews phoneId =0mMSimDataConnected =false
D/StatusBar.MSimNetworkController( 3751): refreshViews mMSimDataActivity =0
D/StatusBar.MSimNetworkController( 3751): refreshViews: Data not connected!! Set no data type icon / Roaming for phoneId: 0
V/WLAN_PSA(  328): NL MSG, len[4024], NL type[0x1C] WNI type[0x5900] len[40975]
V/WLAN_PSA(  328): NL MSG, PID: 328
V/WLAN_PSA(  328): NL MSG, len[048], NL type[0x11] WNI type[0x5050] len[028]
V/WLAN_PSA(  328): NL MSG, PID: 328
V/WLAN_PSA(  328): NL MSG, len[914], NL type[0x11] WNI type[0x5050] len[894]
V/WLAN_PSA(  328): NL MSG, PID: 328
V/WLAN_PSA(  328): NL MSG, len[3993], NL type[0x1C] WNI type[0x5900] len[33039]
V/WLAN_PSA(  328): NL MSG, PID: 328
V/WLAN_PSA(  328): NL MSG, len[914], NL type[0x11] WNI type[0x5050] len[894]
V/WLAN_PSA(  328): NL MSG, PID: 328
V/WLAN_PSA(  328): NL MSG, len[048], NL type[0x11] WNI type[0x5050] len[028]
V/WLAN_PSA(  328): NL MSG, PID: 328
V/WLAN_PSA(  328): NL MSG, len[4095], NL type[0x1C] WNI type[0x5900] len[59151]
V/WLAN_PSA(  328): NL MSG, PID: 328
V/WLAN_PSA(  328): NL MSG, len[4037], NL type[0x1C] WNI type[0x5900] len[44303]
V/WLAN_PSA(  328): NL MSG, PID: 328
V/WLAN_PSA(  328): NL MSG, len[4045], NL type[0x1C] WNI type[0x5900] len[46351]
V/WLAN_PSA(  328): NL MSG, PID: 328
V/WLAN_PSA(  328): NL MSG, len[914], NL type[0x11] WNI type[0x5050] len[894]
V/WLAN_PSA(  328): NL MSG, PID: 328
V/WLAN_PSA(  328): NL MSG, len[3989], NL type[0x1C] WNI type[0x5900] len[32015]
V/WLAN_PSA(  328): NL MSG, PID: 328
I/socket1 (15396): Read 0xFEFE time outreceived_Total == 2
I/socket1 (15396): 读取数据头成功
I/socket1 (15396): 版本号机器序列号 received_Total == 14
I/socket1 (15396): 条码长度codeBytes = 0000000F
I/socket1 (15396): 条码长度 = 15
I/socket1 (15396): barcodelen received_Total == 15
I/socket1 (15396): 读取条码成功 barcode =611031969205635
I/socket1 (15396): imagenamelen received_Total == 4
I/socket1 (15396): 读图片名称长度成功
I/socket1 (15396): 读图片名称长度成功 imagenamelen = 54
I/socket1 (15396): imagename received_Total == 54
I/socket1 (15396): 读图片名称成功 imgname = pic_20180612142747308_2__TM_001106,611031969205635.bmp
I/socket1 (15396): imagelen received_Total == 4
I/socket1 (15396): 读取图片长度成功 图片数据长度 imagedatalen = 146722
I/socket1 (15396): 保存图片字节 is.available() = 9652 imageCount = 0
I/socket1 (15396): imageCount2 = 0 tempCount2 = 10240
I/socket1 (15396): 保存图片字节 is.available() = 7604 imageCount = 10240
I/socket1 (15396): imageCount2 = 10240 tempCount2 = 9064
I/socket1 (15396): 保存图片字节 is.available() = 1176 imageCount = 19304
I/socket1 (15396): imageCount2 = 19304 tempCount2 = 2636
I/socket1 (15396): 保存图片字节 is.available() = 1460 imageCount = 21940
I/socket1 (15396): imageCount2 = 21940 tempCount2 = 1460
I/socket1 (15396): 保存图片字节 is.available() = 0 imageCount = 23400
I/socket1 (15396): imageCount2 = 23400 tempCount2 = 1176
I/socket1 (15396): 保存图片字节 is.available() = 1460 imageCount = 24576
I/socket1 (15396): imageCount2 = 24576 tempCount2 = 2920
I/socket1 (15396): 保存图片字节 is.available() = 1176 imageCount = 27496
I/socket1 (15396): imageCount2 = 27496 tempCount2 = 2636
I/socket1 (15396): 保存图片字节 is.available() = 1460 imageCount = 30132
I/socket1 (15396): imageCount2 = 30132 tempCount2 = 2636
I/socket1 (15396): 保存图片字节 is.available() = 1460 imageCount = 32768
I/socket1 (15396): imageCount2 = 32768 tempCount2 = 2920
I/socket1 (15396): 保存图片字节 is.available() = 1176 imageCount = 35688
I/socket1 (15396): imageCount2 = 35688 tempCount2 = 1176
I/socket1 (15396): 保存图片字节 is.available() = 5556 imageCount = 36864
I/socket1 (15396): imageCount2 = 36864 tempCount2 = 5556
I/socket1 (15396): 保存图片字节 is.available() = 2636 imageCount = 42420
I/socket1 (15396): imageCount2 = 42420 tempCount2 = 4096
I/socket1 (15396): 保存图片字节 is.available() = 0 imageCount = 46516
I/socket1 (15396): imageCount2 = 46516 tempCount2 = 2636
I/socket1 (15396): 保存图片字节 is.available() = 1460 imageCount = 49152
I/socket1 (15396): imageCount2 = 49152 tempCount2 = 2920
I/socket1 (15396): 保存图片字节 is.available() = 1176 imageCount = 52072
I/socket1 (15396): imageCount2 = 52072 tempCount2 = 1176
I/socket1 (15396): 保存图片字节 is.available() = 0 imageCount = 53248
I/socket1 (15396): imageCount2 = 53248 tempCount2 = 1460
I/socket1 (15396): 保存图片字节 is.available() = 2636 imageCount = 54708
I/socket1 (15396): imageCount2 = 54708 tempCount2 = 4096
I/socket1 (15396): 保存图片字节 is.available() = 0 imageCount = 58804
I/socket1 (15396): imageCount2 = 58804 tempCount2 = 1460
I/socket1 (15396): 保存图片字节 is.available() = 0 imageCount = 60264
I/socket1 (15396): imageCount2 = 60264 tempCount2 = 1176
I/socket1 (15396): 保存图片字节 is.available() = 1460 imageCount = 61440
I/socket1 (15396): imageCount2 = 61440 tempCount2 = 2920
I/socket1 (15396): 保存图片字节 is.available() = 1176 imageCount = 64360
I/socket1 (15396): imageCount2 = 64360 tempCount2 = 1176
I/socket1 (15396): 保存图片字节 is.available() = 1460 imageCount = 65536
I/socket1 (15396): imageCount2 = 65536 tempCount2 = 1460
I/socket1 (15396): 保存图片字节 is.available() = 1460 imageCount = 66996
I/socket1 (15396): imageCount2 = 66996 tempCount2 = 1460
I/socket1 (15396): 保存图片字节 is.available() = 1176 imageCount = 68456
I/socket1 (15396): imageCount2 = 68456 tempCount2 = 1176
I/socket1 (15396): 保存图片字节 is.available() = 0 imageCount = 69632
I/socket1 (15396): imageCount2 = 69632 tempCount2 = 1460
I/socket1 (15396): 保存图片字节 is.available() = 1460 imageCount = 71092
I/socket1 (15396): imageCount2 = 71092 tempCount2 = 1460
I/socket1 (15396): 保存图片字节 is.available() = 1176 imageCount = 72552
I/socket1 (15396): imageCount2 = 72552 tempCount2 = 2636
I/socket1 (15396): 保存图片字节 is.available() = 1460 imageCount = 75188
I/socket1 (15396): imageCount2 = 75188 tempCount2 = 1460
I/socket1 (15396): 保存图片字节 is.available() = 1176 imageCount = 76648
I/socket1 (15396): imageCount2 = 76648 tempCount2 = 1176
I/socket1 (15396): 保存图片字节 is.available() = 1460 imageCount = 77824
I/socket1 (15396): imageCount2 = 77824 tempCount2 = 2920
I/socket1 (15396): 保存图片字节 is.available() = 0 imageCount = 80744
I/socket1 (15396): imageCount2 = 80744 tempCount2 = 1176
I/socket1 (15396): 保存图片字节 is.available() = 1460 imageCount = 81920
I/socket1 (15396): imageCount2 = 81920 tempCount2 = 1460
I/socket1 (15396): 保存图片字节 is.available() = 1460 imageCount = 83380
I/socket1 (15396): imageCount2 = 83380 tempCount2 = 1460
I/socket1 (15396): 保存图片字节 is.available() = 1176 imageCount = 84840
I/socket1 (15396): imageCount2 = 84840 tempCount2 = 1176
I/socket1 (15396): 保存图片字节 is.available() = 1460 imageCount = 86016
I/socket1 (15396): imageCount2 = 86016 tempCount2 = 1460
I/socket1 (15396): 保存图片字节 is.available() = 1460 imageCount = 87476
I/socket1 (15396): imageCount2 = 87476 tempCount2 = 1460
I/socket1 (15396): 保存图片字节 is.available() = 1176 imageCount = 88936
I/socket1 (15396): imageCount2 = 88936 tempCount2 = 1176
I/socket1 (15396): 保存图片字节 is.available() = 1460 imageCount = 90112
I/socket1 (15396): imageCount2 = 90112 tempCount2 = 1460
I/socket1 (15396): 保存图片字节 is.available() = 0 imageCount = 91572
I/socket1 (15396): imageCount2 = 91572 tempCount2 = 1460
I/socket1 (15396): 保存图片字节 is.available() = 0 imageCount = 93032
I/socket1 (15396): imageCount2 = 93032 tempCount2 = 1176
I/socket1 (15396): 保存图片字节 is.available() = 2920 imageCount = 94208
I/socket1 (15396): imageCount2 = 94208 tempCount2 = 2920
I/socket1 (15396): 保存图片字节 is.available() = 2636 imageCount = 97128
I/socket1 (15396): imageCount2 = 97128 tempCount2 = 2636
I/socket1 (15396): 保存图片字节 is.available() = 2636 imageCount = 99764
I/socket1 (15396): imageCount2 = 99764 tempCount2 = 2636
I/socket1 (15396): 保存图片字节 is.available() = 1460 imageCount = 102400
I/socket1 (15396): imageCount2 = 102400 tempCount2 = 2920
I/socket1 (15396): 保存图片字节 is.available() = 1176 imageCount = 105320
I/socket1 (15396): imageCount2 = 105320 tempCount2 = 1176
I/socket1 (15396): 保存图片字节 is.available() = 1460 imageCount = 106496
I/socket1 (15396): imageCount2 = 106496 tempCount2 = 1460
I/socket1 (15396): 保存图片字节 is.available() = 1460 imageCount = 107956
I/socket1 (15396): imageCount2 = 107956 tempCount2 = 1460
I/socket1 (15396): 保存图片字节 is.available() = 1460 imageCount = 109416
I/socket1 (15396): imageCount2 = 109416 tempCount2 = 1460
I/socket1 (15396): 保存图片字节 is.available() = 0 imageCount = 110876
I/socket1 (15396): imageCount2 = 110876 tempCount2 = 1460
I/socket1 (15396): 保存图片字节 is.available() = 0 imageCount = 112336
I/socket1 (15396): imageCount2 = 112336 tempCount2 = 1460
I/socket1 (15396): 保存图片字节 is.available() = 0 imageCount = 113796
I/socket1 (15396): imageCount2 = 113796 tempCount2 = 1460
I/socket1 (15396): 保存图片字节 is.available() = 1460 imageCount = 115256
I/socket1 (15396): imageCount2 = 115256 tempCount2 = 1460
I/socket1 (15396): 保存图片字节 is.available() = 0 imageCount = 116716
I/socket1 (15396): imageCount2 = 116716 tempCount2 = 1460
I/socket1 (15396): 保存图片字节 is.available() = 2920 imageCount = 118176
I/socket1 (15396): imageCount2 = 118176 tempCount2 = 4380
I/socket1 (15396): 保存图片字节 is.available() = 1460 imageCount = 122556
I/socket1 (15396): imageCount2 = 122556 tempCount2 = 4380
I/socket1 (15396): 保存图片字节 is.available() = 1460 imageCount = 126936
I/socket1 (15396): imageCount2 = 126936 tempCount2 = 1460
I/socket1 (15396): 保存图片字节 is.available() = 1460 imageCount = 128396
I/socket1 (15396): imageCount2 = 128396 tempCount2 = 2920
I/socket1 (15396): 保存图片字节 is.available() = 0 imageCount = 131316
I/socket1 (15396): imageCount2 = 131316 tempCount2 = 2920
I/socket1 (15396): 保存图片字节 is.available() = 0 imageCount = 134236
I/socket1 (15396): imageCount2 = 134236 tempCount2 = 1460
I/socket1 (15396): 保存图片字节 is.available() = 1460 imageCount = 135696
I/socket1 (15396): imageCount2 = 135696 tempCount2 = 2920
I/socket1 (15396): 保存图片字节 is.available() = 1460 imageCount = 138616
I/socket1 (15396): imageCount1 = 138616 tempCount1 = 1460
I/socket1 (15396): 保存图片字节 is.available() = 0 imageCount = 140076
I/socket1 (15396): imageCount1 = 140076 tempCount1 = 1460
I/socket1 (15396): 保存图片字节 is.available() = 1460 imageCount = 141536
I/socket1 (15396): imageCount1 = 141536 tempCount1 = 2920
I/socket1 (15396): 保存图片字节 is.available() = 1460 imageCount = 144456
I/socket1 (15396): imageCount1 = 144456 tempCount1 = 1460
I/socket1 (15396): 保存图片字节 is.available() = 825 imageCount = 145916
I/socket1 (15396): imageCount1 = 145916 tempCount1 = 806
I/socket1 (15396): 读图片数据成功 bos imagedatalen - imageCount = 0
I/socket1 (15396): 读图片数据成功 bos length= 146722
I/System.out(15396): 取扫描时间与校验码 = 32303138303631323134323734373330380000
I/socket1 (15396): scantime received_Total == 19
I/socket1 (15396): 读图片数据完成 ---- endendend ----, 扫描时间 = 20180612142747308
V/WLAN_PSA(  328): NL MSG, len[914], NL type[0x11] WNI type[0x5050] len[894]
V/WLAN_PSA(  328): NL MSG, PID: 328
V/WLAN_PSA(  328): NL MSG, len[048], NL type[0x11] WNI type[0x5050] len[028]
V/WLAN_PSA(  328): NL MSG, PID: 328
V/WLAN_PSA(  328): NL MSG, len[4005], NL type[0x1C] WNI type[0x5900] len[36111]
V/WLAN_PSA(  328): NL MSG, PID: 328
V/WLAN_PSA(  328): NL MSG, len[4071], NL type[0x1C] WNI type[0x5900] len[53007]
V/WLAN_PSA(  328): NL MSG, PID: 328
V/WLAN_PSA(  328): NL MSG, len[914], NL type[0x11] WNI type[0x5050] len[894]
V/WLAN_PSA(  328): NL MSG, PID: 328
V/WLAN_PSA(  328): NL MSG, len[4080], NL type[0x1C] WNI type[0x5900] len[55311]
V/WLAN_PSA(  328): NL MSG, PID: 328
I/WifiHAL ( 2269): Poll result = 1
I/WifiHAL ( 2269): Found some events!!!
D/WifiHAL ( 2269): no_seq_check received
I/WifiHAL ( 2269): event received NL80211_CMD_NEW_SCAN_RESULTS
I/WifiHAL ( 2269): event received NL80211_CMD_NEW_SCAN_RESULTS, vendor_id = 0x0
I/WifiHAL ( 2269): event ignored!!
E/WifiStateMachine( 2269): Failed to handle: connected 147461
V/WLAN_PSA(  328): NL MSG, len[4061], NL type[0x1C] WNI type[0x5900] len[50447]
V/WLAN_PSA(  328): NL MSG, PID: 328
I/SurfaceFlinger(  269): FPS: 2
D/LBSSystemMonitorService( 2269): handleMessage what - 4
D/Wiper_jni( 2269): Send Network Location.
I/ServiceManager(14489): Waiting for service AtCmdFwd...
I/System.out(15396): saveImage保存图片成功 - /storage/emulated/0/CaiNiaoBarcode/2018/7/25/14/pic_20180612142747308_2__TM_001106,611031969205635.bmp
I/System.out(15396): savaBarcodeInfo保存条码信息成功 - /storage/emulated/0/CaiNiaoBarcode/barcodeInfo.txt
D/MainActivity(15396): 二维码 barcode:611031969205635
I/socket1 (15396): 数据头 is.available() = 0
D/StatusBar.MSimNetworkController( 3751): refreshViews phoneId =0mMSimDataConnected =false
D/StatusBar.MSimNetworkController( 3751): refreshViews mMSimDataActivity =0
D/StatusBar.MSimNetworkController( 3751): refreshViews: Data not connected!! Set no data type icon / Roaming for phoneId: 0
I/socket3 (15396): Read 0xFEFE time outreceived_Total == 2
I/socket3 (15396): 读取数据头成功
I/socket3 (15396): 版本号机器序列号 received_Total == 14
I/socket3 (15396): 条码长度codeBytes = 00000009
I/socket3 (15396): 条码长度 = 9
I/socket3 (15396): barcodelen received_Total == 9
I/socket3 (15396): 读取条码成功 barcode =TM_001106
I/socket3 (15396): imagenamelen received_Total == 4
I/socket3 (15396): 读图片名称长度成功
I/socket3 (15396): 读图片名称长度成功 imagenamelen = 38
I/socket3 (15396): imagename received_Total == 38
I/socket3 (15396): 读图片名称成功 imgname = pic_20180612142732076_1__TM_001106.bmp
I/socket3 (15396): imagelen received_Total == 4
I/socket3 (15396): 读取图片长度成功 图片数据长度 imagedatalen = 94874
I/socket3 (15396): 保存图片字节 is.available() = 7169 imageCount = 0
I/socket3 (15396): imageCount2 = 0 tempCount2 = 7169
I/socket3 (15396): 保存图片字节 is.available() = 1448 imageCount = 7169
I/socket3 (15396): imageCount2 = 7169 tempCount2 = 4344
I/socket3 (15396): 保存图片字节 is.available() = 2896 imageCount = 11513
I/socket3 (15396): imageCount2 = 11513 tempCount2 = 8688
I/socket3 (15396): 保存图片字节 is.available() = 0 imageCount = 20201
I/socket3 (15396): imageCount2 = 20201 tempCount2 = 1448
I/socket3 (15396): 保存图片字节 is.available() = 0 imageCount = 21649
I/socket3 (15396): imageCount2 = 21649 tempCount2 = 1448
I/socket3 (15396): 保存图片字节 is.available() = 1448 imageCount = 23097
I/socket3 (15396): imageCount2 = 23097 tempCount2 = 2896
I/socket3 (15396): 保存图片字节 is.available() = 2679 imageCount = 25993
I/socket3 (15396): imageCount2 = 25993 tempCount2 = 4127
I/socket3 (15396): 保存图片字节 is.available() = 1448 imageCount = 30120
I/socket3 (15396): imageCount2 = 30120 tempCount2 = 2648
I/socket3 (15396): 保存图片字节 is.available() = 4096 imageCount = 32768
I/socket3 (15396): imageCount2 = 32768 tempCount2 = 4096
I/socket3 (15396): 保存图片字节 is.available() = 0 imageCount = 36864
I/socket3 (15396): imageCount2 = 36864 tempCount2 = 1448
I/socket3 (15396): 保存图片字节 is.available() = 6744 imageCount = 38312
I/socket3 (15396): imageCount2 = 38312 tempCount2 = 6744
I/socket3 (15396): 保存图片字节 is.available() = 1448 imageCount = 45056
I/socket3 (15396): imageCount2 = 45056 tempCount2 = 4096
I/socket3 (15396): 保存图片字节 is.available() = 0 imageCount = 49152
I/socket3 (15396): imageCount2 = 49152 tempCount2 = 1448
I/socket3 (15396): 保存图片字节 is.available() = 1448 imageCount = 50600
I/socket3 (15396): imageCount2 = 50600 tempCount2 = 1448
I/socket3 (15396): 保存图片字节 is.available() = 0 imageCount = 52048
I/socket3 (15396): imageCount2 = 52048 tempCount2 = 1200
I/socket3 (15396): 保存图片字节 is.available() = 0 imageCount = 53248
I/socket3 (15396): imageCount2 = 53248 tempCount2 = 1448
I/socket3 (15396): 保存图片字节 is.available() = 0 imageCount = 54696
I/socket3 (15396): imageCount2 = 54696 tempCount2 = 5544
I/socket3 (15396): 保存图片字节 is.available() = 1200 imageCount = 60240
I/socket3 (15396): imageCount2 = 60240 tempCount2 = 1200
I/socket3 (15396): 保存图片字节 is.available() = 1448 imageCount = 61440
I/socket3 (15396): imageCount2 = 61440 tempCount2 = 1448
I/socket3 (15396): 保存图片字节 is.available() = 0 imageCount = 62888
I/socket3 (15396): imageCount2 = 62888 tempCount2 = 1448
I/socket3 (15396): 保存图片字节 is.available() = 1200 imageCount = 64336
I/socket3 (15396): imageCount2 = 64336 tempCount2 = 1200
I/socket3 (15396): 保存图片字节 is.available() = 0 imageCount = 65536
I/socket3 (15396): imageCount2 = 65536 tempCount2 = 1448
I/socket3 (15396): 保存图片字节 is.available() = 1448 imageCount = 66984
I/socket3 (15396): imageCount2 = 66984 tempCount2 = 1448
I/socket3 (15396): 保存图片字节 is.available() = 1200 imageCount = 68432
I/socket3 (15396): imageCount2 = 68432 tempCount2 = 1200
I/socket3 (15396): 保存图片字节 is.available() = 0 imageCount = 69632
I/socket3 (15396): imageCount2 = 69632 tempCount2 = 2896
I/socket3 (15396): 保存图片字节 is.available() = 0 imageCount = 72528
I/socket3 (15396): imageCount2 = 72528 tempCount2 = 1200
I/socket3 (15396): 保存图片字节 is.available() = 0 imageCount = 73728
I/socket3 (15396): imageCount2 = 73728 tempCount2 = 1448
I/socket3 (15396): 保存图片字节 is.available() = 0 imageCount = 75176
I/socket3 (15396): imageCount2 = 75176 tempCount2 = 1448
I/socket3 (15396): 保存图片字节 is.available() = 1200 imageCount = 76624
I/socket3 (15396): imageCount2 = 76624 tempCount2 = 1200
I/socket3 (15396): 保存图片字节 is.available() = 0 imageCount = 77824
I/socket3 (15396): imageCount2 = 77824 tempCount2 = 1448
I/socket3 (15396): 保存图片字节 is.available() = 0 imageCount = 79272
I/socket3 (15396): imageCount2 = 79272 tempCount2 = 1448
I/socket3 (15396): 保存图片字节 is.available() = 0 imageCount = 80720
I/socket3 (15396): imageCount2 = 80720 tempCount2 = 1200
I/socket3 (15396): 保存图片字节 is.available() = 0 imageCount = 81920
I/socket3 (15396): imageCount2 = 81920 tempCount2 = 1448
I/socket3 (15396): 保存图片字节 is.available() = 0 imageCount = 83368
I/socket3 (15396): imageCount2 = 83368 tempCount2 = 1448
I/socket3 (15396): 保存图片字节 is.available() = 0 imageCount = 84816
I/socket3 (15396): imageCount1 = 84816 tempCount1 = 1200
I/socket3 (15396): 保存图片字节 is.available() = 1448 imageCount = 86016
I/socket3 (15396): imageCount1 = 86016 tempCount1 = 1448
I/socket3 (15396): 保存图片字节 is.available() = 1448 imageCount = 87464
I/socket3 (15396): imageCount1 = 87464 tempCount1 = 1448
I/socket3 (15396): 保存图片字节 is.available() = 1200 imageCount = 88912
I/socket3 (15396): imageCount1 = 88912 tempCount1 = 1200
I/socket3 (15396): 保存图片字节 is.available() = 0 imageCount = 90112
I/socket3 (15396): imageCount1 = 90112 tempCount1 = 1448
I/socket3 (15396): 保存图片字节 is.available() = 1448 imageCount = 91560
I/socket3 (15396): imageCount1 = 91560 tempCount1 = 2648
I/socket3 (15396): 保存图片字节 is.available() = 0 imageCount = 94208
I/socket3 (15396): imageCount1 = 94208 tempCount1 = 666
I/socket3 (15396): 读图片数据成功 bos imagedatalen - imageCount = 0
I/socket3 (15396): 读图片数据成功 bos length= 94874
I/System.out(15396): 取扫描时间与校验码 = 32303138303631323134323733323037360000
I/socket3 (15396): scantime received_Total == 19
I/socket3 (15396): 读图片数据完成 ---- endendend ----, 扫描时间 = 20180612142732076
I/System.out(15396): saveImage保存图片成功 - /storage/emulated/0/CaiNiaoBarcode/2018/7/25/14/pic_20180612142732076_1__TM_001106.bmp
I/System.out(15396): savaBarcodeInfo保存条码信息成功 - /storage/emulated/0/CaiNiaoBarcode/barcodeInfo.txt
D/MainActivity(15396): 二维码 barcode:TM_001106
I/socket3 (15396): 数据头 is.available() = 0
E/WifiStateMachine( 2269): Failed to handle: connected 131155
E/WifiStateMachine( 2269):  mFrameworkDetectiveEnabled 0
E/WifiStateMachine( 2269):  start trigger support enable 
E/WifiStateMachine( 2269): Failed to handle: connected 131143
E/WifiStateMachine( 2269): WifiStateMachine CMD_START_SCAN source -4 txSuccessRate=53.06 rxSuccessRate=69.13 targetRoamBSSID=any RSSI=-49
V/WLAN_PSA(  328): NL MSG, len[3975], NL type[0x1C] WNI type[0x5900] len[28431]
V/WLAN_PSA(  328): NL MSG, PID: 328
I/WifiHAL ( 2269): Poll result = 1
I/WifiHAL ( 2269): Found some events!!!
D/WifiHAL ( 2269): no_seq_check received
I/WifiHAL ( 2269): event received NL80211_CMD_TRIGGER_SCAN
I/WifiHAL ( 2269): event received NL80211_CMD_TRIGGER_SCAN, vendor_id = 0x0
I/WifiHAL ( 2269): event ignored!!
I/WifiHAL ( 2269): Poll result = 1
I/WifiHAL ( 2269): Found some events!!!
D/WifiHAL ( 2269): no_seq_check received
I/WifiHAL ( 2269): event received NL80211_CMD_NEW_SCAN_RESULTS
I/WifiHAL ( 2269): event received NL80211_CMD_NEW_SCAN_RESULTS, vendor_id = 0x0
I/WifiHAL ( 2269): event ignored!!
E/WifiStateMachine( 2269): Failed to handle: connected 147461
V/WLAN_PSA(  328): NL MSG, len[4074], NL type[0x1C] WNI type[0x5900] len[53775]
V/WLAN_PSA(  328): NL MSG, PID: 328
D/LBSSystemMonitorService( 2269): handleMessage what - 4
D/Wiper_jni( 2269): Send Network Location.
W/Atfwd_Sendcmd(14489): AtCmdFwd service not published, waiting... retryCnt : 1
I/SurfaceFlinger(  269): FPS: 4
W/ActivityManager( 2269): getRunningAppProcesses: caller 10161 does not hold REAL_GET_TASKS; limiting output
W/ActivityManager( 2269): getRunningAppProcesses: caller 10161 does not hold REAL_GET_TASKS; limiting output
V/WLAN_PSA(  328): NL MSG, len[048], NL type[0x11] WNI type[0x5050] len[028]
V/WLAN_PSA(  328): NL MSG, PID: 328
D/StatusBar.MSimNetworkController( 3751): refreshViews phoneId =0mMSimDataConnected =false
D/StatusBar.MSimNetworkController( 3751): refreshViews mMSimDataActivity =0
D/StatusBar.MSimNetworkController( 3751): refreshViews: Data not connected!! Set no data type icon / Roaming for phoneId: 0
I/SurfaceFlinger(  269): FPS: 1
D/VM_BMS  (  521): wake_lock acquired
D/VM_BMS  (  521): New BMS data - Size=56
D/VM_BMS  (  521): Start process_bms_data
D/VM_BMS  (  521): For batt_temp=338 fcc_mah=4342
D/VM_BMS  (  521): For ocv=4314408 batt_temp=338 soc=100
D/VM_BMS  (  521): fifo_count=5 acc_count=0
D/VM_BMS  (  521): INIT: ocv=4314408 last_ocv=4314408 batt_temp=338 soc=100
D/VM_BMS  (  521): For soc=100 batt_temp=338 slope=14000
D/VM_BMS  (  521): For soc=100 batt_temp=338 rbatt_sf=95
D/VM_BMS  (  521): rbatt_mohm_default=118, rbatt_mohm=112, sf=95 batt_temp=338
D/VM_BMS  (  521): For ocv=4314386 batt_temp=338 soc=100
D/VM_BMS  (  521): FIFO=0 fifo_avg=4.310088 rbatt=0.162000 slope=1.400000 ibatt=0.026599 ocv=4.314386 soc=100 fcc_ah=4.342000 sample_count=128 sample_interval=70 seq_num=30685
D/VM_BMS  (  521): For soc=100 batt_temp=338 slope=14000
D/VM_BMS  (  521): For soc=100 batt_temp=338 rbatt_sf=95
D/VM_BMS  (  521): rbatt_mohm_default=118, rbatt_mohm=112, sf=95 batt_temp=338
D/VM_BMS  (  521): For ocv=4314379 batt_temp=338 soc=100
D/VM_BMS  (  521): FIFO=1 fifo_avg=4.313031 rbatt=0.162000 slope=1.400000 ibatt=0.008342 ocv=4.314379 soc=100 fcc_ah=4.342000 sample_count=128 sample_interval=70 seq_num=30685
D/VM_BMS  (  521): For soc=100 batt_temp=338 slope=14000
D/VM_BMS  (  521): For soc=100 batt_temp=338 rbatt_sf=95
D/VM_BMS  (  521): rbatt_mohm_default=118, rbatt_mohm=112, sf=95 batt_temp=338
D/VM_BMS  (  521): For ocv=4314368 batt_temp=338 soc=100
D/VM_BMS  (  521): FIFO=2 fifo_avg=4.312146 rbatt=0.162000 slope=1.400000 ibatt=0.013750 ocv=4.314368 soc=100 fcc_ah=4.342000 sample_count=128 sample_interval=70 seq_num=30685
D/VM_BMS  (  521): For soc=100 batt_temp=338 slope=14000
D/VM_BMS  (  521): For soc=100 batt_temp=338 rbatt_sf=95
D/VM_BMS  (  521): rbatt_mohm_default=118, rbatt_mohm=112, sf=95 batt_temp=338
D/VM_BMS  (  521): For ocv=4314364 batt_temp=338 soc=100
D/VM_BMS  (  521): FIFO=3 fifo_avg=4.313616 rbatt=0.162000 slope=1.400000 ibatt=0.004630 ocv=4.314364 soc=100 fcc_ah=4.342000 sample_count=128 sample_interval=70 seq_num=30685
D/VM_BMS  (  521): For soc=100 batt_temp=338 slope=14000
D/VM_BMS  (  521): For soc=100 batt_temp=338 rbatt_sf=95
D/VM_BMS  (  521): rbatt_mohm_default=118, rbatt_mohm=112, sf=95 batt_temp=338
D/VM_BMS  (  521): For ocv=4314360 batt_temp=338 soc=100
D/VM_BMS  (  521): FIFO=4 fifo_avg=4.313616 rbatt=0.162000 slope=1.400000 ibatt=0.004607 ocv=4.314360 soc=100 fcc_ah=4.342000 sample_count=128 sample_interval=70 seq_num=30685
I/VM_BMS  (  521): power_supply_update: ocv_uv=4314360 ibatt=4606 soc=100 seq_num=30685
D/VM_BMS  (  521): End process_bms_data
D/VM_BMS  (  521): wake_lock released
E/WifiStateMachine( 2269): Failed to handle: connected 131155
E/WifiStateMachine( 2269):  mFrameworkDetectiveEnabled 0
E/WifiStateMachine( 2269):  start trigger support enable 
E/WifiStateMachine( 2269): Failed to handle: connected 131143
E/WifiStateMachine( 2269): WifiStateMachine CMD_START_SCAN source -4 txSuccessRate=6.63 rxSuccessRate=16.14 targetRoamBSSID=any RSSI=-50
V/WLAN_PSA(  328): NL MSG, len[4075], NL type[0x1C] WNI type[0x5900] len[54031]
V/WLAN_PSA(  328): NL MSG, PID: 328
V/WLAN_PSA(  328): NL MSG, len[914], NL type[0x11] WNI type[0x5050] len[894]
V/WLAN_PSA(  328): NL MSG, PID: 328
I/WifiHAL ( 2269): Poll result = 1
I/WifiHAL ( 2269): Found some events!!!
D/WifiHAL ( 2269): no_seq_check received
I/WifiHAL ( 2269): event received NL80211_CMD_TRIGGER_SCAN
I/WifiHAL ( 2269): event received NL80211_CMD_TRIGGER_SCAN, vendor_id = 0x0
I/WifiHAL ( 2269): event ignored!!
V/WLAN_PSA(  328): NL MSG, len[048], NL type[0x11] WNI type[0x5050] len[028]
V/WLAN_PSA(  328): NL MSG, PID: 328
V/WLAN_PSA(  328): NL MSG, len[4044], NL type[0x1C] WNI type[0x5900] len[46095]
V/WLAN_PSA(  328): NL MSG, PID: 328
V/WLAN_PSA(  328): NL MSG, len[4083], NL type[0x1C] WNI type[0x5900] len[56079]
V/WLAN_PSA(  328): NL MSG, PID: 328
V/WLAN_PSA(  328): NL MSG, len[4003], NL type[0x1C] WNI type[0x5900] len[35599]
V/WLAN_PSA(  328): NL MSG, PID: 328
V/WLAN_PSA(  328): NL MSG, len[4058], NL type[0x1C] WNI type[0x5900] len[49679]
V/WLAN_PSA(  328): NL MSG, PID: 328
V/WLAN_PSA(  328): NL MSG, len[4010], NL type[0x1C] WNI type[0x5900] len[37391]
V/WLAN_PSA(  328): NL MSG, PID: 328
V/WLAN_PSA(  328): NL MSG, len[914], NL type[0x11] WNI type[0x5050] len[894]
V/WLAN_PSA(  328): NL MSG, PID: 328
V/WLAN_PSA(  328): NL MSG, len[3976], NL type[0x1C] WNI type[0x5900] len[28687]
V/WLAN_PSA(  328): NL MSG, PID: 328
I/socket3 (15396): Read 0xFEFE time outreceived_Total == 2
I/socket3 (15396): 读取数据头成功
I/socket3 (15396): 版本号机器序列号 received_Total == 14
I/socket3 (15396): 条码长度codeBytes = 0000000F
I/socket3 (15396): 条码长度 = 15
I/socket3 (15396): barcodelen received_Total == 15
I/socket3 (15396): 读取条码成功 barcode =611031969205635
I/socket3 (15396): imagenamelen received_Total == 4
I/socket3 (15396): 读图片名称长度成功
I/socket3 (15396): 读图片名称长度成功 imagenamelen = 54
I/socket3 (15396): imagename received_Total == 54
I/socket3 (15396): 读图片名称成功 imgname = pic_20180612142747308_2__TM_001106,611031969205635.bmp
I/socket3 (15396): imagelen received_Total == 4
I/socket3 (15396): 读取图片长度成功 图片数据长度 imagedatalen = 146722
I/socket3 (15396): 保存图片字节 is.available() = 11088 imageCount = 0
I/socket3 (15396): imageCount2 = 0 tempCount2 = 10240
I/socket3 (15396): 保存图片字节 is.available() = 2048 imageCount = 10240
I/socket3 (15396): imageCount2 = 10240 tempCount2 = 2048
I/socket3 (15396): 保存图片字节 is.available() = 0 imageCount = 12288
I/socket3 (15396): imageCount2 = 12288 tempCount2 = 4096
I/socket3 (15396): 保存图片字节 is.available() = 1448 imageCount = 16384
I/socket3 (15396): imageCount2 = 16384 tempCount2 = 1448
I/socket3 (15396): 保存图片字节 is.available() = 0 imageCount = 17832
I/socket3 (15396): imageCount2 = 17832 tempCount2 = 6744
I/socket3 (15396): 保存图片字节 is.available() = 0 imageCount = 24576
I/socket3 (15396): imageCount2 = 24576 tempCount2 = 1448
I/socket3 (15396): 保存图片字节 is.available() = 0 imageCount = 26024
I/socket3 (15396): imageCount2 = 26024 tempCount2 = 2648
I/socket3 (15396): 保存图片字节 is.available() = 0 imageCount = 28672
I/socket3 (15396): imageCount2 = 28672 tempCount2 = 1448
I/socket3 (15396): 保存图片字节 is.available() = 1448 imageCount = 30120
I/socket3 (15396): imageCount2 = 30120 tempCount2 = 2648
I/socket3 (15396): 保存图片字节 is.available() = 4096 imageCount = 32768
I/socket3 (15396): imageCount2 = 32768 tempCount2 = 4096
I/socket3 (15396): 保存图片字节 is.available() = 0 imageCount = 36864
I/socket3 (15396): imageCount2 = 36864 tempCount2 = 1448
I/socket3 (15396): 保存图片字节 is.available() = 0 imageCount = 38312
I/socket3 (15396): imageCount2 = 38312 tempCount2 = 2648
I/socket3 (15396): 保存图片字节 is.available() = 2896 imageCount = 40960
I/socket3 (15396): imageCount2 = 40960 tempCount2 = 4096
I/socket3 (15396): 保存图片字节 is.available() = 2896 imageCount = 45056
I/socket3 (15396): imageCount2 = 45056 tempCount2 = 2896
I/socket3 (15396): 保存图片字节 is.available() = 1200 imageCount = 47952
I/socket3 (15396): imageCount2 = 47952 tempCount2 = 1200
I/socket3 (15396): 保存图片字节 is.available() = 0 imageCount = 49152
I/socket3 (15396): imageCount2 = 49152 tempCount2 = 1448
I/socket3 (15396): 保存图片字节 is.available() = 0 imageCount = 50600
I/socket3 (15396): imageCount2 = 50600 tempCount2 = 1448
I/socket3 (15396): 保存图片字节 is.available() = 2648 imageCount = 52048
I/socket3 (15396): imageCount2 = 52048 tempCount2 = 2648
I/socket3 (15396): 保存图片字节 is.available() = 0 imageCount = 54696
I/socket3 (15396): imageCount2 = 54696 tempCount2 = 1448
I/socket3 (15396): 保存图片字节 is.available() = 2648 imageCount = 56144
I/socket3 (15396): imageCount2 = 56144 tempCount2 = 4096
I/socket3 (15396): 保存图片字节 is.available() = 0 imageCount = 60240
I/socket3 (15396): imageCount2 = 60240 tempCount2 = 1200
I/socket3 (15396): 保存图片字节 is.available() = 0 imageCount = 61440
V/WLAN_PSA(  328): NL MSG, len[914], NL type[0x11] WNI type[0x5050] len[894]
V/WLAN_PSA(  328): NL MSG, PID: 328
V/WLAN_PSA(  328): NL MSG, len[048], NL type[0x11] WNI type[0x5050] len[028]
V/WLAN_PSA(  328): NL MSG, PID: 328
V/WLAN_PSA(  328): NL MSG, len[4093], NL type[0x1C] WNI type[0x5900] len[58639]
V/WLAN_PSA(  328): NL MSG, PID: 328
V/WLAN_PSA(  328): NL MSG, len[4029], NL type[0x1C] WNI type[0x5900] len[42255]
V/WLAN_PSA(  328): NL MSG, PID: 328
V/WLAN_PSA(  328): NL MSG, len[4056], NL type[0x1C] WNI type[0x5900] len[49167]
V/WLAN_PSA(  328): NL MSG, PID: 328
V/WLAN_PSA(  328): NL MSG, len[4060], NL type[0x1C] WNI type[0x5900] len[50191]
V/WLAN_PSA(  328): NL MSG, PID: 328
V/WLAN_PSA(  328): NL MSG, len[914], NL type[0x11] WNI type[0x5050] len[894]
V/WLAN_PSA(  328): NL MSG, PID: 328
V/WLAN_PSA(  328): NL MSG, len[3976], NL type[0x1C] WNI type[0x5900] len[28687]
V/WLAN_PSA(  328): NL MSG, PID: 328
I/socket3 (15396): imageCount2 = 61440 tempCount2 = 1448
I/socket3 (15396): 保存图片字节 is.available() = 0 imageCount = 62888
I/socket3 (15396): imageCount2 = 62888 tempCount2 = 1448
I/socket3 (15396): 保存图片字节 is.available() = 1200 imageCount = 64336
I/socket3 (15396): imageCount2 = 64336 tempCount2 = 2648
I/socket3 (15396): 保存图片字节 is.available() = 2648 imageCount = 66984
I/socket3 (15396): imageCount2 = 66984 tempCount2 = 4096
I/socket3 (15396): 保存图片字节 is.available() = 0 imageCount = 71080
I/socket3 (15396): imageCount2 = 71080 tempCount2 = 2648
I/socket3 (15396): 保存图片字节 is.available() = 0 imageCount = 73728
I/socket3 (15396): imageCount2 = 73728 tempCount2 = 1448
I/socket3 (15396): 保存图片字节 is.available() = 0 imageCount = 75176
I/socket3 (15396): imageCount2 = 75176 tempCount2 = 1448
I/socket3 (15396): 保存图片字节 is.available() = 0 imageCount = 76624
I/socket3 (15396): imageCount2 = 76624 tempCount2 = 2648
I/socket3 (15396): 保存图片字节 is.available() = 2648 imageCount = 79272
I/socket3 (15396): imageCount2 = 79272 tempCount2 = 4096
I/socket3 (15396): 保存图片字节 is.available() = 1448 imageCount = 83368
I/socket3 (15396): imageCount2 = 83368 tempCount2 = 2648
I/socket3 (15396): 保存图片字节 is.available() = 0 imageCount = 86016
I/socket3 (15396): imageCount2 = 86016 tempCount2 = 1448
I/socket3 (15396): 保存图片字节 is.available() = 0 imageCount = 87464
I/socket3 (15396): imageCount2 = 87464 tempCount2 = 1448
I/socket3 (15396): 保存图片字节 is.available() = 0 imageCount = 88912
I/socket3 (15396): imageCount2 = 88912 tempCount2 = 1200
I/socket3 (15396): 保存图片字节 is.available() = 5544 imageCount = 90112
I/socket3 (15396): imageCount2 = 90112 tempCount2 = 6992
I/socket3 (15396): 保存图片字节 is.available() = 1200 imageCount = 97104
I/socket3 (15396): imageCount2 = 97104 tempCount2 = 1200
I/socket3 (15396): 保存图片字节 is.available() = 0 imageCount = 98304
I/socket3 (15396): imageCount2 = 98304 tempCount2 = 1448
I/socket3 (15396): 保存图片字节 is.available() = 1448 imageCount = 99752
I/socket3 (15396): imageCount2 = 99752 tempCount2 = 2648
I/socket3 (15396): 保存图片字节 is.available() = 4096 imageCount = 102400
I/socket3 (15396): imageCount2 = 102400 tempCount2 = 4096
I/socket3 (15396): 保存图片字节 is.available() = 0 imageCount = 106496
I/socket3 (15396): imageCount2 = 106496 tempCount2 = 1448
I/socket3 (15396): 保存图片字节 is.available() = 1448 imageCount = 107944
I/socket3 (15396): imageCount2 = 107944 tempCount2 = 1448
I/socket3 (15396): 保存图片字节 is.available() = 1200 imageCount = 109392
I/socket3 (15396): imageCount2 = 109392 tempCount2 = 1200
I/socket3 (15396): 保存图片字节 is.available() = 0 imageCount = 110592
I/socket3 (15396): imageCount2 = 110592 tempCount2 = 1448
I/socket3 (15396): 保存图片字节 is.available() = 0 imageCount = 112040
I/socket3 (15396): imageCount2 = 112040 tempCount2 = 6744
I/socket3 (15396): 保存图片字节 is.available() = 0 imageCount = 118784
I/socket3 (15396): imageCount2 = 118784 tempCount2 = 1448
I/socket3 (15396): 保存图片字节 is.available() = 0 imageCount = 120232
I/socket3 (15396): imageCount2 = 120232 tempCount2 = 2648
I/socket3 (15396): 保存图片字节 is.available() = 0 imageCount = 122880
I/socket3 (15396): imageCount2 = 122880 tempCount2 = 2896
I/socket3 (15396): 保存图片字节 is.available() = 0 imageCount = 125776
I/socket3 (15396): imageCount2 = 125776 tempCount2 = 2648
I/socket3 (15396): 保存图片字节 is.available() = 1448 imageCount = 128424
I/socket3 (15396): imageCount2 = 128424 tempCount2 = 1448
I/socket3 (15396): 保存图片字节 is.available() = 1200 imageCount = 129872
I/socket3 (15396): imageCount2 = 129872 tempCount2 = 1200
I/socket3 (15396): 保存图片字节 is.available() = 0 imageCount = 131072
I/socket3 (15396): imageCount2 = 131072 tempCount2 = 4096
I/socket3 (15396): 保存图片字节 is.available() = 2896 imageCount = 135168
I/socket3 (15396): imageCount2 = 135168 tempCount2 = 4096
I/socket3 (15396): 保存图片字节 is.available() = 0 imageCount = 139264
I/socket3 (15396): imageCount1 = 139264 tempCount1 = 1448
I/socket3 (15396): 保存图片字节 is.available() = 1448 imageCount = 140712
I/socket3 (15396): imageCount1 = 140712 tempCount1 = 1448
I/socket3 (15396): 保存图片字节 is.available() = 2648 imageCount = 142160
I/socket3 (15396): imageCount1 = 142160 tempCount1 = 2648
