I/socket3 (15396): 保存图片字节 is.available() = 1914 imageCount = 144808
I/socket3 (15396): imageCount1 = 144808 tempCount1 = 1914
I/socket3 (15396): 读图片数据成功 bos imagedatalen - imageCount = 0
I/socket3 (15396): 读图片数据成功 bos length= 146722
I/System.out(15396): 取扫描时间与校验码 = 32303138303631323134323734373330380000
I/socket3 (15396): scantime received_Total == 19
I/socket3 (15396): 读图片数据完成 ---- endendend ----, 扫描时间 = 20180612142747308
V/WLAN_PSA(  328): NL MSG, len[914], NL type[0x11] WNI type[0x5050] len[894]
V/WLAN_PSA(  328): NL MSG, PID: 328
V/WLAN_PSA(  328): NL MSG, len[048], NL type[0x11] WNI type[0x5050] len[028]
V/WLAN_PSA(  328): NL MSG, PID: 328
V/WLAN_PSA(  328): NL MSG, len[4085], NL type[0x1C] WNI type[0x5900] len[56591]
V/WLAN_PSA(  328): NL MSG, PID: 328
V/WLAN_PSA(  328): NL MSG, len[4041], NL type[0x1C] WNI type[0x5900] len[45327]
V/WLAN_PSA(  328): NL MSG, PID: 328
V/WLAN_PSA(  328): NL MSG, len[4019], NL type[0x1C] WNI type[0x5900] len[39695]
V/WLAN_PSA(  328): NL MSG, PID: 328
D/StatusBar.MSimNetworkController( 3751): refreshViews phoneId =0mMSimDataConnected =false
D/StatusBar.MSimNetworkController( 3751): refreshViews mMSimDataActivity =0
V/WLAN_PSA(  328): NL MSG, len[4055], NL type[0x1C] WNI type[0x5900] len[48911]
V/WLAN_PSA(  328): NL MSG, PID: 328
D/StatusBar.MSimNetworkController( 3751): refreshViews: Data not connected!! Set no data type icon / Roaming for phoneId: 0
V/WLAN_PSA(  328): NL MSG, len[914], NL type[0x11] WNI type[0x5050] len[894]
V/WLAN_PSA(  328): NL MSG, PID: 328
V/WLAN_PSA(  328): NL MSG, len[4007], NL type[0x1C] WNI type[0x5900] len[36623]
V/WLAN_PSA(  328): NL MSG, PID: 328
I/SurfaceFlinger(  269): FPS: 2
I/System.out(15396): saveImage保存图片成功 - /storage/emulated/0/CaiNiaoBarcode/2018/7/25/14/pic_20180612142747308_2__TM_001106,611031969205635.bmp
I/System.out(15396): savaBarcodeInfo保存条码信息成功 - /storage/emulated/0/CaiNiaoBarcode/barcodeInfo.txt
D/MainActivity(15396): 二维码 barcode:611031969205635
I/socket3 (15396): 数据头 is.available() = 0
V/WLAN_PSA(  328): NL MSG, len[914], NL type[0x11] WNI type[0x5050] len[894]
V/WLAN_PSA(  328): NL MSG, PID: 328
V/WLAN_PSA(  328): NL MSG, len[048], NL type[0x11] WNI type[0x5050] len[028]
V/WLAN_PSA(  328): NL MSG, PID: 328
V/WLAN_PSA(  328): NL MSG, len[4043], NL type[0x1C] WNI type[0x5900] len[45839]
V/WLAN_PSA(  328): NL MSG, PID: 328
V/WLAN_PSA(  328): NL MSG, len[4065], NL type[0x1C] WNI type[0x5900] len[51471]
V/WLAN_PSA(  328): NL MSG, PID: 328
V/WLAN_PSA(  328): NL MSG, len[4076], NL type[0x1C] WNI type[0x5900] len[54287]
V/WLAN_PSA(  328): NL MSG, PID: 328
V/WLAN_PSA(  328): NL MSG, len[4070], NL type[0x1C] WNI type[0x5900] len[52751]
V/WLAN_PSA(  328): NL MSG, PID: 328
V/WLAN_PSA(  328): NL MSG, len[914], NL type[0x11] WNI type[0x5050] len[894]
V/WLAN_PSA(  328): NL MSG, PID: 328
V/WLAN_PSA(  328): NL MSG, len[4003], NL type[0x1C] WNI type[0x5900] len[35599]
V/WLAN_PSA(  328): NL MSG, PID: 328
V/WLAN_PSA(  328): NL MSG, len[914], NL type[0x11] WNI type[0x5050] len[894]
V/WLAN_PSA(  328): NL MSG, PID: 328
V/WLAN_PSA(  328): NL MSG, len[048], NL type[0x11] WNI type[0x5050] len[028]
V/WLAN_PSA(  328): NL MSG, PID: 328
V/WLAN_PSA(  328): NL MSG, len[4077], NL type[0x1C] WNI type[0x5900] len[54543]
V/WLAN_PSA(  328): NL MSG, PID: 328
V/WLAN_PSA(  328): NL MSG, len[3993], NL type[0x1C] WNI type[0x5900] len[33039]
V/WLAN_PSA(  328): NL MSG, PID: 328
V/WLAN_PSA(  328): NL MSG, len[4075], NL type[0x1C] WNI type[0x5900] len[54031]
V/WLAN_PSA(  328): NL MSG, PID: 328
V/WLAN_PSA(  328): NL MSG, len[048], NL type[0x11] WNI type[0x5050] len[028]
V/WLAN_PSA(  328): NL MSG, PID: 328
V/WLAN_PSA(  328): NL MSG, len[914], NL type[0x11] WNI type[0x5050] len[894]
V/WLAN_PSA(  328): NL MSG, PID: 328
V/WLAN_PSA(  328): NL MSG, len[4060], NL type[0x1C] WNI type[0x5900] len[50191]
V/WLAN_PSA(  328): NL MSG, PID: 328
V/WLAN_PSA(  328): NL MSG, len[914], NL type[0x11] WNI type[0x5050] len[894]
V/WLAN_PSA(  328): NL MSG, PID: 328
V/WLAN_PSA(  328): NL MSG, len[048], NL type[0x11] WNI type[0x5050] len[028]
V/WLAN_PSA(  328): NL MSG, PID: 328
V/WLAN_PSA(  328): NL MSG, len[4085], NL type[0x1C] WNI type[0x5900] len[56591]
V/WLAN_PSA(  328): NL MSG, PID: 328
V/WLAN_PSA(  328): NL MSG, len[4075], NL type[0x1C] WNI type[0x5900] len[54031]
V/WLAN_PSA(  328): NL MSG, PID: 328
V/WLAN_PSA(  328): NL MSG, len[048], NL type[0x11] WNI type[0x5050] len[028]
V/WLAN_PSA(  328): NL MSG, PID: 328
V/WLAN_PSA(  328): NL MSG, len[914], NL type[0x11] WNI type[0x5050] len[894]
V/WLAN_PSA(  328): NL MSG, PID: 328
V/WLAN_PSA(  328): NL MSG, len[4066], NL type[0x1C] WNI type[0x5900] len[51727]
V/WLAN_PSA(  328): NL MSG, PID: 328
V/WLAN_PSA(  328): NL MSG, len[914], NL type[0x11] WNI type[0x5050] len[894]
V/WLAN_PSA(  328): NL MSG, PID: 328
V/WLAN_PSA(  328): NL MSG, len[048], NL type[0x11] WNI type[0x5050] len[028]
V/WLAN_PSA(  328): NL MSG, PID: 328
V/WLAN_PSA(  328): NL MSG, len[3995], NL type[0x1C] WNI type[0x5900] len[33551]
V/WLAN_PSA(  328): NL MSG, PID: 328
D/StatusBar.MSimNetworkController( 3751): refreshViews phoneId =0mMSimDataConnected =false
D/StatusBar.MSimNetworkController( 3751): refreshViews mMSimDataActivity =0
D/StatusBar.MSimNetworkController( 3751): refreshViews: Data not connected!! Set no data type icon / Roaming for phoneId: 0
V/WLAN_PSA(  328): NL MSG, len[4056], NL type[0x1C] WNI type[0x5900] len[49167]
V/WLAN_PSA(  328): NL MSG, PID: 328
V/WLAN_PSA(  328): NL MSG, len[048], NL type[0x11] WNI type[0x5050] len[028]
V/WLAN_PSA(  328): NL MSG, PID: 328
V/WLAN_PSA(  328): NL MSG, len[914], NL type[0x11] WNI type[0x5050] len[894]
V/WLAN_PSA(  328): NL MSG, PID: 328
V/WLAN_PSA(  328): NL MSG, len[914], NL type[0x11] WNI type[0x5050] len[894]
V/WLAN_PSA(  328): NL MSG, PID: 328
V/WLAN_PSA(  328): NL MSG, len[048], NL type[0x11] WNI type[0x5050] len[028]
V/WLAN_PSA(  328): NL MSG, PID: 328
V/WLAN_PSA(  328): NL MSG, len[4036], NL type[0x1C] WNI type[0x5900] len[44047]
V/WLAN_PSA(  328): NL MSG, PID: 328
V/WLAN_PSA(  328): NL MSG, len[4080], NL type[0x1C] WNI type[0x5900] len[55311]
V/WLAN_PSA(  328): NL MSG, PID: 328
V/WLAN_PSA(  328): NL MSG, len[4030], NL type[0x1C] WNI type[0x5900] len[42511]
V/WLAN_PSA(  328): NL MSG, PID: 328
V/WLAN_PSA(  328): NL MSG, len[4067], NL type[0x1C] WNI type[0x5900] len[51983]
V/WLAN_PSA(  328): NL MSG, PID: 328
V/WLAN_PSA(  328): NL MSG, len[914], NL type[0x11] WNI type[0x5050] len[894]
V/WLAN_PSA(  328): NL MSG, PID: 328
V/WLAN_PSA(  328): NL MSG, len[914], NL type[0x11] WNI type[0x5050] len[894]
V/WLAN_PSA(  328): NL MSG, PID: 328
V/WLAN_PSA(  328): NL MSG, len[048], NL type[0x11] WNI type[0x5050] len[028]
V/WLAN_PSA(  328): NL MSG, PID: 328
V/WLAN_PSA(  328): NL MSG, len[3941], NL type[0x1C] WNI type[0x5900] len[19727]
V/WLAN_PSA(  328): NL MSG, PID: 328
V/WLAN_PSA(  328): NL MSG, len[3953], NL type[0x1C] WNI type[0x5900] len[22799]
V/WLAN_PSA(  328): NL MSG, PID: 328
V/WLAN_PSA(  328): NL MSG, len[3973], NL type[0x1C] WNI type[0x5900] len[27919]
V/WLAN_PSA(  328): NL MSG, PID: 328
V/WLAN_PSA(  328): NL MSG, len[048], NL type[0x11] WNI type[0x5050] len[028]
V/WLAN_PSA(  328): NL MSG, PID: 328
V/WLAN_PSA(  328): NL MSG, len[914], NL type[0x11] WNI type[0x5050] len[894]
V/WLAN_PSA(  328): NL MSG, PID: 328
V/WLAN_PSA(  328): NL MSG, len[4012], NL type[0x1C] WNI type[0x5900] len[37903]
V/WLAN_PSA(  328): NL MSG, PID: 328
I/WifiHAL ( 2269): Poll result = 1
I/WifiHAL ( 2269): Found some events!!!
D/WifiHAL ( 2269): no_seq_check received
I/WifiHAL ( 2269): event received NL80211_CMD_NEW_SCAN_RESULTS
I/WifiHAL ( 2269): event received NL80211_CMD_NEW_SCAN_RESULTS, vendor_id = 0x0
I/WifiHAL ( 2269): event ignored!!
E/WifiStateMachine( 2269): Failed to handle: connected 147461
I/SurfaceFlinger(  269): FPS: 4
D/LBSSystemMonitorService( 2269): handleMessage what - 4
D/Wiper_jni( 2269): Send Network Location.
I/ServiceManager(14489): Waiting for service AtCmdFwd...
E/WifiStateMachine( 2269): Failed to handle: connected 131155
V/WLAN_PSA(  328): NL MSG, len[4040], NL type[0x1C] WNI type[0x5900] len[45071]
V/WLAN_PSA(  328): NL MSG, PID: 328
D/StatusBar.MSimNetworkController( 3751): refreshViews phoneId =0mMSimDataConnected =false
D/StatusBar.MSimNetworkController( 3751): refreshViews mMSimDataActivity =0
D/StatusBar.MSimNetworkController( 3751): refreshViews: Data not connected!! Set no data type icon / Roaming for phoneId: 0
E/WifiStateMachine( 2269):  mFrameworkDetectiveEnabled 0
E/WifiStateMachine( 2269):  start trigger support enable 
E/WifiStateMachine( 2269): Failed to handle: connected 131143
E/WifiStateMachine( 2269): WifiStateMachine CMD_START_SCAN source -4 txSuccessRate=18.83 rxSuccessRate=38.02 targetRoamBSSID=any RSSI=-56
I/WifiHAL ( 2269): Poll result = 1
I/WifiHAL ( 2269): Found some events!!!
D/WifiHAL ( 2269): no_seq_check received
I/WifiHAL ( 2269): event received NL80211_CMD_TRIGGER_SCAN
I/WifiHAL ( 2269): event received NL80211_CMD_TRIGGER_SCAN, vendor_id = 0x0
I/WifiHAL ( 2269): event ignored!!
I/WifiHAL ( 2269): Poll result = 1
I/WifiHAL ( 2269): Found some events!!!
V/WLAN_PSA(  328): NL MSG, len[4082], NL type[0x1C] WNI type[0x5900] len[55823]
D/WifiHAL ( 2269): no_seq_check received
V/WLAN_PSA(  328): NL MSG, PID: 328
I/WifiHAL ( 2269): event received NL80211_CMD_NEW_SCAN_RESULTS
I/WifiHAL ( 2269): event received NL80211_CMD_NEW_SCAN_RESULTS, vendor_id = 0x0
I/WifiHAL ( 2269): event ignored!!
E/WifiStateMachine( 2269): Failed to handle: connected 147461
D/LBSSystemMonitorService( 2269): handleMessage what - 4
D/Wiper_jni( 2269): Send Network Location.
I/ServiceManager(14489): Waiting for service AtCmdFwd...
V/WLAN_PSA(  328): NL MSG, len[048], NL type[0x11] WNI type[0x5050] len[028]
V/WLAN_PSA(  328): NL MSG, PID: 328
I/socket1 (15396): Read 0xFEFE time outreceived_Total == 2
I/socket1 (15396): 读取数据头成功
I/socket1 (15396): 版本号机器序列号 received_Total == 14
I/socket1 (15396): 条码长度codeBytes = 0000000F
I/socket1 (15396): 条码长度 = 15
I/socket1 (15396): barcodelen received_Total == 15
I/socket1 (15396): 读取条码成功 barcode =611031974651677
I/socket1 (15396): imagenamelen received_Total == 4
I/socket1 (15396): 读图片名称长度成功
I/socket1 (15396): 读图片名称长度成功 imagenamelen = 44
I/socket1 (15396): imagename received_Total == 44
I/socket1 (15396): 读图片名称成功 imgname = pic_20180612142942083_1__611031974651677.bmp
I/socket1 (15396): imagelen received_Total == 4
I/socket1 (15396): 读取图片长度成功 图片数据长度 imagedatalen = 161371
I/socket1 (15396): 保存图片字节 is.available() = 13748 imageCount = 0
I/socket1 (15396): imageCount2 = 0 tempCount2 = 10240
I/socket1 (15396): 保存图片字节 is.available() = 7604 imageCount = 10240
I/socket1 (15396): imageCount2 = 10240 tempCount2 = 9064
I/socket1 (15396): 保存图片字节 is.available() = 2636 imageCount = 19304
I/socket1 (15396): imageCount2 = 19304 tempCount2 = 4096
I/socket1 (15396): 保存图片字节 is.available() = 1176 imageCount = 23400
I/socket1 (15396): imageCount2 = 23400 tempCount2 = 2636
I/socket1 (15396): 保存图片字节 is.available() = 1460 imageCount = 26036
I/socket1 (15396): imageCount2 = 26036 tempCount2 = 2636
I/socket1 (15396): 保存图片字节 is.available() = 0 imageCount = 28672
I/socket1 (15396): imageCount2 = 28672 tempCount2 = 1460
I/socket1 (15396): 保存图片字节 is.available() = 0 imageCount = 30132
I/socket1 (15396): imageCount2 = 30132 tempCount2 = 1460
I/socket1 (15396): 保存图片字节 is.available() = 1176 imageCount = 31592
I/socket1 (15396): imageCount2 = 31592 tempCount2 = 1176
I/socket1 (15396): 保存图片字节 is.available() = 1460 imageCount = 32768
I/socket1 (15396): imageCount2 = 32768 tempCount2 = 1460
I/socket1 (15396): 保存图片字节 is.available() = 1460 imageCount = 34228
I/socket1 (15396): imageCount2 = 34228 tempCount2 = 1460
I/socket1 (15396): 保存图片字节 is.available() = 1176 imageCount = 35688
I/socket1 (15396): imageCount2 = 35688 tempCount2 = 1176
I/socket1 (15396): 保存图片字节 is.available() = 1460 imageCount = 36864
I/socket1 (15396): imageCount2 = 36864 tempCount2 = 1460
I/socket1 (15396): 保存图片字节 is.available() = 0 imageCount = 38324
I/socket1 (15396): imageCount2 = 38324 tempCount2 = 1460
I/socket1 (15396): 保存图片字节 is.available() = 1176 imageCount = 39784
I/socket1 (15396): imageCount2 = 39784 tempCount2 = 1176
I/socket1 (15396): 保存图片字节 is.available() = 1460 imageCount = 40960
I/socket1 (15396): imageCount2 = 40960 tempCount2 = 1460
I/socket1 (15396): 保存图片字节 is.available() = 1460 imageCount = 42420
I/socket1 (15396): imageCount2 = 42420 tempCount2 = 1460
I/socket1 (15396): 保存图片字节 is.available() = 1176 imageCount = 43880
I/socket1 (15396): imageCount2 = 43880 tempCount2 = 1176
I/socket1 (15396): 保存图片字节 is.available() = 1460 imageCount = 45056
I/socket1 (15396): imageCount2 = 45056 tempCount2 = 1460
I/socket1 (15396): 保存图片字节 is.available() = 0 imageCount = 46516
I/socket1 (15396): imageCount2 = 46516 tempCount2 = 1460
I/socket1 (15396): 保存图片字节 is.available() = 2636 imageCount = 47976
I/socket1 (15396): imageCount2 = 47976 tempCount2 = 2636
I/socket1 (15396): 保存图片字节 is.available() = 1460 imageCount = 50612
I/socket1 (15396): imageCount2 = 50612 tempCount2 = 1460
I/socket1 (15396): 保存图片字节 is.available() = 1176 imageCount = 52072
I/socket1 (15396): imageCount2 = 52072 tempCount2 = 1176
I/socket1 (15396): 保存图片字节 is.available() = 1460 imageCount = 53248
I/socket1 (15396): imageCount2 = 53248 tempCount2 = 1460
I/socket1 (15396): 保存图片字节 is.available() = 0 imageCount = 54708
I/socket1 (15396): imageCount2 = 54708 tempCount2 = 1460
I/socket1 (15396): 保存图片字节 is.available() = 1176 imageCount = 56168
I/socket1 (15396): imageCount2 = 56168 tempCount2 = 1176
I/socket1 (15396): 保存图片字节 is.available() = 1460 imageCount = 57344
I/socket1 (15396): imageCount2 = 57344 tempCount2 = 1460
I/socket1 (15396): 保存图片字节 is.available() = 1460 imageCount = 58804
I/socket1 (15396): imageCount2 = 58804 tempCount2 = 1460
I/socket1 (15396): 保存图片字节 is.available() = 1176 imageCount = 60264
I/socket1 (15396): imageCount2 = 60264 tempCount2 = 1176
I/socket1 (15396): 保存图片字节 is.available() = 1460 imageCount = 61440
I/socket1 (15396): imageCount2 = 61440 tempCount2 = 1460
I/socket1 (15396): 保存图片字节 is.available() = 1460 imageCount = 62900
I/socket1 (15396): imageCount2 = 62900 tempCount2 = 1460
I/socket1 (15396): 保存图片字节 is.available() = 1176 imageCount = 64360
I/socket1 (15396): imageCount2 = 64360 tempCount2 = 1176
I/socket1 (15396): 保存图片字节 is.available() = 0 imageCount = 65536
I/socket1 (15396): imageCount2 = 65536 tempCount2 = 1460
I/socket1 (15396): 保存图片字节 is.available() = 1460 imageCount = 66996
I/socket1 (15396): imageCount2 = 66996 tempCount2 = 1460
I/socket1 (15396): 保存图片字节 is.available() = 1176 imageCount = 68456
I/socket1 (15396): imageCount2 = 68456 tempCount2 = 1176
I/socket1 (15396): 保存图片字节 is.available() = 0 imageCount = 69632
I/socket1 (15396): imageCount2 = 69632 tempCount2 = 1460
I/socket1 (15396): 保存图片字节 is.available() = 1460 imageCount = 71092
I/socket1 (15396): imageCount2 = 71092 tempCount2 = 1460
I/socket1 (15396): 保存图片字节 is.available() = 0 imageCount = 72552
I/socket1 (15396): imageCount2 = 72552 tempCount2 = 1176
I/socket1 (15396): 保存图片字节 is.available() = 2920 imageCount = 73728
I/socket1 (15396): imageCount2 = 73728 tempCount2 = 4096
I/socket1 (15396): 保存图片字节 is.available() = 0 imageCount = 77824
I/socket1 (15396): imageCount2 = 77824 tempCount2 = 1460
I/socket1 (15396): 保存图片字节 is.available() = 1460 imageCount = 79284
I/socket1 (15396): imageCount2 = 79284 tempCount2 = 4096
I/socket1 (15396): 保存图片字节 is.available() = 4096 imageCount = 83380
I/socket1 (15396): imageCount2 = 83380 tempCount2 = 9652
I/socket1 (15396): 保存图片字节 is.available() = 0 imageCount = 93032
I/socket1 (15396): imageCount2 = 93032 tempCount2 = 1176
I/socket1 (15396): 保存图片字节 is.available() = 1460 imageCount = 94208
I/socket1 (15396): imageCount2 = 94208 tempCount2 = 1460
I/socket1 (15396): 保存图片字节 is.available() = 0 imageCount = 95668
D/StatusBar.MSimNetworkController( 3751): refreshViews phoneId =0mMSimDataConnected =false
D/StatusBar.MSimNetworkController( 3751): refreshViews mMSimDataActivity =0
I/socket1 (15396): imageCount2 = 95668 tempCount2 = 10240
I/socket1 (15396): 保存图片字节 is.available() = 6144 imageCount = 105908
I/socket1 (15396): imageCount2 = 105908 tempCount2 = 8780
D/StatusBar.MSimNetworkController( 3751): refreshViews: Data not connected!! Set no data type icon / Roaming for phoneId: 0
I/socket1 (15396): 保存图片字节 is.available() = 7016 imageCount = 114688
I/socket1 (15396): imageCount2 = 114688 tempCount2 = 10240
I/socket1 (15396): 保存图片字节 is.available() = 10240 imageCount = 124928
I/socket1 (15396): imageCount2 = 124928 tempCount2 = 10240
I/socket1 (15396): 保存图片字节 is.available() = 0 imageCount = 135168
I/SurfaceFlinger(  269): FPS: 2
I/socket1 (15396): imageCount2 = 135168 tempCount2 = 1460
I/socket1 (15396): 保存图片字节 is.available() = 0 imageCount = 136628
I/socket1 (15396): imageCount2 = 136628 tempCount2 = 1460
I/socket1 (15396): 保存图片字节 is.available() = 1460 imageCount = 138088
I/socket1 (15396): imageCount2 = 138088 tempCount2 = 1460
I/socket1 (15396): 保存图片字节 is.available() = 0 imageCount = 139548
I/socket1 (15396): imageCount2 = 139548 tempCount2 = 1460
I/socket1 (15396): 保存图片字节 is.available() = 1460 imageCount = 141008
I/socket1 (15396): imageCount2 = 141008 tempCount2 = 1460
I/socket1 (15396): 保存图片字节 is.available() = 1460 imageCount = 142468
I/socket1 (15396): imageCount2 = 142468 tempCount2 = 2920
I/socket1 (15396): 保存图片字节 is.available() = 0 imageCount = 145388
I/socket1 (15396): imageCount2 = 145388 tempCount2 = 1460
I/socket1 (15396): 保存图片字节 is.available() = 1460 imageCount = 146848
I/socket1 (15396): imageCount2 = 146848 tempCount2 = 1460
I/socket1 (15396): 保存图片字节 is.available() = 2920 imageCount = 148308
I/socket1 (15396): imageCount2 = 148308 tempCount2 = 5840
I/socket1 (15396): 保存图片字节 is.available() = 2920 imageCount = 154148
I/socket1 (15396): imageCount1 = 154148 tempCount1 = 2920
I/socket1 (15396): 保存图片字节 is.available() = 0 imageCount = 157068
I/socket1 (15396): imageCount1 = 157068 tempCount1 = 1460
I/socket1 (15396): 保存图片字节 is.available() = 2862 imageCount = 158528
I/socket1 (15396): imageCount1 = 158528 tempCount1 = 2843
I/socket1 (15396): 读图片数据成功 bos imagedatalen - imageCount = 0
I/socket1 (15396): 读图片数据成功 bos length= 161371
I/System.out(15396): 取扫描时间与校验码 = 32303138303631323134323934323038330000
I/socket1 (15396): scantime received_Total == 19
I/socket1 (15396): 读图片数据完成 ---- endendend ----, 扫描时间 = 20180612142942083
I/ServiceManager(14489): Waiting for service AtCmdFwd...
I/System.out(15396): saveImage保存图片成功 - /storage/emulated/0/CaiNiaoBarcode/2018/7/25/14/pic_20180612142942083_1__611031974651677.bmp
I/System.out(15396): savaBarcodeInfo保存条码信息成功 - /storage/emulated/0/CaiNiaoBarcode/barcodeInfo.txt
D/MainActivity(15396): 二维码 barcode:611031974651677
I/socket1 (15396): 数据头 is.available() = 0
I/SurfaceFlinger(  269): FPS: 2
I/ServiceManager(14489): Waiting for service AtCmdFwd...
D/StatusBar.MSimNetworkController( 3751): refreshViews phoneId =0mMSimDataConnected =false
D/StatusBar.MSimNetworkController( 3751): refreshViews mMSimDataActivity =0
D/StatusBar.MSimNetworkController( 3751): refreshViews: Data not connected!! Set no data type icon / Roaming for phoneId: 0
E/WifiStateMachine( 2269): Failed to handle: connected 131155
E/WifiStateMachine( 2269):  mFrameworkDetectiveEnabled 0
E/WifiStateMachine( 2269):  start trigger support enable 
E/WifiStateMachine( 2269): Failed to handle: connected 131143
E/WifiStateMachine( 2269): WifiStateMachine CMD_START_SCAN source -4 txSuccessRate=43.85 rxSuccessRate=78.25 targetRoamBSSID=any RSSI=-49
V/WLAN_PSA(  328): NL MSG, len[4028], NL type[0x1C] WNI type[0x5900] len[41999]
V/WLAN_PSA(  328): NL MSG, PID: 328
D/StatusBar.MSimNetworkController( 3751): refreshViews phoneId =0mMSimDataConnected =false
D/StatusBar.MSimNetworkController( 3751): refreshViews mMSimDataActivity =0
V/WLAN_PSA(  328): NL MSG, len[914], NL type[0x11] WNI type[0x5050] len[894]
V/WLAN_PSA(  328): NL MSG, PID: 328
I/WifiHAL ( 2269): Poll result = 1
I/WifiHAL ( 2269): Found some events!!!
D/WifiHAL ( 2269): no_seq_check received
I/WifiHAL ( 2269): event received NL80211_CMD_TRIGGER_SCAN
I/WifiHAL ( 2269): event received NL80211_CMD_TRIGGER_SCAN, vendor_id = 0x0
I/WifiHAL ( 2269): event ignored!!
V/WLAN_PSA(  328): NL MSG, len[3985], NL type[0x1C] WNI type[0x5900] len[30991]
V/WLAN_PSA(  328): NL MSG, PID: 328
V/WLAN_PSA(  328): NL MSG, len[048], NL type[0x11] WNI type[0x5050] len[028]
V/WLAN_PSA(  328): NL MSG, PID: 328
D/StatusBar.MSimNetworkController( 3751): refreshViews: Data not connected!! Set no data type icon / Roaming for phoneId: 0
V/WLAN_PSA(  328): NL MSG, len[4032], NL type[0x1C] WNI type[0x5900] len[43023]
V/WLAN_PSA(  328): NL MSG, PID: 328
V/WLAN_PSA(  328): NL MSG, len[4047], NL type[0x1C] WNI type[0x5900] len[46863]
V/WLAN_PSA(  328): NL MSG, PID: 328
V/WLAN_PSA(  328): NL MSG, len[3986], NL type[0x1C] WNI type[0x5900] len[31247]
V/WLAN_PSA(  328): NL MSG, PID: 328
V/WLAN_PSA(  328): NL MSG, len[914], NL type[0x11] WNI type[0x5050] len[894]
V/WLAN_PSA(  328): NL MSG, PID: 328
V/WLAN_PSA(  328): NL MSG, len[4029], NL type[0x1C] WNI type[0x5900] len[42255]
V/WLAN_PSA(  328): NL MSG, PID: 328
V/WLAN_PSA(  328): NL MSG, len[914], NL type[0x11] WNI type[0x5050] len[894]
V/WLAN_PSA(  328): NL MSG, PID: 328
V/WLAN_PSA(  328): NL MSG, len[048], NL type[0x11] WNI type[0x5050] len[028]
V/WLAN_PSA(  328): NL MSG, PID: 328
V/WLAN_PSA(  328): NL MSG, len[4008], NL type[0x1C] WNI type[0x5900] len[36879]
V/WLAN_PSA(  328): NL MSG, PID: 328
V/WLAN_PSA(  328): NL MSG, len[4045], NL type[0x1C] WNI type[0x5900] len[46351]
V/WLAN_PSA(  328): NL MSG, PID: 328
V/WLAN_PSA(  328): NL MSG, len[4035], NL type[0x1C] WNI type[0x5900] len[43791]
V/WLAN_PSA(  328): NL MSG, PID: 328
I/ServiceManager(14489): Waiting for service AtCmdFwd...
V/WLAN_PSA(  328): NL MSG, len[4033], NL type[0x1C] WNI type[0x5900] len[43279]
V/WLAN_PSA(  328): NL MSG, PID: 328
V/WLAN_PSA(  328): NL MSG, len[914], NL type[0x11] WNI type[0x5050] len[894]
V/WLAN_PSA(  328): NL MSG, PID: 328
V/WLAN_PSA(  328): NL MSG, len[4021], NL type[0x1C] WNI type[0x5900] len[40207]
V/WLAN_PSA(  328): NL MSG, PID: 328
V/WLAN_PSA(  328): NL MSG, len[914], NL type[0x11] WNI type[0x5050] len[894]
V/WLAN_PSA(  328): NL MSG, PID: 328
V/WLAN_PSA(  328): NL MSG, len[048], NL type[0x11] WNI type[0x5050] len[028]
V/WLAN_PSA(  328): NL MSG, PID: 328
V/WLAN_PSA(  328): NL MSG, len[4004], NL type[0x1C] WNI type[0x5900] len[35855]
V/WLAN_PSA(  328): NL MSG, PID: 328
V/WLAN_PSA(  328): NL MSG, len[4031], NL type[0x1C] WNI type[0x5900] len[42767]
V/WLAN_PSA(  328): NL MSG, PID: 328
V/WLAN_PSA(  328): NL MSG, len[4086], NL type[0x1C] WNI type[0x5900] len[56847]
V/WLAN_PSA(  328): NL MSG, PID: 328
V/WLAN_PSA(  328): NL MSG, len[4005], NL type[0x1C] WNI type[0x5900] len[36111]
V/WLAN_PSA(  328): NL MSG, PID: 328
V/WLAN_PSA(  328): NL MSG, len[4044], NL type[0x1C] WNI type[0x5900] len[46095]
V/WLAN_PSA(  328): NL MSG, PID: 328
I/SurfaceFlinger(  269): FPS: 3
V/WLAN_PSA(  328): NL MSG, len[914], NL type[0x11] WNI type[0x5050] len[894]
V/WLAN_PSA(  328): NL MSG, PID: 328
V/WLAN_PSA(  328): NL MSG, len[4069], NL type[0x1C] WNI type[0x5900] len[52495]
V/WLAN_PSA(  328): NL MSG, PID: 328
V/WLAN_PSA(  328): NL MSG, len[914], NL type[0x11] WNI type[0x5050] len[894]
V/WLAN_PSA(  328): NL MSG, PID: 328
V/WLAN_PSA(  328): NL MSG, len[048], NL type[0x11] WNI type[0x5050] len[028]
V/WLAN_PSA(  328): NL MSG, PID: 328
V/WLAN_PSA(  328): NL MSG, len[3958], NL type[0x1C] WNI type[0x5900] len[24079]
V/WLAN_PSA(  328): NL MSG, PID: 328
V/WLAN_PSA(  328): NL MSG, len[4080], NL type[0x1C] WNI type[0x5900] len[55311]
V/WLAN_PSA(  328): NL MSG, PID: 328
V/WLAN_PSA(  328): NL MSG, len[4005], NL type[0x1C] WNI type[0x5900] len[36111]
V/WLAN_PSA(  328): NL MSG, PID: 328
V/WLAN_PSA(  328): NL MSG, len[4036], NL type[0x1C] WNI type[0x5900] len[44047]
V/WLAN_PSA(  328): NL MSG, PID: 328
V/WLAN_PSA(  328): NL MSG, len[914], NL type[0x11] WNI type[0x5050] len[894]
V/WLAN_PSA(  328): NL MSG, PID: 328
V/WLAN_PSA(  328): NL MSG, len[4004], NL type[0x1C] WNI type[0x5900] len[35855]
V/WLAN_PSA(  328): NL MSG, PID: 328
V/WLAN_PSA(  328): NL MSG, len[914], NL type[0x11] WNI type[0x5050] len[894]
V/WLAN_PSA(  328): NL MSG, PID: 328
V/WLAN_PSA(  328): NL MSG, len[048], NL type[0x11] WNI type[0x5050] len[028]
V/WLAN_PSA(  328): NL MSG, PID: 328
V/WLAN_PSA(  328): NL MSG, len[4043], NL type[0x1C] WNI type[0x5900] len[45839]
V/WLAN_PSA(  328): NL MSG, PID: 328
V/WLAN_PSA(  328): NL MSG, len[3944], NL type[0x1C] WNI type[0x5900] len[20495]
V/WLAN_PSA(  328): NL MSG, PID: 328
V/WLAN_PSA(  328): NL MSG, len[4039], NL type[0x1C] WNI type[0x5900] len[44815]
V/WLAN_PSA(  328): NL MSG, PID: 328
V/WLAN_PSA(  328): NL MSG, len[048], NL type[0x11] WNI type[0x5050] len[028]
V/WLAN_PSA(  328): NL MSG, PID: 328
V/WLAN_PSA(  328): NL MSG, len[914], NL type[0x11] WNI type[0x5050] len[894]
V/WLAN_PSA(  328): NL MSG, PID: 328
V/WLAN_PSA(  328): NL MSG, len[914], NL type[0x11] WNI type[0x5050] len[894]
V/WLAN_PSA(  328): NL MSG, PID: 328
V/WLAN_PSA(  328): NL MSG, len[048], NL type[0x11] WNI type[0x5050] len[028]
V/WLAN_PSA(  328): NL MSG, PID: 328
V/WLAN_PSA(  328): NL MSG, len[4023], NL type[0x1C] WNI type[0x5900] len[40719]
V/WLAN_PSA(  328): NL MSG, PID: 328
V/WLAN_PSA(  328): NL MSG, len[3950], NL type[0x1C] WNI type[0x5900] len[22031]
V/WLAN_PSA(  328): NL MSG, PID: 328
I/timer2  (15396): timer2timer2timer2timer2Socket[address=/192.168.80.86,port=7777,localPort=40595]
I/timer1  (15396): timer1timer1timer1timer1Socket[address=/192.168.81.124,port=7777,localPort=56690]
W/Atfwd_Sendcmd(14489): AtCmdFwd service not published, waiting... retryCnt : 2
V/WLAN_PSA(  328): NL MSG, len[3994], NL type[0x1C] WNI type[0x5900] len[33295]
V/WLAN_PSA(  328): NL MSG, PID: 328
V/WLAN_PSA(  328): NL MSG, len[048], NL type[0x11] WNI type[0x5050] len[028]
V/WLAN_PSA(  328): NL MSG, PID: 328
V/WLAN_PSA(  328): NL MSG, len[914], NL type[0x11] WNI type[0x5050] len[894]
V/WLAN_PSA(  328): NL MSG, PID: 328
I/socket3 (15396): Read 0xFEFE time outreceived_Total == 2
I/socket3 (15396): 读取数据头成功
I/socket3 (15396): 版本号机器序列号 received_Total == 14
I/socket3 (15396): 条码长度codeBytes = 0000000F
I/socket3 (15396): 条码长度 = 15
I/socket3 (15396): barcodelen received_Total == 15
I/socket3 (15396): 读取条码成功 barcode =611031974651677
I/socket3 (15396): imagenamelen received_Total == 4
I/socket3 (15396): 读图片名称长度成功
I/socket3 (15396): 读图片名称长度成功 imagenamelen = 44
I/socket3 (15396): imagename received_Total == 44
I/socket3 (15396): 读图片名称成功 imgname = pic_20180612142942083_1__611031974651677.bmp
I/socket3 (15396): imagelen received_Total == 4
I/socket3 (15396): 读取图片长度成功 图片数据长度 imagedatalen = 161371
I/socket3 (15396): 保存图片字节 is.available() = 12288 imageCount = 0
I/socket3 (15396): imageCount2 = 0 tempCount2 = 10240
I/socket3 (15396): 保存图片字节 is.available() = 2048 imageCount = 10240
I/socket3 (15396): imageCount2 = 10240 tempCount2 = 2048
I/socket3 (15396): 保存图片字节 is.available() = 0 imageCount = 12288
I/socket3 (15396): imageCount2 = 12288 tempCount2 = 2896
I/socket3 (15396): 保存图片字节 is.available() = 0 imageCount = 15184
I/socket3 (15396): imageCount2 = 15184 tempCount2 = 9392
I/socket1 (15396): Read 0xFEFE time outreceived_Total == 2
I/socket3 (15396): 保存图片字节 is.available() = 0 imageCount = 24576
E/socket1 (15396): 心跳 ok
I/socket1 (15396): 数据头 is.available() = 0
I/socket3 (15396): imageCount2 = 24576 tempCount2 = 1448
I/socket3 (15396): 保存图片字节 is.available() = 0 imageCount = 26024
I/socket3 (15396): imageCount2 = 26024 tempCount2 = 1448
I/socket3 (15396): 保存图片字节 is.available() = 0 imageCount = 27472
I/socket3 (15396): imageCount2 = 27472 tempCount2 = 1200
I/socket3 (15396): 保存图片字节 is.available() = 1448 imageCount = 28672
I/socket3 (15396): imageCount2 = 28672 tempCount2 = 4096
I/socket3 (15396): 保存图片字节 is.available() = 1448 imageCount = 32768
I/socket3 (15396): imageCount2 = 32768 tempCount2 = 2896
I/socket3 (15396): 保存图片字节 is.available() = 1200 imageCount = 35664
I/socket3 (15396): imageCount2 = 35664 tempCount2 = 1200
I/socket3 (15396): 保存图片字节 is.available() = 0 imageCount = 36864
I/socket3 (15396): imageCount2 = 36864 tempCount2 = 1448
I/socket3 (15396): 保存图片字节 is.available() = 0 imageCount = 38312
I/socket3 (15396): imageCount2 = 38312 tempCount2 = 2648
I/socket3 (15396): 保存图片字节 is.available() = 2896 imageCount = 40960
I/socket3 (15396): imageCount2 = 40960 tempCount2 = 4096
I/socket3 (15396): 保存图片字节 is.available() = 2896 imageCount = 45056
I/socket3 (15396): imageCount2 = 45056 tempCount2 = 4096
I/socket3 (15396): 保存图片字节 is.available() = 0 imageCount = 49152
I/socket3 (15396): imageCount2 = 49152 tempCount2 = 1448
I/socket3 (15396): 保存图片字节 is.available() = 4096 imageCount = 50600
I/socket3 (15396): imageCount2 = 50600 tempCount2 = 5544
I/socket3 (15396): 保存图片字节 is.available() = 0 imageCount = 56144
I/socket3 (15396): imageCount2 = 56144 tempCount2 = 1200
I/socket3 (15396): 保存图片字节 is.available() = 1448 imageCount = 57344
I/socket3 (15396): imageCount2 = 57344 tempCount2 = 2896
I/socket3 (15396): 保存图片字节 is.available() = 2648 imageCount = 60240
I/socket3 (15396): imageCount2 = 60240 tempCount2 = 4096
I/socket3 (15396): 保存图片字节 is.available() = 1200 imageCount = 64336
I/socket3 (15396): imageCount2 = 64336 tempCount2 = 1200
I/socket3 (15396): 保存图片字节 is.available() = 0 imageCount = 65536
I/socket3 (15396): imageCount2 = 65536 tempCount2 = 1448
I/socket3 (15396): 保存图片字节 is.available() = 0 imageCount = 66984
I/socket3 (15396): imageCount2 = 66984 tempCount2 = 2648
I/socket3 (15396): 保存图片字节 is.available() = 1448 imageCount = 69632
I/socket3 (15396): imageCount2 = 69632 tempCount2 = 2896
I/socket3 (15396): 保存图片字节 is.available() = 0 imageCount = 72528
I/socket3 (15396): imageCount2 = 72528 tempCount2 = 1200
I/socket3 (15396): 保存图片字节 is.available() = 2896 imageCount = 73728
I/socket3 (15396): imageCount2 = 73728 tempCount2 = 4096
I/socket3 (15396): 保存图片字节 is.available() = 0 imageCount = 77824
I/socket3 (15396): imageCount2 = 77824 tempCount2 = 1448
I/socket3 (15396): 保存图片字节 is.available() = 0 imageCount = 79272
I/socket3 (15396): imageCount2 = 79272 tempCount2 = 2648
I/socket3 (15396): 保存图片字节 is.available() = 0 imageCount = 81920
I/socket3 (15396): imageCount2 = 81920 tempCount2 = 1448
I/socket3 (15396): 保存图片字节 is.available() = 1448 imageCount = 83368
I/socket3 (15396): imageCount2 = 83368 tempCount2 = 2648
I/socket3 (15396): 保存图片字节 is.available() = 0 imageCount = 86016
I/socket3 (15396): imageCount2 = 86016 tempCount2 = 1448
I/socket3 (15396): 保存图片字节 is.available() = 4096 imageCount = 87464
I/socket3 (15396): imageCount2 = 87464 tempCount2 = 6744
I/socket3 (15396): 保存图片字节 is.available() = 4096 imageCount = 94208
I/socket3 (15396): imageCount2 = 94208 tempCount2 = 4096
I/socket3 (15396): 保存图片字节 is.available() = 0 imageCount = 98304
I/socket3 (15396): imageCount2 = 98304 tempCount2 = 1448
I/socket3 (15396): 保存图片字节 is.available() = 0 imageCount = 99752
I/socket3 (15396): imageCount2 = 99752 tempCount2 = 1448
I/socket3 (15396): 保存图片字节 is.available() = 1200 imageCount = 101200
I/socket3 (15396): imageCount2 = 101200 tempCount2 = 1200
I/socket3 (15396): 保存图片字节 is.available() = 4096 imageCount = 102400
I/socket3 (15396): imageCount2 = 102400 tempCount2 = 5544
I/socket3 (15396): 保存图片字节 is.available() = 2648 imageCount = 107944
I/socket3 (15396): imageCount2 = 107944 tempCount2 = 2648
I/socket3 (15396): 保存图片字节 is.available() = 0 imageCount = 110592
I/socket3 (15396): imageCount2 = 110592 tempCount2 = 1448
I/socket3 (15396): 保存图片字节 is.available() = 0 imageCount = 112040
I/socket3 (15396): imageCount2 = 112040 tempCount2 = 1448
I/socket3 (15396): 保存图片字节 is.available() = 1200 imageCount = 113488
I/socket3 (15396): imageCount2 = 113488 tempCount2 = 1200
I/socket3 (15396): 保存图片字节 is.available() = 1448 imageCount = 114688
I/socket3 (15396): imageCount2 = 114688 tempCount2 = 1448
I/socket3 (15396): 保存图片字节 is.available() = 1448 imageCount = 116136
I/socket3 (15396): imageCount2 = 116136 tempCount2 = 2648
I/socket3 (15396): 保存图片字节 is.available() = 4096 imageCount = 118784
I/socket3 (15396): imageCount2 = 118784 tempCount2 = 4096
I/socket3 (15396): 保存图片字节 is.available() = 0 imageCount = 122880
I/socket3 (15396): imageCount2 = 122880 tempCount2 = 1448
I/socket3 (15396): 保存图片字节 is.available() = 0 imageCount = 124328
I/socket3 (15396): imageCount2 = 124328 tempCount2 = 1448
I/socket3 (15396): 保存图片字节 is.available() = 2648 imageCount = 125776
I/socket3 (15396): imageCount2 = 125776 tempCount2 = 4096
I/socket3 (15396): 保存图片字节 is.available() = 0 imageCount = 129872
I/socket3 (15396): imageCount2 = 129872 tempCount2 = 1200
I/socket3 (15396): 保存图片字节 is.available() = 1448 imageCount = 131072
I/socket3 (15396): imageCount2 = 131072 tempCount2 = 4096
I/socket3 (15396): 保存图片字节 is.available() = 0 imageCount = 135168
I/socket3 (15396): imageCount2 = 135168 tempCount2 = 1448
I/socket3 (15396): 保存图片字节 is.available() = 0 imageCount = 136616
I/socket3 (15396): imageCount2 = 136616 tempCount2 = 8192
I/socket3 (15396): 保存图片字节 is.available() = 0 imageCount = 144808
I/socket3 (15396): imageCount2 = 144808 tempCount2 = 1448
I/socket3 (15396): 保存图片字节 is.available() = 0 imageCount = 146256
I/socket3 (15396): imageCount2 = 146256 tempCount2 = 1200
I/socket3 (15396): 保存图片字节 is.available() = 1448 imageCount = 147456
I/socket3 (15396): imageCount2 = 147456 tempCount2 = 2896
I/socket3 (15396): 保存图片字节 is.available() = 1200 imageCount = 150352
I/socket3 (15396): imageCount2 = 150352 tempCount2 = 2648
I/socket3 (15396): 保存图片字节 is.available() = 1448 imageCount = 153000
I/socket3 (15396): imageCount1 = 153000 tempCount1 = 2648
I/socket3 (15396): 保存图片字节 is.available() = 0 imageCount = 155648
I/socket3 (15396): imageCount1 = 155648 tempCount1 = 1448
I/socket3 (15396): 保存图片字节 is.available() = 0 imageCount = 157096
I/socket3 (15396): imageCount1 = 157096 tempCount1 = 2648
I/socket3 (15396): 保存图片字节 is.available() = 1627 imageCount = 159744
I/socket3 (15396): imageCount1 = 159744 tempCount1 = 1627
I/socket3 (15396): 读图片数据成功 bos imagedatalen - imageCount = 0
I/socket3 (15396): 读图片数据成功 bos length= 161371
I/System.out(15396): 取扫描时间与校验码 = 32303138303631323134323934323038330000
I/socket3 (15396): scantime received_Total == 19
I/socket3 (15396): 读图片数据完成 ---- endendend ----, 扫描时间 = 20180612142942083
V/WLAN_PSA(  328): NL MSG, len[914], NL type[0x11] WNI type[0x5050] len[894]
V/WLAN_PSA(  328): NL MSG, PID: 328
V/WLAN_PSA(  328): NL MSG, len[4036], NL type[0x1C] WNI type[0x5900] len[44047]
V/WLAN_PSA(  328): NL MSG, PID: 328
V/WLAN_PSA(  328): NL MSG, len[048], NL type[0x11] WNI type[0x5050] len[028]
V/WLAN_PSA(  328): NL MSG, PID: 328
D/StatusBar.MSimNetworkController( 3751): refreshViews phoneId =0mMSimDataConnected =false
D/StatusBar.MSimNetworkController( 3751): refreshViews mMSimDataActivity =0
D/StatusBar.MSimNetworkController( 3751): refreshViews: Data not connected!! Set no data type icon / Roaming for phoneId: 0
V/WLAN_PSA(  328): NL MSG, len[4086], NL type[0x1C] WNI type[0x5900] len[56847]
V/WLAN_PSA(  328): NL MSG, PID: 328
I/System.out(15396): saveImage保存图片成功 - /storage/emulated/0/CaiNiaoBarcode/2018/7/25/14/pic_20180612142942083_1__611031974651677.bmp
I/System.out(15396): savaBarcodeInfo保存条码信息成功 - /storage/emulated/0/CaiNiaoBarcode/barcodeInfo.txt
D/MainActivity(15396): 二维码 barcode:611031974651677
I/socket3 (15396): 数据头 is.available() = 0
I/SurfaceFlinger(  269): FPS: 2
V/WLAN_PSA(  328): NL MSG, len[048], NL type[0x11] WNI type[0x5050] len[028]
V/WLAN_PSA(  328): NL MSG, PID: 328
V/WLAN_PSA(  328): NL MSG, len[914], NL type[0x11] WNI type[0x5050] len[894]
V/WLAN_PSA(  328): NL MSG, PID: 328
V/WLAN_PSA(  328): NL MSG, len[4088], NL type[0x1C] WNI type[0x5900] len[57359]
V/WLAN_PSA(  328): NL MSG, PID: 328
V/WLAN_PSA(  328): NL MSG, len[914], NL type[0x11] WNI type[0x5050] len[894]
V/WLAN_PSA(  328): NL MSG, PID: 328
V/WLAN_PSA(  328): NL MSG, len[048], NL type[0x11] WNI type[0x5050] len[028]
V/WLAN_PSA(  328): NL MSG, PID: 328
V/WLAN_PSA(  328): NL MSG, len[4085], NL type[0x1C] WNI type[0x5900] len[56591]
V/WLAN_PSA(  328): NL MSG, PID: 328
V/WLAN_PSA(  328): NL MSG, len[4039], NL type[0x1C] WNI type[0x5900] len[44815]
V/WLAN_PSA(  328): NL MSG, PID: 328
V/WLAN_PSA(  328): NL MSG, len[4071], NL type[0x1C] WNI type[0x5900] len[53007]
V/WLAN_PSA(  328): NL MSG, PID: 328
V/WLAN_PSA(  328): NL MSG, len[914], NL type[0x11] WNI type[0x5050] len[894]
V/WLAN_PSA(  328): NL MSG, PID: 328
V/WLAN_PSA(  328): NL MSG, len[4080], NL type[0x1C] WNI type[0x5900] len[55311]
V/WLAN_PSA(  328): NL MSG, PID: 328
V/WLAN_PSA(  328): NL MSG, len[914], NL type[0x11] WNI type[0x5050] len[894]
V/WLAN_PSA(  328): NL MSG, PID: 328
V/WLAN_PSA(  328): NL MSG, len[048], NL type[0x11] WNI type[0x5050] len[028]
V/WLAN_PSA(  328): NL MSG, PID: 328
V/WLAN_PSA(  328): NL MSG, len[4095], NL type[0x1C] WNI type[0x5900] len[59151]
V/WLAN_PSA(  328): NL MSG, PID: 328
V/WLAN_PSA(  328): NL MSG, len[4037], NL type[0x1C] WNI type[0x5900] len[44303]
V/WLAN_PSA(  328): NL MSG, PID: 328
V/WLAN_PSA(  328): NL MSG, len[048], NL type[0x11] WNI type[0x5050] len[028]
V/WLAN_PSA(  328): NL MSG, PID: 328
V/WLAN_PSA(  328): NL MSG, len[914], NL type[0x11] WNI type[0x5050] len[894]
V/WLAN_PSA(  328): NL MSG, PID: 328
V/WLAN_PSA(  328): NL MSG, len[4032], NL type[0x1C] WNI type[0x5900] len[43023]
V/WLAN_PSA(  328): NL MSG, PID: 328
I/WifiHAL ( 2269): Poll result = 1
I/WifiHAL ( 2269): Found some events!!!
D/WifiHAL ( 2269): no_seq_check received
I/WifiHAL ( 2269): event received NL80211_CMD_NEW_SCAN_RESULTS
I/WifiHAL ( 2269): event received NL80211_CMD_NEW_SCAN_RESULTS, vendor_id = 0x0
I/WifiHAL ( 2269): event ignored!!
E/WifiStateMachine( 2269): Failed to handle: connected 147461
D/LBSSystemMonitorService( 2269): handleMessage what - 4
D/Wiper_jni( 2269): Send Network Location.
V/WLAN_PSA(  328): NL MSG, len[4088], NL type[0x1C] WNI type[0x5900] len[57359]
V/WLAN_PSA(  328): NL MSG, PID: 328
V/WLAN_PSA(  328): NL MSG, len[048], NL type[0x11] WNI type[0x5050] len[028]
V/WLAN_PSA(  328): NL MSG, PID: 328
E/WifiStateMachine( 2269): Failed to handle: connected 131155
E/WifiStateMachine( 2269):  mFrameworkDetectiveEnabled 0
E/WifiStateMachine( 2269):  start trigger support enable 
E/WifiStateMachine( 2269): Failed to handle: connected 131143
E/WifiStateMachine( 2269): WifiStateMachine CMD_START_SCAN source -4 txSuccessRate=27.48 rxSuccessRate=47.53 targetRoamBSSID=any RSSI=-49
I/WifiHAL ( 2269): Poll result = 1
I/WifiHAL ( 2269): Found some events!!!
D/WifiHAL ( 2269): no_seq_check received
I/WifiHAL ( 2269): event received NL80211_CMD_TRIGGER_SCAN
I/WifiHAL ( 2269): event received NL80211_CMD_TRIGGER_SCAN, vendor_id = 0x0
I/WifiHAL ( 2269): event ignored!!
I/WifiHAL ( 2269): Poll result = 1
I/WifiHAL ( 2269): Found some events!!!
D/WifiHAL ( 2269): no_seq_check received
I/WifiHAL ( 2269): event received NL80211_CMD_NEW_SCAN_RESULTS
I/WifiHAL ( 2269): event received NL80211_CMD_NEW_SCAN_RESULTS, vendor_id = 0x0
I/WifiHAL ( 2269): event ignored!!
V/WLAN_PSA(  328): NL MSG, len[4001], NL type[0x1C] WNI type[0x5900] len[35087]
V/WLAN_PSA(  328): NL MSG, PID: 328
E/WifiStateMachine( 2269): Failed to handle: connected 147461
D/LBSSystemMonitorService( 2269): handleMessage what - 4
D/Wiper_jni( 2269): Send Network Location.
D/StatusBar.MSimNetworkController( 3751): refreshViews phoneId =0mMSimDataConnected =false
D/StatusBar.MSimNetworkController( 3751): refreshViews mMSimDataActivity =0
D/StatusBar.MSimNetworkController( 3751): refreshViews: Data not connected!! Set no data type icon / Roaming for phoneId: 0
I/SurfaceFlinger(  269): FPS: 2
D/StatusBar.MSimNetworkController( 3751): refreshViews phoneId =0mMSimDataConnected =false
D/StatusBar.MSimNetworkController( 3751): refreshViews mMSimDataActivity =0
D/StatusBar.MSimNetworkController( 3751): refreshViews: Data not connected!! Set no data type icon / Roaming for phoneId: 0
I/socket1 (15396): Read 0xFEFE time outreceived_Total == 2
I/socket1 (15396): 读取数据头成功
I/socket1 (15396): 版本号机器序列号 received_Total == 14
I/socket1 (15396): 条码长度codeBytes = 00000009
I/socket1 (15396): 条码长度 = 9
I/socket1 (15396): barcodelen received_Total == 9
I/socket1 (15396): 读取条码成功 barcode =TM_001106
I/socket1 (15396): imagenamelen received_Total == 4
I/socket1 (15396): 读图片名称长度成功
I/socket1 (15396): 读图片名称长度成功 imagenamelen = 38
I/socket1 (15396): imagename received_Total == 38
I/socket1 (15396): 读图片名称成功 imgname = pic_20180612142732076_1__TM_001106.bmp
I/socket1 (15396): imagelen received_Total == 4
I/socket1 (15396): 读取图片长度成功 图片数据长度 imagedatalen = 94874
I/socket1 (15396): 保存图片字节 is.available() = 7016 imageCount = 0
I/socket1 (15396): imageCount2 = 0 tempCount2 = 9652
I/socket1 (15396): 保存图片字节 is.available() = 2636 imageCount = 9652
I/socket1 (15396): imageCount2 = 9652 tempCount2 = 4096
I/socket1 (15396): 保存图片字节 is.available() = 4096 imageCount = 13748
I/socket1 (15396): imageCount2 = 13748 tempCount2 = 5556
I/socket1 (15396): 保存图片字节 is.available() = 4096 imageCount = 19304
I/socket1 (15396): imageCount2 = 19304 tempCount2 = 4096
I/socket1 (15396): 保存图片字节 is.available() = 0 imageCount = 23400
I/socket1 (15396): imageCount2 = 23400 tempCount2 = 1176
I/socket1 (15396): 保存图片字节 is.available() = 1460 imageCount = 24576
I/socket1 (15396): imageCount2 = 24576 tempCount2 = 1460
I/socket1 (15396): 保存图片字节 is.available() = 1460 imageCount = 26036
I/socket1 (15396): imageCount2 = 26036 tempCount2 = 1460
I/socket1 (15396): 保存图片字节 is.available() = 0 imageCount = 27496
I/socket1 (15396): imageCount2 = 27496 tempCount2 = 1460
I/socket1 (15396): 保存图片字节 is.available() = 0 imageCount = 28956
I/socket1 (15396): imageCount2 = 28956 tempCount2 = 1460
I/socket1 (15396): 保存图片字节 is.available() = 1460 imageCount = 30416
I/socket1 (15396): imageCount2 = 30416 tempCount2 = 2920
I/socket1 (15396): 保存图片字节 is.available() = 2920 imageCount = 33336
I/socket1 (15396): imageCount2 = 33336 tempCount2 = 4380
I/socket1 (15396): 保存图片字节 is.available() = 2920 imageCount = 37716
I/socket1 (15396): imageCount2 = 37716 tempCount2 = 2920
I/socket1 (15396): 保存图片字节 is.available() = 0 imageCount = 40636
I/socket1 (15396): imageCount2 = 40636 tempCount2 = 1460
I/socket1 (15396): 保存图片字节 is.available() = 0 imageCount = 42096
I/socket1 (15396): imageCount2 = 42096 tempCount2 = 2920
I/socket1 (15396): 保存图片字节 is.available() = 2920 imageCount = 45016
I/socket1 (15396): imageCount2 = 45016 tempCount2 = 4380
I/socket1 (15396): 保存图片字节 is.available() = 1460 imageCount = 49396
I/socket1 (15396): imageCount2 = 49396 tempCount2 = 2920
I/socket1 (15396): 保存图片字节 is.available() = 0 imageCount = 52316
I/socket1 (15396): imageCount2 = 52316 tempCount2 = 1460
I/socket1 (15396): 保存图片字节 is.available() = 0 imageCount = 53776
I/socket1 (15396): imageCount2 = 53776 tempCount2 = 7300
I/socket1 (15396): 保存图片字节 is.available() = 0 imageCount = 61076
I/SurfaceFlinger(  269): FPS: 3
I/socket1 (15396): imageCount2 = 61076 tempCount2 = 1460
I/socket1 (15396): 保存图片字节 is.available() = 1460 imageCount = 62536
I/socket1 (15396): imageCount2 = 62536 tempCount2 = 2920
I/socket1 (15396): 保存图片字节 is.available() = 1460 imageCount = 65456
I/socket1 (15396): imageCount2 = 65456 tempCount2 = 2920
I/socket1 (15396): 保存图片字节 is.available() = 1460 imageCount = 68376
I/socket1 (15396): imageCount2 = 68376 tempCount2 = 2920
I/socket1 (15396): 保存图片字节 is.available() = 1460 imageCount = 71296
I/socket1 (15396): imageCount2 = 71296 tempCount2 = 1460
I/socket1 (15396): 保存图片字节 is.available() = 1460 imageCount = 72756
I/socket1 (15396): imageCount2 = 72756 tempCount2 = 2920
I/socket1 (15396): 保存图片字节 is.available() = 0 imageCount = 75676
I/socket1 (15396): imageCount2 = 75676 tempCount2 = 1460
I/socket1 (15396): 保存图片字节 is.available() = 0 imageCount = 77136
I/socket1 (15396): imageCount2 = 77136 tempCount2 = 1460
I/socket1 (15396): 保存图片字节 is.available() = 0 imageCount = 78596
I/socket1 (15396): imageCount2 = 78596 tempCount2 = 1460
I/socket1 (15396): 保存图片字节 is.available() = 1460 imageCount = 80056
I/socket1 (15396): imageCount2 = 80056 tempCount2 = 2695
I/socket1 (15396): 保存图片字节 is.available() = 1460 imageCount = 82751
I/socket1 (15396): imageCount2 = 82751 tempCount2 = 1460
I/socket1 (15396): 保存图片字节 is.available() = 1460 imageCount = 84211
I/socket1 (15396): imageCount2 = 84211 tempCount2 = 1460
I/socket1 (15396): 保存图片字节 is.available() = 1460 imageCount = 85671
I/socket1 (15396): imageCount1 = 85671 tempCount1 = 1460
I/socket1 (15396): 保存图片字节 is.available() = 1460 imageCount = 87131
I/socket1 (15396): imageCount1 = 87131 tempCount1 = 1460
I/socket1 (15396): 保存图片字节 is.available() = 1460 imageCount = 88591
I/socket1 (15396): imageCount1 = 88591 tempCount1 = 1460
I/socket1 (15396): 保存图片字节 is.available() = 0 imageCount = 90051
I/socket1 (15396): imageCount1 = 90051 tempCount1 = 1460
I/socket1 (15396): 保存图片字节 is.available() = 0 imageCount = 91511
I/socket1 (15396): imageCount1 = 91511 tempCount1 = 1460
I/socket1 (15396): 保存图片字节 is.available() = 1922 imageCount = 92971
I/socket1 (15396): imageCount1 = 92971 tempCount1 = 1903
I/socket1 (15396): 读图片数据成功 bos imagedatalen - imageCount = 0
I/socket1 (15396): 读图片数据成功 bos length= 94874
I/System.out(15396): 取扫描时间与校验码 = 32303138303631323134323733323037360000
I/socket1 (15396): scantime received_Total == 19
I/socket1 (15396): 读图片数据完成 ---- endendend ----, 扫描时间 = 20180612142732076
I/System.out(15396): saveImage保存图片成功 - /storage/emulated/0/CaiNiaoBarcode/2018/7/25/14/pic_20180612142732076_1__TM_001106.bmp
I/timer3  (15396): timer3timer3timer3timer3
I/System.out(15396): savaBarcodeInfo保存条码信息成功 - /storage/emulated/0/CaiNiaoBarcode/barcodeInfo.txt
D/MainActivity(15396): 二维码 barcode:TM_001106
I/socket1 (15396): 数据头 is.available() = 0
I/socket3 (15396): Read 0xFEFE time outreceived_Total == 2
E/socket3 (15396): 心跳 ok
I/socket3 (15396): 数据头 is.available() = 0
V/WLAN_PSA(  328): NL MSG, len[4064], NL type[0x1C] WNI type[0x5900] len[51215]
V/WLAN_PSA(  328): NL MSG, PID: 328
D/StatusBar.MSimNetworkController( 3751): refreshViews phoneId =0mMSimDataConnected =false
D/StatusBar.MSimNetworkController( 3751): refreshViews mMSimDataActivity =0
D/StatusBar.MSimNetworkController( 3751): refreshViews: Data not connected!! Set no data type icon / Roaming for phoneId: 0
E/WifiStateMachine( 2269): Failed to handle: connected 131155
E/WifiStateMachine( 2269):  mFrameworkDetectiveEnabled 0
E/WifiStateMachine( 2269):  start trigger support enable 
E/WifiStateMachine( 2269): Failed to handle: connected 131143
E/WifiStateMachine( 2269): WifiStateMachine CMD_START_SCAN source -4 txSuccessRate=26.44 rxSuccessRate=48.44 targetRoamBSSID=any RSSI=-50
V/WLAN_PSA(  328): NL MSG, len[914], NL type[0x11] WNI type[0x5050] len[894]
V/WLAN_PSA(  328): NL MSG, PID: 328
V/WLAN_PSA(  328): NL MSG, len[3968], NL type[0x1C] WNI type[0x5900] len[26639]
V/WLAN_PSA(  328): NL MSG, PID: 328
I/WifiHAL ( 2269): Poll result = 1
I/WifiHAL ( 2269): Found some events!!!
D/WifiHAL ( 2269): no_seq_check received
I/WifiHAL ( 2269): event received NL80211_CMD_TRIGGER_SCAN
I/WifiHAL ( 2269): event received NL80211_CMD_TRIGGER_SCAN, vendor_id = 0x0
I/WifiHAL ( 2269): event ignored!!
V/WLAN_PSA(  328): NL MSG, len[048], NL type[0x11] WNI type[0x5050] len[028]
V/WLAN_PSA(  328): NL MSG, PID: 328
V/WLAN_PSA(  328): NL MSG, len[4067], NL type[0x1C] WNI type[0x5900] len[51983]
V/WLAN_PSA(  328): NL MSG, PID: 328
V/WLAN_PSA(  328): NL MSG, len[4061], NL type[0x1C] WNI type[0x5900] len[50447]
V/WLAN_PSA(  328): NL MSG, PID: 328
V/WLAN_PSA(  328): NL MSG, len[3985], NL type[0x1C] WNI type[0x5900] len[30991]
V/WLAN_PSA(  328): NL MSG, PID: 328
V/WLAN_PSA(  328): NL MSG, len[4037], NL type[0x1C] WNI type[0x5900] len[44303]
V/WLAN_PSA(  328): NL MSG, PID: 328
V/WLAN_PSA(  328): NL MSG, len[914], NL type[0x11] WNI type[0x5050] len[894]
V/WLAN_PSA(  328): NL MSG, PID: 328
V/WLAN_PSA(  328): NL MSG, len[3995], NL type[0x1C] WNI type[0x5900] len[33551]
V/WLAN_PSA(  328): NL MSG, PID: 328
D/Analytics.d.6919.73( 6919): [run] CommitTask,check&commit event:65503
D/Analytics.d.6919.71( 6919): [run] CommitTask,check&commit event:65501
D/Analytics.d.6919.71( 6919): [run] CommitTask,check&commit event:65502
V/WLAN_PSA(  328): NL MSG, len[914], NL type[0x11] WNI type[0x5050] len[894]
V/WLAN_PSA(  328): NL MSG, PID: 328
V/WLAN_PSA(  328): NL MSG, len[048], NL type[0x11] WNI type[0x5050] len[028]
V/WLAN_PSA(  328): NL MSG, PID: 328
V/WLAN_PSA(  328): NL MSG, len[3958], NL type[0x1C] WNI type[0x5900] len[24079]
V/WLAN_PSA(  328): NL MSG, PID: 328
V/WLAN_PSA(  328): NL MSG, len[3994], NL type[0x1C] WNI type[0x5900] len[33295]
V/WLAN_PSA(  328): NL MSG, PID: 328
V/WLAN_PSA(  328): NL MSG, len[3980], NL type[0x1C] WNI type[0x5900] len[29711]
V/WLAN_PSA(  328): NL MSG, PID: 328
V/WLAN_PSA(  328): NL MSG, len[4040], NL type[0x1C] WNI type[0x5900] len[45071]
V/WLAN_PSA(  328): NL MSG, PID: 328
V/WLAN_PSA(  328): NL MSG, len[914], NL type[0x11] WNI type[0x5050] len[894]
V/WLAN_PSA(  328): NL MSG, PID: 328
V/WLAN_PSA(  328): NL MSG, len[4091], NL type[0x1C] WNI type[0x5900] len[58127]
V/WLAN_PSA(  328): NL MSG, PID: 328
V/WLAN_PSA(  328): NL MSG, len[914], NL type[0x11] WNI type[0x5050] len[894]
V/WLAN_PSA(  328): NL MSG, PID: 328
V/WLAN_PSA(  328): NL MSG, len[048], NL type[0x11] WNI type[0x5050] len[028]
V/WLAN_PSA(  328): NL MSG, PID: 328
V/WLAN_PSA(  328): NL MSG, len[4054], NL type[0x1C] WNI type[0x5900] len[48655]
V/WLAN_PSA(  328): NL MSG, PID: 328
V/WLAN_PSA(  328): NL MSG, len[4047], NL type[0x1C] WNI type[0x5900] len[46863]
V/WLAN_PSA(  328): NL MSG, PID: 328
V/WLAN_PSA(  328): NL MSG, len[4026], NL type[0x1C] WNI type[0x5900] len[41487]
V/WLAN_PSA(  328): NL MSG, PID: 328
D/StatusBar.MSimNetworkController( 3751): refreshViews phoneId =0mMSimDataConnected =false
D/StatusBar.MSimNetworkController( 3751): refreshViews mMSimDataActivity =0
D/StatusBar.MSimNetworkController( 3751): refreshViews: Data not connected!! Set no data type icon / Roaming for phoneId: 0
V/WLAN_PSA(  328): NL MSG, len[4004], NL type[0x1C] WNI type[0x5900] len[35855]
V/WLAN_PSA(  328): NL MSG, PID: 328
V/WLAN_PSA(  328): NL MSG, len[914], NL type[0x11] WNI type[0x5050] len[894]
V/WLAN_PSA(  328): NL MSG, PID: 328
I/SurfaceFlinger(  269): FPS: 4
