I/socket2 (15553): 保存图片字节 is.available() = 0 imageCount = 83480
I/socket2 (15553): imageCount2 = 83480 tempCount2 = 2920
I/socket2 (15553): 保存图片字节 is.available() = 1460 imageCount = 86400
I/socket2 (15553): imageCount2 = 86400 tempCount2 = 1460
I/socket2 (15553): 保存图片字节 is.available() = 2920 imageCount = 87860
I/socket2 (15553): imageCount2 = 87860 tempCount2 = 2920
I/socket2 (15553): 保存图片字节 is.available() = 0 imageCount = 90780
I/socket2 (15553): imageCount2 = 90780 tempCount2 = 1460
I/socket2 (15553): 保存图片字节 is.available() = 1460 imageCount = 92240
I/socket2 (15553): imageCount2 = 92240 tempCount2 = 10240
I/socket2 (15553): 保存图片字节 is.available() = 4957 imageCount = 102480
I/socket2 (15553): imageCount2 = 102480 tempCount2 = 4957
I/socket2 (15553): 保存图片字节 is.available() = 0 imageCount = 107437
I/socket2 (15553): imageCount2 = 107437 tempCount2 = 2920
I/socket2 (15553): 保存图片字节 is.available() = 1329 imageCount = 110357
I/socket2 (15553): imageCount2 = 110357 tempCount2 = 1329
I/socket2 (15553): 保存图片字节 is.available() = 0 imageCount = 111686
I/socket2 (15553): imageCount2 = 111686 tempCount2 = 1460
I/socket2 (15553): 保存图片字节 is.available() = 0 imageCount = 113146
I/socket2 (15553): imageCount2 = 113146 tempCount2 = 1603
I/socket2 (15553): 保存图片字节 is.available() = 1460 imageCount = 114749
I/socket2 (15553): imageCount2 = 114749 tempCount2 = 1460
I/socket2 (15553): 保存图片字节 is.available() = 0 imageCount = 116209
I/socket2 (15553): imageCount2 = 116209 tempCount2 = 2920
I/socket2 (15553): 保存图片字节 is.available() = 0 imageCount = 119129
I/socket2 (15553): imageCount2 = 119129 tempCount2 = 4380
I/socket2 (15553): 保存图片字节 is.available() = 7300 imageCount = 123509
I/socket2 (15553): imageCount2 = 123509 tempCount2 = 8760
I/socket2 (15553): 保存图片字节 is.available() = 1460 imageCount = 132269
I/socket2 (15553): imageCount2 = 132269 tempCount2 = 5840
I/socket2 (15553): 保存图片字节 is.available() = 2920 imageCount = 138109
I/socket2 (15553): imageCount1 = 138109 tempCount1 = 4380
I/socket2 (15553): 保存图片字节 is.available() = 0 imageCount = 142489
I/socket2 (15553): imageCount1 = 142489 tempCount1 = 1460
I/socket2 (15553): 保存图片字节 is.available() = 0 imageCount = 143949
I/socket2 (15553): imageCount1 = 143949 tempCount1 = 1460
I/socket2 (15553): 保存图片字节 is.available() = 1332 imageCount = 145409
I/socket2 (15553): imageCount1 = 145409 tempCount1 = 1313
I/socket2 (15553): 读图片数据成功 bos imagedatalen - imageCount = 0
I/socket2 (15553): 读图片数据成功 bos length= 146722
I/System.out(15553): 取扫描时间与校验码 = 32303138303631323134323734373330380000
I/socket2 (15553): scantime received_Total == 19
I/socket2 (15553): 读图片数据完成 ---- endendend ----, 扫描时间 = 20180612142747308
I/socket2 (15553): 数据头 is.available() = 0
D/Analytics.AppMonitor.6919.134( 6919): [checkInit] AppMonitor,Please call init() before call other method
I/tnet-jni( 6919): 134 -  create new session: accscdn.m.taobao.com:80
I/tnet-jni( 6919): 129 - [SpdySessionCallBack.getSSLMeta] - org.android.spdy.SpdySession@1fddfcdc
I/tnet-jni( 6919): 129 - [spdySessionConnectCB] - 
I/tnet-jni( 6919): 129 - [SpdySessionCallBack.spdySessionConnectCB] - org.android.spdy.SpdySession@1fddfcdc
D/Sensors ( 2269): batch called handle:67 sample_ns:1000000000 latency_ns:0
D/Sensors ( 2269): activate called handle:67 enable:1
D/Sensors ( 2269): bmp280-pressure calling driver setDelay 1000 ms
D/Sensors ( 2269): bmp280-pressure calling driver enable
V/WLAN_PSA(  328): NL MSG, len[048], NL type[0x11] WNI type[0x5050] len[028]
V/WLAN_PSA(  328): NL MSG, PID: 328
W/Analytics.UTAnalytics.6919.129( 6919): [_checkInit] Please call  () before call other method
D/Analytics.AppMonitor.6919.129( 6919): [checkInit] AppMonitor,Please call init() before call other method
D/tnet-jni( 6919): 129 - [SpdySession.closeSession] - 
D/tnet-jni( 6919): 129 - [SpdySession.closeSession] - accscdn.m.taobao.com:80/0.0.0.0:0
W/Analytics.UTAnalytics.6919.129( 6919): [_checkInit] Please call  () before call other method
D/Analytics.AppMonitor.6919.129( 6919): [checkInit] AppMonitor,Please call init() before call other method
W/Analytics.UTAnalytics.6919.129( 6919): [_checkInit] Please call  () before call other method
D/Analytics.AppMonitor.6919.129( 6919): [checkInit] AppMonitor,Please call init() before call other method
I/tnet-jni( 6919): 129 - [spdySessionCloseCallback] - errorCode = -2002
I/tnet-jni( 6919): 129 - [SpdySessionCallBack.spdySessionCloseCallback] - org.android.spdy.SpdySession@1fddfcdc
D/tnet-jni( 6919): 129 - [SpdySession.cleanUp] - 
D/Analytics.AppMonitor.6919.129( 6919): [checkInit] AppMonitor,Please call init() before call other method
W/Analytics.UTAnalytics.6919.129( 6919): [_checkInit] Please call  () before call other method
D/tnet-jni( 6919): 129 - [SpdySession.cleanUp] - 
V/WLAN_PSA(  328): NL MSG, len[4075], NL type[0x1C] WNI type[0x5900] len[54031]
V/WLAN_PSA(  328): NL MSG, PID: 328
I/PowerManagerService( 2269): Going to sleep due to screen timeout (uid 1000)...
I/PowerManagerService( 2269): Sleeping (uid 1000)...
I/SurfaceFlinger(  269): FPS: 1
D/FpSetting( 3768): FingerprintManagerService .onReceive .Intent.strAction == android.intent.action.SCREEN_OFF
D/HeadsetStateMachine( 5626): Disconnected process message: 10, size: 0
I/===DaemonService===(12083): public receiver :[android.intent.action.BATTERY_CHANGED]
D/===DaemonService===(12083): publicReceiver receive action: android.intent.action.BATTERY_CHANGED
V/FpSetting( 3768): FingerprintManagerService : UpdateStatus
D/FpSetting( 3768): FingerprintManagerService : UpdateStatus.mManagerStatus == MANAGER_IDLE
D/FpSetting( 3768): set FF mode add
D/android_hardware_fpdevice( 3768): Java_com_goodix_device_FpDevice_setMode
D/gx_algorithm( 3768): gx_EngTest
E/gx_algorithm( 3548): [gx_EngTest]gx_EngTest cmd 5 
I/GF      ( 3548): Changing State[0] to State[3]
D/GF      ( 3548): Can not change state from State[0] to State[3].
D/GF      ( 3548): Device is busy on state[0].
W/System.err(11192): java.lang.NullPointerException: Attempt to invoke virtual method 'int java.lang.String.length()' on a null object reference
W/System.err(11192): 	at org.json.JSONTokener.nextCleanInternal(JSONTokener.java:116)
W/System.err(11192): 	at org.json.JSONTokener.nextValue(JSONTokener.java:94)
W/System.err(11192): 	at org.json.JSONArray.<init>(JSONArray.java:92)
W/System.err(11192): 	at org.json.JSONArray.<init>(JSONArray.java:108)
W/System.err(11192): 	at com.sijla.i.a.c(SourceFile:277)
W/System.err(11192): 	at com.sijla.i.a.a.s(SourceFile:1335)
W/System.err(11192): 	at com.sijla.i.c.k(SourceFile:994)
W/System.err(11192): 	at com.sijla.f.j.b(SourceFile:784)
W/System.err(11192): 	at com.sijla.f.j.run(SourceFile:151)
W/System.err(11192): 	at java.lang.Thread.run(Thread.java:818)
E/gx_algorithm( 3548): [fpalgo_EngTest]ENG set IMGfailed SET_MODE!Retry 0 times!
I/GF      ( 3548): Changing State[0] to State[3]
D/GF      ( 3548): Can not change state from State[0] to State[3].
D/GF      ( 3548): Device is busy on state[0].
E/gx_algorithm( 3548): [fpalgo_EngTest]ENG set IMGfailed SET_MODE!Retry 1 times!
I/GF      ( 3548): Changing State[0] to State[3]
D/GF      ( 3548): Can not change state from State[0] to State[3].
D/GF      ( 3548): Device is busy on state[0].
E/gx_algorithm( 3548): [fpalgo_EngTest]ENG set IMGfailed SET_MODE!Retry 2 times!
E/WifiStateMachine( 2269): Failed to handle: connected 131167
E/WifiStateMachine( 2269): cancelDelayedScan -> 1882
V/SRS_Proc(  320): ParamSet string: screen_state=off
D/audio_hw_primary(  320): adev_set_parameters: enter: screen_state=off
D/audio_hw_extn(  320): audio_extn_set_anc_parameters: anc_enabled:0
E/WifiStateMachine( 2269): Failed to handle: connected 131154
E/audio_a2dp_hw(  320): adev_set_parameters: ERROR: set param called even when stream out is null
E/WifiStateMachine( 2269): Failed to handle: connected 131158
E/native  ( 2269): do suspend true
E/wpa_supplicant(12587): wpa_driver_nl80211_driver_cmd:  issue private commands SETSUSPENDMODE 1,cmd
E/wpa_supplicant(12587): wpa_driver_nl80211_driver_cmd:  issue private commands
V/WLAN_PSA(  328): NL MSG, len[048], NL type[0x11] WNI type[0x5050] len[028]
V/WLAN_PSA(  328): NL MSG, PID: 328
V/WLAN_PSA(  328): NL MSG, len[048], NL type[0x11] WNI type[0x5050] len[028]
V/WLAN_PSA(  328): NL MSG, PID: 328
D/BrcmNfcJni( 4086): nfcManager_doSetScreenState: state = 1
D/BrcmNfcJni( 4086): acquireRfInterfaceMutexLock: try to acquire lock
D/BrcmNfcJni( 4086): acquireRfInterfaceMutexLock: sRfInterfaceMutex lock
D/BrcmNfcJni( 4086): startRfDiscovery: is start=0
I/BrcmNfcNfa( 4086): NFA_StopRfDiscovery ()
I/BrcmNfcNfa( 4086): NFA got event 0x010F
I/BrcmNfcNfa( 4086): nfa_dm_evt_hdlr event: NFA_DM_API_STOP_RF_DISCOVERY_EVT (0x0f)
I/BrcmNfcNfa( 4086): nfa_dm_act_stop_rf_discovery ()
I/BrcmNfcNfa( 4086): nfa_dm_rf_deactivate () deactivate_type:0x0
I/BrcmNfcNfa( 4086): nfa_dm_disc_sm_execute (): state: DISCOVERY (1), event: DEACTIVATE_CMD(6) disc_flags: 0x2
I/BrcmNfcNfa( 4086): NFC_Deactivate 4 (IDLE) deactivate_type:0
I/BrcmNfcNfa( 4086): nfc_ncif_send_cmd.
D/NfcAdaptation( 4086): NfcAdaptation::HalWrite
D/NxpExtns( 4086): const CNfcParam* CNfcConfig::find(const char*) const found MIFARE_READER_ENABLE=(0x1)
D/NxpTml  ( 4086): PN54X - Write requested.....
D/NxpTml  ( 4086): PN54X - Invoking I2C Write.....
D/StatusBar.MSimNetworkController( 3751): getPhoneId phoneId: 1
D/StatusBar.MSimNetworkController( 3751): updateDataIcon phoneId =1
D/StatusBar.MSimNetworkController( 3751): updateDataIcon dataSub =0
D/StatusBar.MSimNetworkController( 3751): updateDataIconi: phoneId1 is not DDS.  Clear the mMSimDataConnected Flag and return
D/StatusBar.MSimNetworkController( 3751): refreshViews phoneId =1mMSimDataConnected =false
D/StatusBar.MSimNetworkController( 3751): refreshViews mMSimDataActivity =0
D/StatusBar.MSimNetworkController( 3751): refreshViews: Data not connected!! Set no data type icon / Roaming for phoneId: 1
D/StatusBar.MSimNetworkController( 3751): getPhoneId phoneId: 1
D/StatusBar.MSimNetworkController( 3751): updateDataIcon phoneId =1
D/StatusBar.MSimNetworkController( 3751): updateDataIcon dataSub =0
D/StatusBar.MSimNetworkController( 3751): updateDataIconi: phoneId1 is not DDS.  Clear the mMSimDataConnected Flag and return
D/StatusBar.MSimNetworkController( 3751): refreshViews phoneId =1mMSimDataConnected =false
D/StatusBar.MSimNetworkController( 3751): refreshViews mMSimDataActivity =0
D/StatusBar.MSimNetworkController( 3751): refreshViews: Data not connected!! Set no data type icon / Roaming for phoneId: 1
D/StatusBar.MSimNetworkController( 3751): getPhoneId phoneId: 1
D/StatusBar.MSimNetworkController( 3751): updateDataIcon phoneId =1
D/StatusBar.MSimNetworkController( 3751): updateDataIcon dataSub =0
D/StatusBar.MSimNetworkController( 3751): updateDataIconi: phoneId1 is not DDS.  Clear the mMSimDataConnected Flag and return
D/StatusBar.MSimNetworkController( 3751): refreshViews phoneId =1mMSimDataConnected =false
D/StatusBar.MSimNetworkController( 3751): refreshViews mMSimDataActivity =0
D/StatusBar.MSimNetworkController( 3751): refreshViews: Data not connected!! Set no data type icon / Roaming for phoneId: 1
E/NxpTml  ( 4086): _i2c_write() errno : 5
E/NxpTml  ( 4086): PN54X - Error in I2C Write.....
D/NxpTml  ( 4086): PN54X - Posting Fresh Write message.....
D/NxpTml  ( 4086): PN54X - Tml Writer Thread Running................
E/NxpHal  ( 4086): write error status = 0x1ff
V/WLAN_PSA(  328): NL MSG, len[048], NL type[0x11] WNI type[0x5050] len[028]
V/WLAN_PSA(  328): NL MSG, PID: 328
E/NxpHal  ( 4086): write_unlocked failed - PN54X Maybe in Standby Mode - Retry
V/WLAN_PSA(  328): NL MSG, len[048], NL type[0x11] WNI type[0x5050] len[028]
V/WLAN_PSA(  328): NL MSG, PID: 328
V/WLAN_PSA(  328): NL MSG, len[048], NL type[0x11] WNI type[0x5050] len[028]
V/WLAN_PSA(  328): NL MSG, PID: 328
D/StatusBar.MSimNetworkController( 3751): getPhoneId phoneId: 1
D/StatusBar.MSimNetworkController( 3751): updateDataIcon phoneId =1
D/NxpTml  ( 4086): PN54X - Write requested.....
D/NxpTml  ( 4086): PN54X - Invoking I2C Write.....
D/NxpNciX ( 4086): len =   4 > 21060100
D/NxpTml  ( 4086): PN54X - I2C Write successful.....
D/NxpTml  ( 4086): PN54X - Posting Fresh Write message.....
D/NxpTml  ( 4086): PN54X - Tml Writer Thread Running................
D/NxpHal  ( 4086): write successful status = 0x0
I/BrcmNfcNfa( 4086): nfa_dm_disc_sm_execute (): new state: DISCOVERY (1), disc_flags: 0x22
I/BrcmNfcNfa( 4086): nfa_sys_ptim_stop_timer 8db88748
I/BrcmNfcNfa( 4086): ptim timer stop
I/BrcmNfcNfa( 4086): Stopped presence check timer (if started)
D/NxpTml  ( 4086): PN54X - I2C Read successful.....
D/NxpNciR ( 4086): len =   4 > 41060100
D/NxpTml  ( 4086): PN54X - Posting read message.....
D/NxpHal  ( 4086): read successful status = 0x0
D/NfcAdaptation( 4086): NfcAdaptation::HalDeviceContextDataCallback: len=4
I/BrcmNfcNfa( 4086): NFC received rsp gid:1
I/BrcmNfcNfa( 4086): P2P_Prio_Logic
I/BrcmNfcNfa( 4086): nfa_dm_p2p_prio_logic type = 0xff
I/BrcmNfcNfa( 4086): returning TRUE
I/BrcmNfcNfa( 4086): nfc_set_state 4 (IDLE)->4 (IDLE)
I/BrcmNfcNfa( 4086): nfa_dm_disc_data_cback ()
I/BrcmNfcNfa( 4086): nfa_dm_disc_discovery_cback (): event:0x4005
I/BrcmNfcNfa( 4086): nfa_dm_disc_sm_execute (): state: DISCOVERY (1), event: DEACTIVATE_RSP(7) disc_flags: 0x22
I/BrcmNfcNfa( 4086): nfa_dm_disc_new_state (): old_state: DISCOVERY (1), new_state: IDLE (0) disc_flags: 0x2
D/BrcmNfcJni( 4086): nfaConnectionCallback: event= 31
D/BrcmNfcJni( 4086): nfaConnectionCallback: NFA_RF_DISCOVERY_STOPPED_EVT: status = 0
D/BrcmNfcJni( 4086): notifyPollingEventwhileNfcOff: sDiscCmdwhleNfcOff=0
E/BrcmNfcJni( 4086): getReconnectState = 0x0
I/BrcmNfcNfa( 4086): nfa_dm_start_rf_discover ()
I/BrcmNfcNfa( 4086): nfa_dm_disc_sm_execute (): new state: IDLE (0), disc_flags: 0x0
I/BrcmNfcNfa( 4086): NFA_DisablePolling ()
D/NxpTml  ( 4086): PN54X - Read requested.....
D/NxpTml  ( 4086): PN54X - Invoking I2C Read.....
I/BrcmNfcNfa( 4086): NFA got event 0x0107
I/BrcmNfcNfa( 4086): nfa_dm_evt_hdlr event: NFA_DM_API_DISABLE_POLLING_EVT (0x07)
I/BrcmNfcNfa( 4086): nfa_dm_act_disable_polling ()
I/BrcmNfcNfa( 4086): nfa_dm_deactivate_polling ()
I/BrcmNfcNfa( 4086): nfa_dm_delete_rf_discover () handle=0x1
D/BrcmNfcJni( 4086): nfaConnectionCallback: event= 1
D/BrcmNfcJni( 4086): nfaConnectionCallback: NFA_POLL_DISABLED_EVT: status = 0
D/NxpExtns( 4086): const CNfcParam* CNfcConfig::find(const char*) const found NXP_CORE_SCRN_OFF_AUTONOMOUS_ENABLE=(0x0)
D/BrcmNfcJni( 4086): nfcManager_doSetScreenState: enter; NAME_NXP_CORE_SCRN_OFF_AUTONOMOUS_ENABLE = 00
D/BrcmNfcJni( 4086): nfcManager_doSetScreenState: enter; NAME_NXP_CORE_SCRN_OFF_AUTONOMOUS_ENABLE = 00
D/BrcmNfcJni( 4086): SetScreenState: enter
D/BrcmNfcJni( 4086): Set Screen OFF
D/BrcmNfcJni( 4086): SetScreenState: Success NFA_SendNxpNciCommand
I/BrcmNfcNfa( 4086): NFA got event 0x011A
I/BrcmNfcNfa( 4086): nfa_dm_evt_hdlr event: Unknown or Vendor Specific (0x1a)
D/NfcAdaptation( 4086): NfcAdaptation::HalWrite
D/NxpExtns( 4086): const CNfcParam* CNfcConfig::find(const char*) const found MIFARE_READER_ENABLE=(0x1)
D/NxpTml  ( 4086): PN54X - Write requested.....
D/NxpTml  ( 4086): PN54X - Invoking I2C Write.....
D/NxpNciX ( 4086): len =   4 > 2F150101
D/NxpTml  ( 4086): PN54X - I2C Write successful.....
D/NxpTml  ( 4086): PN54X - Posting Fresh Write message.....
D/NxpTml  ( 4086): PN54X - Tml Writer Thread Running................
D/NxpHal  ( 4086): write successful status = 0x0
D/NxpTml  ( 4086): PN54X - I2C Read successful.....
D/NxpNciR ( 4086): len =   4 > 4F150100
D/NxpTml  ( 4086): PN54X - Posting read message.....
D/NxpHal  ( 4086): read successful status = 0x0
D/NfcAdaptation( 4086): NfcAdaptation::HalDeviceContextDataCallback: len=4
D/BrcmNfcJni( 4086): NxpResponse_SetDhlf_Cb Received length data = 0x4 status = 0x0
D/BrcmNfcJni( 4086): releaseRfInterfaceMutexLock: sRfInterfaceMutex unlock
D/NxpTml  ( 4086): PN54X - Read requested.....
D/NxpTml  ( 4086): PN54X - Invoking I2C Read.....
E/NfcService( 4086): applyRouting -20
D/NfcService( 4086): applyRouting - enter force = false mScreenState = 1
D/BrcmNfcJni( 4086): nfcManager_disableDiscovery: enter;
D/BrcmNfcJni( 4086): pn544InteropAbortNow
D/BrcmNfcJni( 4086): acquireRfInterfaceMutexLock: try to acquire lock
D/BrcmNfcJni( 4086): acquireRfInterfaceMutexLock: sRfInterfaceMutex lock
D/BrcmNfcJni( 4086): startRfDiscovery: is start=0
I/BrcmNfcNfa( 4086): NFA_StopRfDiscovery ()
I/BrcmNfcNfa( 4086): NFA got event 0x010F
I/BrcmNfcNfa( 4086): nfa_dm_evt_hdlr event: NFA_DM_API_STOP_RF_DISCOVERY_EVT (0x0f)
I/BrcmNfcNfa( 4086): nfa_dm_act_stop_rf_discovery ()
D/BrcmNfcJni( 4086): nfaConnectionCallback: event= 31
D/BrcmNfcJni( 4086): nfaConnectionCallback: NFA_RF_DISCOVERY_STOPPED_EVT: status = 0
D/BrcmNfcJni( 4086): notifyPollingEventwhileNfcOff: sDiscCmdwhleNfcOff=0
E/BrcmNfcJni( 4086): getReconnectState = 0x0
D/BrcmNfcJni( 4086): stopPolling_rfDiscoveryDisabled: disable polling
I/BrcmNfcNfa( 4086): NFA_DisablePolling ()
I/BrcmNfcNfa( 4086): NFA got event 0x0107
I/BrcmNfcNfa( 4086): nfa_dm_evt_hdlr event: NFA_DM_API_DISABLE_POLLING_EVT (0x07)
I/BrcmNfcNfa( 4086): nfa_dm_act_disable_polling ()
D/BrcmNfcJni( 4086): nfaConnectionCallback: event= 1
D/BrcmNfcJni( 4086): nfaConnectionCallback: NFA_POLL_DISABLED_EVT: status = 3
D/NfcAdaptation( 4086): const CNfcParam* CNfcConfig::find(const char*) const found UICC_LISTEN_TECH_MASK=(0x7)
E/BrcmNfcJni( 4086): nfcManager_disableDiscovery:UICC_LISTEN_MASK=0x07;
D/NfcAdaptation( 4086): const CNfcParam* CNfcConfig::find(const char*) const found P2P_LISTEN_TECH_MASK=(0xC4)
E/BrcmNfcJni( 4086): nfcManager_disableDiscovery:P2P_LISTEN_MASK=0x0196;
D/BrcmNfcJni( 4086): PeerToPeer::enableP2pListening: enter isEnable: 0  mIsP2pListening: 1
I/BrcmNfcNfa( 4086): NFA_P2pSetListenTech (): tech_mask:0x0
I/BrcmNfcNfa( 4086): NFA got event 0x010D
I/BrcmNfcNfa( 4086): nfa_dm_evt_hdlr event: NFA_DM_API_SET_P2P_LISTEN_TECH_EVT (0x0d)
I/BrcmNfcNfa( 4086): nfa_dm_set_p2p_listen_tech ()  tech_mask = 0
I/BrcmNfcNfa( 4086): nfa_p2p_update_listen_tech ()  tech_mask = 0x0
I/BrcmNfcNfa( 4086): nfa_dm_delete_rf_discover () handle=0x2
I/BrcmNfcNfa( 4086): nfa_p2p_enable_listening () sys_id = 3, update_wks = 0
D/BrcmNfcJni( 4086): nfaConnectionCallback: event= 33
D/BrcmNfcJni( 4086): nfaConnectionCallback: NFA_SET_P2P_LISTEN_TECH_EVT
D/BrcmNfcJni( 4086): PeerToPeer::enableP2pListening: exit; mIsP2pListening: 0
D/BrcmNfcJni( 4086): SecureElement::resetRfFieldStatus`: enter;
D/BrcmNfcJni( 4086): SecureElement::resetRfFieldStatus`: exit
D/BrcmNfcJni( 4086): releaseRfInterfaceMutexLock: sRfInterfaceMutex unlock
D/BrcmNfcJni( 4086): nfcManager_disableDiscovery: exit
D/StatusBar.MSimNetworkController( 3751): updateDataIcon dataSub =0
D/StatusBar.MSimNetworkController( 3751): updateDataIconi: phoneId1 is not DDS.  Clear the mMSimDataConnected Flag and return
D/StatusBar.MSimNetworkController( 3751): refreshViews phoneId =1mMSimDataConnected =false
D/StatusBar.MSimNetworkController( 3751): refreshViews mMSimDataActivity =0
V/WLAN_PSA(  328): NL MSG, len[048], NL type[0x11] WNI type[0x5050] len[028]
V/WLAN_PSA(  328): NL MSG, PID: 328
V/WLAN_PSA(  328): NL MSG, len[4088], NL type[0x1C] WNI type[0x5900] len[57359]
V/WLAN_PSA(  328): NL MSG, PID: 328
D/StatusBar.MSimNetworkController( 3751): refreshViews: Data not connected!! Set no data type icon / Roaming for phoneId: 1
D/StatusBar.MSimNetworkController( 3751): getPhoneId phoneId: 0
D/StatusBar.MSimNetworkController( 3751): updateDataIcon phoneId =0
I/ScreenOffReceiver( 4167): Receiver : android.intent.action.SCREEN_OFF
E/scanService( 3803): service stopScan
E/D100Scanner( 3803): stop scan
I/Devd100 ( 3803): D100jni set illumination ---------------
I/Devd100 ( 3803): D100jni set aimer ---------------
E/D100Scanner( 3803): stop scan success
E/scanService( 3803): service stopScan
E/D100Scanner( 3803): stop scan
I/Devd100 ( 3803): D100jni set illumination ---------------
I/Devd100 ( 3803): D100jni set aimer ---------------
E/D100Scanner( 3803): stop scan success
E/scanner ( 4167): app close
E/scanService( 3803): service close
E/D100Scanner( 3803): start close
E/D100Scanner( 3803): start close Camera
E/D100Scanner( 3803): stop scan
I/Devd100 ( 3803): D100jni set illumination ---------------
I/Devd100 ( 3803): D100jni set aimer ---------------
E/D100Scanner( 3803): stop scan success
I/Devd100 ( 3803): D100jni set illumination ---------------
I/Devd100 ( 3803): D100jni set aimer ---------------
E/D100Scanner( 3803): stop preview
D/StatusBar.MSimNetworkController( 3751): updateDataIcon dataSub =0
D/StatusBar.MSimNetworkController( 3751): updateDataIcon  when SimState =ABSENT
D/QCamera2HWI(  320): int qcamera::QCamera2HardwareInterface::disableMsgType(int32_t) (0x10) : mMsgEnabled = 0xc0d
D/StatusBar.MSimNetworkController( 3751): updateDataIcon when mMSimDataConnected[0] =false mMSimMobileActivityIconId[0] = 0
D/StatusBar.MSimNetworkController( 3751): refreshViews phoneId =0mMSimDataConnected =false
D/StatusBar.MSimNetworkController( 3751): refreshViews mMSimDataActivity =0
D/QCamera2HWI(  320): int qcamera::QCamera2HardwareInterface::disableMsgType(int32_t) (0xffff) : mMsgEnabled = 0x0
D/QCamera2HWI(  320): [KPI Perf] static void qcamera::QCamera2HardwareInterface::stop_preview(camera_device*): E PROFILE_STOP_PREVIEW
D/QCameraStateMachine(  320): int32_t qcamera::QCameraStateMachine::procEvtPreviewStoppedState(qcamera::qcamera_sm_evt_enum_t, void*): already in preview stopped state, do nothing
D/QCamera2HWI(  320): [KPI Perf] static void qcamera::QCamera2HardwareInterface::stop_preview(camera_device*): X
D/QCamera2HWI(  320): [KPI Perf] static int qcamera::QCamera2HardwareInterface::cancel_picture(camera_device*): E PROFILE_CANCEL_PICTURE
D/QCameraStateMachine(  320): int32_t qcamera::QCameraStateMachine::procEvtPreviewStoppedState(qcamera::qcamera_sm_evt_enum_t, void*): No ops for evt(20) in state(0)
D/QCamera2HWI(  320): [KPI Perf] static int qcamera::QCamera2HardwareInterface::cancel_picture(camera_device*): X
I/CameraClient(  320): Destroying camera 2
D/QCamera2HWI(  320): [KPI Perf] static int qcamera::QCamera2HardwareInterface::close_camera_device(hw_device_t*): E
D/QCamera2HWI(  320): virtual qcamera::QCamera2HardwareInterface::~QCamera2HardwareInterface(): E
D/QCamera2HWI(  320): static void* qcamera::QCamera2HardwareInterface::defferedWorkRoutine(void*): stop data proc
D/QCameraStateMachine(  320): static void* qcamera::QCameraStateMachine::smEvtProcRoutine(void*): X
D/QCamera2HWI(  320): int qcamera::QCamera2HardwareInterface::closeCamera(): E
E/qomx_image_core(  320): OMX_Deinit:118] Complete
E/QCameraPostProc(  320): int32_t qcamera::QCameraPostProcessor::deinit(): Jpeg closed, rc = 0, mJpegClientHandle = 2e00
I/Thermal-Lib(  320): Thermal-Lib-Client: Unregisteration is successfull for handle:1
I/ThermalEngine(  334): Thermal-Server: removing client on fd 36
I/DisplayManagerService( 2269): Display device changed: DisplayDeviceInfo{"内置屏幕": uniqueId="local:0", 720 x 1280, 60.0 fps, supportedRefreshRates [60.0], density 320, 160.421 x 160.157 dpi, appVsyncOff 0, presDeadline 17666667, touch INTERNAL, rotation 0, type BUILT_IN, state OFF, FLAG_DEFAULT_DISPLAY, FLAG_ROTATES_WITH_CONTENT, FLAG_SECURE, FLAG_SUPPORTS_PROTECTED_BUFFERS}
V/ActivityManager( 2269): Display changed displayId=0
I/Thermal-Lib(  320): Thermal-Lib-Client: Unregisteration is successfull for handle:2
D/SurfaceFlinger(  269): Set power mode=0, type=0 flinger=0x558e46f4b0
D/qdhwcomposer(  269): hwc_setPowerMode: Setting mode 0 on display: 0
D/mm-camera(  365): mct_pipeline_process_set:command=800000b
D/QCamera2HWI(  320): int qcamera::QCamera2HardwareInterface::closeCamera(): X
D/QCamera2HWI(  320): virtual qcamera::QCamera2HardwareInterface::~QCamera2HardwareInterface(): X
D/QCamera2HWI(  320): [KPI Perf] static int qcamera::QCamera2HardwareInterface::close_camera_device(hw_device_t*): X
D/mm-camera(  365): mct_pipeline_stop_session - E
D/mm-camera(  365): mct_pipeline_stop_session_thread thread_id is -1
D/mm-camera(  365): mct_pipeline_stop_session_thread: Stop module name: sensor - E
D/mm-camera(  365): mct_pipeline_stop_session_thread thread_id is -1
D/mm-camera(  365): mct_pipeline_stop_session_thread: Stop module name: iface - E
D/mm-camera(  365): mct_pipeline_stop_session_thread: Stop module name: iface - X
D/mm-camera(  365): mct_pipeline_stop_session_thread thread_id is -1
D/mm-camera(  365): mct_pipeline_stop_session_thread: Stop module name: isp - E
D/mm-camera(  365): mct_pipeline_stop_session_thread: Stop module name: isp - X
D/mm-camera(  365): mct_pipeline_stop_session_thread thread_id is -1
D/mm-camera(  365): mct_pipeline_stop_session_thread: Stop module name: stats - E
D/StatusBar.MSimNetworkController( 3751): refreshViews: Data not connected!! Set no data type icon / Roaming for phoneId: 0
E/D100Scanner( 3803): close Camera success
I/Devd100 ( 3803): D100jni close_msg2camera ---------------
I/Devd100 ( 3803): sockfd socked 20 
D/StatusBar.MSimNetworkController( 3751): getPhoneId phoneId: 0
D/StatusBar.MSimNetworkController( 3751): updateDataIcon phoneId =0
I/Devd100 ( 3803): recv_msg recv
I/Devd100 ( 3803): client socked 19 msgclose 1
E/D100Scanner( 3803): barcode reader exit
D/mm-camera(  365): mct_pipeline_stop_session_thread thread_id is -1
D/mm-camera(  365): mct_pipeline_stop_session_thread: Stop module name: pproc - E
D/mm-camera(  365): cpp_module_stop_session:507, info: stopping session 1 ...
D/mm-camera(  365): cpp_thread_process_pipe_message:377, CPP_THREAD_MSG_ABORT: cpp_thread exiting..
D/StatusBar.MSimNetworkController( 3751): updateDataIcon dataSub =0
D/StatusBar.MSimNetworkController( 3751): updateDataIcon  when SimState =ABSENT
D/StatusBar.MSimNetworkController( 3751): updateDataIcon when mMSimDataConnected[0] =false mMSimMobileActivityIconId[0] = 0
D/StatusBar.MSimNetworkController( 3751): refreshViews phoneId =0mMSimDataConnected =false
D/StatusBar.MSimNetworkController( 3751): refreshViews mMSimDataActivity =0
D/mm-camera(  365): mct_pipeline_stop_session_thread thread_id is -1
D/mm-camera(  365): mct_pipeline_stop_session_thread: Stop module name: imglib - E
E/mm-camera(  365): mct_pipeline_stop_session: left modules: 5
E/mm-camera(  365): mct_pipeline_stop_session: left modules: 4
D/mm-camera(  365): mct_pipeline_stop_session_thread: Stop module name: stats - X
E/mm-camera(  365): mct_pipeline_stop_session: left modules: 3
D/mm-camera(  365): cpp_module_stop_session:540, info: session 1 stopped.
D/mm-camera(  365): c2d_module_stop_session:444, info: stopping session 1 ...
D/mm-camera(  365): c2d_thread_process_pipe_message:793, C2D_THREAD_MSG_ABORT: c2d_thread exiting..
D/mm-camera(  365): mct_pipeline_stop_session_thread: Stop module name: imglib - X
E/mm-camera(  365): mct_pipeline_stop_session: left modules: 2
D/mm-camera(  365): c2d_module_stop_session:488, info: session 1 stopped.
D/mm-camera(  365): mct_pipeline_stop_session_thread: Stop module name: pproc - X
E/mm-camera(  365): mct_pipeline_stop_session: left modules: 1
E/D100Scanner( 3803): close complete
D/StatusBar.MSimNetworkController( 3751): refreshViews: Data not connected!! Set no data type icon / Roaming for phoneId: 0
D/StatusBar.MSimNetworkController( 3751): getPhoneId phoneId: 0
D/StatusBar.MSimNetworkController( 3751): updateDataIcon phoneId =0
D/StatusBar.MSimNetworkController( 3751): updateDataIcon dataSub =0
D/StatusBar.MSimNetworkController( 3751): updateDataIcon  when SimState =ABSENT
D/StatusBar.MSimNetworkController( 3751): updateDataIcon when mMSimDataConnected[0] =false mMSimMobileActivityIconId[0] = 0
D/StatusBar.MSimNetworkController( 3751): refreshViews phoneId =0mMSimDataConnected =false
D/StatusBar.MSimNetworkController( 3751): refreshViews mMSimDataActivity =0
E/qdutils (  269): int qdutils::getHDMINode(): Failed to open fb node 1
E/qdutils (  269): int qdutils::getHDMINode(): Failed to open fb node 2
E/qdutils (  269): int qdutils::getHDMINode(): Failed to find HDMI node
D/StatusBar.MSimNetworkController( 3751): refreshViews: Data not connected!! Set no data type icon / Roaming for phoneId: 0
D/StatusBar.MSimNetworkController( 3751): getPhoneId phoneId: 0
D/StatusBar.MSimNetworkController( 3751): updateDataIcon phoneId =0
D/StatusBar.MSimNetworkController( 3751): updateDataIcon dataSub =0
D/StatusBar.MSimNetworkController( 3751): updateDataIcon  when SimState =ABSENT
D/StatusBar.MSimNetworkController( 3751): updateDataIcon when mMSimDataConnected[0] =false mMSimMobileActivityIconId[0] = 0
D/StatusBar.MSimNetworkController( 3751): refreshViews phoneId =0mMSimDataConnected =false
D/StatusBar.MSimNetworkController( 3751): refreshViews mMSimDataActivity =0
D/StatusBar.MSimNetworkController( 3751): refreshViews: Data not connected!! Set no data type icon / Roaming for phoneId: 0
D/NuPlayerDriver(  320): reset(0xab1024d8)
D/NuPlayerDriver(  320): notifyResetComplete(0xab1024d8)
E/LibSecureUISvc( 4315): svc_sock_send_message(suisvc): Error sending data, -1 vs 4: Connection refused
D/NuPlayerDriver(  320): reset(0xab143098)
D/NuPlayerDriver(  320): notifyResetComplete(0xab143098)
W/System.err(11192): java.lang.NullPointerException: Attempt to invoke virtual method 'int java.lang.String.length()' on a null object reference
W/System.err(11192): 	at org.json.JSONTokener.nextCleanInternal(JSONTokener.java:116)
W/System.err(11192): 	at org.json.JSONTokener.nextValue(JSONTokener.java:94)
W/System.err(11192): 	at org.json.JSONArray.<init>(JSONArray.java:92)
W/System.err(11192): 	at org.json.JSONArray.<init>(JSONArray.java:108)
W/System.err(11192): 	at com.sijla.i.a.c(SourceFile:277)
W/System.err(11192): 	at com.sijla.i.a.a.s(SourceFile:1335)
W/System.err(11192): 	at com.sijla.i.c.k(SourceFile:994)
W/System.err(11192): 	at com.sijla.f.j.b(SourceFile:784)
W/System.err(11192): 	at com.sijla.f.j.run(SourceFile:151)
W/System.err(11192): 	at java.lang.Thread.run(Thread.java:818)
D/mm-camera(  365): mct_pipeline_stop_session_thread: Stop module name: sensor - X
E/mm-camera(  365): Got some events
E/mm-camera(  365): mct_pipeline_stop_session: left modules: 0
D/mm-camera(  365): mct_pipeline_stop_session - X
I/qdhwcomposer(  269): handle_blank_event: dpy:0 panel power state: 0
E/qdutils (  269): int qdutils::getHDMINode(): Failed to open fb node 1
E/qdutils (  269): int qdutils::getHDMINode(): Failed to open fb node 2
E/qdutils (  269): int qdutils::getHDMINode(): Failed to find HDMI node
D/qdhwcomposer(  269): hwc_setPowerMode: Done setting mode 0 on display 0
D/SurfaceControl( 2269): Excessive delay in setPowerMode(): 441ms
I/QCOM PowerHAL( 2269): Got set_interactive hint
I/socket2 (15553): Read 0xFEFE time outreceived_Total == 2
I/socket2 (15553): 读取数据头成功
I/socket2 (15553): 版本号机器序列号 received_Total == 14
I/socket2 (15553): 条码长度codeBytes = 0000000F
I/socket2 (15553): 条码长度 = 15
I/socket2 (15553): barcodelen received_Total == 15
I/socket2 (15553): 读取条码成功 barcode =611031974651677
I/socket2 (15553): imagenamelen received_Total == 4
I/socket2 (15553): 读图片名称长度成功
I/socket2 (15553): 读图片名称长度成功 imagenamelen = 44
I/socket2 (15553): imagename received_Total == 44
I/socket2 (15553): 读图片名称成功 imgname = pic_20180612142942083_1__611031974651677.bmp
I/socket2 (15553): imagelen received_Total == 4
I/socket2 (15553): 读取图片长度成功 图片数据长度 imagedatalen = 161371
I/socket2 (15553): 保存图片字节 is.available() = 7016 imageCount = 0
I/socket2 (15553): imageCount2 = 0 tempCount2 = 7016
I/socket2 (15553): 保存图片字节 is.available() = 1176 imageCount = 7016
I/socket2 (15553): imageCount2 = 7016 tempCount2 = 2636
I/socket2 (15553): 保存图片字节 is.available() = 1460 imageCount = 9652
I/socket2 (15553): imageCount2 = 9652 tempCount2 = 2636
I/socket2 (15553): 保存图片字节 is.available() = 1460 imageCount = 12288
I/socket2 (15553): imageCount2 = 12288 tempCount2 = 2920
I/socket2 (15553): 保存图片字节 is.available() = 2636 imageCount = 15208
I/socket2 (15553): imageCount2 = 15208 tempCount2 = 4096
I/socket2 (15553): 保存图片字节 is.available() = 2636 imageCount = 19304
I/socket2 (15553): imageCount2 = 19304 tempCount2 = 4096
I/socket2 (15553): 保存图片字节 is.available() = 2636 imageCount = 23400
I/socket2 (15553): imageCount2 = 23400 tempCount2 = 8192
I/socket2 (15553): 保存图片字节 is.available() = 0 imageCount = 31592
I/socket2 (15553): imageCount2 = 31592 tempCount2 = 1460
I/socket2 (15553): 保存图片字节 is.available() = 0 imageCount = 33052
I/socket2 (15553): imageCount2 = 33052 tempCount2 = 1460
I/socket2 (15553): 保存图片字节 is.available() = 0 imageCount = 34512
I/socket2 (15553): imageCount2 = 34512 tempCount2 = 7300
I/socket2 (15553): 保存图片字节 is.available() = 2920 imageCount = 41812
I/socket2 (15553): imageCount2 = 41812 tempCount2 = 3712
I/socket2 (15553): 保存图片字节 is.available() = 0 imageCount = 45524
I/socket2 (15553): imageCount2 = 45524 tempCount2 = 1460
I/socket2 (15553): 保存图片字节 is.available() = 0 imageCount = 46984
I/socket2 (15553): imageCount2 = 46984 tempCount2 = 1460
I/socket2 (15553): 保存图片字节 is.available() = 1460 imageCount = 48444
I/socket2 (15553): imageCount2 = 48444 tempCount2 = 2920
I/socket2 (15553): 保存图片字节 is.available() = 1460 imageCount = 51364
I/socket2 (15553): imageCount2 = 51364 tempCount2 = 1460
I/socket2 (15553): 保存图片字节 is.available() = 1460 imageCount = 52824
I/socket2 (15553): imageCount2 = 52824 tempCount2 = 1460
I/socket2 (15553): 保存图片字节 is.available() = 0 imageCount = 54284
I/socket2 (15553): imageCount2 = 54284 tempCount2 = 1460
I/socket2 (15553): 保存图片字节 is.available() = 0 imageCount = 55744
I/socket2 (15553): imageCount2 = 55744 tempCount2 = 1460
I/socket2 (15553): 保存图片字节 is.available() = 1460 imageCount = 57204
I/socket2 (15553): imageCount2 = 57204 tempCount2 = 1460
I/socket2 (15553): 保存图片字节 is.available() = 1460 imageCount = 58664
I/socket2 (15553): imageCount2 = 58664 tempCount2 = 2920
I/socket2 (15553): 保存图片字节 is.available() = 0 imageCount = 61584
I/socket2 (15553): imageCount2 = 61584 tempCount2 = 1460
I/socket2 (15553): 保存图片字节 is.available() = 0 imageCount = 63044
I/socket2 (15553): imageCount2 = 63044 tempCount2 = 1460
I/socket2 (15553): 保存图片字节 is.available() = 2618 imageCount = 64504
I/socket2 (15553): imageCount2 = 64504 tempCount2 = 4078
I/socket2 (15553): 保存图片字节 is.available() = 0 imageCount = 68582
I/socket2 (15553): imageCount2 = 68582 tempCount2 = 1460
I/socket2 (15553): 保存图片字节 is.available() = 0 imageCount = 70042
I/socket2 (15553): imageCount2 = 70042 tempCount2 = 1460
I/socket2 (15553): 保存图片字节 is.available() = 0 imageCount = 71502
I/socket2 (15553): imageCount2 = 71502 tempCount2 = 1460
I/socket2 (15553): 保存图片字节 is.available() = 0 imageCount = 72962
I/socket2 (15553): imageCount2 = 72962 tempCount2 = 1460
I/socket2 (15553): 保存图片字节 is.available() = 1460 imageCount = 74422
I/socket2 (15553): imageCount2 = 74422 tempCount2 = 1460
I/socket2 (15553): 保存图片字节 is.available() = 0 imageCount = 75882
I/socket2 (15553): imageCount2 = 75882 tempCount2 = 1460
I/socket2 (15553): 保存图片字节 is.available() = 0 imageCount = 77342
I/socket2 (15553): imageCount2 = 77342 tempCount2 = 1460
I/socket2 (15553): 保存图片字节 is.available() = 0 imageCount = 78802
I/socket2 (15553): imageCount2 = 78802 tempCount2 = 1460
I/socket2 (15553): 保存图片字节 is.available() = 1460 imageCount = 80262
I/socket2 (15553): imageCount2 = 80262 tempCount2 = 1460
I/socket2 (15553): 保存图片字节 is.available() = 1460 imageCount = 81722
I/socket2 (15553): imageCount2 = 81722 tempCount2 = 1460
I/socket2 (15553): 保存图片字节 is.available() = 1460 imageCount = 83182
I/socket2 (15553): imageCount2 = 83182 tempCount2 = 2920
I/socket2 (15553): 保存图片字节 is.available() = 0 imageCount = 86102
I/socket2 (15553): imageCount2 = 86102 tempCount2 = 1460
I/socket2 (15553): 保存图片字节 is.available() = 0 imageCount = 87562
I/socket2 (15553): imageCount2 = 87562 tempCount2 = 1460
I/socket2 (15553): 保存图片字节 is.available() = 0 imageCount = 89022
I/socket2 (15553): imageCount2 = 89022 tempCount2 = 1460
I/socket2 (15553): 保存图片字节 is.available() = 0 imageCount = 90482
I/socket2 (15553): imageCount2 = 90482 tempCount2 = 1460
I/socket2 (15553): 保存图片字节 is.available() = 0 imageCount = 91942
I/socket2 (15553): imageCount2 = 91942 tempCount2 = 1460
I/socket2 (15553): 保存图片字节 is.available() = 0 imageCount = 93402
I/socket2 (15553): imageCount2 = 93402 tempCount2 = 1460
I/socket2 (15553): 保存图片字节 is.available() = 0 imageCount = 94862
I/socket2 (15553): imageCount2 = 94862 tempCount2 = 1460
I/socket2 (15553): 保存图片字节 is.available() = 0 imageCount = 96322
I/socket2 (15553): imageCount2 = 96322 tempCount2 = 1460
I/socket2 (15553): 保存图片字节 is.available() = 0 imageCount = 97782
I/socket2 (15553): imageCount2 = 97782 tempCount2 = 1460
I/socket2 (15553): 保存图片字节 is.available() = 1460 imageCount = 99242
I/socket2 (15553): imageCount2 = 99242 tempCount2 = 1460
I/socket2 (15553): 保存图片字节 is.available() = 1460 imageCount = 100702
I/socket2 (15553): imageCount2 = 100702 tempCount2 = 2920
I/socket2 (15553): 保存图片字节 is.available() = 1460 imageCount = 103622
I/socket2 (15553): imageCount2 = 103622 tempCount2 = 1460
I/socket2 (15553): 保存图片字节 is.available() = 1460 imageCount = 105082
I/socket2 (15553): imageCount2 = 105082 tempCount2 = 2920
I/socket2 (15553): 保存图片字节 is.available() = 1460 imageCount = 108002
I/socket2 (15553): imageCount2 = 108002 tempCount2 = 2920
I/socket2 (15553): 保存图片字节 is.available() = 1460 imageCount = 110922
I/socket2 (15553): imageCount2 = 110922 tempCount2 = 4380
I/socket2 (15553): 保存图片字节 is.available() = 2920 imageCount = 115302
I/socket2 (15553): imageCount2 = 115302 tempCount2 = 4380
I/socket2 (15553): 保存图片字节 is.available() = 1460 imageCount = 119682
I/socket2 (15553): imageCount2 = 119682 tempCount2 = 1460
I/socket2 (15553): 保存图片字节 is.available() = 0 imageCount = 121142
I/socket2 (15553): imageCount2 = 121142 tempCount2 = 1460
I/socket2 (15553): 保存图片字节 is.available() = 1460 imageCount = 122602
I/socket2 (15553): imageCount2 = 122602 tempCount2 = 1460
I/socket2 (15553): 保存图片字节 is.available() = 0 imageCount = 124062
I/socket2 (15553): imageCount2 = 124062 tempCount2 = 1460
I/socket2 (15553): 保存图片字节 is.available() = 1460 imageCount = 125522
I/socket2 (15553): imageCount2 = 125522 tempCount2 = 2920
I/socket2 (15553): 保存图片字节 is.available() = 1460 imageCount = 128442
I/socket2 (15553): imageCount2 = 128442 tempCount2 = 1460
I/socket2 (15553): 保存图片字节 is.available() = 2920 imageCount = 129902
I/socket2 (15553): imageCount2 = 129902 tempCount2 = 4380
I/socket2 (15553): 保存图片字节 is.available() = 0 imageCount = 134282
I/socket2 (15553): imageCount2 = 134282 tempCount2 = 1460
I/socket2 (15553): 保存图片字节 is.available() = 0 imageCount = 135742
I/socket2 (15553): imageCount2 = 135742 tempCount2 = 1460
I/socket2 (15553): 保存图片字节 is.available() = 0 imageCount = 137202
I/socket2 (15553): imageCount2 = 137202 tempCount2 = 1460
I/socket2 (15553): 保存图片字节 is.available() = 2920 imageCount = 138662
I/socket2 (15553): imageCount2 = 138662 tempCount2 = 2920
I/socket2 (15553): 保存图片字节 is.available() = 2920 imageCount = 141582
I/socket2 (15553): imageCount2 = 141582 tempCount2 = 2920
I/socket2 (15553): 保存图片字节 is.available() = 2920 imageCount = 144502
I/socket2 (15553): imageCount2 = 144502 tempCount2 = 4380
I/socket2 (15553): 保存图片字节 is.available() = 1460 imageCount = 148882
I/socket2 (15553): imageCount2 = 148882 tempCount2 = 4380
I/socket2 (15553): 保存图片字节 is.available() = 1460 imageCount = 153262
I/socket2 (15553): imageCount1 = 153262 tempCount1 = 1460
I/socket2 (15553): 保存图片字节 is.available() = 1460 imageCount = 154722
I/socket2 (15553): imageCount1 = 154722 tempCount1 = 2920
I/socket2 (15553): 保存图片字节 is.available() = 0 imageCount = 157642
I/socket2 (15553): imageCount1 = 157642 tempCount1 = 1460
I/socket2 (15553): 保存图片字节 is.available() = 1460 imageCount = 159102
I/socket2 (15553): imageCount1 = 159102 tempCount1 = 2269
I/socket2 (15553): 读图片数据成功 bos imagedatalen - imageCount = 0
I/socket2 (15553): 读图片数据成功 bos length= 161371
I/System.out(15553): 取扫描时间与校验码 = 32303138303631323134323934323038330000
I/socket2 (15553): scantime received_Total == 19
I/socket2 (15553): 读图片数据完成 ---- endendend ----, 扫描时间 = 20180612142942083
I/socket2 (15553): 数据头 is.available() = 0
E/WifiStateMachine( 2269): Failed to handle: connected 131155
I/timer1  (15553): timer1timer1timer1timer1
I/socket2 (15553): Read 0xFEFE time outreceived_Total == 2
I/socket2 (15553): 读取数据头成功
I/socket2 (15553): 版本号机器序列号 received_Total == 14
I/socket2 (15553): 条码长度codeBytes = 00000009
I/socket2 (15553): 条码长度 = 9
I/socket2 (15553): barcodelen received_Total == 9
I/socket2 (15553): 读取条码成功 barcode =TM_001106
I/socket2 (15553): imagenamelen received_Total == 4
I/socket2 (15553): 读图片名称长度成功
I/socket2 (15553): 读图片名称长度成功 imagenamelen = 38
I/socket2 (15553): imagename received_Total == 38
I/socket2 (15553): 读图片名称成功 imgname = pic_20180612142732076_1__TM_001106.bmp
I/socket2 (15553): imagelen received_Total == 4
I/socket2 (15553): 读取图片长度成功 图片数据长度 imagedatalen = 94874
I/socket2 (15553): 保存图片字节 is.available() = 16384 imageCount = 0
I/socket2 (15553): imageCount2 = 0 tempCount2 = 10240
I/socket2 (15553): 保存图片字节 is.available() = 6144 imageCount = 10240
I/socket2 (15553): imageCount2 = 10240 tempCount2 = 6144
I/socket2 (15553): 保存图片字节 is.available() = 7016 imageCount = 16384
V/WLAN_PSA(  328): NL MSG, len[4071], NL type[0x1C] WNI type[0x5900] len[53007]
V/WLAN_PSA(  328): NL MSG, PID: 328
I/socket2 (15553): imageCount2 = 16384 tempCount2 = 10240
I/socket2 (15553): 保存图片字节 is.available() = 11700 imageCount = 26624
I/socket2 (15553): imageCount2 = 26624 tempCount2 = 10240
I/socket2 (15553): 保存图片字节 is.available() = 1460 imageCount = 36864
I/socket2 (15553): imageCount2 = 36864 tempCount2 = 1460
I/socket2 (15553): 保存图片字节 is.available() = 0 imageCount = 38324
I/socket2 (15553): imageCount2 = 38324 tempCount2 = 1460
I/socket2 (15553): 保存图片字节 is.available() = 0 imageCount = 39784
I/socket2 (15553): imageCount2 = 39784 tempCount2 = 1460
I/socket2 (15553): 保存图片字节 is.available() = 1460 imageCount = 41244
I/socket2 (15553): imageCount2 = 41244 tempCount2 = 2920
I/socket2 (15553): 保存图片字节 is.available() = 0 imageCount = 44164
I/socket2 (15553): imageCount2 = 44164 tempCount2 = 1460
I/socket2 (15553): 保存图片字节 is.available() = 0 imageCount = 45624
I/socket2 (15553): imageCount2 = 45624 tempCount2 = 1460
I/socket2 (15553): 保存图片字节 is.available() = 0 imageCount = 47084
I/socket2 (15553): imageCount2 = 47084 tempCount2 = 1460
I/socket2 (15553): 保存图片字节 is.available() = 1460 imageCount = 48544
I/socket2 (15553): imageCount2 = 48544 tempCount2 = 1460
I/socket2 (15553): 保存图片字节 is.available() = 1460 imageCount = 50004
I/socket2 (15553): imageCount2 = 50004 tempCount2 = 2920
I/socket2 (15553): 保存图片字节 is.available() = 0 imageCount = 52924
I/socket2 (15553): imageCount2 = 52924 tempCount2 = 7300
I/socket2 (15553): 保存图片字节 is.available() = 1460 imageCount = 60224
I/socket2 (15553): imageCount2 = 60224 tempCount2 = 1460
I/socket2 (15553): 保存图片字节 is.available() = 2920 imageCount = 61684
I/socket2 (15553): imageCount2 = 61684 tempCount2 = 2920
I/socket2 (15553): 保存图片字节 is.available() = 1460 imageCount = 64604
I/socket2 (15553): imageCount2 = 64604 tempCount2 = 2920
I/socket2 (15553): 保存图片字节 is.available() = 1460 imageCount = 67524
I/socket2 (15553): imageCount2 = 67524 tempCount2 = 1460
I/socket2 (15553): 保存图片字节 is.available() = 1460 imageCount = 68984
I/socket2 (15553): imageCount2 = 68984 tempCount2 = 1460
I/socket2 (15553): 保存图片字节 is.available() = 1460 imageCount = 70444
I/socket2 (15553): imageCount2 = 70444 tempCount2 = 2920
I/socket2 (15553): 保存图片字节 is.available() = 0 imageCount = 73364
I/socket2 (15553): imageCount2 = 73364 tempCount2 = 1460
I/socket2 (15553): 保存图片字节 is.available() = 0 imageCount = 74824
I/socket2 (15553): imageCount2 = 74824 tempCount2 = 1460
I/socket2 (15553): 保存图片字节 is.available() = 0 imageCount = 76284
I/socket2 (15553): imageCount2 = 76284 tempCount2 = 1460
I/socket2 (15553): 保存图片字节 is.available() = 1204 imageCount = 77744
I/socket2 (15553): imageCount2 = 77744 tempCount2 = 1204
I/socket2 (15553): 保存图片字节 is.available() = 0 imageCount = 78948
I/socket2 (15553): imageCount2 = 78948 tempCount2 = 1460
I/socket2 (15553): 保存图片字节 is.available() = 0 imageCount = 80408
I/socket2 (15553): imageCount2 = 80408 tempCount2 = 1564
I/socket2 (15553): 保存图片字节 is.available() = 2920 imageCount = 81972
I/socket2 (15553): imageCount2 = 81972 tempCount2 = 2920
I/socket2 (15553): 保存图片字节 is.available() = 1460 imageCount = 84892
I/socket2 (15553): imageCount1 = 84892 tempCount1 = 1460
I/socket2 (15553): 保存图片字节 is.available() = 1460 imageCount = 86352
I/socket2 (15553): imageCount1 = 86352 tempCount1 = 1460
I/socket2 (15553): 保存图片字节 is.available() = 1460 imageCount = 87812
I/socket2 (15553): imageCount1 = 87812 tempCount1 = 1460
I/socket2 (15553): 保存图片字节 is.available() = 0 imageCount = 89272
I/socket2 (15553): imageCount1 = 89272 tempCount1 = 1460
I/socket2 (15553): 保存图片字节 is.available() = 0 imageCount = 90732
I/socket2 (15553): imageCount1 = 90732 tempCount1 = 1460
I/socket2 (15553): 保存图片字节 is.available() = 0 imageCount = 92192
I/socket2 (15553): imageCount1 = 92192 tempCount1 = 1460
I/socket2 (15553): 保存图片字节 is.available() = 1241 imageCount = 93652
I/socket2 (15553): imageCount1 = 93652 tempCount1 = 1222
I/socket2 (15553): 读图片数据成功 bos imagedatalen - imageCount = 0
I/socket2 (15553): 读图片数据成功 bos length= 94874
I/System.out(15553): 取扫描时间与校验码 = 32303138303631323134323733323037360000
I/socket2 (15553): scantime received_Total == 19
I/socket2 (15553): 读图片数据完成 ---- endendend ----, 扫描时间 = 20180612142732076
I/socket2 (15553): 数据头 is.available() = 0
D/Sensors ( 2269): activate called handle:67 enable:0
D/Sensors ( 2269): bmp280-pressure calling driver disable
I/socket2 (15553): Read 0xFEFE time outreceived_Total == 2
I/socket2 (15553): 读取数据头成功
I/socket2 (15553): 版本号机器序列号 received_Total == 14
I/socket2 (15553): 条码长度codeBytes = 00000009
I/socket2 (15553): 条码长度 = 9
I/socket2 (15553): barcodelen received_Total == 9
I/socket2 (15553): 读取条码成功 barcode =TM_001106
I/socket2 (15553): imagenamelen received_Total == 4
I/socket2 (15553): 读图片名称长度成功
I/socket2 (15553): 读图片名称长度成功 imagenamelen = 38
I/socket2 (15553): imagename received_Total == 38
I/socket2 (15553): 读图片名称成功 imgname = pic_20180612142732076_1__TM_001106.bmp
I/socket2 (15553): imagelen received_Total == 4
I/socket2 (15553): 读取图片长度成功 图片数据长度 imagedatalen = 94874
I/socket2 (15553): 保存图片字节 is.available() = 13748 imageCount = 0
I/socket2 (15553): imageCount2 = 0 tempCount2 = 10240
I/socket2 (15553): 保存图片字节 is.available() = 7604 imageCount = 10240
I/socket2 (15553): imageCount2 = 10240 tempCount2 = 9064
I/socket2 (15553): 保存图片字节 is.available() = 2636 imageCount = 19304
I/socket2 (15553): imageCount2 = 19304 tempCount2 = 4096
I/socket2 (15553): 保存图片字节 is.available() = 1176 imageCount = 23400
I/socket2 (15553): imageCount2 = 23400 tempCount2 = 2636
I/socket2 (15553): 保存图片字节 is.available() = 2636 imageCount = 26036
I/socket2 (15553): imageCount2 = 26036 tempCount2 = 4096
I/socket2 (15553): 保存图片字节 is.available() = 2636 imageCount = 30132
I/socket2 (15553): imageCount2 = 30132 tempCount2 = 4096
I/socket2 (15553): 保存图片字节 is.available() = 1460 imageCount = 34228
I/socket2 (15553): imageCount2 = 34228 tempCount2 = 2636
I/socket2 (15553): 保存图片字节 is.available() = 2920 imageCount = 36864
I/socket2 (15553): imageCount2 = 36864 tempCount2 = 4096
I/socket2 (15553): 保存图片字节 is.available() = 1460 imageCount = 40960
I/socket2 (15553): imageCount2 = 40960 tempCount2 = 1460
I/socket2 (15553): 保存图片字节 is.available() = 0 imageCount = 42420
I/socket2 (15553): imageCount2 = 42420 tempCount2 = 1460
I/socket2 (15553): 保存图片字节 is.available() = 1460 imageCount = 43880
I/socket2 (15553): imageCount2 = 43880 tempCount2 = 1460
I/socket2 (15553): 保存图片字节 is.available() = 0 imageCount = 45340
I/socket2 (15553): imageCount2 = 45340 tempCount2 = 1460
I/socket2 (15553): 保存图片字节 is.available() = 1460 imageCount = 46800
I/socket2 (15553): imageCount2 = 46800 tempCount2 = 2920
I/socket2 (15553): 保存图片字节 is.available() = 2920 imageCount = 49720
I/socket2 (15553): imageCount2 = 49720 tempCount2 = 5840
I/socket2 (15553): 保存图片字节 is.available() = 1460 imageCount = 55560
I/socket2 (15553): imageCount2 = 55560 tempCount2 = 7300
I/socket2 (15553): 保存图片字节 is.available() = 2920 imageCount = 62860
I/socket2 (15553): imageCount2 = 62860 tempCount2 = 4380
I/socket2 (15553): 保存图片字节 is.available() = 1460 imageCount = 67240
I/socket2 (15553): imageCount2 = 67240 tempCount2 = 2920
I/socket2 (15553): 保存图片字节 is.available() = 0 imageCount = 70160
I/socket2 (15553): imageCount2 = 70160 tempCount2 = 1460
I/socket2 (15553): 保存图片字节 is.available() = 0 imageCount = 71620
I/socket2 (15553): imageCount2 = 71620 tempCount2 = 1460
I/socket2 (15553): 保存图片字节 is.available() = 2920 imageCount = 73080
I/socket2 (15553): imageCount2 = 73080 tempCount2 = 4380
I/socket2 (15553): 保存图片字节 is.available() = 4380 imageCount = 77460
I/socket2 (15553): imageCount2 = 77460 tempCount2 = 5840
I/socket2 (15553): 保存图片字节 is.available() = 4380 imageCount = 83300
I/socket2 (15553): imageCount2 = 83300 tempCount2 = 4380
I/socket2 (15553): 保存图片字节 is.available() = 1460 imageCount = 87680
I/socket2 (15553): imageCount1 = 87680 tempCount1 = 2920
I/socket2 (15553): 保存图片字节 is.available() = 0 imageCount = 90600
I/socket2 (15553): imageCount1 = 90600 tempCount1 = 1460
I/socket2 (15553): 保存图片字节 is.available() = 1460 imageCount = 92060
I/socket2 (15553): imageCount1 = 92060 tempCount1 = 1460
I/socket2 (15553): 保存图片字节 is.available() = 1373 imageCount = 93520
I/socket2 (15553): imageCount1 = 93520 tempCount1 = 1354
I/socket2 (15553): 读图片数据成功 bos imagedatalen - imageCount = 0
I/socket2 (15553): 读图片数据成功 bos length= 94874
I/System.out(15553): 取扫描时间与校验码 = 32303138303631323134323733323037360000
I/socket2 (15553): scantime received_Total == 19
I/socket2 (15553): 读图片数据完成 ---- endendend ----, 扫描时间 = 20180612142732076
I/socket2 (15553): 数据头 is.available() = 0
I/socket2 (15553): Read 0xFEFE time outreceived_Total == 2
I/socket2 (15553): 读取数据头成功
I/socket2 (15553): 版本号机器序列号 received_Total == 14
I/socket2 (15553): 条码长度codeBytes = 0000000F
I/socket2 (15553): 条码长度 = 15
I/socket2 (15553): barcodelen received_Total == 15
