I/socket2 (15553): 保存图片字节 is.available() = 0 imageCount = 54708
I/socket2 (15553): imageCount2 = 54708 tempCount2 = 1460
I/socket2 (15553): 保存图片字节 is.available() = 1176 imageCount = 56168
I/socket2 (15553): imageCount2 = 56168 tempCount2 = 2636
I/socket2 (15553): 保存图片字节 is.available() = 0 imageCount = 58804
I/socket2 (15553): imageCount2 = 58804 tempCount2 = 1460
I/socket2 (15553): 保存图片字节 is.available() = 1176 imageCount = 60264
I/socket2 (15553): imageCount2 = 60264 tempCount2 = 1176
I/socket2 (15553): 保存图片字节 is.available() = 0 imageCount = 61440
I/socket2 (15553): imageCount2 = 61440 tempCount2 = 1460
I/socket2 (15553): 保存图片字节 is.available() = 1460 imageCount = 62900
I/socket2 (15553): imageCount2 = 62900 tempCount2 = 1460
I/socket2 (15553): 保存图片字节 is.available() = 1176 imageCount = 64360
I/socket2 (15553): imageCount2 = 64360 tempCount2 = 1176
I/socket2 (15553): 保存图片字节 is.available() = 1460 imageCount = 65536
I/socket2 (15553): imageCount2 = 65536 tempCount2 = 1460
I/socket2 (15553): 保存图片字节 is.available() = 1460 imageCount = 66996
I/socket2 (15553): imageCount2 = 66996 tempCount2 = 1460
I/socket2 (15553): 保存图片字节 is.available() = 0 imageCount = 68456
I/socket2 (15553): imageCount2 = 68456 tempCount2 = 1176
I/socket2 (15553): 保存图片字节 is.available() = 1460 imageCount = 69632
I/socket2 (15553): imageCount2 = 69632 tempCount2 = 2920
I/socket2 (15553): 保存图片字节 is.available() = 0 imageCount = 72552
I/socket2 (15553): imageCount2 = 72552 tempCount2 = 1176
I/socket2 (15553): 保存图片字节 is.available() = 1460 imageCount = 73728
I/socket2 (15553): imageCount2 = 73728 tempCount2 = 1460
I/socket2 (15553): 保存图片字节 is.available() = 0 imageCount = 75188
I/socket2 (15553): imageCount2 = 75188 tempCount2 = 1460
I/socket2 (15553): 保存图片字节 is.available() = 1176 imageCount = 76648
I/socket2 (15553): imageCount2 = 76648 tempCount2 = 1176
I/socket2 (15553): 保存图片字节 is.available() = 1460 imageCount = 77824
I/socket2 (15553): imageCount2 = 77824 tempCount2 = 1460
I/socket2 (15553): 保存图片字节 is.available() = 1460 imageCount = 79284
I/socket2 (15553): imageCount2 = 79284 tempCount2 = 1460
I/socket2 (15553): 保存图片字节 is.available() = 0 imageCount = 80744
I/socket2 (15553): imageCount2 = 80744 tempCount2 = 1176
I/socket2 (15553): 保存图片字节 is.available() = 0 imageCount = 81920
I/socket2 (15553): imageCount2 = 81920 tempCount2 = 1460
I/socket2 (15553): 保存图片字节 is.available() = 0 imageCount = 83380
I/socket2 (15553): imageCount2 = 83380 tempCount2 = 2636
I/socket2 (15553): 保存图片字节 is.available() = 1460 imageCount = 86016
I/socket2 (15553): imageCount2 = 86016 tempCount2 = 1460
I/socket2 (15553): 保存图片字节 is.available() = 1460 imageCount = 87476
I/socket2 (15553): imageCount2 = 87476 tempCount2 = 1460
I/socket2 (15553): 保存图片字节 is.available() = 0 imageCount = 88936
I/socket2 (15553): imageCount2 = 88936 tempCount2 = 1176
I/socket2 (15553): 保存图片字节 is.available() = 0 imageCount = 90112
I/socket2 (15553): imageCount2 = 90112 tempCount2 = 1460
I/socket2 (15553): 保存图片字节 is.available() = 0 imageCount = 91572
I/socket2 (15553): imageCount2 = 91572 tempCount2 = 1460
I/socket2 (15553): 保存图片字节 is.available() = 0 imageCount = 93032
I/socket2 (15553): imageCount2 = 93032 tempCount2 = 1176
I/socket2 (15553): 保存图片字节 is.available() = 0 imageCount = 94208
I/socket2 (15553): imageCount2 = 94208 tempCount2 = 1460
I/socket2 (15553): 保存图片字节 is.available() = 0 imageCount = 95668
I/socket2 (15553): imageCount2 = 95668 tempCount2 = 1460
I/socket2 (15553): 保存图片字节 is.available() = 0 imageCount = 97128
I/socket2 (15553): imageCount2 = 97128 tempCount2 = 1176
I/socket2 (15553): 保存图片字节 is.available() = 1460 imageCount = 98304
I/socket2 (15553): imageCount2 = 98304 tempCount2 = 1460
I/socket2 (15553): 保存图片字节 is.available() = 0 imageCount = 99764
I/socket2 (15553): imageCount2 = 99764 tempCount2 = 1460
I/socket2 (15553): 保存图片字节 is.available() = 1176 imageCount = 101224
I/socket2 (15553): imageCount2 = 101224 tempCount2 = 1176
I/socket2 (15553): 保存图片字节 is.available() = 1460 imageCount = 102400
I/socket2 (15553): imageCount2 = 102400 tempCount2 = 2920
I/socket2 (15553): 保存图片字节 is.available() = 1176 imageCount = 105320
I/socket2 (15553): imageCount2 = 105320 tempCount2 = 2636
I/socket2 (15553): 保存图片字节 is.available() = 0 imageCount = 107956
I/socket2 (15553): imageCount2 = 107956 tempCount2 = 1460
I/socket2 (15553): 保存图片字节 is.available() = 1176 imageCount = 109416
I/socket2 (15553): imageCount2 = 109416 tempCount2 = 1176
I/socket2 (15553): 保存图片字节 is.available() = 1460 imageCount = 110592
I/socket2 (15553): imageCount2 = 110592 tempCount2 = 1460
I/socket2 (15553): 保存图片字节 is.available() = 0 imageCount = 112052
I/socket2 (15553): imageCount2 = 112052 tempCount2 = 1460
I/socket2 (15553): 保存图片字节 is.available() = 0 imageCount = 113512
I/socket2 (15553): imageCount2 = 113512 tempCount2 = 1176
I/socket2 (15553): 保存图片字节 is.available() = 1460 imageCount = 114688
I/socket2 (15553): imageCount2 = 114688 tempCount2 = 1460
I/socket2 (15553): 保存图片字节 is.available() = 0 imageCount = 116148
I/socket2 (15553): imageCount2 = 116148 tempCount2 = 1460
I/socket2 (15553): 保存图片字节 is.available() = 1176 imageCount = 117608
I/socket2 (15553): imageCount2 = 117608 tempCount2 = 1176
I/socket2 (15553): 保存图片字节 is.available() = 1460 imageCount = 118784
I/socket2 (15553): imageCount2 = 118784 tempCount2 = 1460
I/socket2 (15553): 保存图片字节 is.available() = 1460 imageCount = 120244
I/socket2 (15553): imageCount2 = 120244 tempCount2 = 1460
I/socket2 (15553): 保存图片字节 is.available() = 0 imageCount = 121704
I/socket2 (15553): imageCount2 = 121704 tempCount2 = 1176
I/socket2 (15553): 保存图片字节 is.available() = 0 imageCount = 122880
I/socket2 (15553): imageCount2 = 122880 tempCount2 = 1460
I/socket2 (15553): 保存图片字节 is.available() = 0 imageCount = 124340
I/socket2 (15553): imageCount2 = 124340 tempCount2 = 1460
I/socket2 (15553): 保存图片字节 is.available() = 1176 imageCount = 125800
I/socket2 (15553): imageCount2 = 125800 tempCount2 = 1176
I/socket2 (15553): 保存图片字节 is.available() = 1460 imageCount = 126976
I/socket2 (15553): imageCount2 = 126976 tempCount2 = 2920
I/socket2 (15553): 保存图片字节 is.available() = 0 imageCount = 129896
I/socket2 (15553): imageCount2 = 129896 tempCount2 = 1176
I/socket2 (15553): 保存图片字节 is.available() = 0 imageCount = 131072
I/socket2 (15553): imageCount2 = 131072 tempCount2 = 1460
I/socket2 (15553): 保存图片字节 is.available() = 0 imageCount = 132532
I/socket2 (15553): imageCount2 = 132532 tempCount2 = 1460
I/socket2 (15553): 保存图片字节 is.available() = 0 imageCount = 133992
I/socket2 (15553): imageCount2 = 133992 tempCount2 = 1176
I/socket2 (15553): 保存图片字节 is.available() = 0 imageCount = 135168
I/socket2 (15553): imageCount2 = 135168 tempCount2 = 1460
I/socket2 (15553): 保存图片字节 is.available() = 2920 imageCount = 136628
I/socket2 (15553): imageCount1 = 136628 tempCount1 = 5840
I/socket2 (15553): 保存图片字节 is.available() = 165731 imageCount = 142468
I/socket2 (15553): imageCount1 = 142468 tempCount1 = 4254
I/socket2 (15553): 读图片数据成功 bos imagedatalen - imageCount = 0
I/socket2 (15553): 读图片数据成功 bos length= 146722
I/System.out(15553): 取扫描时间与校验码 = 32303138303631323134323734373330380000
I/socket2 (15553): scantime received_Total == 19
I/socket2 (15553): 读图片数据完成 ---- endendend ----, 扫描时间 = 20180612142747308
I/socket2 (15553): 数据头 is.available() = 161458
I/socket2 (15553): Read 0xFEFE time outreceived_Total == 2
I/socket2 (15553): 读取数据头成功
I/socket2 (15553): 版本号机器序列号 received_Total == 14
I/socket2 (15553): 条码长度codeBytes = 0000000F
I/socket2 (15553): 条码长度 = 15
I/socket2 (15553): barcodelen received_Total == 15
I/socket2 (15553): 读取条码成功 barcode =611031974651677
I/socket2 (15553): imagenamelen received_Total == 4
I/socket2 (15553): 读图片名称长度成功
I/socket2 (15553): 读图片名称长度成功 imagenamelen = 44
I/socket2 (15553): imagename received_Total == 44
I/socket2 (15553): 读图片名称成功 imgname = pic_20180612142942083_1__611031974651677.bmp
I/socket2 (15553): imagelen received_Total == 4
I/socket2 (15553): 读取图片长度成功 图片数据长度 imagedatalen = 161371
I/socket2 (15553): 保存图片字节 is.available() = 161371 imageCount = 0
I/socket2 (15553): imageCount2 = 0 tempCount2 = 10240
I/socket2 (15553): 保存图片字节 is.available() = 151131 imageCount = 10240
I/socket2 (15553): imageCount2 = 10240 tempCount2 = 10240
I/socket2 (15553): 保存图片字节 is.available() = 140891 imageCount = 20480
I/socket2 (15553): imageCount2 = 20480 tempCount2 = 10240
I/socket2 (15553): 保存图片字节 is.available() = 130651 imageCount = 30720
I/socket2 (15553): imageCount2 = 30720 tempCount2 = 10240
I/socket2 (15553): 保存图片字节 is.available() = 120411 imageCount = 40960
I/socket2 (15553): imageCount2 = 40960 tempCount2 = 10240
I/socket2 (15553): 保存图片字节 is.available() = 110171 imageCount = 51200
I/socket2 (15553): imageCount2 = 51200 tempCount2 = 10240
I/socket2 (15553): 保存图片字节 is.available() = 99931 imageCount = 61440
I/socket2 (15553): imageCount2 = 61440 tempCount2 = 10240
I/socket2 (15553): 保存图片字节 is.available() = 89691 imageCount = 71680
I/socket2 (15553): imageCount2 = 71680 tempCount2 = 10240
I/socket2 (15553): 保存图片字节 is.available() = 79451 imageCount = 81920
I/socket2 (15553): imageCount2 = 81920 tempCount2 = 10240
I/socket2 (15553): 保存图片字节 is.available() = 69211 imageCount = 92160
I/socket2 (15553): imageCount2 = 92160 tempCount2 = 10240
I/socket2 (15553): 保存图片字节 is.available() = 58971 imageCount = 102400
I/socket2 (15553): imageCount2 = 102400 tempCount2 = 10240
I/socket2 (15553): 保存图片字节 is.available() = 48731 imageCount = 112640
I/socket2 (15553): imageCount2 = 112640 tempCount2 = 10240
I/socket2 (15553): 保存图片字节 is.available() = 38491 imageCount = 122880
I/socket2 (15553): imageCount2 = 122880 tempCount2 = 10240
I/socket2 (15553): 保存图片字节 is.available() = 28251 imageCount = 133120
I/socket2 (15553): imageCount2 = 133120 tempCount2 = 10240
I/socket2 (15553): 保存图片字节 is.available() = 18011 imageCount = 143360
I/socket2 (15553): imageCount2 = 143360 tempCount2 = 10240
I/socket2 (15553): 保存图片字节 is.available() = 7771 imageCount = 153600
I/socket2 (15553): imageCount1 = 153600 tempCount1 = 7771
I/socket2 (15553): 读图片数据成功 bos imagedatalen - imageCount = 0
I/socket2 (15553): 读图片数据成功 bos length= 161371
I/System.out(15553): 取扫描时间与校验码 = 32303138303631323134323934323038330000
I/socket2 (15553): scantime received_Total == 19
I/socket2 (15553): 读图片数据完成 ---- endendend ----, 扫描时间 = 20180612142942083
I/socket2 (15553): 数据头 is.available() = 0
D/Daemon  ( 6420): check the service once, interval: 120
D/Daemon  (20248): service: com.yto.receivesend/com.cainiao.wireless.locus.service.LiveTrackingService
I/socket2 (15553): Read 0xFEFE time outreceived_Total == 2
I/socket2 (15553): 读取数据头成功
I/socket2 (15553): 版本号机器序列号 received_Total == 14
I/socket2 (15553): 条码长度codeBytes = 00000009
I/socket2 (15553): 条码长度 = 9
I/socket2 (15553): barcodelen received_Total == 9
I/socket2 (15553): 读取条码成功 barcode =TM_001106
I/socket2 (15553): imagenamelen received_Total == 4
I/socket2 (15553): 读图片名称长度成功
I/socket2 (15553): 读图片名称长度成功 imagenamelen = 38
I/socket2 (15553): imagename received_Total == 38
I/socket2 (15553): 读图片名称成功 imgname = pic_20180612142732076_1__TM_001106.bmp
I/socket2 (15553): imagelen received_Total == 4
I/socket2 (15553): 读取图片长度成功 图片数据长度 imagedatalen = 94874
I/socket2 (15553): 保存图片字节 is.available() = 2849 imageCount = 0
I/socket2 (15553): imageCount2 = 0 tempCount2 = 2849
I/socket2 (15553): 保存图片字节 is.available() = 0 imageCount = 2849
I/socket2 (15553): imageCount2 = 2849 tempCount2 = 8263
I/socket2 (15553): 保存图片字节 is.available() = 0 imageCount = 11112
I/socket2 (15553): imageCount2 = 11112 tempCount2 = 4096
I/socket2 (15553): 保存图片字节 is.available() = 2636 imageCount = 15208
I/socket2 (15553): imageCount2 = 15208 tempCount2 = 2636
I/socket2 (15553): 保存图片字节 is.available() = 0 imageCount = 17844
I/socket2 (15553): imageCount2 = 17844 tempCount2 = 1460
I/socket2 (15553): 保存图片字节 is.available() = 1176 imageCount = 19304
I/socket2 (15553): imageCount2 = 19304 tempCount2 = 1176
I/socket2 (15553): 保存图片字节 is.available() = 1460 imageCount = 20480
I/socket2 (15553): imageCount2 = 20480 tempCount2 = 1460
I/socket2 (15553): 保存图片字节 is.available() = 0 imageCount = 21940
I/socket2 (15553): imageCount2 = 21940 tempCount2 = 1460
I/socket2 (15553): 保存图片字节 is.available() = 0 imageCount = 23400
I/socket2 (15553): imageCount2 = 23400 tempCount2 = 1176
I/socket2 (15553): 保存图片字节 is.available() = 2920 imageCount = 24576
I/socket2 (15553): imageCount2 = 24576 tempCount2 = 4096
I/socket2 (15553): 保存图片字节 is.available() = 1460 imageCount = 28672
I/socket2 (15553): imageCount2 = 28672 tempCount2 = 1460
I/socket2 (15553): 保存图片字节 is.available() = 0 imageCount = 30132
I/socket2 (15553): imageCount2 = 30132 tempCount2 = 2636
I/socket2 (15553): 保存图片字节 is.available() = 5556 imageCount = 32768
I/socket2 (15553): imageCount2 = 32768 tempCount2 = 9652
I/socket2 (15553): 保存图片字节 is.available() = 5556 imageCount = 42420
I/socket2 (15553): imageCount2 = 42420 tempCount2 = 9652
I/socket2 (15553): 保存图片字节 is.available() = 8192 imageCount = 52072
I/socket2 (15553): imageCount2 = 52072 tempCount2 = 10240
I/socket2 (15553): 保存图片字节 is.available() = 7320 imageCount = 62312
I/socket2 (15553): imageCount2 = 62312 tempCount2 = 10240
I/socket2 (15553): 保存图片字节 is.available() = 1176 imageCount = 72552
I/socket2 (15553): imageCount2 = 72552 tempCount2 = 4096
I/socket2 (15553): 保存图片字节 is.available() = 2636 imageCount = 76648
I/socket2 (15553): imageCount2 = 76648 tempCount2 = 2636
I/socket2 (15553): 保存图片字节 is.available() = 1460 imageCount = 79284
I/socket2 (15553): imageCount2 = 79284 tempCount2 = 1460
I/socket2 (15553): 保存图片字节 is.available() = 1176 imageCount = 80744
I/socket2 (15553): imageCount2 = 80744 tempCount2 = 1176
I/socket2 (15553): 保存图片字节 is.available() = 0 imageCount = 81920
I/socket2 (15553): imageCount2 = 81920 tempCount2 = 1460
I/socket2 (15553): 保存图片字节 is.available() = 0 imageCount = 83380
I/socket2 (15553): imageCount2 = 83380 tempCount2 = 1460
I/socket2 (15553): 保存图片字节 is.available() = 1176 imageCount = 84840
I/socket2 (15553): imageCount1 = 84840 tempCount1 = 1176
I/socket2 (15553): 保存图片字节 is.available() = 1460 imageCount = 86016
I/socket2 (15553): imageCount1 = 86016 tempCount1 = 1460
I/socket2 (15553): 保存图片字节 is.available() = 0 imageCount = 87476
I/socket2 (15553): imageCount1 = 87476 tempCount1 = 1460
I/socket2 (15553): 保存图片字节 is.available() = 1176 imageCount = 88936
I/socket2 (15553): imageCount1 = 88936 tempCount1 = 1176
I/socket2 (15553): 保存图片字节 is.available() = 1460 imageCount = 90112
I/socket2 (15553): imageCount1 = 90112 tempCount1 = 4762
I/socket2 (15553): 读图片数据成功 bos imagedatalen - imageCount = 0
I/socket2 (15553): 读图片数据成功 bos length= 94874
I/System.out(15553): 取扫描时间与校验码 = 32303138303631323134323733323037360000
I/socket2 (15553): scantime received_Total == 19
I/socket2 (15553): 读图片数据完成 ---- endendend ----, 扫描时间 = 20180612142732076
I/socket2 (15553): 数据头 is.available() = 0
D/AndroidRuntime(20248): >>>>>> START com.android.internal.os.RuntimeInit uid 10094 <<<<<<
D/AndroidRuntime(20248): CheckJNI is OFF
D/AndroidRuntime(20248): Calling main entry com.android.commands.am.Am
D/Locus ===> DaemonService( 6388): Service onStartCommand
D/AndroidRuntime(20248): Shutting down VM
I/socket2 (15553): Read 0xFEFE time outreceived_Total == 2
I/socket2 (15553): 读取数据头成功
I/socket2 (15553): 版本号机器序列号 received_Total == 14
I/socket2 (15553): 条码长度codeBytes = 0000000F
I/socket2 (15553): 条码长度 = 15
I/socket2 (15553): barcodelen received_Total == 15
I/socket2 (15553): 读取条码成功 barcode =611031969205635
I/socket2 (15553): imagenamelen received_Total == 4
I/socket2 (15553): 读图片名称长度成功
I/socket2 (15553): 读图片名称长度成功 imagenamelen = 54
I/socket2 (15553): imagename received_Total == 54
I/socket2 (15553): 读图片名称成功 imgname = pic_20180612142747308_2__TM_001106,611031969205635.bmp
I/socket2 (15553): imagelen received_Total == 4
I/socket2 (15553): 读取图片长度成功 图片数据长度 imagedatalen = 146722
I/socket2 (15553): 保存图片字节 is.available() = 2827 imageCount = 0
I/socket2 (15553): imageCount2 = 0 tempCount2 = 2827
I/socket2 (15553): 保存图片字节 is.available() = 0 imageCount = 2827
I/socket2 (15553): imageCount2 = 2827 tempCount2 = 10240
I/socket2 (15553): 保存图片字节 is.available() = 37545 imageCount = 13067
I/socket2 (15553): imageCount2 = 13067 tempCount2 = 10240
I/socket2 (15553): 保存图片字节 is.available() = 35497 imageCount = 23307
I/socket2 (15553): imageCount2 = 23307 tempCount2 = 10240
I/socket2 (15553): 保存图片字节 is.available() = 33449 imageCount = 33547
I/socket2 (15553): imageCount2 = 33547 tempCount2 = 10240
I/socket2 (15553): 保存图片字节 is.available() = 28765 imageCount = 43787
I/socket2 (15553): imageCount2 = 43787 tempCount2 = 10240
I/socket2 (15553): 保存图片字节 is.available() = 22621 imageCount = 54027
I/socket2 (15553): imageCount2 = 54027 tempCount2 = 10240
I/socket2 (15553): 保存图片字节 is.available() = 12381 imageCount = 64267
I/socket2 (15553): imageCount2 = 64267 tempCount2 = 10240
I/socket2 (15553): 保存图片字节 is.available() = 8873 imageCount = 74507
I/socket2 (15553): imageCount2 = 74507 tempCount2 = 10240
I/socket2 (15553): 保存图片字节 is.available() = 1269 imageCount = 84747
I/socket2 (15553): imageCount2 = 84747 tempCount2 = 2729
I/socket2 (15553): 保存图片字节 is.available() = 1460 imageCount = 87476
I/socket2 (15553): imageCount2 = 87476 tempCount2 = 2636
I/socket2 (15553): 保存图片字节 is.available() = 2920 imageCount = 90112
I/socket2 (15553): imageCount2 = 90112 tempCount2 = 4096
I/socket2 (15553): 保存图片字节 is.available() = 2920 imageCount = 94208
I/socket2 (15553): imageCount2 = 94208 tempCount2 = 8192
I/socket2 (15553): 保存图片字节 is.available() = 2920 imageCount = 102400
I/socket2 (15553): imageCount2 = 102400 tempCount2 = 5556
I/socket2 (15553): 保存图片字节 is.available() = 0 imageCount = 107956
I/socket2 (15553): imageCount2 = 107956 tempCount2 = 1460
I/socket2 (15553): 保存图片字节 is.available() = 1176 imageCount = 109416
I/socket2 (15553): imageCount2 = 109416 tempCount2 = 2636
I/socket2 (15553): 保存图片字节 is.available() = 1460 imageCount = 112052
I/socket2 (15553): imageCount2 = 112052 tempCount2 = 4096
I/socket2 (15553): 保存图片字节 is.available() = 2636 imageCount = 116148
I/socket2 (15553): imageCount2 = 116148 tempCount2 = 2636
I/socket2 (15553): 保存图片字节 is.available() = 2920 imageCount = 118784
I/socket2 (15553): imageCount2 = 118784 tempCount2 = 4096
I/socket2 (15553): 保存图片字节 is.available() = 2920 imageCount = 122880
I/socket2 (15553): imageCount2 = 122880 tempCount2 = 4096
I/socket2 (15553): 保存图片字节 is.available() = 2920 imageCount = 126976
I/socket2 (15553): imageCount2 = 126976 tempCount2 = 4096
I/socket2 (15553): 保存图片字节 is.available() = 1460 imageCount = 131072
I/socket2 (15553): imageCount2 = 131072 tempCount2 = 1460
I/socket2 (15553): 保存图片字节 is.available() = 0 imageCount = 132532
I/socket2 (15553): imageCount2 = 132532 tempCount2 = 1460
I/socket2 (15553): 保存图片字节 is.available() = 1176 imageCount = 133992
I/socket2 (15553): imageCount2 = 133992 tempCount2 = 1176
I/socket2 (15553): 保存图片字节 is.available() = 0 imageCount = 135168
I/ServiceManager(18971): Waiting for service AtCmdFwd...
I/socket2 (15553): imageCount2 = 135168 tempCount2 = 1460
I/socket2 (15553): 保存图片字节 is.available() = 1460 imageCount = 136628
I/socket2 (15553): imageCount1 = 136628 tempCount1 = 2920
I/socket2 (15553): 保存图片字节 is.available() = 1460 imageCount = 139548
I/socket2 (15553): imageCount1 = 139548 tempCount1 = 1460
I/socket2 (15553): 保存图片字节 is.available() = 0 imageCount = 141008
I/socket2 (15553): imageCount1 = 141008 tempCount1 = 1460
I/socket2 (15553): 保存图片字节 is.available() = 1460 imageCount = 142468
I/socket2 (15553): imageCount1 = 142468 tempCount1 = 4254
I/socket2 (15553): 读图片数据成功 bos imagedatalen - imageCount = 0
I/socket2 (15553): 读图片数据成功 bos length= 146722
I/System.out(15553): 取扫描时间与校验码 = 32303138303631323134323734373330380000
I/socket2 (15553): scantime received_Total == 19
I/socket2 (15553): 读图片数据完成 ---- endendend ----, 扫描时间 = 20180612142747308
I/socket2 (15553): 数据头 is.available() = 161458
I/socket2 (15553): Read 0xFEFE time outreceived_Total == 2
I/socket2 (15553): 读取数据头成功
I/socket2 (15553): 版本号机器序列号 received_Total == 14
I/socket2 (15553): 条码长度codeBytes = 0000000F
I/socket2 (15553): 条码长度 = 15
I/socket2 (15553): barcodelen received_Total == 15
I/socket2 (15553): 读取条码成功 barcode =611031974651677
I/socket2 (15553): imagenamelen received_Total == 4
I/socket2 (15553): 读图片名称长度成功
I/socket2 (15553): 读图片名称长度成功 imagenamelen = 44
I/socket2 (15553): imagename received_Total == 44
I/socket2 (15553): 读图片名称成功 imgname = pic_20180612142942083_1__611031974651677.bmp
I/socket2 (15553): imagelen received_Total == 4
I/socket2 (15553): 读取图片长度成功 图片数据长度 imagedatalen = 161371
I/socket2 (15553): 保存图片字节 is.available() = 161371 imageCount = 0
I/socket2 (15553): imageCount2 = 0 tempCount2 = 10240
I/socket2 (15553): 保存图片字节 is.available() = 151131 imageCount = 10240
I/socket2 (15553): imageCount2 = 10240 tempCount2 = 10240
I/socket2 (15553): 保存图片字节 is.available() = 140891 imageCount = 20480
I/socket2 (15553): imageCount2 = 20480 tempCount2 = 10240
I/socket2 (15553): 保存图片字节 is.available() = 130651 imageCount = 30720
I/socket2 (15553): imageCount2 = 30720 tempCount2 = 10240
I/socket2 (15553): 保存图片字节 is.available() = 120411 imageCount = 40960
I/socket2 (15553): imageCount2 = 40960 tempCount2 = 10240
I/socket2 (15553): 保存图片字节 is.available() = 110171 imageCount = 51200
I/socket2 (15553): imageCount2 = 51200 tempCount2 = 10240
I/socket2 (15553): 保存图片字节 is.available() = 99931 imageCount = 61440
I/socket2 (15553): imageCount2 = 61440 tempCount2 = 10240
I/socket2 (15553): 保存图片字节 is.available() = 89691 imageCount = 71680
I/socket2 (15553): imageCount2 = 71680 tempCount2 = 10240
I/socket2 (15553): 保存图片字节 is.available() = 79451 imageCount = 81920
I/socket2 (15553): imageCount2 = 81920 tempCount2 = 10240
I/socket2 (15553): 保存图片字节 is.available() = 69211 imageCount = 92160
I/socket2 (15553): imageCount2 = 92160 tempCount2 = 10240
I/socket2 (15553): 保存图片字节 is.available() = 58971 imageCount = 102400
I/socket2 (15553): imageCount2 = 102400 tempCount2 = 10240
I/socket2 (15553): 保存图片字节 is.available() = 48731 imageCount = 112640
I/socket2 (15553): imageCount2 = 112640 tempCount2 = 10240
I/socket2 (15553): 保存图片字节 is.available() = 38491 imageCount = 122880
I/socket2 (15553): imageCount2 = 122880 tempCount2 = 10240
I/socket2 (15553): 保存图片字节 is.available() = 28251 imageCount = 133120
I/socket2 (15553): imageCount2 = 133120 tempCount2 = 10240
I/socket2 (15553): 保存图片字节 is.available() = 18011 imageCount = 143360
I/socket2 (15553): imageCount2 = 143360 tempCount2 = 10240
I/socket2 (15553): 保存图片字节 is.available() = 7771 imageCount = 153600
I/socket2 (15553): imageCount1 = 153600 tempCount1 = 7771
I/socket2 (15553): 读图片数据成功 bos imagedatalen - imageCount = 0
I/socket2 (15553): 读图片数据成功 bos length= 161371
I/System.out(15553): 取扫描时间与校验码 = 32303138303631323134323934323038330000
I/socket2 (15553): scantime received_Total == 19
I/socket2 (15553): 读图片数据完成 ---- endendend ----, 扫描时间 = 20180612142942083
I/socket2 (15553): 数据头 is.available() = 0
V/WLAN_PSA(  328): NL MSG, len[048], NL type[0x11] WNI type[0x5050] len[028]
V/WLAN_PSA(  328): NL MSG, PID: 328
V/WLAN_PSA(  328): NL MSG, len[4048], NL type[0x1C] WNI type[0x5900] len[47119]
V/WLAN_PSA(  328): NL MSG, PID: 328
I/ServiceManager(18971): Waiting for service AtCmdFwd...
I/socket2 (15553): Read 0xFEFE time outreceived_Total == 2
I/socket2 (15553): 读取数据头成功
I/socket2 (15553): 版本号机器序列号 received_Total == 14
I/socket2 (15553): 条码长度codeBytes = 00000009
I/socket2 (15553): 条码长度 = 9
I/socket2 (15553): barcodelen received_Total == 9
I/socket2 (15553): 读取条码成功 barcode =TM_001106
I/socket2 (15553): imagenamelen received_Total == 4
I/socket2 (15553): 读图片名称长度成功
I/socket2 (15553): 读图片名称长度成功 imagenamelen = 38
I/socket2 (15553): imagename received_Total == 38
I/socket2 (15553): 读图片名称成功 imgname = pic_20180612142732076_1__TM_001106.bmp
I/socket2 (15553): imagelen received_Total == 4
I/socket2 (15553): 读取图片长度成功 图片数据长度 imagedatalen = 94874
I/socket2 (15553): 保存图片字节 is.available() = 15208 imageCount = 0
I/socket2 (15553): imageCount2 = 0 tempCount2 = 10240
I/socket2 (15553): 保存图片字节 is.available() = 9064 imageCount = 10240
I/socket2 (15553): imageCount2 = 10240 tempCount2 = 9064
I/socket2 (15553): 保存图片字节 is.available() = 0 imageCount = 19304
I/socket2 (15553): imageCount2 = 19304 tempCount2 = 1176
I/socket2 (15553): 保存图片字节 is.available() = 0 imageCount = 20480
I/socket2 (15553): imageCount2 = 20480 tempCount2 = 2920
I/socket2 (15553): 保存图片字节 is.available() = 2636 imageCount = 23400
I/socket2 (15553): imageCount2 = 23400 tempCount2 = 5272
I/socket2 (15553): 保存图片字节 is.available() = 2920 imageCount = 28672
I/socket2 (15553): imageCount2 = 28672 tempCount2 = 4096
I/socket2 (15553): 保存图片字节 is.available() = 2920 imageCount = 32768
I/socket2 (15553): imageCount2 = 32768 tempCount2 = 2920
I/socket2 (15553): 保存图片字节 is.available() = 1176 imageCount = 35688
I/socket2 (15553): imageCount2 = 35688 tempCount2 = 1176
I/socket2 (15553): 保存图片字节 is.available() = 1460 imageCount = 36864
I/socket2 (15553): imageCount2 = 36864 tempCount2 = 1460
I/socket2 (15553): 保存图片字节 is.available() = 1460 imageCount = 38324
I/socket2 (15553): imageCount2 = 38324 tempCount2 = 2636
I/socket2 (15553): 保存图片字节 is.available() = 0 imageCount = 40960
I/socket2 (15553): imageCount2 = 40960 tempCount2 = 1460
I/socket2 (15553): 保存图片字节 is.available() = 0 imageCount = 42420
I/socket2 (15553): imageCount2 = 42420 tempCount2 = 1460
I/socket2 (15553): 保存图片字节 is.available() = 0 imageCount = 43880
I/socket2 (15553): imageCount2 = 43880 tempCount2 = 1176
I/socket2 (15553): 保存图片字节 is.available() = 1460 imageCount = 45056
I/socket2 (15553): imageCount2 = 45056 tempCount2 = 1460
I/socket2 (15553): 保存图片字节 is.available() = 1460 imageCount = 46516
I/socket2 (15553): imageCount2 = 46516 tempCount2 = 1460
I/socket2 (15553): 保存图片字节 is.available() = 2636 imageCount = 47976
I/socket2 (15553): imageCount2 = 47976 tempCount2 = 2636
I/socket2 (15553): 保存图片字节 is.available() = 1460 imageCount = 50612
I/socket2 (15553): imageCount2 = 50612 tempCount2 = 2636
I/socket2 (15553): 保存图片字节 is.available() = 0 imageCount = 53248
I/socket2 (15553): imageCount2 = 53248 tempCount2 = 1460
I/socket2 (15553): 保存图片字节 is.available() = 0 imageCount = 54708
I/socket2 (15553): imageCount2 = 54708 tempCount2 = 1460
I/socket2 (15553): 保存图片字节 is.available() = 0 imageCount = 56168
I/socket2 (15553): imageCount2 = 56168 tempCount2 = 1176
I/socket2 (15553): 保存图片字节 is.available() = 1460 imageCount = 57344
I/socket2 (15553): imageCount2 = 57344 tempCount2 = 1460
I/socket2 (15553): 保存图片字节 is.available() = 1460 imageCount = 58804
I/socket2 (15553): imageCount2 = 58804 tempCount2 = 1460
I/socket2 (15553): 保存图片字节 is.available() = 1176 imageCount = 60264
I/socket2 (15553): imageCount2 = 60264 tempCount2 = 1176
I/socket2 (15553): 保存图片字节 is.available() = 0 imageCount = 61440
I/socket2 (15553): imageCount2 = 61440 tempCount2 = 1460
I/socket2 (15553): 保存图片字节 is.available() = 0 imageCount = 62900
I/socket2 (15553): imageCount2 = 62900 tempCount2 = 1460
I/socket2 (15553): 保存图片字节 is.available() = 0 imageCount = 64360
I/socket2 (15553): imageCount2 = 64360 tempCount2 = 1176
I/socket2 (15553): 保存图片字节 is.available() = 1460 imageCount = 65536
I/socket2 (15553): imageCount2 = 65536 tempCount2 = 1460
I/socket2 (15553): 保存图片字节 is.available() = 1460 imageCount = 66996
I/socket2 (15553): imageCount2 = 66996 tempCount2 = 1460
I/socket2 (15553): 保存图片字节 is.available() = 1176 imageCount = 68456
I/socket2 (15553): imageCount2 = 68456 tempCount2 = 1176
I/socket2 (15553): 保存图片字节 is.available() = 1460 imageCount = 69632
I/socket2 (15553): imageCount2 = 69632 tempCount2 = 1460
I/socket2 (15553): 保存图片字节 is.available() = 0 imageCount = 71092
I/socket2 (15553): imageCount2 = 71092 tempCount2 = 1460
I/socket2 (15553): 保存图片字节 is.available() = 1176 imageCount = 72552
I/socket2 (15553): imageCount2 = 72552 tempCount2 = 1176
I/socket2 (15553): 保存图片字节 is.available() = 1460 imageCount = 73728
I/socket2 (15553): imageCount2 = 73728 tempCount2 = 2920
I/socket2 (15553): 保存图片字节 is.available() = 1176 imageCount = 76648
I/socket2 (15553): imageCount2 = 76648 tempCount2 = 2636
I/socket2 (15553): 保存图片字节 is.available() = 1460 imageCount = 79284
I/socket2 (15553): imageCount2 = 79284 tempCount2 = 2636
I/socket2 (15553): 保存图片字节 is.available() = 7016 imageCount = 81920
I/socket2 (15553): imageCount2 = 81920 tempCount2 = 7016
I/socket2 (15553): 保存图片字节 is.available() = 0 imageCount = 88936
I/socket2 (15553): imageCount1 = 88936 tempCount1 = 1176
I/socket2 (15553): 保存图片字节 is.available() = 1460 imageCount = 90112
I/socket2 (15553): imageCount1 = 90112 tempCount1 = 2920
I/socket2 (15553): 保存图片字节 is.available() = 1176 imageCount = 93032
I/socket2 (15553): imageCount1 = 93032 tempCount1 = 1842
I/socket2 (15553): 读图片数据成功 bos imagedatalen - imageCount = 0
I/socket2 (15553): 读图片数据成功 bos length= 94874
I/System.out(15553): 取扫描时间与校验码 = 32303138303631323134323733323037360000
I/socket2 (15553): scantime received_Total == 19
I/socket2 (15553): 读图片数据完成 ---- endendend ----, 扫描时间 = 20180612142732076
I/socket2 (15553): 数据头 is.available() = 0
I/ServiceManager(18971): Waiting for service AtCmdFwd...
I/ServiceManager(18971): Waiting for service AtCmdFwd...
I/socket2 (15553): Read 0xFEFE time outreceived_Total == 2
I/socket2 (15553): 读取数据头成功
I/socket2 (15553): 版本号机器序列号 received_Total == 14
I/socket2 (15553): 条码长度codeBytes = 00000019
I/socket2 (15553): 条码长度 = 25
I/socket2 (15553): barcodelen received_Total == 25
I/socket2 (15553): 读取条码成功 barcode =TM_001106,611031969205635
I/socket2 (15553): imagenamelen received_Total == 4
I/socket2 (15553): 读图片名称长度成功
I/socket2 (15553): 读图片名称长度成功 imagenamelen = 54
I/socket2 (15553): imagename received_Total == 54
I/socket2 (15553): 读图片名称成功 imgname = pic_20180612142747308_2__TM_001106,611031969205635.bmp
I/socket2 (15553): imagelen received_Total == 4
I/socket2 (15553): 读取图片长度成功 图片数据长度 imagedatalen = 146722
I/socket2 (15553): 保存图片字节 is.available() = 16384 imageCount = 0
I/socket2 (15553): imageCount2 = 0 tempCount2 = 10240
I/socket2 (15553): 保存图片字节 is.available() = 10240 imageCount = 10240
I/socket2 (15553): imageCount2 = 10240 tempCount2 = 10240
I/socket2 (15553): 保存图片字节 is.available() = 5556 imageCount = 20480
I/socket2 (15553): imageCount2 = 20480 tempCount2 = 8192
I/socket2 (15553): 保存图片字节 is.available() = 0 imageCount = 28672
I/socket2 (15553): imageCount2 = 28672 tempCount2 = 1460
I/socket2 (15553): 保存图片字节 is.available() = 2636 imageCount = 30132
I/socket2 (15553): imageCount2 = 30132 tempCount2 = 4096
I/socket2 (15553): 保存图片字节 is.available() = 1460 imageCount = 34228
I/socket2 (15553): imageCount2 = 34228 tempCount2 = 2636
I/socket2 (15553): 保存图片字节 is.available() = 2920 imageCount = 36864
I/socket2 (15553): imageCount2 = 36864 tempCount2 = 4096
I/socket2 (15553): 保存图片字节 is.available() = 4096 imageCount = 40960
I/socket2 (15553): imageCount2 = 40960 tempCount2 = 5556
I/socket2 (15553): 保存图片字节 is.available() = 1460 imageCount = 46516
I/socket2 (15553): imageCount2 = 46516 tempCount2 = 2636
I/socket2 (15553): 保存图片字节 is.available() = 2920 imageCount = 49152
I/socket2 (15553): imageCount2 = 49152 tempCount2 = 7016
I/socket2 (15553): 保存图片字节 is.available() = 0 imageCount = 56168
I/socket2 (15553): imageCount2 = 56168 tempCount2 = 1176
I/socket2 (15553): 保存图片字节 is.available() = 15208 imageCount = 57344
I/socket2 (15553): imageCount2 = 57344 tempCount2 = 10240
I/socket2 (15553): 保存图片字节 is.available() = 11700 imageCount = 67584
I/socket2 (15553): imageCount2 = 67584 tempCount2 = 10240
I/socket2 (15553): 保存图片字节 is.available() = 2920 imageCount = 77824
I/socket2 (15553): imageCount2 = 77824 tempCount2 = 4096
I/socket2 (15553): 保存图片字节 is.available() = 1460 imageCount = 81920
I/socket2 (15553): imageCount2 = 81920 tempCount2 = 1460
I/socket2 (15553): 保存图片字节 is.available() = 0 imageCount = 83380
I/socket2 (15553): imageCount2 = 83380 tempCount2 = 1460
I/socket2 (15553): 保存图片字节 is.available() = 2636 imageCount = 84840
I/socket2 (15553): imageCount2 = 84840 tempCount2 = 5272
I/socket2 (15553): 保存图片字节 is.available() = 2920 imageCount = 90112
I/socket2 (15553): imageCount2 = 90112 tempCount2 = 7016
I/socket2 (15553): 保存图片字节 is.available() = 2636 imageCount = 97128
I/socket2 (15553): imageCount2 = 97128 tempCount2 = 5272
I/socket2 (15553): 保存图片字节 is.available() = 4096 imageCount = 102400
I/socket2 (15553): imageCount2 = 102400 tempCount2 = 4096
I/socket2 (15553): 保存图片字节 is.available() = 2920 imageCount = 106496
I/socket2 (15553): imageCount2 = 106496 tempCount2 = 5556
I/socket2 (15553): 保存图片字节 is.available() = 2636 imageCount = 112052
I/socket2 (15553): imageCount2 = 112052 tempCount2 = 5556
I/socket2 (15553): 保存图片字节 is.available() = 2636 imageCount = 117608
I/socket2 (15553): imageCount2 = 117608 tempCount2 = 4096
I/socket2 (15553): 保存图片字节 is.available() = 1176 imageCount = 121704
I/socket2 (15553): imageCount2 = 121704 tempCount2 = 4096
I/socket2 (15553): 保存图片字节 is.available() = 2636 imageCount = 125800
I/socket2 (15553): imageCount2 = 125800 tempCount2 = 5272
I/socket2 (15553): 保存图片字节 is.available() = 2920 imageCount = 131072
I/socket2 (15553): imageCount2 = 131072 tempCount2 = 4096
I/socket2 (15553): 保存图片字节 is.available() = 0 imageCount = 135168
I/socket2 (15553): imageCount2 = 135168 tempCount2 = 1460
I/socket2 (15553): 保存图片字节 is.available() = 0 imageCount = 136628
I/ServiceManager(18971): Waiting for service AtCmdFwd...
I/socket2 (15553): imageCount1 = 136628 tempCount1 = 10094
I/socket2 (15553): 读图片数据成功 bos imagedatalen - imageCount = 0
I/socket2 (15553): 读图片数据成功 bos length= 146722
I/System.out(15553): 取扫描时间与校验码 = 32303138303631323134323734373330380000
I/socket2 (15553): scantime received_Total == 19
I/socket2 (15553): 读图片数据完成 ---- endendend ----, 扫描时间 = 20180612142747308
I/socket2 (15553): 数据头 is.available() = 94283
I/socket2 (15553): Read 0xFEFE time outreceived_Total == 2
I/socket2 (15553): 读取数据头成功
I/socket2 (15553): 版本号机器序列号 received_Total == 14
I/socket2 (15553): 条码长度codeBytes = 00000009
I/socket2 (15553): 条码长度 = 9
I/socket2 (15553): barcodelen received_Total == 9
I/socket2 (15553): 读取条码成功 barcode =TM_001106
I/socket2 (15553): imagenamelen received_Total == 4
I/socket2 (15553): 读图片名称长度成功
I/socket2 (15553): 读图片名称长度成功 imagenamelen = 38
I/socket2 (15553): imagename received_Total == 38
I/socket2 (15553): 读图片名称成功 imgname = pic_20180612142732076_1__TM_001106.bmp
I/socket2 (15553): imagelen received_Total == 4
I/socket2 (15553): 读取图片长度成功 图片数据长度 imagedatalen = 94874
I/socket2 (15553): 保存图片字节 is.available() = 94208 imageCount = 0
I/socket2 (15553): imageCount2 = 0 tempCount2 = 10240
I/socket2 (15553): 保存图片字节 is.available() = 83968 imageCount = 10240
I/socket2 (15553): imageCount2 = 10240 tempCount2 = 10240
I/socket2 (15553): 保存图片字节 is.available() = 73728 imageCount = 20480
I/socket2 (15553): imageCount2 = 20480 tempCount2 = 10240
I/socket2 (15553): 保存图片字节 is.available() = 63488 imageCount = 30720
I/socket2 (15553): imageCount2 = 30720 tempCount2 = 10240
I/socket2 (15553): 保存图片字节 is.available() = 53248 imageCount = 40960
I/socket2 (15553): imageCount2 = 40960 tempCount2 = 10240
I/socket2 (15553): 保存图片字节 is.available() = 43008 imageCount = 51200
I/socket2 (15553): imageCount2 = 51200 tempCount2 = 10240
I/socket2 (15553): 保存图片字节 is.available() = 32768 imageCount = 61440
I/socket2 (15553): imageCount2 = 61440 tempCount2 = 10240
I/socket2 (15553): 保存图片字节 is.available() = 22528 imageCount = 71680
I/socket2 (15553): imageCount2 = 71680 tempCount2 = 10240
I/socket2 (15553): 保存图片字节 is.available() = 12288 imageCount = 81920
I/socket2 (15553): imageCount2 = 81920 tempCount2 = 10240
I/socket2 (15553): 保存图片字节 is.available() = 2048 imageCount = 92160
I/socket2 (15553): imageCount1 = 92160 tempCount1 = 2048
I/socket2 (15553): 保存图片字节 is.available() = 0 imageCount = 94208
I/socket2 (15553): imageCount1 = 94208 tempCount1 = 666
I/socket2 (15553): 读图片数据成功 bos imagedatalen - imageCount = 0
I/socket2 (15553): 读图片数据成功 bos length= 94874
I/System.out(15553): 取扫描时间与校验码 = 32303138303631323134323733323037360000
I/socket2 (15553): scantime received_Total == 19
I/socket2 (15553): 读图片数据完成 ---- endendend ----, 扫描时间 = 20180612142732076
I/socket2 (15553): 数据头 is.available() = 0
I/socket2 (15553): Read 0xFEFE time outreceived_Total == 2
I/socket2 (15553): 读取数据头成功
I/socket2 (15553): 版本号机器序列号 received_Total == 14
I/socket2 (15553): 条码长度codeBytes = 0000000F
I/socket2 (15553): 条码长度 = 15
I/socket2 (15553): barcodelen received_Total == 15
I/socket2 (15553): 读取条码成功 barcode =611031969205635
I/socket2 (15553): imagenamelen received_Total == 4
I/socket2 (15553): 读图片名称长度成功
I/socket2 (15553): 读图片名称长度成功 imagenamelen = 54
I/socket2 (15553): imagename received_Total == 54
I/socket2 (15553): 读图片名称成功 imgname = pic_20180612142747308_2__TM_001106,611031969205635.bmp
I/socket2 (15553): imagelen received_Total == 4
I/socket2 (15553): 读取图片长度成功 图片数据长度 imagedatalen = 146722
I/socket2 (15553): 保存图片字节 is.available() = 23400 imageCount = 0
I/socket2 (15553): imageCount2 = 0 tempCount2 = 10240
I/socket2 (15553): 保存图片字节 is.available() = 23988 imageCount = 10240
I/socket2 (15553): imageCount2 = 10240 tempCount2 = 10240
I/socket2 (15553): 保存图片字节 is.available() = 26036 imageCount = 20480
I/socket2 (15553): imageCount2 = 20480 tempCount2 = 10240
I/socket2 (15553): 保存图片字节 is.available() = 18432 imageCount = 30720
I/socket2 (15553): imageCount2 = 30720 tempCount2 = 10240
I/socket2 (15553): 保存图片字节 is.available() = 15208 imageCount = 40960
I/socket2 (15553): imageCount2 = 40960 tempCount2 = 10240
I/socket2 (15553): 保存图片字节 is.available() = 11700 imageCount = 51200
I/socket2 (15553): imageCount2 = 51200 tempCount2 = 10240
I/socket2 (15553): 保存图片字节 is.available() = 8192 imageCount = 61440
I/socket2 (15553): imageCount2 = 61440 tempCount2 = 10240
I/socket2 (15553): 保存图片字节 is.available() = 7604 imageCount = 71680
I/socket2 (15553): imageCount2 = 71680 tempCount2 = 9064
I/socket2 (15553): 保存图片字节 is.available() = 4096 imageCount = 80744
I/socket2 (15553): imageCount2 = 80744 tempCount2 = 6732
I/socket2 (15553): 保存图片字节 is.available() = 4096 imageCount = 87476
I/socket2 (15553): imageCount2 = 87476 tempCount2 = 4096
I/socket2 (15553): 保存图片字节 is.available() = 0 imageCount = 91572
I/socket2 (15553): imageCount2 = 91572 tempCount2 = 10240
I/socket2 (15553): 保存图片字节 is.available() = 26624 imageCount = 101812
I/socket2 (15553): imageCount2 = 101812 tempCount2 = 10240
I/socket2 (15553): 保存图片字节 is.available() = 21940 imageCount = 112052
I/socket2 (15553): imageCount2 = 112052 tempCount2 = 10240
I/socket2 (15553): 保存图片字节 is.available() = 11700 imageCount = 122292
I/socket2 (15553): imageCount2 = 122292 tempCount2 = 10240
I/socket2 (15553): 保存图片字节 is.available() = 1460 imageCount = 132532
I/socket2 (15553): imageCount2 = 132532 tempCount2 = 1460
I/socket2 (15553): 保存图片字节 is.available() = 0 imageCount = 133992
I/socket2 (15553): imageCount2 = 133992 tempCount2 = 1176
I/socket2 (15553): 保存图片字节 is.available() = 0 imageCount = 135168
W/Atfwd_Sendcmd(18971): AtCmdFwd service not published, waiting... retryCnt : 4
I/socket2 (15553): imageCount2 = 135168 tempCount2 = 1460
I/socket2 (15553): 保存图片字节 is.available() = 0 imageCount = 136628
I/socket2 (15553): imageCount1 = 136628 tempCount1 = 1460
I/socket2 (15553): 保存图片字节 is.available() = 1460 imageCount = 138088
I/socket2 (15553): imageCount1 = 138088 tempCount1 = 1460
I/socket2 (15553): 保存图片字节 is.available() = 0 imageCount = 139548
I/socket2 (15553): imageCount1 = 139548 tempCount1 = 1460
I/socket2 (15553): 保存图片字节 is.available() = 1460 imageCount = 141008
I/socket2 (15553): imageCount1 = 141008 tempCount1 = 1460
I/socket2 (15553): 保存图片字节 is.available() = 1460 imageCount = 142468
I/socket2 (15553): imageCount1 = 142468 tempCount1 = 4254
I/socket2 (15553): 读图片数据成功 bos imagedatalen - imageCount = 0
I/socket2 (15553): 读图片数据成功 bos length= 146722
I/System.out(15553): 取扫描时间与校验码 = 32303138303631323134323734373330380000
I/socket2 (15553): scantime received_Total == 19
I/socket2 (15553): 读图片数据完成 ---- endendend ----, 扫描时间 = 20180612142747308
I/socket2 (15553): 数据头 is.available() = 0
V/WLAN_PSA(  328): NL MSG, len[048], NL type[0x11] WNI type[0x5050] len[028]
V/WLAN_PSA(  328): NL MSG, PID: 328
I/socket2 (15553): Read 0xFEFE time outreceived_Total == 2
I/socket2 (15553): 读取数据头成功
I/socket2 (15553): 版本号机器序列号 received_Total == 14
I/socket2 (15553): 条码长度codeBytes = 0000000F
I/socket2 (15553): 条码长度 = 15
I/socket2 (15553): barcodelen received_Total == 15
I/socket2 (15553): 读取条码成功 barcode =611031974651677
I/socket2 (15553): imagenamelen received_Total == 4
I/socket2 (15553): 读图片名称长度成功
I/socket2 (15553): 读图片名称长度成功 imagenamelen = 44
I/socket2 (15553): imagename received_Total == 44
I/socket2 (15553): 读图片名称成功 imgname = pic_20180612142942083_1__611031974651677.bmp
I/socket2 (15553): imagelen received_Total == 4
I/socket2 (15553): 读取图片长度成功 图片数据长度 imagedatalen = 161371
I/socket2 (15553): 保存图片字节 is.available() = 8192 imageCount = 0
I/socket2 (15553): imageCount2 = 0 tempCount2 = 8192
I/socket2 (15553): 保存图片字节 is.available() = 0 imageCount = 8192
I/socket2 (15553): imageCount2 = 8192 tempCount2 = 1460
I/socket2 (15553): 保存图片字节 is.available() = 2636 imageCount = 9652
I/socket2 (15553): imageCount2 = 9652 tempCount2 = 2636
I/socket2 (15553): 保存图片字节 is.available() = 0 imageCount = 12288
I/socket2 (15553): imageCount2 = 12288 tempCount2 = 1460
I/socket2 (15553): 保存图片字节 is.available() = 0 imageCount = 13748
I/socket2 (15553): imageCount2 = 13748 tempCount2 = 1460
I/socket2 (15553): 保存图片字节 is.available() = 2920 imageCount = 15208
I/socket2 (15553): imageCount2 = 15208 tempCount2 = 5840
I/socket2 (15553): 保存图片字节 is.available() = 0 imageCount = 21048
I/socket2 (15553): imageCount2 = 21048 tempCount2 = 1460
I/socket2 (15553): 保存图片字节 is.available() = 0 imageCount = 22508
I/socket2 (15553): imageCount2 = 22508 tempCount2 = 1460
I/socket2 (15553): 保存图片字节 is.available() = 0 imageCount = 23968
I/socket2 (15553): imageCount2 = 23968 tempCount2 = 1460
I/socket2 (15553): 保存图片字节 is.available() = 0 imageCount = 25428
I/socket2 (15553): imageCount2 = 25428 tempCount2 = 2920
I/socket2 (15553): 保存图片字节 is.available() = 1460 imageCount = 28348
I/socket2 (15553): imageCount2 = 28348 tempCount2 = 2920
I/socket2 (15553): 保存图片字节 is.available() = 1460 imageCount = 31268
I/socket2 (15553): imageCount2 = 31268 tempCount2 = 2920
I/socket2 (15553): 保存图片字节 is.available() = 0 imageCount = 34188
I/socket2 (15553): imageCount2 = 34188 tempCount2 = 1460
I/socket2 (15553): 保存图片字节 is.available() = 1460 imageCount = 35648
I/socket2 (15553): imageCount2 = 35648 tempCount2 = 1460
I/socket2 (15553): 保存图片字节 is.available() = 1460 imageCount = 37108
I/socket2 (15553): imageCount2 = 37108 tempCount2 = 1460
I/socket2 (15553): 保存图片字节 is.available() = 1460 imageCount = 38568
I/socket2 (15553): imageCount2 = 38568 tempCount2 = 1460
I/socket2 (15553): 保存图片字节 is.available() = 1460 imageCount = 40028
I/socket2 (15553): imageCount2 = 40028 tempCount2 = 1460
I/socket2 (15553): 保存图片字节 is.available() = 1460 imageCount = 41488
I/socket2 (15553): imageCount2 = 41488 tempCount2 = 2920
I/socket2 (15553): 保存图片字节 is.available() = 2920 imageCount = 44408
I/socket2 (15553): imageCount2 = 44408 tempCount2 = 2920
I/socket2 (15553): 保存图片字节 is.available() = 0 imageCount = 47328
I/socket2 (15553): imageCount2 = 47328 tempCount2 = 1460
I/socket2 (15553): 保存图片字节 is.available() = 0 imageCount = 48788
I/socket2 (15553): imageCount2 = 48788 tempCount2 = 1460
I/socket2 (15553): 保存图片字节 is.available() = 2920 imageCount = 50248
I/socket2 (15553): imageCount2 = 50248 tempCount2 = 2920
I/socket2 (15553): 保存图片字节 is.available() = 0 imageCount = 53168
I/socket2 (15553): imageCount2 = 53168 tempCount2 = 1460
I/socket2 (15553): 保存图片字节 is.available() = 1460 imageCount = 54628
I/socket2 (15553): imageCount2 = 54628 tempCount2 = 2920
I/socket2 (15553): 保存图片字节 is.available() = 0 imageCount = 57548
I/socket2 (15553): imageCount2 = 57548 tempCount2 = 1460
I/socket2 (15553): 保存图片字节 is.available() = 0 imageCount = 59008
I/socket2 (15553): imageCount2 = 59008 tempCount2 = 1460
I/socket2 (15553): 保存图片字节 is.available() = 0 imageCount = 60468
I/socket2 (15553): imageCount2 = 60468 tempCount2 = 1460
I/socket2 (15553): 保存图片字节 is.available() = 0 imageCount = 61928
I/socket2 (15553): imageCount2 = 61928 tempCount2 = 1460
I/socket2 (15553): 保存图片字节 is.available() = 0 imageCount = 63388
I/socket2 (15553): imageCount2 = 63388 tempCount2 = 1460
I/socket2 (15553): 保存图片字节 is.available() = 0 imageCount = 64848
I/socket2 (15553): imageCount2 = 64848 tempCount2 = 1460
I/socket2 (15553): 保存图片字节 is.available() = 0 imageCount = 66308
I/socket2 (15553): imageCount2 = 66308 tempCount2 = 1460
I/socket2 (15553): 保存图片字节 is.available() = 0 imageCount = 67768
I/socket2 (15553): imageCount2 = 67768 tempCount2 = 1460
I/socket2 (15553): 保存图片字节 is.available() = 0 imageCount = 69228
I/socket2 (15553): imageCount2 = 69228 tempCount2 = 1460
I/socket2 (15553): 保存图片字节 is.available() = 0 imageCount = 70688
I/socket2 (15553): imageCount2 = 70688 tempCount2 = 1460
I/socket2 (15553): 保存图片字节 is.available() = 0 imageCount = 72148
I/socket2 (15553): imageCount2 = 72148 tempCount2 = 1460
I/socket2 (15553): 保存图片字节 is.available() = 0 imageCount = 73608
I/socket2 (15553): imageCount2 = 73608 tempCount2 = 1460
I/socket2 (15553): 保存图片字节 is.available() = 1460 imageCount = 75068
I/socket2 (15553): imageCount2 = 75068 tempCount2 = 2920
I/socket2 (15553): 保存图片字节 is.available() = 0 imageCount = 77988
I/socket2 (15553): imageCount2 = 77988 tempCount2 = 1460
I/socket2 (15553): 保存图片字节 is.available() = 0 imageCount = 79448
I/socket2 (15553): imageCount2 = 79448 tempCount2 = 1460
I/socket2 (15553): 保存图片字节 is.available() = 0 imageCount = 80908
I/socket2 (15553): imageCount2 = 80908 tempCount2 = 1460
I/socket2 (15553): 保存图片字节 is.available() = 0 imageCount = 82368
I/socket2 (15553): imageCount2 = 82368 tempCount2 = 1460
I/socket2 (15553): 保存图片字节 is.available() = 0 imageCount = 83828
I/socket2 (15553): imageCount2 = 83828 tempCount2 = 1460
I/socket2 (15553): 保存图片字节 is.available() = 0 imageCount = 85288
I/socket2 (15553): imageCount2 = 85288 tempCount2 = 1460
I/socket2 (15553): 保存图片字节 is.available() = 0 imageCount = 86748
I/socket2 (15553): imageCount2 = 86748 tempCount2 = 1460
I/socket2 (15553): 保存图片字节 is.available() = 0 imageCount = 88208
I/socket2 (15553): imageCount2 = 88208 tempCount2 = 1460
I/socket2 (15553): 保存图片字节 is.available() = 7300 imageCount = 89668
I/socket2 (15553): imageCount2 = 89668 tempCount2 = 8760
I/socket2 (15553): 保存图片字节 is.available() = 0 imageCount = 98428
I/socket2 (15553): imageCount2 = 98428 tempCount2 = 1460
I/socket2 (15553): 保存图片字节 is.available() = 0 imageCount = 99888
I/socket2 (15553): imageCount2 = 99888 tempCount2 = 1460
I/socket2 (15553): 保存图片字节 is.available() = 0 imageCount = 101348
I/socket2 (15553): imageCount2 = 101348 tempCount2 = 2920
I/socket2 (15553): 保存图片字节 is.available() = 0 imageCount = 104268
I/socket2 (15553): imageCount2 = 104268 tempCount2 = 1460
I/socket2 (15553): 保存图片字节 is.available() = 1460 imageCount = 105728
I/socket2 (15553): imageCount2 = 105728 tempCount2 = 1460
I/socket2 (15553): 保存图片字节 is.available() = 0 imageCount = 107188
I/socket2 (15553): imageCount2 = 107188 tempCount2 = 1460
I/socket2 (15553): 保存图片字节 is.available() = 0 imageCount = 108648
I/socket2 (15553): imageCount2 = 108648 tempCount2 = 1460
I/socket2 (15553): 保存图片字节 is.available() = 0 imageCount = 110108
I/socket2 (15553): imageCount2 = 110108 tempCount2 = 1460
I/socket2 (15553): 保存图片字节 is.available() = 1460 imageCount = 111568
I/socket2 (15553): imageCount2 = 111568 tempCount2 = 1460
I/socket2 (15553): 保存图片字节 is.available() = 1460 imageCount = 113028
I/socket2 (15553): imageCount2 = 113028 tempCount2 = 1460
I/socket2 (15553): 保存图片字节 is.available() = 1460 imageCount = 114488
I/socket2 (15553): imageCount2 = 114488 tempCount2 = 1460
I/socket2 (15553): 保存图片字节 is.available() = 0 imageCount = 115948
I/socket2 (15553): imageCount2 = 115948 tempCount2 = 1460
I/socket2 (15553): 保存图片字节 is.available() = 0 imageCount = 117408
I/socket2 (15553): imageCount2 = 117408 tempCount2 = 1460
I/socket2 (15553): 保存图片字节 is.available() = 4380 imageCount = 118868
I/socket2 (15553): imageCount2 = 118868 tempCount2 = 4380
I/socket2 (15553): 保存图片字节 is.available() = 0 imageCount = 123248
I/socket2 (15553): imageCount2 = 123248 tempCount2 = 1460
I/socket2 (15553): 保存图片字节 is.available() = 1460 imageCount = 124708
I/socket2 (15553): imageCount2 = 124708 tempCount2 = 4380
I/socket2 (15553): 保存图片字节 is.available() = 2920 imageCount = 129088
I/socket2 (15553): imageCount2 = 129088 tempCount2 = 2920
I/socket2 (15553): 保存图片字节 is.available() = 0 imageCount = 132008
I/socket2 (15553): imageCount2 = 132008 tempCount2 = 1460
I/socket2 (15553): 保存图片字节 is.available() = 1460 imageCount = 133468
I/socket2 (15553): imageCount2 = 133468 tempCount2 = 1460
I/socket2 (15553): 保存图片字节 is.available() = 2920 imageCount = 134928
I/socket2 (15553): imageCount2 = 134928 tempCount2 = 4380
I/socket2 (15553): 保存图片字节 is.available() = 1460 imageCount = 139308
I/socket2 (15553): imageCount2 = 139308 tempCount2 = 2920
I/socket2 (15553): 保存图片字节 is.available() = 1460 imageCount = 142228
I/socket2 (15553): imageCount2 = 142228 tempCount2 = 1460
I/socket2 (15553): 保存图片字节 is.available() = 2920 imageCount = 143688
I/socket2 (15553): imageCount2 = 143688 tempCount2 = 4380
I/socket2 (15553): 保存图片字节 is.available() = 1460 imageCount = 148068
I/socket2 (15553): imageCount2 = 148068 tempCount2 = 2920
I/socket2 (15553): 保存图片字节 is.available() = 1460 imageCount = 150988
I/socket2 (15553): imageCount2 = 150988 tempCount2 = 2920
I/socket2 (15553): 保存图片字节 is.available() = 1460 imageCount = 153908
I/socket2 (15553): imageCount1 = 153908 tempCount1 = 2920
I/socket2 (15553): 保存图片字节 is.available() = 1460 imageCount = 156828
I/socket2 (15553): imageCount1 = 156828 tempCount1 = 1460
I/socket2 (15553): 保存图片字节 is.available() = 2920 imageCount = 158288
I/socket2 (15553): imageCount1 = 158288 tempCount1 = 3083
I/socket2 (15553): 读图片数据成功 bos imagedatalen - imageCount = 0
I/socket2 (15553): 读图片数据成功 bos length= 161371
I/System.out(15553): 取扫描时间与校验码 = 32303138303631323134323934323038330000
I/socket2 (15553): scantime received_Total == 19
I/socket2 (15553): 读图片数据完成 ---- endendend ----, 扫描时间 = 20180612142942083
