I/socket2 (15553): 数据头 is.available() = 0
I/socket2 (15553): Read 0xFEFE time outreceived_Total == 2
I/socket2 (15553): 读取数据头成功
I/socket2 (15553): 版本号机器序列号 received_Total == 14
I/socket2 (15553): 条码长度codeBytes = 00000009
I/socket2 (15553): 条码长度 = 9
I/socket2 (15553): barcodelen received_Total == 9
I/socket2 (15553): 读取条码成功 barcode =TM_001106
I/socket2 (15553): imagenamelen received_Total == 4
I/socket2 (15553): 读图片名称长度成功
I/socket2 (15553): 读图片名称长度成功 imagenamelen = 38
I/socket2 (15553): imagename received_Total == 38
I/socket2 (15553): 读图片名称成功 imgname = pic_20180612142732076_1__TM_001106.bmp
I/socket2 (15553): imagelen received_Total == 4
I/socket2 (15553): 读取图片长度成功 图片数据长度 imagedatalen = 94874
I/socket2 (15553): 保存图片字节 is.available() = 15208 imageCount = 0
I/socket2 (15553): imageCount2 = 0 tempCount2 = 10240
I/socket2 (15553): 保存图片字节 is.available() = 9064 imageCount = 10240
I/socket2 (15553): imageCount2 = 10240 tempCount2 = 10240
I/socket2 (15553): 保存图片字节 is.available() = 4096 imageCount = 20480
I/socket2 (15553): imageCount2 = 20480 tempCount2 = 5556
I/socket2 (15553): 保存图片字节 is.available() = 2636 imageCount = 26036
I/socket2 (15553): imageCount2 = 26036 tempCount2 = 5556
I/socket2 (15553): 保存图片字节 is.available() = 2636 imageCount = 31592
I/socket2 (15553): imageCount2 = 31592 tempCount2 = 5272
I/socket2 (15553): 保存图片字节 is.available() = 2920 imageCount = 36864
I/socket2 (15553): imageCount2 = 36864 tempCount2 = 4096
I/socket2 (15553): 保存图片字节 is.available() = 7016 imageCount = 40960
I/socket2 (15553): imageCount2 = 40960 tempCount2 = 8192
I/socket2 (15553): 保存图片字节 is.available() = 2920 imageCount = 49152
I/socket2 (15553): imageCount2 = 49152 tempCount2 = 4096
I/socket2 (15553): 保存图片字节 is.available() = 7016 imageCount = 53248
I/socket2 (15553): imageCount2 = 53248 tempCount2 = 9652
I/socket2 (15553): 保存图片字节 is.available() = 1460 imageCount = 62900
I/socket2 (15553): imageCount2 = 62900 tempCount2 = 1460
I/socket2 (15553): 保存图片字节 is.available() = 2636 imageCount = 64360
I/socket2 (15553): imageCount2 = 64360 tempCount2 = 4096
I/socket2 (15553): 保存图片字节 is.available() = 1176 imageCount = 68456
I/socket2 (15553): imageCount2 = 68456 tempCount2 = 1176
I/socket2 (15553): 保存图片字节 is.available() = 0 imageCount = 69632
I/socket2 (15553): imageCount2 = 69632 tempCount2 = 1460
I/socket2 (15553): 保存图片字节 is.available() = 1460 imageCount = 71092
I/socket2 (15553): imageCount2 = 71092 tempCount2 = 2636
I/socket2 (15553): 保存图片字节 is.available() = 4096 imageCount = 73728
I/socket2 (15553): imageCount2 = 73728 tempCount2 = 5556
I/socket2 (15553): 保存图片字节 is.available() = 5556 imageCount = 79284
I/socket2 (15553): imageCount2 = 79284 tempCount2 = 9652
I/socket2 (15553): 保存图片字节 is.available() = 5957 imageCount = 88936
I/socket2 (15553): imageCount1 = 88936 tempCount1 = 5938
I/socket2 (15553): 读图片数据成功 bos imagedatalen - imageCount = 0
I/socket2 (15553): 读图片数据成功 bos length= 94874
I/System.out(15553): 取扫描时间与校验码 = 32303138303631323134323733323037360000
I/socket2 (15553): scantime received_Total == 19
I/socket2 (15553): 读图片数据完成 ---- endendend ----, 扫描时间 = 20180612142732076
I/socket2 (15553): 数据头 is.available() = 0
I/socket2 (15553): Read 0xFEFE time outreceived_Total == 2
I/socket2 (15553): 读取数据头成功
I/socket2 (15553): 版本号机器序列号 received_Total == 14
I/socket2 (15553): 条码长度codeBytes = 00000009
I/socket2 (15553): 条码长度 = 9
I/socket2 (15553): barcodelen received_Total == 9
I/socket2 (15553): 读取条码成功 barcode =TM_001106
I/socket2 (15553): imagenamelen received_Total == 4
I/socket2 (15553): 读图片名称长度成功
I/socket2 (15553): 读图片名称长度成功 imagenamelen = 38
I/socket2 (15553): imagename received_Total == 38
I/socket2 (15553): 读图片名称成功 imgname = pic_20180612142732076_1__TM_001106.bmp
I/socket2 (15553): imagelen received_Total == 4
I/socket2 (15553): 读取图片长度成功 图片数据长度 imagedatalen = 94874
I/socket2 (15553): 保存图片字节 is.available() = 19304 imageCount = 0
I/socket2 (15553): imageCount2 = 0 tempCount2 = 10240
I/socket2 (15553): 保存图片字节 is.available() = 14336 imageCount = 10240
I/socket2 (15553): imageCount2 = 10240 tempCount2 = 10240
I/socket2 (15553): 保存图片字节 is.available() = 8192 imageCount = 20480
I/socket2 (15553): imageCount2 = 20480 tempCount2 = 9652
I/socket2 (15553): 保存图片字节 is.available() = 4096 imageCount = 30132
I/socket2 (15553): imageCount2 = 30132 tempCount2 = 5556
I/socket2 (15553): 保存图片字节 is.available() = 2636 imageCount = 35688
I/socket2 (15553): imageCount2 = 35688 tempCount2 = 4096
I/socket2 (15553): 保存图片字节 is.available() = 2636 imageCount = 39784
I/socket2 (15553): imageCount2 = 39784 tempCount2 = 5272
I/socket2 (15553): 保存图片字节 is.available() = 1460 imageCount = 45056
I/socket2 (15553): imageCount2 = 45056 tempCount2 = 2920
I/socket2 (15553): 保存图片字节 is.available() = 1176 imageCount = 47976
I/socket2 (15553): imageCount2 = 47976 tempCount2 = 1176
I/socket2 (15553): 保存图片字节 is.available() = 0 imageCount = 49152
I/socket2 (15553): imageCount2 = 49152 tempCount2 = 1460
I/socket2 (15553): 保存图片字节 is.available() = 6732 imageCount = 50612
I/socket2 (15553): imageCount2 = 50612 tempCount2 = 10240
I/socket2 (15553): 保存图片字节 is.available() = 10240 imageCount = 60852
I/socket2 (15553): imageCount2 = 60852 tempCount2 = 10240
I/socket2 (15553): 保存图片字节 is.available() = 13748 imageCount = 71092
I/socket2 (15553): imageCount2 = 71092 tempCount2 = 10240
I/socket2 (15553): 保存图片字节 is.available() = 13561 imageCount = 81332
I/socket2 (15553): imageCount2 = 81332 tempCount2 = 10240
I/socket2 (15553): 保存图片字节 is.available() = 3321 imageCount = 91572
I/socket2 (15553): imageCount1 = 91572 tempCount1 = 3302
I/socket2 (15553): 读图片数据成功 bos imagedatalen - imageCount = 0
I/socket2 (15553): 读图片数据成功 bos length= 94874
I/System.out(15553): 取扫描时间与校验码 = 32303138303631323134323733323037360000
I/socket2 (15553): scantime received_Total == 19
I/socket2 (15553): 读图片数据完成 ---- endendend ----, 扫描时间 = 20180612142732076
I/socket2 (15553): 数据头 is.available() = 0
D/VM_BMS  (  521): wake_lock acquired
D/VM_BMS  (  521): New BMS data - Size=56
D/VM_BMS  (  521): Start process_bms_data
D/VM_BMS  (  521): For batt_temp=328 fcc_mah=4342
D/VM_BMS  (  521): For ocv=4314830 batt_temp=328 soc=100
D/VM_BMS  (  521): fifo_count=5 acc_count=0
D/VM_BMS  (  521): INIT: ocv=4314830 last_ocv=4314830 batt_temp=328 soc=100
D/VM_BMS  (  521): For soc=100 batt_temp=328 slope=14000
D/VM_BMS  (  521): For soc=100 batt_temp=328 rbatt_sf=96
D/VM_BMS  (  521): rbatt_mohm_default=118, rbatt_mohm=113, sf=96 batt_temp=328
D/VM_BMS  (  521): For ocv=4314827 batt_temp=328 soc=100
D/VM_BMS  (  521): FIFO=0 fifo_avg=4.314291 rbatt=0.163000 slope=1.400000 ibatt=0.003298 ocv=4.314827 soc=100 fcc_ah=4.342000 sample_count=128 sample_interval=70 seq_num=20660
D/VM_BMS  (  521): For soc=100 batt_temp=328 slope=14000
D/VM_BMS  (  521): For soc=100 batt_temp=328 rbatt_sf=96
D/VM_BMS  (  521): rbatt_mohm_default=118, rbatt_mohm=113, sf=96 batt_temp=328
D/VM_BMS  (  521): For ocv=4314822 batt_temp=328 soc=100
D/VM_BMS  (  521): FIFO=1 fifo_avg=4.313997 rbatt=0.163000 slope=1.400000 ibatt=0.005081 ocv=4.314823 soc=100 fcc_ah=4.342000 sample_count=128 sample_interval=70 seq_num=20660
D/VM_BMS  (  521): For soc=100 batt_temp=328 slope=14000
D/VM_BMS  (  521): For soc=100 batt_temp=328 rbatt_sf=96
D/VM_BMS  (  521): rbatt_mohm_default=118, rbatt_mohm=113, sf=96 batt_temp=328
D/VM_BMS  (  521): For ocv=4314820 batt_temp=328 soc=100
D/VM_BMS  (  521): FIFO=2 fifo_avg=4.314291 rbatt=0.163000 slope=1.400000 ibatt=0.003251 ocv=4.314820 soc=100 fcc_ah=4.342000 sample_count=128 sample_interval=70 seq_num=20660
D/VM_BMS  (  521): For soc=100 batt_temp=328 slope=14000
D/VM_BMS  (  521): For soc=100 batt_temp=328 rbatt_sf=96
D/VM_BMS  (  521): rbatt_mohm_default=118, rbatt_mohm=113, sf=96 batt_temp=328
D/VM_BMS  (  521): For ocv=4314816 batt_temp=328 soc=100
D/VM_BMS  (  521): FIFO=3 fifo_avg=4.313997 rbatt=0.163000 slope=1.400000 ibatt=0.005037 ocv=4.314816 soc=100 fcc_ah=4.342000 sample_count=128 sample_interval=70 seq_num=20660
D/VM_BMS  (  521): For soc=100 batt_temp=328 slope=14000
D/VM_BMS  (  521): For soc=100 batt_temp=328 rbatt_sf=96
D/VM_BMS  (  521): rbatt_mohm_default=118, rbatt_mohm=113, sf=96 batt_temp=328
D/VM_BMS  (  521): For ocv=4314812 batt_temp=328 soc=100
D/VM_BMS  (  521): FIFO=4 fifo_avg=4.313997 rbatt=0.163000 slope=1.400000 ibatt=0.005013 ocv=4.314812 soc=100 fcc_ah=4.342000 sample_count=128 sample_interval=70 seq_num=20660
I/VM_BMS  (  521): power_supply_update: ocv_uv=4314812 ibatt=5013 soc=100 seq_num=20660
D/VM_BMS  (  521): End process_bms_data
D/VM_BMS  (  521): wake_lock released
I/socket2 (15553): Read 0xFEFE time outreceived_Total == 2
I/socket2 (15553): 读取数据头成功
I/socket2 (15553): 版本号机器序列号 received_Total == 14
I/socket2 (15553): 条码长度codeBytes = 0000000F
I/socket2 (15553): 条码长度 = 15
I/socket2 (15553): barcodelen received_Total == 15
I/socket2 (15553): 读取条码成功 barcode =611031969205635
I/socket2 (15553): imagenamelen received_Total == 4
I/socket2 (15553): 读图片名称长度成功
I/socket2 (15553): 读图片名称长度成功 imagenamelen = 54
I/socket2 (15553): imagename received_Total == 54
I/socket2 (15553): 读图片名称成功 imgname = pic_20180612142747308_2__TM_001106,611031969205635.bmp
I/socket2 (15553): imagelen received_Total == 4
I/socket2 (15553): 读取图片长度成功 图片数据长度 imagedatalen = 146722
I/socket2 (15553): 保存图片字节 is.available() = 1367 imageCount = 0
I/socket2 (15553): imageCount2 = 0 tempCount2 = 1367
I/socket2 (15553): 保存图片字节 is.available() = 0 imageCount = 1367
I/socket2 (15553): imageCount2 = 1367 tempCount2 = 1460
I/socket2 (15553): 保存图片字节 is.available() = 2729 imageCount = 2827
I/socket2 (15553): imageCount2 = 2827 tempCount2 = 5365
I/socket2 (15553): 保存图片字节 is.available() = 4096 imageCount = 8192
I/socket2 (15553): imageCount2 = 8192 tempCount2 = 7016
I/socket2 (15553): 保存图片字节 is.available() = 4096 imageCount = 15208
I/socket2 (15553): imageCount2 = 15208 tempCount2 = 6732
I/socket2 (15553): 保存图片字节 is.available() = 2636 imageCount = 21940
I/socket2 (15553): imageCount2 = 21940 tempCount2 = 2636
I/socket2 (15553): 保存图片字节 is.available() = 0 imageCount = 24576
I/socket2 (15553): imageCount2 = 24576 tempCount2 = 1460
I/socket2 (15553): 保存图片字节 is.available() = 1460 imageCount = 26036
I/socket2 (15553): imageCount2 = 26036 tempCount2 = 4096
I/socket2 (15553): 保存图片字节 is.available() = 5556 imageCount = 30132
I/socket2 (15553): imageCount2 = 30132 tempCount2 = 8192
I/socket2 (15553): 保存图片字节 is.available() = 6732 imageCount = 38324
I/socket2 (15553): imageCount2 = 38324 tempCount2 = 9652
I/socket2 (15553): 保存图片字节 is.available() = 9368 imageCount = 47976
I/socket2 (15553): imageCount2 = 47976 tempCount2 = 10240
I/socket2 (15553): 保存图片字节 is.available() = 8780 imageCount = 58216
I/socket2 (15553): imageCount2 = 58216 tempCount2 = 8780
I/socket2 (15553): 保存图片字节 is.available() = 0 imageCount = 66996
I/socket2 (15553): imageCount2 = 66996 tempCount2 = 10240
I/socket2 (15553): 保存图片字节 is.available() = 6144 imageCount = 77236
I/socket2 (15553): imageCount2 = 77236 tempCount2 = 10240
I/socket2 (15553): 保存图片字节 is.available() = 0 imageCount = 87476
I/socket2 (15553): imageCount2 = 87476 tempCount2 = 1460
I/socket2 (15553): 保存图片字节 is.available() = 2636 imageCount = 88936
I/socket2 (15553): imageCount2 = 88936 tempCount2 = 5272
I/socket2 (15553): 保存图片字节 is.available() = 0 imageCount = 94208
I/socket2 (15553): imageCount2 = 94208 tempCount2 = 1460
I/socket2 (15553): 保存图片字节 is.available() = 4096 imageCount = 95668
I/socket2 (15553): imageCount2 = 95668 tempCount2 = 9652
I/socket2 (15553): 保存图片字节 is.available() = 7016 imageCount = 105320
I/socket2 (15553): imageCount2 = 105320 tempCount2 = 7016
I/socket2 (15553): 保存图片字节 is.available() = 0 imageCount = 112336
I/socket2 (15553): imageCount2 = 112336 tempCount2 = 1460
I/socket2 (15553): 保存图片字节 is.available() = 0 imageCount = 113796
I/socket2 (15553): imageCount2 = 113796 tempCount2 = 1460
I/socket2 (15553): 保存图片字节 is.available() = 4380 imageCount = 115256
I/socket2 (15553): imageCount2 = 115256 tempCount2 = 7300
I/socket2 (15553): 保存图片字节 is.available() = 5840 imageCount = 122556
I/socket2 (15553): imageCount2 = 122556 tempCount2 = 8760
I/socket2 (15553): 保存图片字节 is.available() = 4380 imageCount = 131316
I/socket2 (15553): imageCount2 = 131316 tempCount2 = 5840
I/socket2 (15553): 保存图片字节 is.available() = 4380 imageCount = 137156
I/socket2 (15553): imageCount1 = 137156 tempCount1 = 7300
I/socket2 (15553): 保存图片字节 is.available() = 2285 imageCount = 144456
I/socket2 (15553): imageCount1 = 144456 tempCount1 = 2266
I/socket2 (15553): 读图片数据成功 bos imagedatalen - imageCount = 0
I/socket2 (15553): 读图片数据成功 bos length= 146722
I/System.out(15553): 取扫描时间与校验码 = 32303138303631323134323734373330380000
I/socket2 (15553): scantime received_Total == 19
I/socket2 (15553): 读图片数据完成 ---- endendend ----, 扫描时间 = 20180612142747308
I/socket2 (15553): 数据头 is.available() = 0
D/Analytics.a.6919.73( 6919): [run]
W/ActivityManager( 2269): getRunningAppProcesses: caller 10094 does not hold REAL_GET_TASKS; limiting output
D/Analytics.b.6919.73( 6919): [b] AppMonitorDelegate,triggerUpload
D/Analytics.d.6919.73( 6919): [c]
W/ActivityManager( 2269): getRunningAppProcesses: caller 10094 does not hold REAL_GET_TASKS; limiting output
D/Analytics.c.6919.71( 6919): [b]
D/Analytics.d.6919.73( 6919): [c]
D/Analytics.e.6919.73( 6919): [c]
D/Analytics.d.6919.73( 6919): [b]
V/WLAN_PSA(  328): NL MSG, len[048], NL type[0x11] WNI type[0x5050] len[028]
V/WLAN_PSA(  328): NL MSG, PID: 328
I/socket2 (15553): Read 0xFEFE time outreceived_Total == 2
I/socket2 (15553): 读取数据头成功
I/socket2 (15553): 版本号机器序列号 received_Total == 14
I/socket2 (15553): 条码长度codeBytes = 0000000F
I/socket2 (15553): 条码长度 = 15
I/socket2 (15553): barcodelen received_Total == 15
I/socket2 (15553): 读取条码成功 barcode =611031974651677
I/socket2 (15553): imagenamelen received_Total == 4
I/socket2 (15553): 读图片名称长度成功
I/socket2 (15553): 读图片名称长度成功 imagenamelen = 44
I/socket2 (15553): imagename received_Total == 44
I/socket2 (15553): 读图片名称成功 imgname = pic_20180612142942083_1__611031974651677.bmp
I/socket2 (15553): imagelen received_Total == 4
I/socket2 (15553): 读取图片长度成功 图片数据长度 imagedatalen = 161371
I/socket2 (15553): 保存图片字节 is.available() = 15208 imageCount = 0
I/socket2 (15553): imageCount2 = 0 tempCount2 = 10240
I/socket2 (15553): 保存图片字节 is.available() = 9064 imageCount = 10240
I/socket2 (15553): imageCount2 = 10240 tempCount2 = 10240
I/socket2 (15553): 保存图片字节 is.available() = 2920 imageCount = 20480
I/socket2 (15553): imageCount2 = 20480 tempCount2 = 2920
I/socket2 (15553): 保存图片字节 is.available() = 2636 imageCount = 23400
I/socket2 (15553): imageCount2 = 23400 tempCount2 = 5272
I/socket2 (15553): 保存图片字节 is.available() = 2920 imageCount = 28672
I/socket2 (15553): imageCount2 = 28672 tempCount2 = 5556
I/socket2 (15553): 保存图片字节 is.available() = 2636 imageCount = 34228
I/socket2 (15553): imageCount2 = 34228 tempCount2 = 5556
I/socket2 (15553): 保存图片字节 is.available() = 2636 imageCount = 39784
I/socket2 (15553): imageCount2 = 39784 tempCount2 = 5272
I/socket2 (15553): 保存图片字节 is.available() = 2920 imageCount = 45056
I/socket2 (15553): imageCount2 = 45056 tempCount2 = 5556
I/socket2 (15553): 保存图片字节 is.available() = 1460 imageCount = 50612
I/socket2 (15553): imageCount2 = 50612 tempCount2 = 1460
I/socket2 (15553): 保存图片字节 is.available() = 0 imageCount = 52072
I/socket2 (15553): imageCount2 = 52072 tempCount2 = 1176
I/socket2 (15553): 保存图片字节 is.available() = 5556 imageCount = 53248
I/socket2 (15553): imageCount2 = 53248 tempCount2 = 7016
I/socket2 (15553): 保存图片字节 is.available() = 1176 imageCount = 60264
I/socket2 (15553): imageCount2 = 60264 tempCount2 = 1176
I/socket2 (15553): 保存图片字节 is.available() = 1460 imageCount = 61440
I/socket2 (15553): imageCount2 = 61440 tempCount2 = 2920
I/socket2 (15553): 保存图片字节 is.available() = 1176 imageCount = 64360
I/socket2 (15553): imageCount2 = 64360 tempCount2 = 1176
I/socket2 (15553): 保存图片字节 is.available() = 1460 imageCount = 65536
I/socket2 (15553): imageCount2 = 65536 tempCount2 = 2920
I/socket2 (15553): 保存图片字节 is.available() = 0 imageCount = 68456
I/socket2 (15553): imageCount2 = 68456 tempCount2 = 1176
I/socket2 (15553): 保存图片字节 is.available() = 7016 imageCount = 69632
I/socket2 (15553): imageCount2 = 69632 tempCount2 = 10240
I/socket2 (15553): 保存图片字节 is.available() = 3508 imageCount = 79872
I/socket2 (15553): imageCount2 = 79872 tempCount2 = 10240
I/socket2 (15553): 保存图片字节 is.available() = 2920 imageCount = 90112
I/socket2 (15553): imageCount2 = 90112 tempCount2 = 2920
I/socket2 (15553): 保存图片字节 is.available() = 1176 imageCount = 93032
I/socket2 (15553): imageCount2 = 93032 tempCount2 = 1176
I/socket2 (15553): 保存图片字节 is.available() = 2920 imageCount = 94208
I/socket2 (15553): imageCount2 = 94208 tempCount2 = 4096
I/socket2 (15553): 保存图片字节 is.available() = 1460 imageCount = 98304
I/socket2 (15553): imageCount2 = 98304 tempCount2 = 1460
I/socket2 (15553): 保存图片字节 is.available() = 0 imageCount = 99764
I/socket2 (15553): imageCount2 = 99764 tempCount2 = 1460
I/socket2 (15553): 保存图片字节 is.available() = 2636 imageCount = 101224
I/socket2 (15553): imageCount2 = 101224 tempCount2 = 2636
I/socket2 (15553): 保存图片字节 is.available() = 9652 imageCount = 103860
I/socket2 (15553): imageCount2 = 103860 tempCount2 = 10240
I/socket2 (15553): 保存图片字节 is.available() = 5252 imageCount = 114100
I/socket2 (15553): imageCount2 = 114100 tempCount2 = 5252
I/socket2 (15553): 保存图片字节 is.available() = 0 imageCount = 119352
I/socket2 (15553): imageCount2 = 119352 tempCount2 = 2920
I/socket2 (15553): 保存图片字节 is.available() = 1460 imageCount = 122272
I/socket2 (15553): imageCount2 = 122272 tempCount2 = 2920
I/socket2 (15553): 保存图片字节 is.available() = 1460 imageCount = 125192
I/socket2 (15553): imageCount2 = 125192 tempCount2 = 2920
I/socket2 (15553): 保存图片字节 is.available() = 1460 imageCount = 128112
I/socket2 (15553): imageCount2 = 128112 tempCount2 = 2920
I/socket2 (15553): 保存图片字节 is.available() = 969 imageCount = 131032
I/socket2 (15553): imageCount2 = 131032 tempCount2 = 969
I/socket2 (15553): 保存图片字节 is.available() = 0 imageCount = 132001
I/socket2 (15553): imageCount2 = 132001 tempCount2 = 1460
I/socket2 (15553): 保存图片字节 is.available() = 0 imageCount = 133461
I/socket2 (15553): imageCount2 = 133461 tempCount2 = 1460
I/socket2 (15553): 保存图片字节 is.available() = 2920 imageCount = 134921
I/socket2 (15553): imageCount2 = 134921 tempCount2 = 4380
I/socket2 (15553): 保存图片字节 is.available() = 1460 imageCount = 139301
I/socket2 (15553): imageCount2 = 139301 tempCount2 = 4380
I/socket2 (15553): 保存图片字节 is.available() = 1460 imageCount = 143681
I/socket2 (15553): imageCount2 = 143681 tempCount2 = 2920
I/socket2 (15553): 保存图片字节 is.available() = 1460 imageCount = 146601
I/socket2 (15553): imageCount2 = 146601 tempCount2 = 2920
I/socket2 (15553): 保存图片字节 is.available() = 1460 imageCount = 149521
I/socket2 (15553): imageCount2 = 149521 tempCount2 = 1460
I/socket2 (15553): 保存图片字节 is.available() = 1460 imageCount = 150981
I/socket2 (15553): imageCount2 = 150981 tempCount2 = 2920
I/socket2 (15553): 保存图片字节 is.available() = 0 imageCount = 153901
I/socket2 (15553): imageCount1 = 153901 tempCount1 = 1460
I/socket2 (15553): 保存图片字节 is.available() = 0 imageCount = 155361
I/socket2 (15553): imageCount1 = 155361 tempCount1 = 1460
I/socket2 (15553): 保存图片字节 is.available() = 0 imageCount = 156821
I/socket2 (15553): imageCount1 = 156821 tempCount1 = 1460
I/socket2 (15553): 保存图片字节 is.available() = 0 imageCount = 158281
I/socket2 (15553): imageCount1 = 158281 tempCount1 = 1460
I/socket2 (15553): 保存图片字节 is.available() = 1460 imageCount = 159741
I/socket2 (15553): imageCount1 = 159741 tempCount1 = 1630
I/socket2 (15553): 读图片数据成功 bos imagedatalen - imageCount = 0
I/socket2 (15553): 读图片数据成功 bos length= 161371
I/System.out(15553): 取扫描时间与校验码 = 32303138303631323134323934323038330000
I/socket2 (15553): scantime received_Total == 19
I/socket2 (15553): 读图片数据完成 ---- endendend ----, 扫描时间 = 20180612142942083
I/socket2 (15553): 数据头 is.available() = 0
I/socket2 (15553): Read 0xFEFE time outreceived_Total == 2
I/socket2 (15553): 读取数据头成功
I/socket2 (15553): 版本号机器序列号 received_Total == 14
I/socket2 (15553): 条码长度codeBytes = 00000009
I/socket2 (15553): 条码长度 = 9
I/socket2 (15553): barcodelen received_Total == 9
I/socket2 (15553): 读取条码成功 barcode =TM_001106
I/socket2 (15553): imagenamelen received_Total == 4
I/socket2 (15553): 读图片名称长度成功
I/socket2 (15553): 读图片名称长度成功 imagenamelen = 38
I/socket2 (15553): imagename received_Total == 38
I/socket2 (15553): 读图片名称成功 imgname = pic_20180612142732076_1__TM_001106.bmp
I/socket2 (15553): imagelen received_Total == 4
I/socket2 (15553): 读取图片长度成功 图片数据长度 imagedatalen = 94874
I/socket2 (15553): 保存图片字节 is.available() = 4096 imageCount = 0
I/socket2 (15553): imageCount2 = 0 tempCount2 = 4096
I/socket2 (15553): 保存图片字节 is.available() = 0 imageCount = 4096
I/socket2 (15553): imageCount2 = 4096 tempCount2 = 1460
I/socket2 (15553): 保存图片字节 is.available() = 1460 imageCount = 5556
I/socket2 (15553): imageCount2 = 5556 tempCount2 = 2636
I/socket2 (15553): 保存图片字节 is.available() = 2920 imageCount = 8192
I/socket2 (15553): imageCount2 = 8192 tempCount2 = 4096
I/socket2 (15553): 保存图片字节 is.available() = 2920 imageCount = 12288
I/socket2 (15553): imageCount2 = 12288 tempCount2 = 4096
I/socket2 (15553): 保存图片字节 is.available() = 1460 imageCount = 16384
I/socket2 (15553): imageCount2 = 16384 tempCount2 = 1460
I/socket2 (15553): 保存图片字节 is.available() = 0 imageCount = 17844
I/socket2 (15553): imageCount2 = 17844 tempCount2 = 2636
I/socket2 (15553): 保存图片字节 is.available() = 4096 imageCount = 20480
I/socket2 (15553): imageCount2 = 20480 tempCount2 = 8192
I/socket2 (15553): 保存图片字节 is.available() = 8192 imageCount = 28672
I/socket2 (15553): imageCount2 = 28672 tempCount2 = 10240
I/socket2 (15553): 保存图片字节 is.available() = 7604 imageCount = 38912
I/socket2 (15553): imageCount2 = 38912 tempCount2 = 7604
I/socket2 (15553): 保存图片字节 is.available() = 4096 imageCount = 46516
I/socket2 (15553): imageCount2 = 46516 tempCount2 = 10240
I/socket2 (15553): 保存图片字节 is.available() = 2048 imageCount = 56756
I/socket2 (15553): imageCount2 = 56756 tempCount2 = 3508
I/socket2 (15553): 保存图片字节 is.available() = 4096 imageCount = 60264
I/socket2 (15553): imageCount2 = 60264 tempCount2 = 5272
I/socket2 (15553): 保存图片字节 is.available() = 0 imageCount = 65536
I/socket2 (15553): imageCount2 = 65536 tempCount2 = 1460
I/socket2 (15553): 保存图片字节 is.available() = 1460 imageCount = 66996
I/socket2 (15553): imageCount2 = 66996 tempCount2 = 1460
I/socket2 (15553): 保存图片字节 is.available() = 0 imageCount = 68456
I/socket2 (15553): imageCount2 = 68456 tempCount2 = 1176
I/socket2 (15553): 保存图片字节 is.available() = 25261 imageCount = 69632
I/socket2 (15553): imageCount2 = 69632 tempCount2 = 10240
I/socket2 (15553): 保存图片字节 is.available() = 15021 imageCount = 79872
I/socket2 (15553): imageCount2 = 79872 tempCount2 = 10240
I/socket2 (15553): 保存图片字节 is.available() = 4781 imageCount = 90112
I/socket2 (15553): imageCount1 = 90112 tempCount1 = 4762
I/socket2 (15553): 读图片数据成功 bos imagedatalen - imageCount = 0
I/socket2 (15553): 读图片数据成功 bos length= 94874
I/System.out(15553): 取扫描时间与校验码 = 32303138303631323134323733323037360000
I/socket2 (15553): scantime received_Total == 19
I/socket2 (15553): 读图片数据完成 ---- endendend ----, 扫描时间 = 20180612142732076
I/socket2 (15553): 数据头 is.available() = 0
V/WLAN_PSA(  328): NL MSG, len[3931], NL type[0x1C] WNI type[0x5900] len[17167]
V/WLAN_PSA(  328): NL MSG, PID: 328
I/timer1  (15553): timer1timer1timer1timer1
I/socket2 (15553): Read 0xFEFE time outreceived_Total == 2
I/socket2 (15553): 读取数据头成功
I/socket2 (15553): 版本号机器序列号 received_Total == 14
I/socket2 (15553): 条码长度codeBytes = 00000009
I/socket2 (15553): 条码长度 = 9
I/socket2 (15553): barcodelen received_Total == 9
I/socket2 (15553): 读取条码成功 barcode =TM_001106
I/socket2 (15553): imagenamelen received_Total == 4
I/socket2 (15553): 读图片名称长度成功
I/socket2 (15553): 读图片名称长度成功 imagenamelen = 38
I/socket2 (15553): imagename received_Total == 38
I/socket2 (15553): 读图片名称成功 imgname = pic_20180612142732076_1__TM_001106.bmp
I/socket2 (15553): imagelen received_Total == 4
I/socket2 (15553): 读取图片长度成功 图片数据长度 imagedatalen = 94874
I/socket2 (15553): 保存图片字节 is.available() = 8192 imageCount = 0
I/socket2 (15553): imageCount2 = 0 tempCount2 = 8192
I/socket2 (15553): 保存图片字节 is.available() = 1460 imageCount = 8192
I/socket2 (15553): imageCount2 = 8192 tempCount2 = 2920
I/socket2 (15553): 保存图片字节 is.available() = 1176 imageCount = 11112
I/socket2 (15553): imageCount2 = 11112 tempCount2 = 2636
I/socket2 (15553): 保存图片字节 is.available() = 1460 imageCount = 13748
I/socket2 (15553): imageCount2 = 13748 tempCount2 = 2636
I/socket2 (15553): 保存图片字节 is.available() = 1460 imageCount = 16384
I/socket2 (15553): imageCount2 = 16384 tempCount2 = 1460
I/socket2 (15553): 保存图片字节 is.available() = 0 imageCount = 17844
I/socket2 (15553): imageCount2 = 17844 tempCount2 = 1460
I/socket2 (15553): 保存图片字节 is.available() = 1176 imageCount = 19304
I/socket2 (15553): imageCount2 = 19304 tempCount2 = 4096
I/socket2 (15553): 保存图片字节 is.available() = 2636 imageCount = 23400
I/socket2 (15553): imageCount2 = 23400 tempCount2 = 5272
I/socket2 (15553): 保存图片字节 is.available() = 2920 imageCount = 28672
I/socket2 (15553): imageCount2 = 28672 tempCount2 = 4096
I/socket2 (15553): 保存图片字节 is.available() = 7016 imageCount = 32768
I/socket2 (15553): imageCount2 = 32768 tempCount2 = 8192
I/socket2 (15553): 保存图片字节 is.available() = 2920 imageCount = 40960
I/socket2 (15553): imageCount2 = 40960 tempCount2 = 4096
I/socket2 (15553): 保存图片字节 is.available() = 2920 imageCount = 45056
I/socket2 (15553): imageCount2 = 45056 tempCount2 = 4096
I/socket2 (15553): 保存图片字节 is.available() = 2920 imageCount = 49152
I/socket2 (15553): imageCount2 = 49152 tempCount2 = 5556
I/socket2 (15553): 保存图片字节 is.available() = 2636 imageCount = 54708
I/socket2 (15553): imageCount2 = 54708 tempCount2 = 5556
I/socket2 (15553): 保存图片字节 is.available() = 2636 imageCount = 60264
I/socket2 (15553): imageCount2 = 60264 tempCount2 = 5272
I/socket2 (15553): 保存图片字节 is.available() = 0 imageCount = 65536
I/socket2 (15553): imageCount2 = 65536 tempCount2 = 1460
I/socket2 (15553): 保存图片字节 is.available() = 1460 imageCount = 66996
I/socket2 (15553): imageCount2 = 66996 tempCount2 = 1460
I/socket2 (15553): 保存图片字节 is.available() = 1176 imageCount = 68456
I/socket2 (15553): imageCount2 = 68456 tempCount2 = 2636
I/socket2 (15553): 保存图片字节 is.available() = 1460 imageCount = 71092
I/socket2 (15553): imageCount2 = 71092 tempCount2 = 1460
I/socket2 (15553): 保存图片字节 is.available() = 1176 imageCount = 72552
I/socket2 (15553): imageCount2 = 72552 tempCount2 = 1176
I/socket2 (15553): 保存图片字节 is.available() = 1460 imageCount = 73728
I/socket2 (15553): imageCount2 = 73728 tempCount2 = 1460
I/socket2 (15553): 保存图片字节 is.available() = 0 imageCount = 75188
I/socket2 (15553): imageCount2 = 75188 tempCount2 = 4096
I/socket2 (15553): 保存图片字节 is.available() = 2636 imageCount = 79284
I/socket2 (15553): imageCount2 = 79284 tempCount2 = 4096
I/socket2 (15553): 保存图片字节 is.available() = 5556 imageCount = 83380
I/socket2 (15553): imageCount2 = 83380 tempCount2 = 5556
I/socket2 (15553): 保存图片字节 is.available() = 0 imageCount = 88936
I/socket2 (15553): imageCount1 = 88936 tempCount1 = 1176
I/socket2 (15553): 保存图片字节 is.available() = 2920 imageCount = 90112
I/socket2 (15553): imageCount1 = 90112 tempCount1 = 4096
I/socket2 (15553): 保存图片字节 is.available() = 685 imageCount = 94208
I/socket2 (15553): imageCount1 = 94208 tempCount1 = 666
I/socket2 (15553): 读图片数据成功 bos imagedatalen - imageCount = 0
I/socket2 (15553): 读图片数据成功 bos length= 94874
I/System.out(15553): 取扫描时间与校验码 = 32303138303631323134323733323037360000
I/socket2 (15553): scantime received_Total == 19
I/socket2 (15553): 读图片数据完成 ---- endendend ----, 扫描时间 = 20180612142732076
I/socket2 (15553): 数据头 is.available() = 0
I/socket2 (15553): Read 0xFEFE time outreceived_Total == 2
I/socket2 (15553): 读取数据头成功
I/socket2 (15553): 版本号机器序列号 received_Total == 14
I/socket2 (15553): 条码长度codeBytes = 0000000F
I/socket2 (15553): 条码长度 = 15
I/socket2 (15553): barcodelen received_Total == 15
I/socket2 (15553): 读取条码成功 barcode =611031969205635
I/socket2 (15553): imagenamelen received_Total == 4
I/socket2 (15553): 读图片名称长度成功
I/socket2 (15553): 读图片名称长度成功 imagenamelen = 54
I/socket2 (15553): imagename received_Total == 54
I/socket2 (15553): 读图片名称成功 imgname = pic_20180612142747308_2__TM_001106,611031969205635.bmp
I/socket2 (15553): imagelen received_Total == 4
I/socket2 (15553): 读取图片长度成功 图片数据长度 imagedatalen = 146722
I/socket2 (15553): 保存图片字节 is.available() = 15208 imageCount = 0
I/socket2 (15553): imageCount2 = 0 tempCount2 = 10240
I/socket2 (15553): 保存图片字节 is.available() = 10240 imageCount = 10240
I/socket2 (15553): imageCount2 = 10240 tempCount2 = 10240
I/socket2 (15553): 保存图片字节 is.available() = 5556 imageCount = 20480
I/socket2 (15553): imageCount2 = 20480 tempCount2 = 7016
I/socket2 (15553): 保存图片字节 is.available() = 0 imageCount = 27496
I/socket2 (15553): imageCount2 = 27496 tempCount2 = 1176
I/socket2 (15553): 保存图片字节 is.available() = 1460 imageCount = 28672
I/socket2 (15553): imageCount2 = 28672 tempCount2 = 2920
I/socket2 (15553): 保存图片字节 is.available() = 2636 imageCount = 31592
I/socket2 (15553): imageCount2 = 31592 tempCount2 = 5272
I/socket2 (15553): 保存图片字节 is.available() = 2920 imageCount = 36864
I/socket2 (15553): imageCount2 = 36864 tempCount2 = 4096
I/socket2 (15553): 保存图片字节 is.available() = 9652 imageCount = 40960
I/socket2 (15553): imageCount2 = 40960 tempCount2 = 10240
I/socket2 (15553): 保存图片字节 is.available() = 3508 imageCount = 51200
I/socket2 (15553): imageCount2 = 51200 tempCount2 = 6144
I/socket2 (15553): 保存图片字节 is.available() = 8192 imageCount = 57344
I/socket2 (15553): imageCount2 = 57344 tempCount2 = 10240
I/socket2 (15553): 保存图片字节 is.available() = 6144 imageCount = 67584
I/socket2 (15553): imageCount2 = 67584 tempCount2 = 7604
I/socket2 (15553): 保存图片字节 is.available() = 1460 imageCount = 75188
I/socket2 (15553): imageCount2 = 75188 tempCount2 = 2636
I/socket2 (15553): 保存图片字节 is.available() = 1460 imageCount = 77824
I/socket2 (15553): imageCount2 = 77824 tempCount2 = 2920
I/socket2 (15553): 保存图片字节 is.available() = 0 imageCount = 80744
I/socket2 (15553): imageCount2 = 80744 tempCount2 = 1176
I/socket2 (15553): 保存图片字节 is.available() = 2920 imageCount = 81920
I/socket2 (15553): imageCount2 = 81920 tempCount2 = 4096
I/socket2 (15553): 保存图片字节 is.available() = 1460 imageCount = 86016
I/socket2 (15553): imageCount2 = 86016 tempCount2 = 2920
I/socket2 (15553): 保存图片字节 is.available() = 0 imageCount = 88936
I/socket2 (15553): imageCount2 = 88936 tempCount2 = 1176
I/socket2 (15553): 保存图片字节 is.available() = 2920 imageCount = 90112
I/socket2 (15553): imageCount2 = 90112 tempCount2 = 4096
I/socket2 (15553): 保存图片字节 is.available() = 1460 imageCount = 94208
I/socket2 (15553): imageCount2 = 94208 tempCount2 = 1460
I/socket2 (15553): 保存图片字节 is.available() = 0 imageCount = 95668
I/socket2 (15553): imageCount2 = 95668 tempCount2 = 1460
I/socket2 (15553): 保存图片字节 is.available() = 1176 imageCount = 97128
I/socket2 (15553): imageCount2 = 97128 tempCount2 = 1176
I/socket2 (15553): 保存图片字节 is.available() = 1460 imageCount = 98304
I/socket2 (15553): imageCount2 = 98304 tempCount2 = 2920
I/socket2 (15553): 保存图片字节 is.available() = 1176 imageCount = 101224
I/socket2 (15553): imageCount2 = 101224 tempCount2 = 1176
I/socket2 (15553): 保存图片字节 is.available() = 1460 imageCount = 102400
I/socket2 (15553): imageCount2 = 102400 tempCount2 = 2920
I/socket2 (15553): 保存图片字节 is.available() = 0 imageCount = 105320
I/socket2 (15553): imageCount2 = 105320 tempCount2 = 1176
I/socket2 (15553): 保存图片字节 is.available() = 0 imageCount = 106496
I/socket2 (15553): imageCount2 = 106496 tempCount2 = 1460
I/socket2 (15553): 保存图片字节 is.available() = 1460 imageCount = 107956
I/socket2 (15553): imageCount2 = 107956 tempCount2 = 4096
I/socket2 (15553): 保存图片字节 is.available() = 0 imageCount = 112052
I/socket2 (15553): imageCount2 = 112052 tempCount2 = 1460
I/socket2 (15553): 保存图片字节 is.available() = 2636 imageCount = 113512
I/socket2 (15553): imageCount2 = 113512 tempCount2 = 4096
I/socket2 (15553): 保存图片字节 is.available() = 1176 imageCount = 117608
I/socket2 (15553): imageCount2 = 117608 tempCount2 = 1176
I/socket2 (15553): 保存图片字节 is.available() = 2920 imageCount = 118784
I/socket2 (15553): imageCount2 = 118784 tempCount2 = 2920
I/socket2 (15553): 保存图片字节 is.available() = 0 imageCount = 121704
I/socket2 (15553): imageCount2 = 121704 tempCount2 = 1460
I/socket2 (15553): 保存图片字节 is.available() = 1460 imageCount = 123164
I/socket2 (15553): imageCount2 = 123164 tempCount2 = 2920
I/socket2 (15553): 保存图片字节 is.available() = 0 imageCount = 126084
I/socket2 (15553): imageCount2 = 126084 tempCount2 = 1460
I/socket2 (15553): 保存图片字节 is.available() = 1460 imageCount = 127544
I/socket2 (15553): imageCount2 = 127544 tempCount2 = 2920
I/socket2 (15553): 保存图片字节 is.available() = 1460 imageCount = 130464
I/socket2 (15553): imageCount2 = 130464 tempCount2 = 1460
I/socket2 (15553): 保存图片字节 is.available() = 1460 imageCount = 131924
I/socket2 (15553): imageCount2 = 131924 tempCount2 = 1460
I/socket2 (15553): 保存图片字节 is.available() = 0 imageCount = 133384
I/socket2 (15553): imageCount2 = 133384 tempCount2 = 1460
I/socket2 (15553): 保存图片字节 is.available() = 0 imageCount = 134844
I/socket2 (15553): imageCount2 = 134844 tempCount2 = 1460
I/socket2 (15553): 保存图片字节 is.available() = 1460 imageCount = 136304
I/socket2 (15553): imageCount2 = 136304 tempCount2 = 2920
I/socket2 (15553): 保存图片字节 is.available() = 0 imageCount = 139224
I/socket2 (15553): imageCount1 = 139224 tempCount1 = 1460
I/socket2 (15553): 保存图片字节 is.available() = 0 imageCount = 140684
I/socket2 (15553): imageCount1 = 140684 tempCount1 = 1460
I/socket2 (15553): 保存图片字节 is.available() = 0 imageCount = 142144
I/socket2 (15553): imageCount1 = 142144 tempCount1 = 1460
I/socket2 (15553): 保存图片字节 is.available() = 0 imageCount = 143604
I/socket2 (15553): imageCount1 = 143604 tempCount1 = 1460
I/socket2 (15553): 保存图片字节 is.available() = 0 imageCount = 145064
I/socket2 (15553): imageCount1 = 145064 tempCount1 = 1460
I/socket2 (15553): 保存图片字节 is.available() = 217 imageCount = 146524
I/socket2 (15553): imageCount1 = 146524 tempCount1 = 198
I/socket2 (15553): 读图片数据成功 bos imagedatalen - imageCount = 0
I/socket2 (15553): 读图片数据成功 bos length= 146722
I/System.out(15553): 取扫描时间与校验码 = 32303138303631323134323734373330380000
I/socket2 (15553): scantime received_Total == 19
I/socket2 (15553): 读图片数据完成 ---- endendend ----, 扫描时间 = 20180612142747308
I/socket2 (15553): 数据头 is.available() = 0
V/WLAN_PSA(  328): NL MSG, len[048], NL type[0x11] WNI type[0x5050] len[028]
V/WLAN_PSA(  328): NL MSG, PID: 328
I/socket2 (15553): Read 0xFEFE time outreceived_Total == 2
I/socket2 (15553): 读取数据头成功
I/socket2 (15553): 版本号机器序列号 received_Total == 14
I/socket2 (15553): 条码长度codeBytes = 0000000F
I/socket2 (15553): 条码长度 = 15
I/socket2 (15553): barcodelen received_Total == 15
I/socket2 (15553): 读取条码成功 barcode =611031974651677
I/socket2 (15553): imagenamelen received_Total == 4
I/socket2 (15553): 读图片名称长度成功
I/socket2 (15553): 读图片名称长度成功 imagenamelen = 44
I/socket2 (15553): imagename received_Total == 44
I/socket2 (15553): 读图片名称成功 imgname = pic_20180612142942083_1__611031974651677.bmp
I/socket2 (15553): imagelen received_Total == 4
I/socket2 (15553): 读取图片长度成功 图片数据长度 imagedatalen = 161371
I/socket2 (15553): 保存图片字节 is.available() = 2837 imageCount = 0
I/socket2 (15553): imageCount2 = 0 tempCount2 = 2837
I/socket2 (15553): 保存图片字节 is.available() = 0 imageCount = 2837
I/socket2 (15553): imageCount2 = 2837 tempCount2 = 10240
I/socket2 (15553): 保存图片字节 is.available() = 37535 imageCount = 13077
I/socket2 (15553): imageCount2 = 13077 tempCount2 = 10240
I/socket2 (15553): 保存图片字节 is.available() = 27295 imageCount = 23317
I/socket2 (15553): imageCount2 = 23317 tempCount2 = 10240
I/socket2 (15553): 保存图片字节 is.available() = 23787 imageCount = 33557
I/socket2 (15553): imageCount2 = 33557 tempCount2 = 10240
I/socket2 (15553): 保存图片字节 is.available() = 20563 imageCount = 43797
I/socket2 (15553): imageCount2 = 43797 tempCount2 = 10240
I/socket2 (15553): 保存图片字节 is.available() = 12959 imageCount = 54037
I/socket2 (15553): imageCount2 = 54037 tempCount2 = 10240
I/socket2 (15553): 保存图片字节 is.available() = 2719 imageCount = 64277
I/socket2 (15553): imageCount2 = 64277 tempCount2 = 4179
I/socket2 (15553): 保存图片字节 is.available() = 1176 imageCount = 68456
I/socket2 (15553): imageCount2 = 68456 tempCount2 = 2636
I/socket2 (15553): 保存图片字节 is.available() = 1460 imageCount = 71092
I/socket2 (15553): imageCount2 = 71092 tempCount2 = 4096
I/socket2 (15553): 保存图片字节 is.available() = 2636 imageCount = 75188
I/socket2 (15553): imageCount2 = 75188 tempCount2 = 5556
I/socket2 (15553): 保存图片字节 is.available() = 2636 imageCount = 80744
I/socket2 (15553): imageCount2 = 80744 tempCount2 = 5272
I/socket2 (15553): 保存图片字节 is.available() = 2920 imageCount = 86016
I/socket2 (15553): imageCount2 = 86016 tempCount2 = 5556
I/socket2 (15553): 保存图片字节 is.available() = 2636 imageCount = 91572
I/socket2 (15553): imageCount2 = 91572 tempCount2 = 4096
I/socket2 (15553): 保存图片字节 is.available() = 1460 imageCount = 95668
I/socket2 (15553): imageCount2 = 95668 tempCount2 = 4096
I/socket2 (15553): 保存图片字节 is.available() = 4096 imageCount = 99764
I/socket2 (15553): imageCount2 = 99764 tempCount2 = 5556
I/socket2 (15553): 保存图片字节 is.available() = 2636 imageCount = 105320
I/socket2 (15553): imageCount2 = 105320 tempCount2 = 5272
I/socket2 (15553): 保存图片字节 is.available() = 2920 imageCount = 110592
I/socket2 (15553): imageCount2 = 110592 tempCount2 = 2920
I/socket2 (15553): 保存图片字节 is.available() = 0 imageCount = 113512
I/socket2 (15553): imageCount2 = 113512 tempCount2 = 1176
I/socket2 (15553): 保存图片字节 is.available() = 5556 imageCount = 114688
I/socket2 (15553): imageCount2 = 114688 tempCount2 = 5556
I/socket2 (15553): 保存图片字节 is.available() = 1460 imageCount = 120244
I/socket2 (15553): imageCount2 = 120244 tempCount2 = 2636
I/socket2 (15553): 保存图片字节 is.available() = 0 imageCount = 122880
I/socket2 (15553): imageCount2 = 122880 tempCount2 = 1460
I/socket2 (15553): 保存图片字节 is.available() = 0 imageCount = 124340
I/socket2 (15553): imageCount2 = 124340 tempCount2 = 1460
I/socket2 (15553): 保存图片字节 is.available() = 0 imageCount = 125800
I/socket2 (15553): imageCount2 = 125800 tempCount2 = 1176
I/socket2 (15553): 保存图片字节 is.available() = 0 imageCount = 126976
I/socket2 (15553): imageCount2 = 126976 tempCount2 = 1460
I/socket2 (15553): 保存图片字节 is.available() = 1460 imageCount = 128436
I/socket2 (15553): imageCount2 = 128436 tempCount2 = 1460
I/socket2 (15553): 保存图片字节 is.available() = 1176 imageCount = 129896
I/socket2 (15553): imageCount2 = 129896 tempCount2 = 1176
I/socket2 (15553): 保存图片字节 is.available() = 1460 imageCount = 131072
I/socket2 (15553): imageCount2 = 131072 tempCount2 = 2920
I/socket2 (15553): 保存图片字节 is.available() = 1176 imageCount = 133992
I/socket2 (15553): imageCount2 = 133992 tempCount2 = 1176
I/socket2 (15553): 保存图片字节 is.available() = 0 imageCount = 135168
I/socket2 (15553): imageCount2 = 135168 tempCount2 = 1460
I/socket2 (15553): 保存图片字节 is.available() = 0 imageCount = 136628
I/socket2 (15553): imageCount2 = 136628 tempCount2 = 1460
I/socket2 (15553): 保存图片字节 is.available() = 1460 imageCount = 138088
I/socket2 (15553): imageCount2 = 138088 tempCount2 = 1460
I/socket2 (15553): 保存图片字节 is.available() = 0 imageCount = 139548
I/socket2 (15553): imageCount2 = 139548 tempCount2 = 1460
I/socket2 (15553): 保存图片字节 is.available() = 0 imageCount = 141008
I/socket2 (15553): imageCount2 = 141008 tempCount2 = 1460
I/socket2 (15553): 保存图片字节 is.available() = 0 imageCount = 142468
I/socket2 (15553): imageCount2 = 142468 tempCount2 = 2920
I/socket2 (15553): 保存图片字节 is.available() = 0 imageCount = 145388
I/socket2 (15553): imageCount2 = 145388 tempCount2 = 1460
I/socket2 (15553): 保存图片字节 is.available() = 1460 imageCount = 146848
I/socket2 (15553): imageCount2 = 146848 tempCount2 = 1460
I/socket2 (15553): 保存图片字节 is.available() = 0 imageCount = 148308
I/socket2 (15553): imageCount2 = 148308 tempCount2 = 1460
I/socket2 (15553): 保存图片字节 is.available() = 1460 imageCount = 149768
I/socket2 (15553): imageCount2 = 149768 tempCount2 = 1460
I/socket2 (15553): 保存图片字节 is.available() = 0 imageCount = 151228
I/socket2 (15553): imageCount1 = 151228 tempCount1 = 1460
I/socket2 (15553): 保存图片字节 is.available() = 0 imageCount = 152688
I/socket2 (15553): imageCount1 = 152688 tempCount1 = 4380
I/socket2 (15553): 保存图片字节 is.available() = 1460 imageCount = 157068
I/socket2 (15553): imageCount1 = 157068 tempCount1 = 1460
I/socket2 (15553): 保存图片字节 is.available() = 0 imageCount = 158528
I/timer2  (15553): timer2timer2timer2timer2
I/socket2 (15553): imageCount1 = 158528 tempCount1 = 2843
I/socket2 (15553): 读图片数据成功 bos imagedatalen - imageCount = 0
I/socket2 (15553): 读图片数据成功 bos length= 161371
I/System.out(15553): 取扫描时间与校验码 = 32303138303631323134323934323038330000
I/socket2 (15553): scantime received_Total == 19
I/socket2 (15553): 读图片数据完成 ---- endendend ----, 扫描时间 = 20180612142942083
I/socket2 (15553): 数据头 is.available() = 0
I/socket2 (15553): Read 0xFEFE time outreceived_Total == 2
I/socket2 (15553): 读取数据头成功
I/socket2 (15553): 版本号机器序列号 received_Total == 14
I/socket2 (15553): 条码长度codeBytes = 00000009
I/socket2 (15553): 条码长度 = 9
I/socket2 (15553): barcodelen received_Total == 9
I/socket2 (15553): 读取条码成功 barcode =TM_001106
I/socket2 (15553): imagenamelen received_Total == 4
I/socket2 (15553): 读图片名称长度成功
I/socket2 (15553): 读图片名称长度成功 imagenamelen = 38
I/socket2 (15553): imagename received_Total == 38
I/socket2 (15553): 读图片名称成功 imgname = pic_20180612142732076_1__TM_001106.bmp
I/socket2 (15553): imagelen received_Total == 4
I/socket2 (15553): 读取图片长度成功 图片数据长度 imagedatalen = 94874
I/socket2 (15553): 保存图片字节 is.available() = 1389 imageCount = 0
I/socket2 (15553): imageCount2 = 0 tempCount2 = 1389
I/socket2 (15553): 保存图片字节 is.available() = 0 imageCount = 1389
I/socket2 (15553): imageCount2 = 1389 tempCount2 = 2707
I/socket2 (15553): 保存图片字节 is.available() = 0 imageCount = 4096
I/socket2 (15553): imageCount2 = 4096 tempCount2 = 1460
I/socket2 (15553): 保存图片字节 is.available() = 1460 imageCount = 5556
I/socket2 (15553): imageCount2 = 5556 tempCount2 = 2636
I/socket2 (15553): 保存图片字节 is.available() = 1460 imageCount = 8192
I/socket2 (15553): imageCount2 = 8192 tempCount2 = 1460
I/socket2 (15553): 保存图片字节 is.available() = 0 imageCount = 9652
I/socket2 (15553): imageCount2 = 9652 tempCount2 = 2636
I/socket2 (15553): 保存图片字节 is.available() = 5556 imageCount = 12288
I/socket2 (15553): imageCount2 = 12288 tempCount2 = 8192
I/socket2 (15553): 保存图片字节 is.available() = 0 imageCount = 20480
I/socket2 (15553): imageCount2 = 20480 tempCount2 = 1460
I/socket2 (15553): 保存图片字节 is.available() = 1460 imageCount = 21940
I/socket2 (15553): imageCount2 = 21940 tempCount2 = 4096
I/socket2 (15553): 保存图片字节 is.available() = 2920 imageCount = 26036
I/socket2 (15553): imageCount2 = 26036 tempCount2 = 10240
I/socket2 (15553): 保存图片字节 is.available() = 7280 imageCount = 36276
I/socket2 (15553): imageCount2 = 36276 tempCount2 = 10200
I/socket2 (15553): 保存图片字节 is.available() = 2920 imageCount = 46476
I/socket2 (15553): imageCount2 = 46476 tempCount2 = 4380
I/socket2 (15553): 保存图片字节 is.available() = 5840 imageCount = 50856
I/socket2 (15553): imageCount2 = 50856 tempCount2 = 7300
I/socket2 (15553): 保存图片字节 is.available() = 5840 imageCount = 58156
I/socket2 (15553): imageCount2 = 58156 tempCount2 = 8760
I/socket2 (15553): 保存图片字节 is.available() = 1460 imageCount = 66916
I/socket2 (15553): imageCount2 = 66916 tempCount2 = 1460
I/socket2 (15553): 保存图片字节 is.available() = 0 imageCount = 68376
I/socket2 (15553): imageCount2 = 68376 tempCount2 = 1460
I/socket2 (15553): 保存图片字节 is.available() = 0 imageCount = 69836
I/socket2 (15553): imageCount2 = 69836 tempCount2 = 1460
I/socket2 (15553): 保存图片字节 is.available() = 0 imageCount = 71296
I/socket2 (15553): imageCount2 = 71296 tempCount2 = 1460
I/socket2 (15553): 保存图片字节 is.available() = 1460 imageCount = 72756
I/socket2 (15553): imageCount2 = 72756 tempCount2 = 2920
I/socket2 (15553): 保存图片字节 is.available() = 0 imageCount = 75676
I/socket2 (15553): imageCount2 = 75676 tempCount2 = 1460
I/socket2 (15553): 保存图片字节 is.available() = 0 imageCount = 77136
I/socket2 (15553): imageCount2 = 77136 tempCount2 = 1460
I/socket2 (15553): 保存图片字节 is.available() = 0 imageCount = 78596
I/socket2 (15553): imageCount2 = 78596 tempCount2 = 1460
I/socket2 (15553): 保存图片字节 is.available() = 0 imageCount = 80056
I/socket2 (15553): imageCount2 = 80056 tempCount2 = 1460
I/socket2 (15553): 保存图片字节 is.available() = 0 imageCount = 81516
I/socket2 (15553): imageCount2 = 81516 tempCount2 = 1460
I/socket2 (15553): 保存图片字节 is.available() = 1460 imageCount = 82976
I/socket2 (15553): imageCount2 = 82976 tempCount2 = 1460
I/socket2 (15553): 保存图片字节 is.available() = 1460 imageCount = 84436
I/socket2 (15553): imageCount2 = 84436 tempCount2 = 1460
I/socket2 (15553): 保存图片字节 is.available() = 1460 imageCount = 85896
I/socket2 (15553): imageCount1 = 85896 tempCount1 = 1460
I/socket2 (15553): 保存图片字节 is.available() = 1460 imageCount = 87356
I/socket2 (15553): imageCount1 = 87356 tempCount1 = 1460
I/socket2 (15553): 保存图片字节 is.available() = 1460 imageCount = 88816
I/socket2 (15553): imageCount1 = 88816 tempCount1 = 1460
I/socket2 (15553): 保存图片字节 is.available() = 1460 imageCount = 90276
I/socket2 (15553): imageCount1 = 90276 tempCount1 = 1460
I/socket2 (15553): 保存图片字节 is.available() = 1460 imageCount = 91736
I/socket2 (15553): imageCount1 = 91736 tempCount1 = 1460
I/socket2 (15553): 保存图片字节 is.available() = 1697 imageCount = 93196
I/socket2 (15553): imageCount1 = 93196 tempCount1 = 1678
I/socket2 (15553): 读图片数据成功 bos imagedatalen - imageCount = 0
I/socket2 (15553): 读图片数据成功 bos length= 94874
I/System.out(15553): 取扫描时间与校验码 = 32303138303631323134323733323037360000
I/socket2 (15553): scantime received_Total == 19
I/socket2 (15553): 读图片数据完成 ---- endendend ----, 扫描时间 = 20180612142732076
I/socket2 (15553): 数据头 is.available() = 0
D/Ulp_jni ( 2269): Location CB invoked
I/socket2 (15553): Read 0xFEFE time outreceived_Total == 2
I/socket2 (15553): 读取数据头成功
I/socket2 (15553): 版本号机器序列号 received_Total == 14
I/socket2 (15553): 条码长度codeBytes = 0000000F
I/socket2 (15553): 条码长度 = 15
I/socket2 (15553): barcodelen received_Total == 15
I/socket2 (15553): 读取条码成功 barcode =611031969205635
I/socket2 (15553): imagenamelen received_Total == 4
I/socket2 (15553): 读图片名称长度成功
I/socket2 (15553): 读图片名称长度成功 imagenamelen = 54
I/socket2 (15553): imagename received_Total == 54
I/socket2 (15553): 读图片名称成功 imgname = pic_20180612142747308_2__TM_001106,611031969205635.bmp
I/socket2 (15553): imagelen received_Total == 4
I/socket2 (15553): 读取图片长度成功 图片数据长度 imagedatalen = 146722
I/socket2 (15553): 保存图片字节 is.available() = 21940 imageCount = 0
I/socket2 (15553): imageCount2 = 0 tempCount2 = 10240
I/socket2 (15553): 保存图片字节 is.available() = 15796 imageCount = 10240
I/socket2 (15553): imageCount2 = 10240 tempCount2 = 10240
I/socket2 (15553): 保存图片字节 is.available() = 5556 imageCount = 20480
I/socket2 (15553): imageCount2 = 20480 tempCount2 = 5556
I/socket2 (15553): 保存图片字节 is.available() = 0 imageCount = 26036
I/socket2 (15553): imageCount2 = 26036 tempCount2 = 1460
I/socket2 (15553): 保存图片字节 is.available() = 1176 imageCount = 27496
I/socket2 (15553): imageCount2 = 27496 tempCount2 = 2636
I/socket2 (15553): 保存图片字节 is.available() = 1460 imageCount = 30132
I/socket2 (15553): imageCount2 = 30132 tempCount2 = 6732
I/socket2 (15553): 保存图片字节 is.available() = 5556 imageCount = 36864
I/socket2 (15553): imageCount2 = 36864 tempCount2 = 8192
I/socket2 (15553): 保存图片字节 is.available() = 2920 imageCount = 45056
I/socket2 (15553): imageCount2 = 45056 tempCount2 = 2920
I/socket2 (15553): 保存图片字节 is.available() = 2636 imageCount = 47976
I/socket2 (15553): imageCount2 = 47976 tempCount2 = 5272
I/socket2 (15553): 保存图片字节 is.available() = 2920 imageCount = 53248
I/socket2 (15553): imageCount2 = 53248 tempCount2 = 5556
I/socket2 (15553): 保存图片字节 is.available() = 1460 imageCount = 58804
I/socket2 (15553): imageCount2 = 58804 tempCount2 = 1460
I/socket2 (15553): 保存图片字节 is.available() = 1176 imageCount = 60264
I/socket2 (15553): imageCount2 = 60264 tempCount2 = 2636
I/socket2 (15553): 保存图片字节 is.available() = 1460 imageCount = 62900
I/socket2 (15553): imageCount2 = 62900 tempCount2 = 2636
I/socket2 (15553): 保存图片字节 is.available() = 0 imageCount = 65536
I/socket2 (15553): imageCount2 = 65536 tempCount2 = 2920
I/socket2 (15553): 保存图片字节 is.available() = 0 imageCount = 68456
I/socket2 (15553): imageCount2 = 68456 tempCount2 = 1176
I/socket2 (15553): 保存图片字节 is.available() = 1460 imageCount = 69632
I/socket2 (15553): imageCount2 = 69632 tempCount2 = 2920
I/socket2 (15553): 保存图片字节 is.available() = 0 imageCount = 72552
I/socket2 (15553): imageCount2 = 72552 tempCount2 = 1176
I/socket2 (15553): 保存图片字节 is.available() = 0 imageCount = 73728
I/socket2 (15553): imageCount2 = 73728 tempCount2 = 2920
I/socket2 (15553): 保存图片字节 is.available() = 1176 imageCount = 76648
I/socket2 (15553): imageCount2 = 76648 tempCount2 = 1176
I/socket2 (15553): 保存图片字节 is.available() = 1460 imageCount = 77824
I/socket2 (15553): imageCount2 = 77824 tempCount2 = 2920
I/socket2 (15553): 保存图片字节 is.available() = 1176 imageCount = 80744
I/socket2 (15553): imageCount2 = 80744 tempCount2 = 1176
I/socket2 (15553): 保存图片字节 is.available() = 1460 imageCount = 81920
I/socket2 (15553): imageCount2 = 81920 tempCount2 = 1460
I/socket2 (15553): 保存图片字节 is.available() = 1460 imageCount = 83380
I/socket2 (15553): imageCount2 = 83380 tempCount2 = 1460
I/socket2 (15553): 保存图片字节 is.available() = 1176 imageCount = 84840
I/socket2 (15553): imageCount2 = 84840 tempCount2 = 1176
I/socket2 (15553): 保存图片字节 is.available() = 1460 imageCount = 86016
I/socket2 (15553): imageCount2 = 86016 tempCount2 = 1460
I/socket2 (15553): 保存图片字节 is.available() = 1460 imageCount = 87476
I/socket2 (15553): imageCount2 = 87476 tempCount2 = 1460
I/socket2 (15553): 保存图片字节 is.available() = 1176 imageCount = 88936
I/socket2 (15553): imageCount2 = 88936 tempCount2 = 1176
I/socket2 (15553): 保存图片字节 is.available() = 1460 imageCount = 90112
