--------- beginning of system
D/StatusBar.MSimNetworkController( 3751): refreshViews phoneId =0mMSimDataConnected =false
D/StatusBar.MSimNetworkController( 3751): refreshViews mMSimDataActivity =0
D/StatusBar.MSimNetworkController( 3751): refreshViews: Data not connected!! Set no data type icon / Roaming for phoneId: 0
D/StatusBar.MSimNetworkController( 3751): refreshViews phoneId =0mMSimDataConnected =false
D/StatusBar.MSimNetworkController( 3751): refreshViews mMSimDataActivity =0
D/StatusBar.MSimNetworkController( 3751): refreshViews: Data not connected!! Set no data type icon / Roaming for phoneId: 0
D/StatusBar.MSimNetworkController( 3751): refreshViews phoneId =0mMSimDataConnected =false
D/StatusBar.MSimNetworkController( 3751): refreshViews mMSimDataActivity =0
D/StatusBar.MSimNetworkController( 3751): refreshViews: Data not connected!! Set no data type icon / Roaming for phoneId: 0
D/StatusBar.MSimNetworkController( 3751): refreshViews phoneId =0mMSimDataConnected =false
D/StatusBar.MSimNetworkController( 3751): refreshViews mMSimDataActivity =0
D/StatusBar.MSimNetworkController( 3751): refreshViews: Data not connected!! Set no data type icon / Roaming for phoneId: 0
D/StatusBar.MSimNetworkController( 3751): refreshViews phoneId =0mMSimDataConnected =false
D/StatusBar.MSimNetworkController( 3751): refreshViews mMSimDataActivity =0
D/StatusBar.MSimNetworkController( 3751): refreshViews: Data not connected!! Set no data type icon / Roaming for phoneId: 0
D/StatusBar.MSimNetworkController( 3751): refreshViews phoneId =0mMSimDataConnected =false
D/StatusBar.MSimNetworkController( 3751): refreshViews mMSimDataActivity =0
D/StatusBar.MSimNetworkController( 3751): refreshViews: Data not connected!! Set no data type icon / Roaming for phoneId: 0
W/ActivityManager( 2269): getRunningAppProcesses: caller 10094 does not hold REAL_GET_TASKS; limiting output
D/StatusBar.MSimNetworkController( 3751): refreshViews phoneId =0mMSimDataConnected =false
D/StatusBar.MSimNetworkController( 3751): refreshViews mMSimDataActivity =0
D/StatusBar.MSimNetworkController( 3751): refreshViews: Data not connected!! Set no data type icon / Roaming for phoneId: 0
D/StatusBar.MSimNetworkController( 3751): refreshViews phoneId =0mMSimDataConnected =false
D/StatusBar.MSimNetworkController( 3751): refreshViews mMSimDataActivity =0
D/StatusBar.MSimNetworkController( 3751): refreshViews: Data not connected!! Set no data type icon / Roaming for phoneId: 0
D/StatusBar.MSimNetworkController( 3751): refreshViews phoneId =0mMSimDataConnected =false
D/StatusBar.MSimNetworkController( 3751): refreshViews mMSimDataActivity =0
D/StatusBar.MSimNetworkController( 3751): refreshViews: Data not connected!! Set no data type icon / Roaming for phoneId: 0
D/StatusBar.MSimNetworkController( 3751): refreshViews phoneId =0mMSimDataConnected =false
D/StatusBar.MSimNetworkController( 3751): refreshViews mMSimDataActivity =0
D/StatusBar.MSimNetworkController( 3751): refreshViews: Data not connected!! Set no data type icon / Roaming for phoneId: 0
D/StatusBar.MSimNetworkController( 3751): refreshViews phoneId =0mMSimDataConnected =false
D/StatusBar.MSimNetworkController( 3751): refreshViews mMSimDataActivity =0
D/StatusBar.MSimNetworkController( 3751): refreshViews: Data not connected!! Set no data type icon / Roaming for phoneId: 0
D/StatusBar.MSimNetworkController( 3751): refreshViews phoneId =0mMSimDataConnected =false
D/StatusBar.MSimNetworkController( 3751): refreshViews mMSimDataActivity =0
D/StatusBar.MSimNetworkController( 3751): refreshViews: Data not connected!! Set no data type icon / Roaming for phoneId: 0
D/StatusBar.MSimNetworkController( 3751): refreshViews phoneId =0mMSimDataConnected =false
D/StatusBar.MSimNetworkController( 3751): refreshViews mMSimDataActivity =0
D/StatusBar.MSimNetworkController( 3751): refreshViews: Data not connected!! Set no data type icon / Roaming for phoneId: 0
D/StatusBar.MSimNetworkController( 3751): refreshViews phoneId =0mMSimDataConnected =false
D/StatusBar.MSimNetworkController( 3751): refreshViews mMSimDataActivity =0
D/StatusBar.MSimNetworkController( 3751): refreshViews: Data not connected!! Set no data type icon / Roaming for phoneId: 0
D/StatusBar.MSimNetworkController( 3751): refreshViews phoneId =0mMSimDataConnected =false
D/StatusBar.MSimNetworkController( 3751): refreshViews mMSimDataActivity =0
D/StatusBar.MSimNetworkController( 3751): refreshViews: Data not connected!! Set no data type icon / Roaming for phoneId: 0
W/ActivityManager( 2269): getRunningAppProcesses: caller 10094 does not hold REAL_GET_TASKS; limiting output
D/StatusBar.MSimNetworkController( 3751): refreshViews phoneId =0mMSimDataConnected =false
D/StatusBar.MSimNetworkController( 3751): refreshViews mMSimDataActivity =0
D/StatusBar.MSimNetworkController( 3751): refreshViews: Data not connected!! Set no data type icon / Roaming for phoneId: 0
D/StatusBar.MSimNetworkController( 3751): refreshViews phoneId =0mMSimDataConnected =false
D/StatusBar.MSimNetworkController( 3751): refreshViews mMSimDataActivity =0
D/StatusBar.MSimNetworkController( 3751): refreshViews: Data not connected!! Set no data type icon / Roaming for phoneId: 0
W/ActivityManager( 2269): getRunningAppProcesses: caller 10161 does not hold REAL_GET_TASKS; limiting output
W/ActivityManager( 2269): getRunningAppProcesses: caller 10161 does not hold REAL_GET_TASKS; limiting output
W/ActivityManager( 2269): getRunningAppProcesses: caller 10094 does not hold REAL_GET_TASKS; limiting output
D/StatusBar.MSimNetworkController( 3751): refreshViews phoneId =0mMSimDataConnected =false
D/StatusBar.MSimNetworkController( 3751): refreshViews mMSimDataActivity =0
D/StatusBar.MSimNetworkController( 3751): refreshViews: Data not connected!! Set no data type icon / Roaming for phoneId: 0
D/StatusBar.MSimNetworkController( 3751): refreshViews phoneId =0mMSimDataConnected =false
D/StatusBar.MSimNetworkController( 3751): refreshViews mMSimDataActivity =0
D/StatusBar.MSimNetworkController( 3751): refreshViews: Data not connected!! Set no data type icon / Roaming for phoneId: 0
D/StatusBar.MSimNetworkController( 3751): refreshViews phoneId =0mMSimDataConnected =false
D/StatusBar.MSimNetworkController( 3751): refreshViews mMSimDataActivity =0
D/StatusBar.MSimNetworkController( 3751): refreshViews: Data not connected!! Set no data type icon / Roaming for phoneId: 0
D/StatusBar.MSimNetworkController( 3751): refreshViews phoneId =0mMSimDataConnected =false
D/StatusBar.MSimNetworkController( 3751): refreshViews mMSimDataActivity =0
D/StatusBar.MSimNetworkController( 3751): refreshViews: Data not connected!! Set no data type icon / Roaming for phoneId: 0
D/StatusBar.MSimNetworkController( 3751): refreshViews phoneId =0mMSimDataConnected =false
D/StatusBar.MSimNetworkController( 3751): refreshViews mMSimDataActivity =0
D/StatusBar.MSimNetworkController( 3751): refreshViews: Data not connected!! Set no data type icon / Roaming for phoneId: 0
D/StatusBar.MSimNetworkController( 3751): refreshViews phoneId =0mMSimDataConnected =false
D/StatusBar.MSimNetworkController( 3751): refreshViews mMSimDataActivity =0
D/StatusBar.MSimNetworkController( 3751): refreshViews: Data not connected!! Set no data type icon / Roaming for phoneId: 0
D/StatusBar.MSimNetworkController( 3751): refreshViews phoneId =0mMSimDataConnected =false
D/StatusBar.MSimNetworkController( 3751): refreshViews mMSimDataActivity =0
D/StatusBar.MSimNetworkController( 3751): refreshViews: Data not connected!! Set no data type icon / Roaming for phoneId: 0
D/StatusBar.MSimNetworkController( 3751): refreshViews phoneId =0mMSimDataConnected =false
D/StatusBar.MSimNetworkController( 3751): refreshViews mMSimDataActivity =0
D/StatusBar.MSimNetworkController( 3751): refreshViews: Data not connected!! Set no data type icon / Roaming for phoneId: 0
D/StatusBar.MSimNetworkController( 3751): refreshViews phoneId =0mMSimDataConnected =false
D/StatusBar.MSimNetworkController( 3751): refreshViews mMSimDataActivity =0
D/StatusBar.MSimNetworkController( 3751): refreshViews: Data not connected!! Set no data type icon / Roaming for phoneId: 0
D/StatusBar.MSimNetworkController( 3751): refreshViews phoneId =0mMSimDataConnected =false
D/StatusBar.MSimNetworkController( 3751): refreshViews mMSimDataActivity =0
D/StatusBar.MSimNetworkController( 3751): refreshViews: Data not connected!! Set no data type icon / Roaming for phoneId: 0
D/StatusBar.MSimNetworkController( 3751): refreshViews phoneId =0mMSimDataConnected =false
D/StatusBar.MSimNetworkController( 3751): refreshViews mMSimDataActivity =0
D/StatusBar.MSimNetworkController( 3751): refreshViews: Data not connected!! Set no data type icon / Roaming for phoneId: 0
D/StatusBar.MSimNetworkController( 3751): refreshViews phoneId =0mMSimDataConnected =false
D/StatusBar.MSimNetworkController( 3751): refreshViews mMSimDataActivity =0
D/StatusBar.MSimNetworkController( 3751): refreshViews: Data not connected!! Set no data type icon / Roaming for phoneId: 0
D/StatusBar.MSimNetworkController( 3751): refreshViews phoneId =0mMSimDataConnected =false
D/StatusBar.MSimNetworkController( 3751): refreshViews mMSimDataActivity =0
D/StatusBar.MSimNetworkController( 3751): refreshViews: Data not connected!! Set no data type icon / Roaming for phoneId: 0
D/StatusBar.MSimNetworkController( 3751): refreshViews phoneId =0mMSimDataConnected =false
D/StatusBar.MSimNetworkController( 3751): refreshViews mMSimDataActivity =0
D/StatusBar.MSimNetworkController( 3751): refreshViews: Data not connected!! Set no data type icon / Roaming for phoneId: 0
D/StatusBar.MSimNetworkController( 3751): refreshViews phoneId =0mMSimDataConnected =false
D/StatusBar.MSimNetworkController( 3751): refreshViews mMSimDataActivity =0
D/StatusBar.MSimNetworkController( 3751): refreshViews: Data not connected!! Set no data type icon / Roaming for phoneId: 0
D/StatusBar.MSimNetworkController( 3751): refreshViews phoneId =0mMSimDataConnected =false
D/StatusBar.MSimNetworkController( 3751): refreshViews mMSimDataActivity =0
D/StatusBar.MSimNetworkController( 3751): refreshViews: Data not connected!! Set no data type icon / Roaming for phoneId: 0
D/StatusBar.MSimNetworkController( 3751): refreshViews phoneId =0mMSimDataConnected =false
D/StatusBar.MSimNetworkController( 3751): refreshViews mMSimDataActivity =0
D/StatusBar.MSimNetworkController( 3751): refreshViews: Data not connected!! Set no data type icon / Roaming for phoneId: 0
D/StatusBar.MSimNetworkController( 3751): refreshViews phoneId =0mMSimDataConnected =false
D/StatusBar.MSimNetworkController( 3751): refreshViews mMSimDataActivity =0
D/StatusBar.MSimNetworkController( 3751): refreshViews: Data not connected!! Set no data type icon / Roaming for phoneId: 0
D/StatusBar.MSimNetworkController( 3751): refreshViews phoneId =0mMSimDataConnected =false
D/StatusBar.MSimNetworkController( 3751): refreshViews mMSimDataActivity =0
D/StatusBar.MSimNetworkController( 3751): refreshViews: Data not connected!! Set no data type icon / Roaming for phoneId: 0
W/ActivityManager( 2269): getRunningAppProcesses: caller 10161 does not hold REAL_GET_TASKS; limiting output
W/ActivityManager( 2269): getRunningAppProcesses: caller 10161 does not hold REAL_GET_TASKS; limiting output
D/StatusBar.MSimNetworkController( 3751): refreshViews phoneId =0mMSimDataConnected =false
D/StatusBar.MSimNetworkController( 3751): refreshViews mMSimDataActivity =0
D/StatusBar.MSimNetworkController( 3751): refreshViews: Data not connected!! Set no data type icon / Roaming for phoneId: 0
D/StatusBar.MSimNetworkController( 3751): refreshViews phoneId =0mMSimDataConnected =false
D/StatusBar.MSimNetworkController( 3751): refreshViews mMSimDataActivity =0
D/StatusBar.MSimNetworkController( 3751): refreshViews: Data not connected!! Set no data type icon / Roaming for phoneId: 0
W/ActivityManager( 2269): getRunningAppProcesses: caller 10094 does not hold REAL_GET_TASKS; limiting output
D/StatusBar.MSimNetworkController( 3751): refreshViews phoneId =0mMSimDataConnected =false
D/StatusBar.MSimNetworkController( 3751): refreshViews mMSimDataActivity =0
D/StatusBar.MSimNetworkController( 3751): refreshViews: Data not connected!! Set no data type icon / Roaming for phoneId: 0
D/StatusBar.MSimNetworkController( 3751): refreshViews phoneId =0mMSimDataConnected =false
D/StatusBar.MSimNetworkController( 3751): refreshViews mMSimDataActivity =0
D/StatusBar.MSimNetworkController( 3751): refreshViews: Data not connected!! Set no data type icon / Roaming for phoneId: 0
D/StatusBar.MSimNetworkController( 3751): refreshViews phoneId =0mMSimDataConnected =false
D/StatusBar.MSimNetworkController( 3751): refreshViews mMSimDataActivity =0
D/StatusBar.MSimNetworkController( 3751): refreshViews: Data not connected!! Set no data type icon / Roaming for phoneId: 0
D/StatusBar.MSimNetworkController( 3751): refreshViews phoneId =0mMSimDataConnected =false
D/StatusBar.MSimNetworkController( 3751): refreshViews mMSimDataActivity =0
D/StatusBar.MSimNetworkController( 3751): refreshViews: Data not connected!! Set no data type icon / Roaming for phoneId: 0
D/StatusBar.MSimNetworkController( 3751): refreshViews phoneId =0mMSimDataConnected =false
D/StatusBar.MSimNetworkController( 3751): refreshViews mMSimDataActivity =0
D/StatusBar.MSimNetworkController( 3751): refreshViews: Data not connected!! Set no data type icon / Roaming for phoneId: 0
D/StatusBar.MSimNetworkController( 3751): refreshViews phoneId =0mMSimDataConnected =false
D/StatusBar.MSimNetworkController( 3751): refreshViews mMSimDataActivity =0
D/StatusBar.MSimNetworkController( 3751): refreshViews: Data not connected!! Set no data type icon / Roaming for phoneId: 0
D/StatusBar.MSimNetworkController( 3751): refreshViews phoneId =0mMSimDataConnected =false
D/StatusBar.MSimNetworkController( 3751): refreshViews mMSimDataActivity =0
D/StatusBar.MSimNetworkController( 3751): refreshViews: Data not connected!! Set no data type icon / Roaming for phoneId: 0
D/StatusBar.MSimNetworkController( 3751): refreshViews phoneId =0mMSimDataConnected =false
D/StatusBar.MSimNetworkController( 3751): refreshViews mMSimDataActivity =0
D/StatusBar.MSimNetworkController( 3751): refreshViews: Data not connected!! Set no data type icon / Roaming for phoneId: 0
D/StatusBar.MSimNetworkController( 3751): refreshViews phoneId =0mMSimDataConnected =false
D/StatusBar.MSimNetworkController( 3751): refreshViews mMSimDataActivity =0
D/StatusBar.MSimNetworkController( 3751): refreshViews: Data not connected!! Set no data type icon / Roaming for phoneId: 0
W/ActivityManager( 2269): getRunningAppProcesses: caller 10094 does not hold REAL_GET_TASKS; limiting output
D/StatusBar.MSimNetworkController( 3751): refreshViews phoneId =0mMSimDataConnected =false
D/StatusBar.MSimNetworkController( 3751): refreshViews mMSimDataActivity =0
D/StatusBar.MSimNetworkController( 3751): refreshViews: Data not connected!! Set no data type icon / Roaming for phoneId: 0
D/StatusBar.MSimNetworkController( 3751): refreshViews phoneId =0mMSimDataConnected =false
D/StatusBar.MSimNetworkController( 3751): refreshViews mMSimDataActivity =0
D/StatusBar.MSimNetworkController( 3751): refreshViews: Data not connected!! Set no data type icon / Roaming for phoneId: 0
W/ActivityManager( 2269): getRunningAppProcesses: caller 10161 does not hold REAL_GET_TASKS; limiting output
W/ActivityManager( 2269): getRunningAppProcesses: caller 10161 does not hold REAL_GET_TASKS; limiting output
W/ActivityManager( 2269): getRunningAppProcesses: caller 10094 does not hold REAL_GET_TASKS; limiting output
D/StatusBar.MSimNetworkController( 3751): refreshViews phoneId =0mMSimDataConnected =false
D/StatusBar.MSimNetworkController( 3751): refreshViews mMSimDataActivity =0
D/StatusBar.MSimNetworkController( 3751): refreshViews: Data not connected!! Set no data type icon / Roaming for phoneId: 0
D/StatusBar.MSimNetworkController( 3751): refreshViews phoneId =0mMSimDataConnected =false
D/StatusBar.MSimNetworkController( 3751): refreshViews mMSimDataActivity =0
D/StatusBar.MSimNetworkController( 3751): refreshViews: Data not connected!! Set no data type icon / Roaming for phoneId: 0
D/StatusBar.MSimNetworkController( 3751): refreshViews phoneId =0mMSimDataConnected =false
D/StatusBar.MSimNetworkController( 3751): refreshViews mMSimDataActivity =0
D/StatusBar.MSimNetworkController( 3751): refreshViews: Data not connected!! Set no data type icon / Roaming for phoneId: 0
--------- beginning of main
I/socket2 (15553): imageCount1 = 140542 tempCount1 = 1460
I/socket2 (15553): 保存图片字节 is.available() = 1460 imageCount = 142002
I/socket2 (15553): imageCount1 = 142002 tempCount1 = 1460
I/socket2 (15553): 保存图片字节 is.available() = 1460 imageCount = 143462
I/socket2 (15553): imageCount1 = 143462 tempCount1 = 1460
I/socket2 (15553): 保存图片字节 is.available() = 1460 imageCount = 144922
I/socket2 (15553): imageCount1 = 144922 tempCount1 = 1460
I/socket2 (15553): 保存图片字节 is.available() = 0 imageCount = 146382
I/socket2 (15553): imageCount1 = 146382 tempCount1 = 340
I/socket2 (15553): 读图片数据成功 bos imagedatalen - imageCount = 0
I/socket2 (15553): 读图片数据成功 bos length= 146722
I/System.out(15553): 取扫描时间与校验码 = 32303138303631323134323734373330380000
I/socket2 (15553): scantime received_Total == 19
I/socket2 (15553): 读图片数据完成 ---- endendend ----, 扫描时间 = 20180612142747308
I/socket2 (15553): 数据头 is.available() = 0
V/WLAN_PSA(  328): NL MSG, len[914], NL type[0x11] WNI type[0x5050] len[894]
V/WLAN_PSA(  328): NL MSG, PID: 328
V/WLAN_PSA(  328): NL MSG, len[048], NL type[0x11] WNI type[0x5050] len[028]
V/WLAN_PSA(  328): NL MSG, PID: 328
V/WLAN_PSA(  328): NL MSG, len[4026], NL type[0x1C] WNI type[0x5900] len[41487]
V/WLAN_PSA(  328): NL MSG, PID: 328
V/WLAN_PSA(  328): NL MSG, len[3942], NL type[0x1C] WNI type[0x5900] len[19983]
V/WLAN_PSA(  328): NL MSG, PID: 328
V/WLAN_PSA(  328): NL MSG, len[4030], NL type[0x1C] WNI type[0x5900] len[42511]
V/WLAN_PSA(  328): NL MSG, PID: 328
V/WLAN_PSA(  328): NL MSG, len[4052], NL type[0x1C] WNI type[0x5900] len[48143]
V/WLAN_PSA(  328): NL MSG, PID: 328
V/WLAN_PSA(  328): NL MSG, len[914], NL type[0x11] WNI type[0x5050] len[894]
V/WLAN_PSA(  328): NL MSG, PID: 328
V/WLAN_PSA(  328): NL MSG, len[4032], NL type[0x1C] WNI type[0x5900] len[43023]
V/WLAN_PSA(  328): NL MSG, PID: 328
V/WLAN_PSA(  328): NL MSG, len[914], NL type[0x11] WNI type[0x5050] len[894]
V/WLAN_PSA(  328): NL MSG, PID: 328
V/WLAN_PSA(  328): NL MSG, len[048], NL type[0x11] WNI type[0x5050] len[028]
V/WLAN_PSA(  328): NL MSG, PID: 328
V/WLAN_PSA(  328): NL MSG, len[4047], NL type[0x1C] WNI type[0x5900] len[46863]
V/WLAN_PSA(  328): NL MSG, PID: 328
V/WLAN_PSA(  328): NL MSG, len[4077], NL type[0x1C] WNI type[0x5900] len[54543]
V/WLAN_PSA(  328): NL MSG, PID: 328
V/WLAN_PSA(  328): NL MSG, len[4005], NL type[0x1C] WNI type[0x5900] len[36111]
V/WLAN_PSA(  328): NL MSG, PID: 328
V/WLAN_PSA(  328): NL MSG, len[4004], NL type[0x1C] WNI type[0x5900] len[35855]
V/WLAN_PSA(  328): NL MSG, PID: 328
V/WLAN_PSA(  328): NL MSG, len[914], NL type[0x11] WNI type[0x5050] len[894]
V/WLAN_PSA(  328): NL MSG, PID: 328
V/WLAN_PSA(  328): NL MSG, len[4064], NL type[0x1C] WNI type[0x5900] len[51215]
V/WLAN_PSA(  328): NL MSG, PID: 328
I/socket2 (15553): Read 0xFEFE time outreceived_Total == 2
I/socket2 (15553): 读取数据头成功
I/socket2 (15553): 版本号机器序列号 received_Total == 14
I/socket2 (15553): 条码长度codeBytes = 0000000F
I/socket2 (15553): 条码长度 = 15
I/socket2 (15553): barcodelen received_Total == 15
I/socket2 (15553): 读取条码成功 barcode =611031974651677
I/socket2 (15553): imagenamelen received_Total == 4
I/socket2 (15553): 读图片名称长度成功
I/socket2 (15553): 读图片名称长度成功 imagenamelen = 44
I/socket2 (15553): imagename received_Total == 44
I/socket2 (15553): 读图片名称成功 imgname = pic_20180612142942083_1__611031974651677.bmp
I/socket2 (15553): imagelen received_Total == 4
I/socket2 (15553): 读取图片长度成功 图片数据长度 imagedatalen = 161371
I/socket2 (15553): 保存图片字节 is.available() = 12288 imageCount = 0
I/socket2 (15553): imageCount2 = 0 tempCount2 = 10240
I/socket2 (15553): 保存图片字节 is.available() = 6144 imageCount = 10240
I/socket2 (15553): imageCount2 = 10240 tempCount2 = 7604
I/socket2 (15553): 保存图片字节 is.available() = 0 imageCount = 17844
I/socket2 (15553): imageCount2 = 17844 tempCount2 = 2636
I/socket2 (15553): 保存图片字节 is.available() = 1460 imageCount = 20480
I/socket2 (15553): imageCount2 = 20480 tempCount2 = 2920
I/socket2 (15553): 保存图片字节 is.available() = 2636 imageCount = 23400
I/socket2 (15553): imageCount2 = 23400 tempCount2 = 4096
I/socket2 (15553): 保存图片字节 is.available() = 1176 imageCount = 27496
I/socket2 (15553): imageCount2 = 27496 tempCount2 = 2636
I/socket2 (15553): 保存图片字节 is.available() = 1460 imageCount = 30132
I/socket2 (15553): imageCount2 = 30132 tempCount2 = 2636
I/socket2 (15553): 保存图片字节 is.available() = 2920 imageCount = 32768
I/socket2 (15553): imageCount2 = 32768 tempCount2 = 2920
I/socket2 (15553): 保存图片字节 is.available() = 1176 imageCount = 35688
I/socket2 (15553): imageCount2 = 35688 tempCount2 = 1176
I/socket2 (15553): 保存图片字节 is.available() = 1460 imageCount = 36864
I/socket2 (15553): imageCount2 = 36864 tempCount2 = 2920
I/socket2 (15553): 保存图片字节 is.available() = 1176 imageCount = 39784
I/socket2 (15553): imageCount2 = 39784 tempCount2 = 1176
I/socket2 (15553): 保存图片字节 is.available() = 2920 imageCount = 40960
I/socket2 (15553): imageCount2 = 40960 tempCount2 = 4096
I/socket2 (15553): 保存图片字节 is.available() = 1460 imageCount = 45056
I/socket2 (15553): imageCount2 = 45056 tempCount2 = 2920
I/socket2 (15553): 保存图片字节 is.available() = 2636 imageCount = 47976
I/socket2 (15553): imageCount2 = 47976 tempCount2 = 5272
I/socket2 (15553): 保存图片字节 is.available() = 1460 imageCount = 53248
I/socket2 (15553): imageCount2 = 53248 tempCount2 = 1460
I/socket2 (15553): 保存图片字节 is.available() = 1460 imageCount = 54708
I/socket2 (15553): imageCount2 = 54708 tempCount2 = 2636
I/socket2 (15553): 保存图片字节 is.available() = 2920 imageCount = 57344
I/socket2 (15553): imageCount2 = 57344 tempCount2 = 2920
I/socket2 (15553): 保存图片字节 is.available() = 2636 imageCount = 60264
I/socket2 (15553): imageCount2 = 60264 tempCount2 = 4096
I/socket2 (15553): 保存图片字节 is.available() = 1176 imageCount = 64360
I/socket2 (15553): imageCount2 = 64360 tempCount2 = 2636
I/socket2 (15553): 保存图片字节 is.available() = 1460 imageCount = 66996
I/socket2 (15553): imageCount2 = 66996 tempCount2 = 1460
I/socket2 (15553): 保存图片字节 is.available() = 1176 imageCount = 68456
I/socket2 (15553): imageCount2 = 68456 tempCount2 = 1176
I/socket2 (15553): 保存图片字节 is.available() = 1460 imageCount = 69632
I/socket2 (15553): imageCount2 = 69632 tempCount2 = 1460
I/socket2 (15553): 保存图片字节 is.available() = 1460 imageCount = 71092
I/socket2 (15553): imageCount2 = 71092 tempCount2 = 2636
I/socket2 (15553): 保存图片字节 is.available() = 1460 imageCount = 73728
I/socket2 (15553): imageCount2 = 73728 tempCount2 = 2920
I/socket2 (15553): 保存图片字节 is.available() = 1176 imageCount = 76648
I/socket2 (15553): imageCount2 = 76648 tempCount2 = 1176
I/socket2 (15553): 保存图片字节 is.available() = 1460 imageCount = 77824
I/socket2 (15553): imageCount2 = 77824 tempCount2 = 1460
I/socket2 (15553): 保存图片字节 is.available() = 0 imageCount = 79284
I/socket2 (15553): imageCount2 = 79284 tempCount2 = 10240
I/socket2 (15553): 保存图片字节 is.available() = 10240 imageCount = 89524
I/socket2 (15553): imageCount2 = 89524 tempCount2 = 10240
I/socket2 (15553): 保存图片字节 is.available() = 35404 imageCount = 99764
I/socket2 (15553): imageCount2 = 99764 tempCount2 = 10240
I/socket2 (15553): 保存图片字节 is.available() = 25164 imageCount = 110004
I/socket2 (15553): imageCount2 = 110004 tempCount2 = 10240
I/socket2 (15553): 保存图片字节 is.available() = 14924 imageCount = 120244
I/socket2 (15553): imageCount2 = 120244 tempCount2 = 10240
I/socket2 (15553): 保存图片字节 is.available() = 4684 imageCount = 130484
I/socket2 (15553): imageCount2 = 130484 tempCount2 = 4684
I/socket2 (15553): 保存图片字节 is.available() = 0 imageCount = 135168
V/WLAN_PSA(  328): NL MSG, len[914], NL type[0x11] WNI type[0x5050] len[894]
V/WLAN_PSA(  328): NL MSG, PID: 328
V/WLAN_PSA(  328): NL MSG, len[048], NL type[0x11] WNI type[0x5050] len[028]
V/WLAN_PSA(  328): NL MSG, PID: 328
V/WLAN_PSA(  328): NL MSG, len[4093], NL type[0x1C] WNI type[0x5900] len[58639]
V/WLAN_PSA(  328): NL MSG, PID: 328
I/ServiceManager(18971): Waiting for service AtCmdFwd...
V/WLAN_PSA(  328): NL MSG, len[4069], NL type[0x1C] WNI type[0x5900] len[52495]
V/WLAN_PSA(  328): NL MSG, PID: 328
V/WLAN_PSA(  328): NL MSG, len[4041], NL type[0x1C] WNI type[0x5900] len[45327]
V/WLAN_PSA(  328): NL MSG, PID: 328
V/WLAN_PSA(  328): NL MSG, len[914], NL type[0x11] WNI type[0x5050] len[894]
V/WLAN_PSA(  328): NL MSG, PID: 328
V/WLAN_PSA(  328): NL MSG, len[3989], NL type[0x1C] WNI type[0x5900] len[32015]
V/WLAN_PSA(  328): NL MSG, PID: 328
V/WLAN_PSA(  328): NL MSG, len[3996], NL type[0x1C] WNI type[0x5900] len[33807]
V/WLAN_PSA(  328): NL MSG, PID: 328
V/WLAN_PSA(  328): NL MSG, len[914], NL type[0x11] WNI type[0x5050] len[894]
V/WLAN_PSA(  328): NL MSG, PID: 328
V/WLAN_PSA(  328): NL MSG, len[048], NL type[0x11] WNI type[0x5050] len[028]
V/WLAN_PSA(  328): NL MSG, PID: 328
V/WLAN_PSA(  328): NL MSG, len[3976], NL type[0x1C] WNI type[0x5900] len[28687]
V/WLAN_PSA(  328): NL MSG, PID: 328
V/WLAN_PSA(  328): NL MSG, len[4066], NL type[0x1C] WNI type[0x5900] len[51727]
V/WLAN_PSA(  328): NL MSG, PID: 328
V/WLAN_PSA(  328): NL MSG, len[048], NL type[0x11] WNI type[0x5050] len[028]
V/WLAN_PSA(  328): NL MSG, PID: 328
V/WLAN_PSA(  328): NL MSG, len[4042], NL type[0x1C] WNI type[0x5900] len[45583]
V/WLAN_PSA(  328): NL MSG, PID: 328
V/WLAN_PSA(  328): NL MSG, len[914], NL type[0x11] WNI type[0x5050] len[894]
V/WLAN_PSA(  328): NL MSG, PID: 328
V/WLAN_PSA(  328): NL MSG, len[914], NL type[0x11] WNI type[0x5050] len[894]
V/WLAN_PSA(  328): NL MSG, PID: 328
V/WLAN_PSA(  328): NL MSG, len[048], NL type[0x11] WNI type[0x5050] len[028]
V/WLAN_PSA(  328): NL MSG, PID: 328
V/WLAN_PSA(  328): NL MSG, len[3977], NL type[0x1C] WNI type[0x5900] len[28943]
V/WLAN_PSA(  328): NL MSG, PID: 328
V/WLAN_PSA(  328): NL MSG, len[3993], NL type[0x1C] WNI type[0x5900] len[33039]
V/WLAN_PSA(  328): NL MSG, PID: 328
V/WLAN_PSA(  328): NL MSG, len[4004], NL type[0x1C] WNI type[0x5900] len[35855]
V/WLAN_PSA(  328): NL MSG, PID: 328
V/WLAN_PSA(  328): NL MSG, len[048], NL type[0x11] WNI type[0x5050] len[028]
V/WLAN_PSA(  328): NL MSG, PID: 328
V/WLAN_PSA(  328): NL MSG, len[914], NL type[0x11] WNI type[0x5050] len[894]
V/WLAN_PSA(  328): NL MSG, PID: 328
V/WLAN_PSA(  328): NL MSG, len[914], NL type[0x11] WNI type[0x5050] len[894]
V/WLAN_PSA(  328): NL MSG, PID: 328
V/WLAN_PSA(  328): NL MSG, len[048], NL type[0x11] WNI type[0x5050] len[028]
V/WLAN_PSA(  328): NL MSG, PID: 328
V/WLAN_PSA(  328): NL MSG, len[4070], NL type[0x1C] WNI type[0x5900] len[52751]
V/WLAN_PSA(  328): NL MSG, PID: 328
V/WLAN_PSA(  328): NL MSG, len[4050], NL type[0x1C] WNI type[0x5900] len[47631]
V/WLAN_PSA(  328): NL MSG, PID: 328
I/ServiceManager(18971): Waiting for service AtCmdFwd...
V/WLAN_PSA(  328): NL MSG, len[048], NL type[0x11] WNI type[0x5050] len[028]
V/WLAN_PSA(  328): NL MSG, PID: 328
V/WLAN_PSA(  328): NL MSG, len[914], NL type[0x11] WNI type[0x5050] len[894]
V/WLAN_PSA(  328): NL MSG, PID: 328
V/WLAN_PSA(  328): NL MSG, len[3971], NL type[0x1C] WNI type[0x5900] len[27407]
V/WLAN_PSA(  328): NL MSG, PID: 328
I/socket2 (15553): imageCount2 = 135168 tempCount2 = 1460
I/socket2 (15553): 保存图片字节 is.available() = 0 imageCount = 136628
I/socket2 (15553): imageCount2 = 136628 tempCount2 = 2920
I/socket2 (15553): 保存图片字节 is.available() = 1460 imageCount = 139548
I/socket2 (15553): imageCount2 = 139548 tempCount2 = 1460
I/socket2 (15553): 保存图片字节 is.available() = 0 imageCount = 141008
V/WLAN_PSA(  328): NL MSG, len[914], NL type[0x11] WNI type[0x5050] len[894]
V/WLAN_PSA(  328): NL MSG, PID: 328
V/WLAN_PSA(  328): NL MSG, len[048], NL type[0x11] WNI type[0x5050] len[028]
V/WLAN_PSA(  328): NL MSG, PID: 328
V/WLAN_PSA(  328): NL MSG, len[4057], NL type[0x1C] WNI type[0x5900] len[49423]
V/WLAN_PSA(  328): NL MSG, PID: 328
I/socket2 (15553): imageCount2 = 141008 tempCount2 = 1460
I/socket2 (15553): 保存图片字节 is.available() = 1460 imageCount = 142468
I/socket2 (15553): imageCount2 = 142468 tempCount2 = 2920
I/socket2 (15553): 保存图片字节 is.available() = 0 imageCount = 145388
V/WLAN_PSA(  328): NL MSG, len[4008], NL type[0x1C] WNI type[0x5900] len[36879]
V/WLAN_PSA(  328): NL MSG, PID: 328
V/WLAN_PSA(  328): NL MSG, len[4094], NL type[0x1C] WNI type[0x5900] len[58895]
V/WLAN_PSA(  328): NL MSG, PID: 328
V/WLAN_PSA(  328): NL MSG, len[914], NL type[0x11] WNI type[0x5050] len[894]
V/WLAN_PSA(  328): NL MSG, PID: 328
V/WLAN_PSA(  328): NL MSG, len[3955], NL type[0x1C] WNI type[0x5900] len[23311]
V/WLAN_PSA(  328): NL MSG, PID: 328
I/socket2 (15553): imageCount2 = 145388 tempCount2 = 2266
I/socket2 (15553): 保存图片字节 is.available() = 2920 imageCount = 147654
I/socket2 (15553): imageCount2 = 147654 tempCount2 = 2920
I/socket2 (15553): 保存图片字节 is.available() = 0 imageCount = 150574
I/socket2 (15553): imageCount2 = 150574 tempCount2 = 1460
I/socket2 (15553): 保存图片字节 is.available() = 1460 imageCount = 152034
I/socket2 (15553): imageCount1 = 152034 tempCount1 = 2920
I/socket2 (15553): 保存图片字节 is.available() = 1005 imageCount = 154954
I/socket2 (15553): imageCount1 = 154954 tempCount1 = 1005
I/socket2 (15553): 保存图片字节 is.available() = 1460 imageCount = 155959
I/socket2 (15553): imageCount1 = 155959 tempCount1 = 1460
I/socket2 (15553): 保存图片字节 is.available() = 0 imageCount = 157419
I/socket2 (15553): imageCount1 = 157419 tempCount1 = 1460
I/socket2 (15553): 保存图片字节 is.available() = 0 imageCount = 158879
I/socket2 (15553): imageCount1 = 158879 tempCount1 = 2492
I/socket2 (15553): 读图片数据成功 bos imagedatalen - imageCount = 0
I/socket2 (15553): 读图片数据成功 bos length= 161371
I/System.out(15553): 取扫描时间与校验码 = 32303138303631323134323934323038330000
I/socket2 (15553): scantime received_Total == 19
I/socket2 (15553): 读图片数据完成 ---- endendend ----, 扫描时间 = 20180612142942083
I/socket2 (15553): 数据头 is.available() = 4486
I/socket2 (15553): Read 0xFEFE time outreceived_Total == 2
I/socket2 (15553): 读取数据头成功
I/socket2 (15553): 版本号机器序列号 received_Total == 14
I/socket2 (15553): 条码长度codeBytes = 00000009
I/socket2 (15553): 条码长度 = 9
I/socket2 (15553): barcodelen received_Total == 9
I/socket2 (15553): 读取条码成功 barcode =TM_001106
I/socket2 (15553): imagenamelen received_Total == 4
I/socket2 (15553): 读图片名称长度成功
I/socket2 (15553): 读图片名称长度成功 imagenamelen = 38
I/socket2 (15553): imagename received_Total == 38
I/socket2 (15553): 读图片名称成功 imgname = pic_20180612142732076_1__TM_001106.bmp
I/socket2 (15553): imagelen received_Total == 4
I/socket2 (15553): 读取图片长度成功 图片数据长度 imagedatalen = 94874
I/socket2 (15553): 保存图片字节 is.available() = 4411 imageCount = 0
I/socket2 (15553): imageCount2 = 0 tempCount2 = 4411
I/socket2 (15553): 保存图片字节 is.available() = 0 imageCount = 4411
I/socket2 (15553): imageCount2 = 4411 tempCount2 = 1460
I/socket2 (15553): 保存图片字节 is.available() = 0 imageCount = 5871
I/socket2 (15553): imageCount2 = 5871 tempCount2 = 1460
I/socket2 (15553): 保存图片字节 is.available() = 0 imageCount = 7331
I/socket2 (15553): imageCount2 = 7331 tempCount2 = 1460
I/socket2 (15553): 保存图片字节 is.available() = 0 imageCount = 8791
I/socket2 (15553): imageCount2 = 8791 tempCount2 = 1460
I/socket2 (15553): 保存图片字节 is.available() = 1460 imageCount = 10251
I/socket2 (15553): imageCount2 = 10251 tempCount2 = 2920
I/socket2 (15553): 保存图片字节 is.available() = 1460 imageCount = 13171
I/socket2 (15553): imageCount2 = 13171 tempCount2 = 2920
I/socket2 (15553): 保存图片字节 is.available() = 1460 imageCount = 16091
I/socket2 (15553): imageCount2 = 16091 tempCount2 = 1460
I/socket2 (15553): 保存图片字节 is.available() = 0 imageCount = 17551
I/socket2 (15553): imageCount2 = 17551 tempCount2 = 1460
I/socket2 (15553): 保存图片字节 is.available() = 0 imageCount = 19011
I/socket2 (15553): imageCount2 = 19011 tempCount2 = 1460
I/socket2 (15553): 保存图片字节 is.available() = 4380 imageCount = 20471
I/socket2 (15553): imageCount2 = 20471 tempCount2 = 5840
I/socket2 (15553): 保存图片字节 is.available() = 2892 imageCount = 26311
I/socket2 (15553): imageCount2 = 26311 tempCount2 = 2892
I/socket2 (15553): 保存图片字节 is.available() = 0 imageCount = 29203
I/socket2 (15553): imageCount2 = 29203 tempCount2 = 1460
I/socket2 (15553): 保存图片字节 is.available() = 0 imageCount = 30663
I/socket2 (15553): imageCount2 = 30663 tempCount2 = 1460
I/socket2 (15553): 保存图片字节 is.available() = 1460 imageCount = 32123
I/socket2 (15553): imageCount2 = 32123 tempCount2 = 2920
I/socket2 (15553): 保存图片字节 is.available() = 2920 imageCount = 35043
I/socket2 (15553): imageCount2 = 35043 tempCount2 = 4380
I/socket2 (15553): 保存图片字节 is.available() = 0 imageCount = 39423
I/socket2 (15553): imageCount2 = 39423 tempCount2 = 1460
I/socket2 (15553): 保存图片字节 is.available() = 0 imageCount = 40883
I/socket2 (15553): imageCount2 = 40883 tempCount2 = 1359
I/socket2 (15553): 保存图片字节 is.available() = 0 imageCount = 42242
I/socket2 (15553): imageCount2 = 42242 tempCount2 = 1460
I/socket2 (15553): 保存图片字节 is.available() = 0 imageCount = 43702
I/socket2 (15553): imageCount2 = 43702 tempCount2 = 1460
I/socket2 (15553): 保存图片字节 is.available() = 1460 imageCount = 45162
I/socket2 (15553): imageCount2 = 45162 tempCount2 = 1460
I/socket2 (15553): 保存图片字节 is.available() = 1460 imageCount = 46622
I/socket2 (15553): imageCount2 = 46622 tempCount2 = 1460
I/socket2 (15553): 保存图片字节 is.available() = 1460 imageCount = 48082
I/socket2 (15553): imageCount2 = 48082 tempCount2 = 1460
I/socket2 (15553): 保存图片字节 is.available() = 1460 imageCount = 49542
I/socket2 (15553): imageCount2 = 49542 tempCount2 = 1460
I/socket2 (15553): 保存图片字节 is.available() = 0 imageCount = 51002
V/WLAN_PSA(  328): NL MSG, len[914], NL type[0x11] WNI type[0x5050] len[894]
V/WLAN_PSA(  328): NL MSG, PID: 328
V/WLAN_PSA(  328): NL MSG, len[048], NL type[0x11] WNI type[0x5050] len[028]
V/WLAN_PSA(  328): NL MSG, PID: 328
I/socket2 (15553): imageCount2 = 51002 tempCount2 = 1460
I/socket2 (15553): 保存图片字节 is.available() = 0 imageCount = 52462
V/WLAN_PSA(  328): NL MSG, len[4012], NL type[0x1C] WNI type[0x5900] len[37903]
V/WLAN_PSA(  328): NL MSG, PID: 328
I/socket2 (15553): imageCount2 = 52462 tempCount2 = 1460
I/socket2 (15553): 保存图片字节 is.available() = 0 imageCount = 53922
V/WLAN_PSA(  328): NL MSG, len[4068], NL type[0x1C] WNI type[0x5900] len[52239]
V/WLAN_PSA(  328): NL MSG, PID: 328
V/WLAN_PSA(  328): NL MSG, len[048], NL type[0x11] WNI type[0x5050] len[028]
V/WLAN_PSA(  328): NL MSG, PID: 328
V/WLAN_PSA(  328): NL MSG, len[914], NL type[0x11] WNI type[0x5050] len[894]
V/WLAN_PSA(  328): NL MSG, PID: 328
I/socket2 (15553): imageCount2 = 53922 tempCount2 = 1460
V/WLAN_PSA(  328): NL MSG, len[4026], NL type[0x1C] WNI type[0x5900] len[41487]
V/WLAN_PSA(  328): NL MSG, PID: 328
I/socket2 (15553): 保存图片字节 is.available() = 0 imageCount = 55382
I/socket2 (15553): imageCount2 = 55382 tempCount2 = 1460
I/socket2 (15553): 保存图片字节 is.available() = 0 imageCount = 56842
I/socket2 (15553): imageCount2 = 56842 tempCount2 = 1460
I/socket2 (15553): 保存图片字节 is.available() = 1460 imageCount = 58302
I/socket2 (15553): imageCount2 = 58302 tempCount2 = 2920
I/WifiHAL ( 2269): Poll result = 1
I/WifiHAL ( 2269): Found some events!!!
D/WifiHAL ( 2269): no_seq_check received
I/WifiHAL ( 2269): event received NL80211_CMD_NEW_SCAN_RESULTS
I/socket2 (15553): 保存图片字节 is.available() = 0 imageCount = 61222
I/WifiHAL ( 2269): event received NL80211_CMD_NEW_SCAN_RESULTS, vendor_id = 0x0
I/WifiHAL ( 2269): event ignored!!
V/WLAN_PSA(  328): NL MSG, len[4000], NL type[0x1C] WNI type[0x5900] len[34831]
V/WLAN_PSA(  328): NL MSG, PID: 328
E/WifiStateMachine( 2269): Failed to handle: connected 147461
I/socket2 (15553): imageCount2 = 61222 tempCount2 = 1460
I/socket2 (15553): 保存图片字节 is.available() = 0 imageCount = 62682
I/socket2 (15553): imageCount2 = 62682 tempCount2 = 1460
I/socket2 (15553): 保存图片字节 is.available() = 11680 imageCount = 64142
I/socket2 (15553): imageCount2 = 64142 tempCount2 = 10240
I/socket2 (15553): 保存图片字节 is.available() = 1440 imageCount = 74382
I/socket2 (15553): imageCount2 = 74382 tempCount2 = 10240
I/socket2 (15553): 保存图片字节 is.available() = 4926 imageCount = 84622
I/socket2 (15553): imageCount2 = 84622 tempCount2 = 4926
I/socket2 (15553): 保存图片字节 is.available() = 1460 imageCount = 89548
I/socket2 (15553): imageCount1 = 89548 tempCount1 = 1460
I/socket2 (15553): 保存图片字节 is.available() = 0 imageCount = 91008
I/socket2 (15553): imageCount1 = 91008 tempCount1 = 1460
I/socket2 (15553): 保存图片字节 is.available() = 1460 imageCount = 92468
I/socket2 (15553): imageCount1 = 92468 tempCount1 = 1460
I/socket2 (15553): 保存图片字节 is.available() = 965 imageCount = 93928
I/socket2 (15553): imageCount1 = 93928 tempCount1 = 946
I/socket2 (15553): 读图片数据成功 bos imagedatalen - imageCount = 0
I/socket2 (15553): 读图片数据成功 bos length= 94874
I/System.out(15553): 取扫描时间与校验码 = 32303138303631323134323733323037360000
I/socket2 (15553): scantime received_Total == 19
I/socket2 (15553): 读图片数据完成 ---- endendend ----, 扫描时间 = 20180612142732076
I/socket2 (15553): 数据头 is.available() = 0
D/LBSSystemMonitorService( 2269): handleMessage what - 4
D/Wiper_jni( 2269): Send Network Location.
I/socket2 (15553): Read 0xFEFE time outreceived_Total == 2
I/socket2 (15553): 读取数据头成功
I/socket2 (15553): 版本号机器序列号 received_Total == 14
I/socket2 (15553): 条码长度codeBytes = 00000009
I/socket2 (15553): 条码长度 = 9
I/socket2 (15553): barcodelen received_Total == 9
I/socket2 (15553): 读取条码成功 barcode =TM_001106
I/socket2 (15553): imagenamelen received_Total == 4
I/socket2 (15553): 读图片名称长度成功
I/socket2 (15553): 读图片名称长度成功 imagenamelen = 38
I/socket2 (15553): imagename received_Total == 38
I/socket2 (15553): 读图片名称成功 imgname = pic_20180612142732076_1__TM_001106.bmp
I/socket2 (15553): imagelen received_Total == 4
I/socket2 (15553): 读取图片长度成功 图片数据长度 imagedatalen = 94874
I/socket2 (15553): 保存图片字节 is.available() = 8192 imageCount = 0
I/socket2 (15553): imageCount2 = 0 tempCount2 = 9652
I/socket2 (15553): 保存图片字节 is.available() = 2636 imageCount = 9652
I/socket2 (15553): imageCount2 = 9652 tempCount2 = 4096
I/socket2 (15553): 保存图片字节 is.available() = 2636 imageCount = 13748
I/socket2 (15553): imageCount2 = 13748 tempCount2 = 2636
I/socket2 (15553): 保存图片字节 is.available() = 1460 imageCount = 16384
I/socket2 (15553): imageCount2 = 16384 tempCount2 = 1460
I/socket2 (15553): 保存图片字节 is.available() = 0 imageCount = 17844
I/socket2 (15553): imageCount2 = 17844 tempCount2 = 1460
I/socket2 (15553): 保存图片字节 is.available() = 1460 imageCount = 19304
I/socket2 (15553): imageCount2 = 19304 tempCount2 = 1460
I/socket2 (15553): 保存图片字节 is.available() = 0 imageCount = 20764
I/socket2 (15553): imageCount2 = 20764 tempCount2 = 1460
I/socket2 (15553): 保存图片字节 is.available() = 2920 imageCount = 22224
I/socket2 (15553): imageCount2 = 22224 tempCount2 = 5840
I/socket2 (15553): 保存图片字节 is.available() = 2920 imageCount = 28064
I/socket2 (15553): imageCount2 = 28064 tempCount2 = 4380
I/socket2 (15553): 保存图片字节 is.available() = 1393 imageCount = 32444
I/socket2 (15553): imageCount2 = 32444 tempCount2 = 2853
I/socket2 (15553): 保存图片字节 is.available() = 0 imageCount = 35297
I/socket2 (15553): imageCount2 = 35297 tempCount2 = 1460
I/socket2 (15553): 保存图片字节 is.available() = 0 imageCount = 36757
I/socket2 (15553): imageCount2 = 36757 tempCount2 = 1460
I/socket2 (15553): 保存图片字节 is.available() = 1460 imageCount = 38217
I/socket2 (15553): imageCount2 = 38217 tempCount2 = 1460
I/socket2 (15553): 保存图片字节 is.available() = 0 imageCount = 39677
I/socket2 (15553): imageCount2 = 39677 tempCount2 = 1460
I/socket2 (15553): 保存图片字节 is.available() = 0 imageCount = 41137
I/socket2 (15553): imageCount2 = 41137 tempCount2 = 1460
I/socket2 (15553): 保存图片字节 is.available() = 2920 imageCount = 42597
I/socket2 (15553): imageCount2 = 42597 tempCount2 = 7300
I/socket2 (15553): 保存图片字节 is.available() = 4380 imageCount = 49897
I/socket2 (15553): imageCount2 = 49897 tempCount2 = 4380
I/socket2 (15553): 保存图片字节 is.available() = 0 imageCount = 54277
I/socket2 (15553): imageCount2 = 54277 tempCount2 = 1460
I/socket2 (15553): 保存图片字节 is.available() = 2720 imageCount = 55737
I/socket2 (15553): imageCount2 = 55737 tempCount2 = 2720
I/socket2 (15553): 保存图片字节 is.available() = 0 imageCount = 58457
I/socket2 (15553): imageCount2 = 58457 tempCount2 = 1460
I/socket2 (15553): 保存图片字节 is.available() = 0 imageCount = 59917
I/socket2 (15553): imageCount2 = 59917 tempCount2 = 4380
I/socket2 (15553): 保存图片字节 is.available() = 2920 imageCount = 64297
I/socket2 (15553): imageCount2 = 64297 tempCount2 = 2920
I/socket2 (15553): 保存图片字节 is.available() = 4380 imageCount = 67217
I/socket2 (15553): imageCount2 = 67217 tempCount2 = 5840
I/socket2 (15553): 保存图片字节 is.available() = 4380 imageCount = 73057
I/socket2 (15553): imageCount2 = 73057 tempCount2 = 5840
I/socket2 (15553): 保存图片字节 is.available() = 1460 imageCount = 78897
I/socket2 (15553): imageCount2 = 78897 tempCount2 = 1460
I/socket2 (15553): 保存图片字节 is.available() = 0 imageCount = 80357
I/socket2 (15553): imageCount2 = 80357 tempCount2 = 1460
I/socket2 (15553): 保存图片字节 is.available() = 0 imageCount = 81817
I/socket2 (15553): imageCount2 = 81817 tempCount2 = 1460
I/socket2 (15553): 保存图片字节 is.available() = 1460 imageCount = 83277
I/socket2 (15553): imageCount2 = 83277 tempCount2 = 2920
I/socket2 (15553): 保存图片字节 is.available() = 1460 imageCount = 86197
I/socket2 (15553): imageCount1 = 86197 tempCount1 = 1460
I/socket2 (15553): 保存图片字节 is.available() = 0 imageCount = 87657
I/socket2 (15553): imageCount1 = 87657 tempCount1 = 1460
I/socket2 (15553): 保存图片字节 is.available() = 0 imageCount = 89117
I/socket2 (15553): imageCount1 = 89117 tempCount1 = 1460
I/socket2 (15553): 保存图片字节 is.available() = 0 imageCount = 90577
I/socket2 (15553): imageCount1 = 90577 tempCount1 = 1460
I/socket2 (15553): 保存图片字节 is.available() = 1460 imageCount = 92037
I/socket2 (15553): imageCount1 = 92037 tempCount1 = 1460
I/socket2 (15553): 保存图片字节 is.available() = 1396 imageCount = 93497
I/socket2 (15553): imageCount1 = 93497 tempCount1 = 1377
I/socket2 (15553): 读图片数据成功 bos imagedatalen - imageCount = 0
I/socket2 (15553): 读图片数据成功 bos length= 94874
I/System.out(15553): 取扫描时间与校验码 = 32303138303631323134323733323037360000
I/socket2 (15553): scantime received_Total == 19
I/socket2 (15553): 读图片数据完成 ---- endendend ----, 扫描时间 = 20180612142732076
I/socket2 (15553): 数据头 is.available() = 0
I/ServiceManager(18971): Waiting for service AtCmdFwd...
E/WifiStateMachine( 2269): Failed to handle: connected 131155
E/WifiStateMachine( 2269):  mFrameworkDetectiveEnabled 0
E/WifiStateMachine( 2269):  start trigger support enable 
E/WifiStateMachine( 2269): Failed to handle: connected 131143
E/WifiStateMachine( 2269): WifiStateMachine CMD_START_SCAN source -4 txSuccessRate=76.34 rxSuccessRate=130.88 targetRoamBSSID=06:69:6c:0d:c8:da RSSI=-55
V/WLAN_PSA(  328): NL MSG, len[4028], NL type[0x1C] WNI type[0x5900] len[41999]
V/WLAN_PSA(  328): NL MSG, PID: 328
I/WifiHAL ( 2269): Poll result = 1
I/WifiHAL ( 2269): Found some events!!!
D/WifiHAL ( 2269): no_seq_check received
I/WifiHAL ( 2269): event received NL80211_CMD_TRIGGER_SCAN
I/WifiHAL ( 2269): event received NL80211_CMD_TRIGGER_SCAN, vendor_id = 0x0
I/WifiHAL ( 2269): event ignored!!
I/WifiHAL ( 2269): Poll result = 1
I/WifiHAL ( 2269): Found some events!!!
D/WifiHAL ( 2269): no_seq_check received
I/WifiHAL ( 2269): event received NL80211_CMD_NEW_SCAN_RESULTS
I/WifiHAL ( 2269): event received NL80211_CMD_NEW_SCAN_RESULTS, vendor_id = 0x0
I/WifiHAL ( 2269): event ignored!!
E/WifiStateMachine( 2269): Failed to handle: connected 147461
D/LBSSystemMonitorService( 2269): handleMessage what - 4
D/Wiper_jni( 2269): Send Network Location.
W/Atfwd_Sendcmd(18971): AtCmdFwd service not published, waiting... retryCnt : 2
I/socket2 (15553): Read 0xFEFE time outreceived_Total == 2
I/socket2 (15553): 读取数据头成功
I/socket2 (15553): 版本号机器序列号 received_Total == 14
I/socket2 (15553): 条码长度codeBytes = 0000000F
I/socket2 (15553): 条码长度 = 15
I/socket2 (15553): barcodelen received_Total == 15
I/socket2 (15553): 读取条码成功 barcode =611031969205635
I/socket2 (15553): imagenamelen received_Total == 4
I/socket2 (15553): 读图片名称长度成功
I/socket2 (15553): 读图片名称长度成功 imagenamelen = 54
I/socket2 (15553): imagename received_Total == 54
I/socket2 (15553): 读图片名称成功 imgname = pic_20180612142747308_2__TM_001106,611031969205635.bmp
I/socket2 (15553): imagelen received_Total == 4
I/socket2 (15553): 读取图片长度成功 图片数据长度 imagedatalen = 146722
I/socket2 (15553): 保存图片字节 is.available() = 4096 imageCount = 0
I/socket2 (15553): imageCount2 = 0 tempCount2 = 4096
I/socket2 (15553): 保存图片字节 is.available() = 0 imageCount = 4096
I/socket2 (15553): imageCount2 = 4096 tempCount2 = 1460
I/socket2 (15553): 保存图片字节 is.available() = 1460 imageCount = 5556
I/socket2 (15553): imageCount2 = 5556 tempCount2 = 2636
I/socket2 (15553): 保存图片字节 is.available() = 1460 imageCount = 8192
I/socket2 (15553): imageCount2 = 8192 tempCount2 = 2920
I/socket2 (15553): 保存图片字节 is.available() = 2636 imageCount = 11112
I/socket2 (15553): imageCount2 = 11112 tempCount2 = 4096
I/socket2 (15553): 保存图片字节 is.available() = 1176 imageCount = 15208
I/socket2 (15553): imageCount2 = 15208 tempCount2 = 2636
I/socket2 (15553): 保存图片字节 is.available() = 2636 imageCount = 17844
I/socket2 (15553): imageCount2 = 17844 tempCount2 = 4096
I/socket2 (15553): 保存图片字节 is.available() = 1460 imageCount = 21940
I/socket2 (15553): imageCount2 = 21940 tempCount2 = 1460
I/socket2 (15553): 保存图片字节 is.available() = 0 imageCount = 23400
I/socket2 (15553): imageCount2 = 23400 tempCount2 = 1176
I/socket2 (15553): 保存图片字节 is.available() = 0 imageCount = 24576
I/socket2 (15553): imageCount2 = 24576 tempCount2 = 1460
I/socket2 (15553): 保存图片字节 is.available() = 0 imageCount = 26036
I/socket2 (15553): imageCount2 = 26036 tempCount2 = 1460
I/socket2 (15553): 保存图片字节 is.available() = 1460 imageCount = 27496
I/socket2 (15553): imageCount2 = 27496 tempCount2 = 2920
I/socket2 (15553): 保存图片字节 is.available() = 1460 imageCount = 30416
I/socket2 (15553): imageCount2 = 30416 tempCount2 = 1460
I/socket2 (15553): 保存图片字节 is.available() = 1460 imageCount = 31876
I/socket2 (15553): imageCount2 = 31876 tempCount2 = 1460
I/socket2 (15553): 保存图片字节 is.available() = 1460 imageCount = 33336
I/socket2 (15553): imageCount2 = 33336 tempCount2 = 1460
I/socket2 (15553): 保存图片字节 is.available() = 0 imageCount = 34796
I/socket2 (15553): imageCount2 = 34796 tempCount2 = 1460
I/socket2 (15553): 保存图片字节 is.available() = 0 imageCount = 36256
I/socket2 (15553): imageCount2 = 36256 tempCount2 = 1460
I/socket2 (15553): 保存图片字节 is.available() = 0 imageCount = 37716
I/socket2 (15553): imageCount2 = 37716 tempCount2 = 1460
I/socket2 (15553): 保存图片字节 is.available() = 0 imageCount = 39176
I/socket2 (15553): imageCount2 = 39176 tempCount2 = 1460
I/socket2 (15553): 保存图片字节 is.available() = 0 imageCount = 40636
I/socket2 (15553): imageCount2 = 40636 tempCount2 = 1460
I/socket2 (15553): 保存图片字节 is.available() = 0 imageCount = 42096
I/socket2 (15553): imageCount2 = 42096 tempCount2 = 1460
I/socket2 (15553): 保存图片字节 is.available() = 1460 imageCount = 43556
I/socket2 (15553): imageCount2 = 43556 tempCount2 = 2920
I/socket2 (15553): 保存图片字节 is.available() = 1460 imageCount = 46476
I/socket2 (15553): imageCount2 = 46476 tempCount2 = 1460
I/socket2 (15553): 保存图片字节 is.available() = 2920 imageCount = 47936
I/socket2 (15553): imageCount2 = 47936 tempCount2 = 2920
I/socket2 (15553): 保存图片字节 is.available() = 0 imageCount = 50856
I/socket2 (15553): imageCount2 = 50856 tempCount2 = 1460
I/socket2 (15553): 保存图片字节 is.available() = 0 imageCount = 52316
I/socket2 (15553): imageCount2 = 52316 tempCount2 = 1460
I/socket2 (15553): 保存图片字节 is.available() = 0 imageCount = 53776
I/socket2 (15553): imageCount2 = 53776 tempCount2 = 1460
I/socket2 (15553): 保存图片字节 is.available() = 0 imageCount = 55236
I/socket2 (15553): imageCount2 = 55236 tempCount2 = 1460
I/socket2 (15553): 保存图片字节 is.available() = 1460 imageCount = 56696
I/socket2 (15553): imageCount2 = 56696 tempCount2 = 1460
I/socket2 (15553): 保存图片字节 is.available() = 1460 imageCount = 58156
I/socket2 (15553): imageCount2 = 58156 tempCount2 = 1460
I/socket2 (15553): 保存图片字节 is.available() = 1460 imageCount = 59616
I/socket2 (15553): imageCount2 = 59616 tempCount2 = 1460
I/socket2 (15553): 保存图片字节 is.available() = 0 imageCount = 61076
I/socket2 (15553): imageCount2 = 61076 tempCount2 = 1460
I/socket2 (15553): 保存图片字节 is.available() = 0 imageCount = 62536
I/socket2 (15553): imageCount2 = 62536 tempCount2 = 1460
I/socket2 (15553): 保存图片字节 is.available() = 1460 imageCount = 63996
I/socket2 (15553): imageCount2 = 63996 tempCount2 = 1460
I/socket2 (15553): 保存图片字节 is.available() = 0 imageCount = 65456
I/socket2 (15553): imageCount2 = 65456 tempCount2 = 1460
I/socket2 (15553): 保存图片字节 is.available() = 0 imageCount = 66916
I/socket2 (15553): imageCount2 = 66916 tempCount2 = 1460
I/socket2 (15553): 保存图片字节 is.available() = 0 imageCount = 68376
I/socket2 (15553): imageCount2 = 68376 tempCount2 = 1460
I/socket2 (15553): 保存图片字节 is.available() = 0 imageCount = 69836
I/socket2 (15553): imageCount2 = 69836 tempCount2 = 1460
I/socket2 (15553): 保存图片字节 is.available() = 0 imageCount = 71296
I/socket2 (15553): imageCount2 = 71296 tempCount2 = 1460
I/socket2 (15553): 保存图片字节 is.available() = 2920 imageCount = 72756
I/socket2 (15553): imageCount2 = 72756 tempCount2 = 2920
I/socket2 (15553): 保存图片字节 is.available() = 1460 imageCount = 75676
I/socket2 (15553): imageCount2 = 75676 tempCount2 = 2920
I/socket2 (15553): 保存图片字节 is.available() = 0 imageCount = 78596
I/socket2 (15553): imageCount2 = 78596 tempCount2 = 1460
I/socket2 (15553): 保存图片字节 is.available() = 0 imageCount = 80056
I/socket2 (15553): imageCount2 = 80056 tempCount2 = 1460
I/socket2 (15553): 保存图片字节 is.available() = 504 imageCount = 81516
I/socket2 (15553): imageCount2 = 81516 tempCount2 = 504
I/socket2 (15553): 保存图片字节 is.available() = 0 imageCount = 82020
I/socket2 (15553): imageCount2 = 82020 tempCount2 = 1460
